Archive member included because of file (symbol)

/Users/realo/Library/Application Support/Pebble SDK/SDKs/current/sdk-core/pebble/aplite/lib/libpebble.a(tmpeWFBzLpebble.o)
                              src/main.c.12.o (app_event_loop)
/usr/local/Cellar/pebble-toolchain/2.0/arm-cs-tools/bin/../lib/gcc/arm-none-eabi/4.7.2/thumb2/libgcc.a(_arm_addsubsf3.o)
                              src/main.c.12.o (__aeabi_fsub)
/usr/local/Cellar/pebble-toolchain/2.0/arm-cs-tools/bin/../lib/gcc/arm-none-eabi/4.7.2/thumb2/libgcc.a(_arm_muldivsf3.o)
                              src/main.c.12.o (__aeabi_fmul)
/usr/local/Cellar/pebble-toolchain/2.0/arm-cs-tools/bin/../lib/gcc/arm-none-eabi/4.7.2/thumb2/libgcc.a(_arm_cmpsf2.o)
                              src/main.c.12.o (__aeabi_fcmpeq)
/usr/local/Cellar/pebble-toolchain/2.0/arm-cs-tools/bin/../lib/gcc/arm-none-eabi/4.7.2/thumb2/libgcc.a(_arm_fixsfsi.o)
                              src/main.c.12.o (__aeabi_f2iz)

Allocating common symbols
Common symbol       size              file

cnfExchange         0x14              src/main.c.12.o
trotteuse_scale_layer
                    0x4               src/main.c.12.o
forecastPeriod      0x10              src/main.c.12.o
bgraph_data         0x1e0             src/main.c.12.o
forecastLow         0x10              src/main.c.12.o
btcL                0x10              src/main.c.12.o
date_layer          0x4               src/main.c.12.o
forecastTemp        0x10              src/main.c.12.o
cnfLocation         0x20              src/main.c.12.o
cnfOWMloc           0x40              src/main.c.12.o
trotteuse_layer     0x4               src/main.c.12.o
btcV                0x10              src/main.c.12.o
bcH_layer           0x4               src/main.c.12.o
bcL_layer           0x4               src/main.c.12.o
obWindSpeed         0x10              src/main.c.12.o
graph_layer         0x4               src/main.c.12.o
bc_layer            0x4               src/main.c.12.o
btcH                0x10              src/main.c.12.o
cnfOWMkey           0x40              src/main.c.12.o
cnfService          0x20              src/main.c.12.o
DOT_layer           0x4               src/main.c.12.o
forecastIconCode    0x10              src/main.c.12.o
forecastHigh        0x10              src/main.c.12.o
time_layer          0x4               src/main.c.12.o
obWindDir_bkp       0x10              src/main.c.12.o
geoArea1            0x5               src/main.c.12.o
battery_text        0x8               src/main.c.12.o
bgraph              0x4               src/main.c.12.o
obTemperature       0x10              src/main.c.12.o
obWindGust          0x10              src/main.c.12.o
obIconCode          0x10              src/main.c.12.o
obWindChill         0x10              src/main.c.12.o
battery_state       0x3               src/main.c.12.o
window              0x4               src/main.c.12.o
bluetooth_text      0x8               src/main.c.12.o
cnfOWMid            0x20              src/main.c.12.o
obHumidex           0x10              src/main.c.12.o
weather_layer       0x9c              src/main.c.12.o
obWindDir           0x10              src/main.c.12.o

Discarded input sections

 .text          0x0000000000000000        0x0 /usr/local/Cellar/pebble-toolchain/2.0/arm-cs-tools/bin/../lib/gcc/arm-none-eabi/4.7.2/thumb2/crti.o
 .bss           0x0000000000000000        0x0 /usr/local/Cellar/pebble-toolchain/2.0/arm-cs-tools/bin/../lib/gcc/arm-none-eabi/4.7.2/thumb2/crti.o
 .init          0x0000000000000000        0x4 /usr/local/Cellar/pebble-toolchain/2.0/arm-cs-tools/bin/../lib/gcc/arm-none-eabi/4.7.2/thumb2/crti.o
 .fini          0x0000000000000000        0x4 /usr/local/Cellar/pebble-toolchain/2.0/arm-cs-tools/bin/../lib/gcc/arm-none-eabi/4.7.2/thumb2/crti.o
 .text          0x0000000000000000       0xc8 /usr/local/Cellar/pebble-toolchain/2.0/arm-cs-tools/bin/../lib/gcc/arm-none-eabi/4.7.2/thumb2/crtbegin.o
 .bss           0x0000000000000000       0x1c /usr/local/Cellar/pebble-toolchain/2.0/arm-cs-tools/bin/../lib/gcc/arm-none-eabi/4.7.2/thumb2/crtbegin.o
 .init_array    0x0000000000000000        0x4 /usr/local/Cellar/pebble-toolchain/2.0/arm-cs-tools/bin/../lib/gcc/arm-none-eabi/4.7.2/thumb2/crtbegin.o
 .fini_array    0x0000000000000000        0x4 /usr/local/Cellar/pebble-toolchain/2.0/arm-cs-tools/bin/../lib/gcc/arm-none-eabi/4.7.2/thumb2/crtbegin.o
 .eh_frame      0x0000000000000000        0x0 /usr/local/Cellar/pebble-toolchain/2.0/arm-cs-tools/bin/../lib/gcc/arm-none-eabi/4.7.2/thumb2/crtbegin.o
 .jcr           0x0000000000000000        0x0 /usr/local/Cellar/pebble-toolchain/2.0/arm-cs-tools/bin/../lib/gcc/arm-none-eabi/4.7.2/thumb2/crtbegin.o
 .tm_clone_table
                0x0000000000000000        0x0 /usr/local/Cellar/pebble-toolchain/2.0/arm-cs-tools/bin/../lib/gcc/arm-none-eabi/4.7.2/thumb2/crtbegin.o
 .text          0x0000000000000000        0x0 src/main.c.12.o
 .bss           0x0000000000000000        0x0 src/main.c.12.o
[...]
Memory Configuration

Name             Origin             Length             Attributes
APP              0x0000000000000000 0x0000000000006000 xrw
*default*        0x0000000000000000 0xffffffffffffffff

Linker script and memory map

LOAD /usr/local/Cellar/pebble-toolchain/2.0/arm-cs-tools/bin/../lib/gcc/arm-none-eabi/4.7.2/thumb2/crti.o
LOAD /usr/local/Cellar/pebble-toolchain/2.0/arm-cs-tools/bin/../lib/gcc/arm-none-eabi/4.7.2/thumb2/crtbegin.o
LOAD src/main.c.12.o
LOAD aplite/appinfo.auto.c.12.o
LOAD /Users/realo/Library/Application Support/Pebble SDK/SDKs/current/sdk-core/pebble/aplite/lib/libpebble.a
START GROUP
LOAD /usr/local/Cellar/pebble-toolchain/2.0/arm-cs-tools/bin/../lib/gcc/arm-none-eabi/4.7.2/thumb2/libgcc.a
LOAD /usr/local/Cellar/pebble-toolchain/2.0/arm-cs-tools/bin/../lib/gcc/arm-none-eabi/4.7.2/../../../../arm-none-eabi/lib/thumb2/libc.a
END GROUP
LOAD /usr/local/Cellar/pebble-toolchain/2.0/arm-cs-tools/bin/../lib/gcc/arm-none-eabi/4.7.2/thumb2/crtend.o
LOAD /usr/local/Cellar/pebble-toolchain/2.0/arm-cs-tools/bin/../lib/gcc/arm-none-eabi/4.7.2/thumb2/crtn.o

.header         0x0000000000000000       0x82
 *(.pbl_header)
 .pbl_header    0x0000000000000000       0x82 aplite/appinfo.auto.c.12.o
                0x0000000000000000                __pbl_app_info

.note.gnu.build-id
                0x0000000000000082       0x26
                0x0000000000000082                PROVIDE (BUILD_ID, .)
 *(.note.gnu.build-id)
 *fill*         0x0000000000000082        0x2 
 .note.gnu.build-id
                0x0000000000000084       0x24 linker stubs

.text           0x00000000000000a8     0x34b9
 *(.text)
 .text          0x00000000000000a8       0x14 /Users/realo/Library/Application Support/Pebble SDK/SDKs/current/sdk-core/pebble/aplite/lib/libpebble.a(tmpeWFBzLpebble.o)
 .text          0x00000000000000bc      0x21c /usr/local/Cellar/pebble-toolchain/2.0/arm-cs-tools/bin/../lib/gcc/arm-none-eabi/4.7.2/thumb2/libgcc.a(_arm_addsubsf3.o)
                0x00000000000000bc                __aeabi_frsub
                0x00000000000000c4                __aeabi_fsub
                0x00000000000000c4                __subsf3
                0x00000000000000c8                __aeabi_fadd
                0x00000000000000c8                __addsf3
                0x0000000000000228                __aeabi_ui2f
                0x0000000000000228                __floatunsisf
                0x0000000000000230                __floatsisf
                0x0000000000000230                __aeabi_i2f
                0x000000000000024c                __aeabi_ul2f
                0x000000000000024c                __floatundisf
                0x000000000000025c                __aeabi_l2f
                0x000000000000025c                __floatdisf
 .text          0x00000000000002d8      0x2a0 /usr/local/Cellar/pebble-toolchain/2.0/arm-cs-tools/bin/../lib/gcc/arm-none-eabi/4.7.2/thumb2/libgcc.a(_arm_muldivsf3.o)
                0x00000000000002d8                __mulsf3
                0x00000000000002d8                __aeabi_fmul
                0x0000000000000440                __divsf3
                0x0000000000000440                __aeabi_fdiv
 .text          0x0000000000000578       0xec /usr/local/Cellar/pebble-toolchain/2.0/arm-cs-tools/bin/../lib/gcc/arm-none-eabi/4.7.2/thumb2/libgcc.a(_arm_cmpsf2.o)
                0x0000000000000578                __gesf2
                0x0000000000000578                __gtsf2
                0x0000000000000580                __ltsf2
                0x0000000000000580                __lesf2
                0x0000000000000588                __nesf2
                0x0000000000000588                __eqsf2
                0x0000000000000588                __cmpsf2
                0x00000000000005e8                __aeabi_cfrcmple
                0x00000000000005f0                __aeabi_cfcmpeq
                0x00000000000005f0                __aeabi_cfcmple
                0x0000000000000600                __aeabi_fcmpeq
                0x0000000000000614                __aeabi_fcmplt
                0x0000000000000628                __aeabi_fcmple
                0x000000000000063c                __aeabi_fcmpge
                0x0000000000000650                __aeabi_fcmpgt
 .text          0x0000000000000664       0x4c /usr/local/Cellar/pebble-toolchain/2.0/arm-cs-tools/bin/../lib/gcc/arm-none-eabi/4.7.2/thumb2/libgcc.a(_arm_fixsfsi.o)
                0x0000000000000664                __fixsfsi
                0x0000000000000664                __aeabi_f2iz
 *(.text.*)
 .text.out_failed_handler
                0x00000000000006b0       0x1c src/main.c.12.o
                0x00000000000006b0                out_failed_handler
 .text.in_dropped_handler
                0x00000000000006cc       0x1c src/main.c.12.o
                0x00000000000006cc                in_dropped_handler
 .text.trotteuse_update_proc
                0x00000000000006e8       0x98 src/main.c.12.o
                0x00000000000006e8                trotteuse_update_proc
 .text.bluetooth_handler
                0x0000000000000780       0xcc src/main.c.12.o
                0x0000000000000780                bluetooth_handler
 .text.trotteuse_scale_update_proc
                0x000000000000084c       0xdc src/main.c.12.o
                0x000000000000084c                trotteuse_scale_update_proc
 .text.graph_update_proc
                0x0000000000000928       0xa8 src/main.c.12.o
                0x0000000000000928                graph_update_proc
 .text.DOT_update_proc
                0x00000000000009d0      0x12c src/main.c.12.o
                0x00000000000009d0                DOT_update_proc
 .text._string2float
                0x0000000000000afc       0x8c src/main.c.12.o
                0x0000000000000afc                _string2float
 .text._itoa    0x0000000000000b88       0x4a src/main.c.12.o
                0x0000000000000b88                _itoa
 *fill*         0x0000000000000bd2        0x2 
 .text.battery_handler
                0x0000000000000bd4      0x11c src/main.c.12.o
                0x0000000000000bd4                battery_handler
 .text.strchr   0x0000000000000cf0       0x1a src/main.c.12.o
                0x0000000000000cf0                strchr
 *fill*         0x0000000000000d0a        0x2 
 .text._atoi    0x0000000000000d0c       0x74 src/main.c.12.o
                0x0000000000000d0c                _atoi
 .text.push_point
                0x0000000000000d80       0x8c src/main.c.12.o
                0x0000000000000d80                push_point
 .text.fetch_msg
                0x0000000000000e0c      0x17c src/main.c.12.o
                0x0000000000000e0c                fetch_msg
 .text.in_received_handler
                0x0000000000000f88      0xdb8 src/main.c.12.o
                0x0000000000000f88                in_received_handler
 .text.handle_minute_tick
                0x0000000000001d40       0xe8 src/main.c.12.o
                0x0000000000001d40                handle_minute_tick
 .text.app_message_init
                0x0000000000001e28       0x34 src/main.c.12.o
                0x0000000000001e28                app_message_init
 .text.weather_layer_init
                0x0000000000001e5c      0x434 src/main.c.12.o
                0x0000000000001e5c                weather_layer_init
 .text.weather_layer_deinit
                0x0000000000002290       0x58 src/main.c.12.o
                0x0000000000002290                weather_layer_deinit
 .text.init     0x00000000000022e8      0x7b0 src/main.c.12.o
                0x00000000000022e8                init
 .text.deinit   0x0000000000002a98      0x100 src/main.c.12.o
                0x0000000000002a98                deinit
 .text.startup.main
                0x0000000000002b98       0x12 src/main.c.12.o
                0x0000000000002b98                main
 *fill*         0x0000000000002baa        0x2 
 .text.app_event_loop
                0x0000000000002bac        0xc /Users/realo/Library/Application Support/Pebble SDK/SDKs/current/sdk-core/pebble/aplite/lib/libpebble.a(tmpeWFBzLpebble.o)
                0x0000000000002bac                app_event_loop
 .text.app_log  0x0000000000002bb8        0xc /Users/realo/Library/Application Support/Pebble SDK/SDKs/current/sdk-core/pebble/aplite/lib/libpebble.a(tmpeWFBzLpebble.o)
                0x0000000000002bb8                app_log
 .text.app_message_open
                0x0000000000002bc4        0xc /Users/realo/Library/Application Support/Pebble SDK/SDKs/current/sdk-core/pebble/aplite/lib/libpebble.a(tmpeWFBzLpebble.o)
                0x0000000000002bc4                app_message_open
 .text.battery_state_service_peek
                0x0000000000002bd0        0xc /Users/realo/Library/Application Support/Pebble SDK/SDKs/current/sdk-core/pebble/aplite/lib/libpebble.a(tmpeWFBzLpebble.o)
                0x0000000000002bd0                battery_state_service_peek
 .text.battery_state_service_subscribe
                0x0000000000002bdc        0xc /Users/realo/Library/Application Support/Pebble SDK/SDKs/current/sdk-core/pebble/aplite/lib/libpebble.a(tmpeWFBzLpebble.o)
                0x0000000000002bdc                battery_state_service_subscribe
 .text.battery_state_service_unsubscribe
                0x0000000000002be8        0xc /Users/realo/Library/Application Support/Pebble SDK/SDKs/current/sdk-core/pebble/aplite/lib/libpebble.a(tmpeWFBzLpebble.o)
                0x0000000000002be8                battery_state_service_unsubscribe
 .text.bitmap_layer_create
                0x0000000000002bf4        0xc /Users/realo/Library/Application Support/Pebble SDK/SDKs/current/sdk-core/pebble/aplite/lib/libpebble.a(tmpeWFBzLpebble.o)
                0x0000000000002bf4                bitmap_layer_create
 .text.bitmap_layer_destroy
                0x0000000000002c00        0xc /Users/realo/Library/Application Support/Pebble SDK/SDKs/current/sdk-core/pebble/aplite/lib/libpebble.a(tmpeWFBzLpebble.o)
                0x0000000000002c00                bitmap_layer_destroy
 .text.bitmap_layer_get_layer
                0x0000000000002c0c        0xc /Users/realo/Library/Application Support/Pebble SDK/SDKs/current/sdk-core/pebble/aplite/lib/libpebble.a(tmpeWFBzLpebble.o)
                0x0000000000002c0c                bitmap_layer_get_layer
 .text.bitmap_layer_set_bitmap
                0x0000000000002c18        0xc /Users/realo/Library/Application Support/Pebble SDK/SDKs/current/sdk-core/pebble/aplite/lib/libpebble.a(tmpeWFBzLpebble.o)
                0x0000000000002c18                bitmap_layer_set_bitmap
 .text.bitmap_layer_set_compositing_mode
                0x0000000000002c24        0xc /Users/realo/Library/Application Support/Pebble SDK/SDKs/current/sdk-core/pebble/aplite/lib/libpebble.a(tmpeWFBzLpebble.o)
                0x0000000000002c24                bitmap_layer_set_compositing_mode
 .text.bluetooth_connection_service_peek
                0x0000000000002c30        0xc /Users/realo/Library/Application Support/Pebble SDK/SDKs/current/sdk-core/pebble/aplite/lib/libpebble.a(tmpeWFBzLpebble.o)
                0x0000000000002c30                bluetooth_connection_service_peek
 .text.bluetooth_connection_service_subscribe
                0x0000000000002c3c        0xc /Users/realo/Library/Application Support/Pebble SDK/SDKs/current/sdk-core/pebble/aplite/lib/libpebble.a(tmpeWFBzLpebble.o)
                0x0000000000002c3c                bluetooth_connection_service_subscribe
 .text.bluetooth_connection_service_unsubscribe
                0x0000000000002c48        0xc /Users/realo/Library/Application Support/Pebble SDK/SDKs/current/sdk-core/pebble/aplite/lib/libpebble.a(tmpeWFBzLpebble.o)
                0x0000000000002c48                bluetooth_connection_service_unsubscribe
 .text.dict_find
                0x0000000000002c54        0xc /Users/realo/Library/Application Support/Pebble SDK/SDKs/current/sdk-core/pebble/aplite/lib/libpebble.a(tmpeWFBzLpebble.o)
                0x0000000000002c54                dict_find
 .text.dict_write_cstring
                0x0000000000002c60        0xc /Users/realo/Library/Application Support/Pebble SDK/SDKs/current/sdk-core/pebble/aplite/lib/libpebble.a(tmpeWFBzLpebble.o)
                0x0000000000002c60                dict_write_cstring
 .text.dict_write_end
                0x0000000000002c6c        0xc /Users/realo/Library/Application Support/Pebble SDK/SDKs/current/sdk-core/pebble/aplite/lib/libpebble.a(tmpeWFBzLpebble.o)
                0x0000000000002c6c                dict_write_end
 .text.fonts_get_system_font
                0x0000000000002c78        0xc /Users/realo/Library/Application Support/Pebble SDK/SDKs/current/sdk-core/pebble/aplite/lib/libpebble.a(tmpeWFBzLpebble.o)
                0x0000000000002c78                fonts_get_system_font
 .text.fonts_load_custom_font
                0x0000000000002c84        0xc /Users/realo/Library/Application Support/Pebble SDK/SDKs/current/sdk-core/pebble/aplite/lib/libpebble.a(tmpeWFBzLpebble.o)
                0x0000000000002c84                fonts_load_custom_font
 .text.gbitmap_create_with_resource
                0x0000000000002c90        0xc /Users/realo/Library/Application Support/Pebble SDK/SDKs/current/sdk-core/pebble/aplite/lib/libpebble.a(tmpeWFBzLpebble.o)
                0x0000000000002c90                gbitmap_create_with_resource
 .text.gbitmap_destroy
                0x0000000000002c9c        0xc /Users/realo/Library/Application Support/Pebble SDK/SDKs/current/sdk-core/pebble/aplite/lib/libpebble.a(tmpeWFBzLpebble.o)
                0x0000000000002c9c                gbitmap_destroy
 .text.gpath_create
                0x0000000000002ca8        0xc /Users/realo/Library/Application Support/Pebble SDK/SDKs/current/sdk-core/pebble/aplite/lib/libpebble.a(tmpeWFBzLpebble.o)
                0x0000000000002ca8                gpath_create
 .text.gpath_destroy
                0x0000000000002cb4        0xc /Users/realo/Library/Application Support/Pebble SDK/SDKs/current/sdk-core/pebble/aplite/lib/libpebble.a(tmpeWFBzLpebble.o)
                0x0000000000002cb4                gpath_destroy
 .text.gpath_draw_outline
                0x0000000000002cc0        0xc /Users/realo/Library/Application Support/Pebble SDK/SDKs/current/sdk-core/pebble/aplite/lib/libpebble.a(tmpeWFBzLpebble.o)
                0x0000000000002cc0                gpath_draw_outline
 .text.graphics_draw_line
                0x0000000000002ccc        0xc /Users/realo/Library/Application Support/Pebble SDK/SDKs/current/sdk-core/pebble/aplite/lib/libpebble.a(tmpeWFBzLpebble.o)
                0x0000000000002ccc                graphics_draw_line
 .text.graphics_fill_rect
                0x0000000000002cd8        0xc /Users/realo/Library/Application Support/Pebble SDK/SDKs/current/sdk-core/pebble/aplite/lib/libpebble.a(tmpeWFBzLpebble.o)
                0x0000000000002cd8                graphics_fill_rect
 .text.layer_add_child
                0x0000000000002ce4        0xc /Users/realo/Library/Application Support/Pebble SDK/SDKs/current/sdk-core/pebble/aplite/lib/libpebble.a(tmpeWFBzLpebble.o)
                0x0000000000002ce4                layer_add_child
 .text.layer_create
                0x0000000000002cf0        0xc /Users/realo/Library/Application Support/Pebble SDK/SDKs/current/sdk-core/pebble/aplite/lib/libpebble.a(tmpeWFBzLpebble.o)
                0x0000000000002cf0                layer_create
 .text.layer_destroy
                0x0000000000002cfc        0xc /Users/realo/Library/Application Support/Pebble SDK/SDKs/current/sdk-core/pebble/aplite/lib/libpebble.a(tmpeWFBzLpebble.o)
                0x0000000000002cfc                layer_destroy
 .text.layer_insert_below_sibling
                0x0000000000002d08        0xc /Users/realo/Library/Application Support/Pebble SDK/SDKs/current/sdk-core/pebble/aplite/lib/libpebble.a(tmpeWFBzLpebble.o)
                0x0000000000002d08                layer_insert_below_sibling
 .text.layer_mark_dirty
                0x0000000000002d14        0xc /Users/realo/Library/Application Support/Pebble SDK/SDKs/current/sdk-core/pebble/aplite/lib/libpebble.a(tmpeWFBzLpebble.o)
                0x0000000000002d14                layer_mark_dirty
 .text.layer_set_frame
                0x0000000000002d20        0xc /Users/realo/Library/Application Support/Pebble SDK/SDKs/current/sdk-core/pebble/aplite/lib/libpebble.a(tmpeWFBzLpebble.o)
                0x0000000000002d20                layer_set_frame
 .text.layer_set_update_proc
                0x0000000000002d2c        0xc /Users/realo/Library/Application Support/Pebble SDK/SDKs/current/sdk-core/pebble/aplite/lib/libpebble.a(tmpeWFBzLpebble.o)
                0x0000000000002d2c                layer_set_update_proc
 .text.persist_delete
                0x0000000000002d38        0xc /Users/realo/Library/Application Support/Pebble SDK/SDKs/current/sdk-core/pebble/aplite/lib/libpebble.a(tmpeWFBzLpebble.o)
                0x0000000000002d38                persist_delete
 .text.persist_exists
                0x0000000000002d44        0xc /Users/realo/Library/Application Support/Pebble SDK/SDKs/current/sdk-core/pebble/aplite/lib/libpebble.a(tmpeWFBzLpebble.o)
                0x0000000000002d44                persist_exists
 .text.persist_read_bool
                0x0000000000002d50        0xc /Users/realo/Library/Application Support/Pebble SDK/SDKs/current/sdk-core/pebble/aplite/lib/libpebble.a(tmpeWFBzLpebble.o)
                0x0000000000002d50                persist_read_bool
 .text.persist_write_bool
                0x0000000000002d5c        0xc /Users/realo/Library/Application Support/Pebble SDK/SDKs/current/sdk-core/pebble/aplite/lib/libpebble.a(tmpeWFBzLpebble.o)
                0x0000000000002d5c                persist_write_bool
 .text.persist_write_string
                0x0000000000002d68        0xc /Users/realo/Library/Application Support/Pebble SDK/SDKs/current/sdk-core/pebble/aplite/lib/libpebble.a(tmpeWFBzLpebble.o)
                0x0000000000002d68                persist_write_string
 .text.resource_get_handle
                0x0000000000002d74        0xc /Users/realo/Library/Application Support/Pebble SDK/SDKs/current/sdk-core/pebble/aplite/lib/libpebble.a(tmpeWFBzLpebble.o)
                0x0000000000002d74                resource_get_handle
 .text.strcat   0x0000000000002d80        0xc /Users/realo/Library/Application Support/Pebble SDK/SDKs/current/sdk-core/pebble/aplite/lib/libpebble.a(tmpeWFBzLpebble.o)
                0x0000000000002d80                strcat
 .text.strcmp   0x0000000000002d8c        0xc /Users/realo/Library/Application Support/Pebble SDK/SDKs/current/sdk-core/pebble/aplite/lib/libpebble.a(tmpeWFBzLpebble.o)
                0x0000000000002d8c                strcmp
 .text.strcpy   0x0000000000002d98        0xc /Users/realo/Library/Application Support/Pebble SDK/SDKs/current/sdk-core/pebble/aplite/lib/libpebble.a(tmpeWFBzLpebble.o)
                0x0000000000002d98                strcpy
 .text.strftime
                0x0000000000002da4        0xc /Users/realo/Library/Application Support/Pebble SDK/SDKs/current/sdk-core/pebble/aplite/lib/libpebble.a(tmpeWFBzLpebble.o)
                0x0000000000002da4                strftime
 .text.strlen   0x0000000000002db0        0xc /Users/realo/Library/Application Support/Pebble SDK/SDKs/current/sdk-core/pebble/aplite/lib/libpebble.a(tmpeWFBzLpebble.o)
                0x0000000000002db0                strlen
 .text.strncat  0x0000000000002dbc        0xc /Users/realo/Library/Application Support/Pebble SDK/SDKs/current/sdk-core/pebble/aplite/lib/libpebble.a(tmpeWFBzLpebble.o)
                0x0000000000002dbc                strncat
 .text.strncpy  0x0000000000002dc8        0xc /Users/realo/Library/Application Support/Pebble SDK/SDKs/current/sdk-core/pebble/aplite/lib/libpebble.a(tmpeWFBzLpebble.o)
                0x0000000000002dc8                strncpy
 .text.tick_timer_service_subscribe
                0x0000000000002dd4        0xc /Users/realo/Library/Application Support/Pebble SDK/SDKs/current/sdk-core/pebble/aplite/lib/libpebble.a(tmpeWFBzLpebble.o)
                0x0000000000002dd4                tick_timer_service_subscribe
 .text.tick_timer_service_unsubscribe
                0x0000000000002de0        0xc /Users/realo/Library/Application Support/Pebble SDK/SDKs/current/sdk-core/pebble/aplite/lib/libpebble.a(tmpeWFBzLpebble.o)
                0x0000000000002de0                tick_timer_service_unsubscribe
 .text.vibes_enqueue_custom_pattern
                0x0000000000002dec        0xc /Users/realo/Library/Application Support/Pebble SDK/SDKs/current/sdk-core/pebble/aplite/lib/libpebble.a(tmpeWFBzLpebble.o)
                0x0000000000002dec                vibes_enqueue_custom_pattern
 .text.window_create
                0x0000000000002df8        0xc /Users/realo/Library/Application Support/Pebble SDK/SDKs/current/sdk-core/pebble/aplite/lib/libpebble.a(tmpeWFBzLpebble.o)
                0x0000000000002df8                window_create
 .text.window_destroy
                0x0000000000002e04        0xc /Users/realo/Library/Application Support/Pebble SDK/SDKs/current/sdk-core/pebble/aplite/lib/libpebble.a(tmpeWFBzLpebble.o)
                0x0000000000002e04                window_destroy
 .text.window_get_root_layer
                0x0000000000002e10        0xc /Users/realo/Library/Application Support/Pebble SDK/SDKs/current/sdk-core/pebble/aplite/lib/libpebble.a(tmpeWFBzLpebble.o)
                0x0000000000002e10                window_get_root_layer
 .text.window_stack_push
                0x0000000000002e1c        0xc /Users/realo/Library/Application Support/Pebble SDK/SDKs/current/sdk-core/pebble/aplite/lib/libpebble.a(tmpeWFBzLpebble.o)
                0x0000000000002e1c                window_stack_push
 .text.app_message_outbox_begin
                0x0000000000002e28        0xc /Users/realo/Library/Application Support/Pebble SDK/SDKs/current/sdk-core/pebble/aplite/lib/libpebble.a(tmpeWFBzLpebble.o)
                0x0000000000002e28                app_message_outbox_begin
 .text.app_message_outbox_send
                0x0000000000002e34        0xc /Users/realo/Library/Application Support/Pebble SDK/SDKs/current/sdk-core/pebble/aplite/lib/libpebble.a(tmpeWFBzLpebble.o)
                0x0000000000002e34                app_message_outbox_send
 .text.app_message_register_inbox_dropped
                0x0000000000002e40        0xc /Users/realo/Library/Application Support/Pebble SDK/SDKs/current/sdk-core/pebble/aplite/lib/libpebble.a(tmpeWFBzLpebble.o)
                0x0000000000002e40                app_message_register_inbox_dropped
 .text.app_message_register_inbox_received
                0x0000000000002e4c        0xc /Users/realo/Library/Application Support/Pebble SDK/SDKs/current/sdk-core/pebble/aplite/lib/libpebble.a(tmpeWFBzLpebble.o)
                0x0000000000002e4c                app_message_register_inbox_received
 .text.app_message_register_outbox_failed
                0x0000000000002e58        0xc /Users/realo/Library/Application Support/Pebble SDK/SDKs/current/sdk-core/pebble/aplite/lib/libpebble.a(tmpeWFBzLpebble.o)
                0x0000000000002e58                app_message_register_outbox_failed
 .text.persist_read_data
                0x0000000000002e64        0xc /Users/realo/Library/Application Support/Pebble SDK/SDKs/current/sdk-core/pebble/aplite/lib/libpebble.a(tmpeWFBzLpebble.o)
                0x0000000000002e64                persist_read_data
 .text.persist_read_string
                0x0000000000002e70        0xc /Users/realo/Library/Application Support/Pebble SDK/SDKs/current/sdk-core/pebble/aplite/lib/libpebble.a(tmpeWFBzLpebble.o)
                0x0000000000002e70                persist_read_string
 .text.persist_write_data
                0x0000000000002e7c        0xc /Users/realo/Library/Application Support/Pebble SDK/SDKs/current/sdk-core/pebble/aplite/lib/libpebble.a(tmpeWFBzLpebble.o)
                0x0000000000002e7c                persist_write_data
 .text.bitmap_layer_set_background_color
                0x0000000000002e88        0xc /Users/realo/Library/Application Support/Pebble SDK/SDKs/current/sdk-core/pebble/aplite/lib/libpebble.a(tmpeWFBzLpebble.o)
                0x0000000000002e88                bitmap_layer_set_background_color
 .text.graphics_context_set_fill_color
                0x0000000000002e94        0xc /Users/realo/Library/Application Support/Pebble SDK/SDKs/current/sdk-core/pebble/aplite/lib/libpebble.a(tmpeWFBzLpebble.o)
                0x0000000000002e94                graphics_context_set_fill_color
 .text.graphics_context_set_stroke_color
                0x0000000000002ea0        0xc /Users/realo/Library/Application Support/Pebble SDK/SDKs/current/sdk-core/pebble/aplite/lib/libpebble.a(tmpeWFBzLpebble.o)
                0x0000000000002ea0                graphics_context_set_stroke_color
 .text.window_set_background_color
                0x0000000000002eac        0xc /Users/realo/Library/Application Support/Pebble SDK/SDKs/current/sdk-core/pebble/aplite/lib/libpebble.a(tmpeWFBzLpebble.o)
                0x0000000000002eac                window_set_background_color
 .text.localtime
                0x0000000000002eb8        0xc /Users/realo/Library/Application Support/Pebble SDK/SDKs/current/sdk-core/pebble/aplite/lib/libpebble.a(tmpeWFBzLpebble.o)
                0x0000000000002eb8                localtime
 .text.text_layer_create
                0x0000000000002ec4        0xc /Users/realo/Library/Application Support/Pebble SDK/SDKs/current/sdk-core/pebble/aplite/lib/libpebble.a(tmpeWFBzLpebble.o)
                0x0000000000002ec4                text_layer_create
 .text.text_layer_destroy
                0x0000000000002ed0        0xc /Users/realo/Library/Application Support/Pebble SDK/SDKs/current/sdk-core/pebble/aplite/lib/libpebble.a(tmpeWFBzLpebble.o)
                0x0000000000002ed0                text_layer_destroy
 .text.text_layer_get_layer
                0x0000000000002edc        0xc /Users/realo/Library/Application Support/Pebble SDK/SDKs/current/sdk-core/pebble/aplite/lib/libpebble.a(tmpeWFBzLpebble.o)
                0x0000000000002edc                text_layer_get_layer
 .text.text_layer_set_background_color
                0x0000000000002ee8        0xc /Users/realo/Library/Application Support/Pebble SDK/SDKs/current/sdk-core/pebble/aplite/lib/libpebble.a(tmpeWFBzLpebble.o)
                0x0000000000002ee8                text_layer_set_background_color
 .text.text_layer_set_font
                0x0000000000002ef4        0xc /Users/realo/Library/Application Support/Pebble SDK/SDKs/current/sdk-core/pebble/aplite/lib/libpebble.a(tmpeWFBzLpebble.o)
                0x0000000000002ef4                text_layer_set_font
 .text.text_layer_set_text
                0x0000000000002f00        0xc /Users/realo/Library/Application Support/Pebble SDK/SDKs/current/sdk-core/pebble/aplite/lib/libpebble.a(tmpeWFBzLpebble.o)
                0x0000000000002f00                text_layer_set_text
 .text.text_layer_set_text_alignment
                0x0000000000002f0c        0xc /Users/realo/Library/Application Support/Pebble SDK/SDKs/current/sdk-core/pebble/aplite/lib/libpebble.a(tmpeWFBzLpebble.o)
                0x0000000000002f0c                text_layer_set_text_alignment
 .text.text_layer_set_text_color
                0x0000000000002f18        0xc /Users/realo/Library/Application Support/Pebble SDK/SDKs/current/sdk-core/pebble/aplite/lib/libpebble.a(tmpeWFBzLpebble.o)
                0x0000000000002f18                text_layer_set_text_color
 .text.time     0x0000000000002f24        0xc /Users/realo/Library/Application Support/Pebble SDK/SDKs/current/sdk-core/pebble/aplite/lib/libpebble.a(tmpeWFBzLpebble.o)
                0x0000000000002f24                time
 .text.graphics_fill_radial
                0x0000000000002f30        0xc /Users/realo/Library/Application Support/Pebble SDK/SDKs/current/sdk-core/pebble/aplite/lib/libpebble.a(tmpeWFBzLpebble.o)
                0x0000000000002f30                graphics_fill_radial
 *(.rodata)
 .rodata        0x0000000000002f3c       0xc8 src/main.c.12.o
 *(.rodata*)
 .rodata.segments_long
                0x0000000000003004        0xc src/main.c.12.o
                0x0000000000003004                segments_long
 .rodata.segments_short
                0x0000000000003010       0x28 src/main.c.12.o
                0x0000000000003010                segments_short
 .rodata.str1.1
                0x0000000000003038      0x529 src/main.c.12.o
                                        0x532 (size before relaxing)

.glue_7         0x0000000000003564        0x0
 .glue_7        0x0000000000000000        0x0 linker stubs

.glue_7t        0x0000000000003564        0x0
 .glue_7t       0x0000000000000000        0x0 linker stubs

.vfp11_veneer   0x0000000000003564        0x0
 .vfp11_veneer  0x0000000000000000        0x0 linker stubs

.v4_bx          0x0000000000003564        0x0
 .v4_bx         0x0000000000000000        0x0 linker stubs

.iplt           0x0000000000003564        0x0
 .iplt          0x0000000000000000        0x0 /usr/local/Cellar/pebble-toolchain/2.0/arm-cs-tools/bin/../lib/gcc/arm-none-eabi/4.7.2/thumb2/crtbegin.o

.rel.dyn        0x0000000000003564        0x0
 .rel.iplt      0x0000000000000000        0x0 /usr/local/Cellar/pebble-toolchain/2.0/arm-cs-tools/bin/../lib/gcc/arm-none-eabi/4.7.2/thumb2/crtbegin.o
 .rel.got       0x0000000000000000        0x0 /usr/local/Cellar/pebble-toolchain/2.0/arm-cs-tools/bin/../lib/gcc/arm-none-eabi/4.7.2/thumb2/crtbegin.o

.data           0x0000000000003564       0x6b
 *(.data)
 .data          0x0000000000003564        0x0 /usr/local/Cellar/pebble-toolchain/2.0/arm-cs-tools/bin/../lib/gcc/arm-none-eabi/4.7.2/thumb2/crti.o
 .data          0x0000000000003564        0x4 /usr/local/Cellar/pebble-toolchain/2.0/arm-cs-tools/bin/../lib/gcc/arm-none-eabi/4.7.2/thumb2/crtbegin.o
                0x0000000000003564                __dso_handle
 .data          0x0000000000003568        0x0 src/main.c.12.o
 .data          0x0000000000003568        0x0 aplite/appinfo.auto.c.12.o
 .data          0x0000000000003568        0x0 /Users/realo/Library/Application Support/Pebble SDK/SDKs/current/sdk-core/pebble/aplite/lib/libpebble.a(tmpeWFBzLpebble.o)
 .data          0x0000000000003568        0x0 /usr/local/Cellar/pebble-toolchain/2.0/arm-cs-tools/bin/../lib/gcc/arm-none-eabi/4.7.2/thumb2/libgcc.a(_arm_addsubsf3.o)
 .data          0x0000000000003568        0x0 /usr/local/Cellar/pebble-toolchain/2.0/arm-cs-tools/bin/../lib/gcc/arm-none-eabi/4.7.2/thumb2/libgcc.a(_arm_muldivsf3.o)
 .data          0x0000000000003568        0x0 /usr/local/Cellar/pebble-toolchain/2.0/arm-cs-tools/bin/../lib/gcc/arm-none-eabi/4.7.2/thumb2/libgcc.a(_arm_cmpsf2.o)
 .data          0x0000000000003568        0x0 /usr/local/Cellar/pebble-toolchain/2.0/arm-cs-tools/bin/../lib/gcc/arm-none-eabi/4.7.2/thumb2/libgcc.a(_arm_fixsfsi.o)
 .data          0x0000000000003568        0x0 /usr/local/Cellar/pebble-toolchain/2.0/arm-cs-tools/bin/../lib/gcc/arm-none-eabi/4.7.2/thumb2/crtend.o
 .data          0x0000000000003568        0x0 /usr/local/Cellar/pebble-toolchain/2.0/arm-cs-tools/bin/../lib/gcc/arm-none-eabi/4.7.2/thumb2/crtn.o
 *(.data.*)
 .data.WEATHER_ICONS
                0x0000000000003568       0x2f src/main.c.12.o
                0x0000000000003568                WEATHER_ICONS
 .data.BuzzEnable
                0x0000000000003597        0x1 src/main.c.12.o
                0x0000000000003597                BuzzEnable
 .data.trotteuse_draw_scale
                0x0000000000003598        0x4 src/main.c.12.o
                0x0000000000003598                trotteuse_draw_scale
 .data.rel.myShortVibes
                0x000000000000359c        0x8 src/main.c.12.o
                0x000000000000359c                myShortVibes
 .data.rel.ro.bgraph_info
                0x00000000000035a4        0x8 src/main.c.12.o
                0x00000000000035a4                bgraph_info
 .data.date_text
                0x00000000000035ac        0x9 src/main.c.12.o
                0x00000000000035ac                date_text
 *fill*         0x00000000000035b5        0x3 
 .data.trigger_minute
                0x00000000000035b8        0x4 src/main.c.12.o
                0x00000000000035b8                trigger_minute
 .data.cnfTrotteuse
                0x00000000000035bc        0x1 src/main.c.12.o
                0x00000000000035bc                cnfTrotteuse
 .data.cnfCelsius
                0x00000000000035bd        0x1 src/main.c.12.o
                0x00000000000035bd                cnfCelsius
 *fill*         0x00000000000035be        0x2 
 .data.rel.myLongVibes
                0x00000000000035c0        0x8 src/main.c.12.o
                0x00000000000035c0                myLongVibes
 .data.time_text
                0x00000000000035c8        0x6 src/main.c.12.o
                0x00000000000035c8                time_text
 .data.cnfHours
                0x00000000000035ce        0x1 src/main.c.12.o
                0x00000000000035ce                cnfHours

.igot.plt       0x00000000000035d0        0x0
 .igot.plt      0x0000000000000000        0x0 /usr/local/Cellar/pebble-toolchain/2.0/arm-cs-tools/bin/../lib/gcc/arm-none-eabi/4.7.2/thumb2/crtbegin.o

.got            0x00000000000035d0       0x9c
 .got           0x00000000000035d0       0x9c /usr/local/Cellar/pebble-toolchain/2.0/arm-cs-tools/bin/../lib/gcc/arm-none-eabi/4.7.2/thumb2/crtbegin.o

.got.plt        0x000000000000366c        0xc
 .got.plt       0x000000000000366c        0xc /usr/local/Cellar/pebble-toolchain/2.0/arm-cs-tools/bin/../lib/gcc/arm-none-eabi/4.7.2/thumb2/crtbegin.o
                0x000000000000366c                _GLOBAL_OFFSET_TABLE_

.bss            0x0000000000003678      0x4d8
 *(.bss)
 *(.bss.*)
 .bss.btcL_value
                0x0000000000003678        0x4 src/main.c.12.o
                0x0000000000003678                btcL_value
 .bss.btcH_value
                0x000000000000367c        0x4 src/main.c.12.o
                0x000000000000367c                btcH_value
 .bss.btcV_value
                0x0000000000003680        0x4 src/main.c.12.o
                0x0000000000003680                btcV_value
 .bss.obIconCode_value
                0x0000000000003684        0x4 src/main.c.12.o
                0x0000000000003684                obIconCode_value
 .bss.message_count
                0x0000000000003688        0x4 src/main.c.12.o
                0x0000000000003688                message_count
 .bss.errorInWeather
                0x000000000000368c        0x4 src/main.c.12.o
                0x000000000000368c                errorInWeather
 .bss.DOT4      0x0000000000003690        0x4 src/main.c.12.o
                0x0000000000003690                DOT4
 .bss.trotteuse
                0x0000000000003694        0x4 src/main.c.12.o
                0x0000000000003694                trotteuse
 COMMON         0x0000000000003698      0x4b8 src/main.c.12.o
                0x0000000000003698                cnfExchange
                0x00000000000036ac                trotteuse_scale_layer
                0x00000000000036b0                forecastPeriod
                0x00000000000036c0                bgraph_data
                0x00000000000038a0                forecastLow
                0x00000000000038b0                btcL
                0x00000000000038c0                date_layer
                0x00000000000038c4                forecastTemp
                0x00000000000038d4                cnfLocation
                0x00000000000038f4                cnfOWMloc
                0x0000000000003934                trotteuse_layer
                0x0000000000003938                btcV
                0x0000000000003948                bcH_layer
                0x000000000000394c                bcL_layer
                0x0000000000003950                obWindSpeed
                0x0000000000003960                graph_layer
                0x0000000000003964                bc_layer
                0x0000000000003968                btcH
                0x0000000000003978                cnfOWMkey
                0x00000000000039b8                cnfService
                0x00000000000039d8                DOT_layer
                0x00000000000039dc                forecastIconCode
                0x00000000000039ec                forecastHigh
                0x00000000000039fc                time_layer
                0x0000000000003a00                obWindDir_bkp
                0x0000000000003a10                geoArea1
                0x0000000000003a15                battery_text
                0x0000000000003a20                bgraph
                0x0000000000003a24                obTemperature
                0x0000000000003a34                obWindGust
                0x0000000000003a44                obIconCode
                0x0000000000003a54                obWindChill
                0x0000000000003a64                battery_state
                0x0000000000003a68                window
                0x0000000000003a6c                bluetooth_text
                0x0000000000003a74                cnfOWMid
                0x0000000000003a94                obHumidex
                0x0000000000003aa4                weather_layer
                0x0000000000003b40                obWindDir

DISCARD
 libc.a(*)
 libm.a(*)
 libgcc.a(*)
 *(.eh_frame)
OUTPUT(/Users/realo/Pebble/CoinCan-Quebec/build/aplite/pebble-app.elf elf32-littlearm)

.ARM.attributes
                0x0000000000000000       0x27
 .ARM.attributes
                0x0000000000000000       0x19 /usr/local/Cellar/pebble-toolchain/2.0/arm-cs-tools/bin/../lib/gcc/arm-none-eabi/4.7.2/thumb2/crti.o
 .ARM.attributes
                0x0000000000000019       0x29 /usr/local/Cellar/pebble-toolchain/2.0/arm-cs-tools/bin/../lib/gcc/arm-none-eabi/4.7.2/thumb2/crtbegin.o
 .ARM.attributes
                0x0000000000000042       0x33 src/main.c.12.o
 .ARM.attributes
                0x0000000000000075       0x33 aplite/appinfo.auto.c.12.o
 .ARM.attributes
                0x00000000000000a8       0x21 /Users/realo/Library/Application Support/Pebble SDK/SDKs/current/sdk-core/pebble/aplite/lib/libpebble.a(tmpeWFBzLpebble.o)
 .ARM.attributes
                0x00000000000000c9       0x19 /usr/local/Cellar/pebble-toolchain/2.0/arm-cs-tools/bin/../lib/gcc/arm-none-eabi/4.7.2/thumb2/libgcc.a(_arm_addsubsf3.o)
 .ARM.attributes
                0x00000000000000e2       0x19 /usr/local/Cellar/pebble-toolchain/2.0/arm-cs-tools/bin/../lib/gcc/arm-none-eabi/4.7.2/thumb2/libgcc.a(_arm_muldivsf3.o)
 .ARM.attributes
                0x00000000000000fb       0x19 /usr/local/Cellar/pebble-toolchain/2.0/arm-cs-tools/bin/../lib/gcc/arm-none-eabi/4.7.2/thumb2/libgcc.a(_arm_cmpsf2.o)
 .ARM.attributes
                0x0000000000000114       0x19 /usr/local/Cellar/pebble-toolchain/2.0/arm-cs-tools/bin/../lib/gcc/arm-none-eabi/4.7.2/thumb2/libgcc.a(_arm_fixsfsi.o)
 .ARM.attributes
                0x000000000000012d       0x29 /usr/local/Cellar/pebble-toolchain/2.0/arm-cs-tools/bin/../lib/gcc/arm-none-eabi/4.7.2/thumb2/crtend.o
 .ARM.attributes
                0x0000000000000156       0x19 /usr/local/Cellar/pebble-toolchain/2.0/arm-cs-tools/bin/../lib/gcc/arm-none-eabi/4.7.2/thumb2/crtn.o

.comment        0x0000000000000000       0x4e
 .comment       0x0000000000000000       0x4e /usr/local/Cellar/pebble-toolchain/2.0/arm-cs-tools/bin/../lib/gcc/arm-none-eabi/4.7.2/thumb2/crtbegin.o
                                         0x4f (size before relaxing)
 .comment       0x0000000000000000       0x4f src/main.c.12.o
 .comment       0x0000000000000000       0x4f aplite/appinfo.auto.c.12.o
 .comment       0x0000000000000000       0x4f /usr/local/Cellar/pebble-toolchain/2.0/arm-cs-tools/bin/../lib/gcc/arm-none-eabi/4.7.2/thumb2/crtend.o

.debug_info     0x0000000000000000     0x4da8
 .debug_info    0x0000000000000000     0x4676 src/main.c.12.o
 .debug_info    0x0000000000004676      0x44e aplite/appinfo.auto.c.12.o
 .debug_info    0x0000000000004ac4       0xb9 /usr/local/Cellar/pebble-toolchain/2.0/arm-cs-tools/bin/../lib/gcc/arm-none-eabi/4.7.2/thumb2/libgcc.a(_arm_addsubsf3.o)
 .debug_info    0x0000000000004b7d       0xb9 /usr/local/Cellar/pebble-toolchain/2.0/arm-cs-tools/bin/../lib/gcc/arm-none-eabi/4.7.2/thumb2/libgcc.a(_arm_muldivsf3.o)
 .debug_info    0x0000000000004c36       0xb9 /usr/local/Cellar/pebble-toolchain/2.0/arm-cs-tools/bin/../lib/gcc/arm-none-eabi/4.7.2/thumb2/libgcc.a(_arm_cmpsf2.o)
 .debug_info    0x0000000000004cef       0xb9 /usr/local/Cellar/pebble-toolchain/2.0/arm-cs-tools/bin/../lib/gcc/arm-none-eabi/4.7.2/thumb2/libgcc.a(_arm_fixsfsi.o)

.debug_abbrev   0x0000000000000000      0x556
 .debug_abbrev  0x0000000000000000      0x468 src/main.c.12.o
 .debug_abbrev  0x0000000000000468       0x9e aplite/appinfo.auto.c.12.o
 .debug_abbrev  0x0000000000000506       0x14 /usr/local/Cellar/pebble-toolchain/2.0/arm-cs-tools/bin/../lib/gcc/arm-none-eabi/4.7.2/thumb2/libgcc.a(_arm_addsubsf3.o)
 .debug_abbrev  0x000000000000051a       0x14 /usr/local/Cellar/pebble-toolchain/2.0/arm-cs-tools/bin/../lib/gcc/arm-none-eabi/4.7.2/thumb2/libgcc.a(_arm_muldivsf3.o)
 .debug_abbrev  0x000000000000052e       0x14 /usr/local/Cellar/pebble-toolchain/2.0/arm-cs-tools/bin/../lib/gcc/arm-none-eabi/4.7.2/thumb2/libgcc.a(_arm_cmpsf2.o)
 .debug_abbrev  0x0000000000000542       0x14 /usr/local/Cellar/pebble-toolchain/2.0/arm-cs-tools/bin/../lib/gcc/arm-none-eabi/4.7.2/thumb2/libgcc.a(_arm_fixsfsi.o)

.debug_loc      0x0000000000000000      0xe02
 .debug_loc     0x0000000000000000      0xe02 src/main.c.12.o

.debug_aranges  0x0000000000000000      0x160
 .debug_aranges
                0x0000000000000000       0xc8 src/main.c.12.o
 .debug_aranges
                0x00000000000000c8       0x18 aplite/appinfo.auto.c.12.o
 .debug_aranges
                0x00000000000000e0       0x20 /usr/local/Cellar/pebble-toolchain/2.0/arm-cs-tools/bin/../lib/gcc/arm-none-eabi/4.7.2/thumb2/libgcc.a(_arm_addsubsf3.o)
 .debug_aranges
                0x0000000000000100       0x20 /usr/local/Cellar/pebble-toolchain/2.0/arm-cs-tools/bin/../lib/gcc/arm-none-eabi/4.7.2/thumb2/libgcc.a(_arm_muldivsf3.o)
 .debug_aranges
                0x0000000000000120       0x20 /usr/local/Cellar/pebble-toolchain/2.0/arm-cs-tools/bin/../lib/gcc/arm-none-eabi/4.7.2/thumb2/libgcc.a(_arm_cmpsf2.o)
 .debug_aranges
                0x0000000000000140       0x20 /usr/local/Cellar/pebble-toolchain/2.0/arm-cs-tools/bin/../lib/gcc/arm-none-eabi/4.7.2/thumb2/libgcc.a(_arm_fixsfsi.o)

.debug_ranges   0x0000000000000000      0x148
 .debug_ranges  0x0000000000000000      0x148 src/main.c.12.o

.debug_line     0x0000000000000000      0xe16
 .debug_line    0x0000000000000000      0x8c9 src/main.c.12.o
 .debug_line    0x00000000000008c9      0x156 aplite/appinfo.auto.c.12.o
 .debug_line    0x0000000000000a1f      0x128 /usr/local/Cellar/pebble-toolchain/2.0/arm-cs-tools/bin/../lib/gcc/arm-none-eabi/4.7.2/thumb2/libgcc.a(_arm_addsubsf3.o)
 .debug_line    0x0000000000000b47      0x149 /usr/local/Cellar/pebble-toolchain/2.0/arm-cs-tools/bin/../lib/gcc/arm-none-eabi/4.7.2/thumb2/libgcc.a(_arm_muldivsf3.o)
 .debug_line    0x0000000000000c90      0x100 /usr/local/Cellar/pebble-toolchain/2.0/arm-cs-tools/bin/../lib/gcc/arm-none-eabi/4.7.2/thumb2/libgcc.a(_arm_cmpsf2.o)
 .debug_line    0x0000000000000d90       0x86 /usr/local/Cellar/pebble-toolchain/2.0/arm-cs-tools/bin/../lib/gcc/arm-none-eabi/4.7.2/thumb2/libgcc.a(_arm_fixsfsi.o)

.debug_str      0x0000000000000000     0x1a25
 .debug_str     0x0000000000000000     0x1813 src/main.c.12.o
                                       0x18e4 (size before relaxing)
 .debug_str     0x0000000000001813      0x212 aplite/appinfo.auto.c.12.o
                                        0x64e (size before relaxing)

.debug_frame    0x0000000000000000      0x2ac
 .debug_frame   0x0000000000000000      0x2ac src/main.c.12.o
