Archive member included because of file (symbol)

/Users/realo/Library/Application Support/Pebble SDK/SDKs/current/sdk-core/pebble/aplite/lib/libpebble.a(tmp7jpKUopebble.o)
                              src/c/main.c.41.o (app_event_loop)
/Users/realo/Library/Application Support/Pebble SDK/SDKs/4.5/toolchain/arm-none-eabi/bin/../lib/gcc/arm-none-eabi/4.7.2/thumb2/libgcc.a(_arm_addsubdf3.o)
                              src/c/main.c.41.o (__aeabi_f2d)
/Users/realo/Library/Application Support/Pebble SDK/SDKs/4.5/toolchain/arm-none-eabi/bin/../lib/gcc/arm-none-eabi/4.7.2/thumb2/libgcc.a(_arm_muldivdf3.o)
                              src/c/main.c.41.o (__aeabi_ddiv)
/Users/realo/Library/Application Support/Pebble SDK/SDKs/4.5/toolchain/arm-none-eabi/bin/../lib/gcc/arm-none-eabi/4.7.2/thumb2/libgcc.a(_arm_fixdfsi.o)
                              src/c/main.c.41.o (__aeabi_d2iz)
/Users/realo/Library/Application Support/Pebble SDK/SDKs/4.5/toolchain/arm-none-eabi/bin/../lib/gcc/arm-none-eabi/4.7.2/thumb2/libgcc.a(_arm_addsubsf3.o)
                              src/c/main.c.41.o (__aeabi_fsub)
/Users/realo/Library/Application Support/Pebble SDK/SDKs/4.5/toolchain/arm-none-eabi/bin/../lib/gcc/arm-none-eabi/4.7.2/thumb2/libgcc.a(_arm_muldivsf3.o)
                              src/c/main.c.41.o (__aeabi_fmul)
/Users/realo/Library/Application Support/Pebble SDK/SDKs/4.5/toolchain/arm-none-eabi/bin/../lib/gcc/arm-none-eabi/4.7.2/thumb2/libgcc.a(_arm_cmpsf2.o)
                              src/c/main.c.41.o (__aeabi_fcmpeq)
/Users/realo/Library/Application Support/Pebble SDK/SDKs/4.5/toolchain/arm-none-eabi/bin/../lib/gcc/arm-none-eabi/4.7.2/thumb2/libgcc.a(_arm_fixsfsi.o)
                              src/c/main.c.41.o (__aeabi_f2iz)

Allocating common symbols
Common symbol       size              file

cnfExchange         0x14              src/c/main.c.41.o
forecastPeriod      0x10              src/c/main.c.41.o
bgraph_data         0x1e0             src/c/main.c.41.o
forecastLow         0x10              src/c/main.c.41.o
btcL                0x10              src/c/main.c.41.o
forecastTemp        0x10              src/c/main.c.41.o
cnfLocation         0x20              src/c/main.c.41.o
btcV                0x10              src/c/main.c.41.o
obWindSpeed         0x10              src/c/main.c.41.o
btcH                0x10              src/c/main.c.41.o
cnfService          0x20              src/c/main.c.41.o
forecastIconCode    0x10              src/c/main.c.41.o
forecastHigh        0x10              src/c/main.c.41.o
obWindDir_bkp       0x10              src/c/main.c.41.o
geoArea1            0x5               src/c/main.c.41.o
battery_text        0x8               src/c/main.c.41.o
bgraph              0x4               src/c/main.c.41.o
obTemperature       0x10              src/c/main.c.41.o
obWindGust          0x10              src/c/main.c.41.o
obIconCode          0x10              src/c/main.c.41.o
obWindChill         0x10              src/c/main.c.41.o
battery_state       0x3               src/c/main.c.41.o
window              0x4               src/c/main.c.41.o
bluetooth_text      0x8               src/c/main.c.41.o
obHumidex           0x10              src/c/main.c.41.o
obWindDir           0x10              src/c/main.c.41.o

Discarded input sections

 .text          0x0000000000000000        0x0 /Users/realo/Library/Application Support/Pebble SDK/SDKs/4.5/toolchain/arm-none-eabi/bin/../lib/gcc/arm-none-eabi/4.7.2/thumb2/crti.o
 .bss           0x0000000000000000        0x0 /Users/realo/Library/Application Support/Pebble SDK/SDKs/4.5/toolchain/arm-none-eabi/bin/../lib/gcc/arm-none-eabi/4.7.2/thumb2/crti.o
 .init          0x0000000000000000        0x4 /Users/realo/Library/Application Support/Pebble SDK/SDKs/4.5/toolchain/arm-none-eabi/bin/../lib/gcc/arm-none-eabi/4.7.2/thumb2/crti.o
 .fini          0x0000000000000000        0x4 /Users/realo/Library/Application Support/Pebble SDK/SDKs/4.5/toolchain/arm-none-eabi/bin/../lib/gcc/arm-none-eabi/4.7.2/thumb2/crti.o
 .text          0x0000000000000000       0xc8 /Users/realo/Library/Application Support/Pebble SDK/SDKs/4.5/toolchain/arm-none-eabi/bin/../lib/gcc/arm-none-eabi/4.7.2/thumb2/crtbegin.o
 .bss           0x0000000000000000       0x1c /Users/realo/Library/Application Support/Pebble SDK/SDKs/4.5/toolchain/arm-none-eabi/bin/../lib/gcc/arm-none-eabi/4.7.2/thumb2/crtbegin.o
 .init_array    0x0000000000000000        0x4 /Users/realo/Library/Application Support/Pebble SDK/SDKs/4.5/toolchain/arm-none-eabi/bin/../lib/gcc/arm-none-eabi/4.7.2/thumb2/crtbegin.o
 .fini_array    0x0000000000000000        0x4 /Users/realo/Library/Application Support/Pebble SDK/SDKs/4.5/toolchain/arm-none-eabi/bin/../lib/gcc/arm-none-eabi/4.7.2/thumb2/crtbegin.o
 .eh_frame      0x0000000000000000        0x0 /Users/realo/Library/Application Support/Pebble SDK/SDKs/4.5/toolchain/arm-none-eabi/bin/../lib/gcc/arm-none-eabi/4.7.2/thumb2/crtbegin.o
[...]
Memory Configuration

Name             Origin             Length             Attributes
APP              0x0000000000000000 0x0000000000006000 xrw
*default*        0x0000000000000000 0xffffffffffffffff

Linker script and memory map

LOAD /Users/realo/Library/Application Support/Pebble SDK/SDKs/4.5/toolchain/arm-none-eabi/bin/../lib/gcc/arm-none-eabi/4.7.2/thumb2/crti.o
LOAD /Users/realo/Library/Application Support/Pebble SDK/SDKs/4.5/toolchain/arm-none-eabi/bin/../lib/gcc/arm-none-eabi/4.7.2/thumb2/crtbegin.o
LOAD src/c/main.c.41.o
LOAD aplite/appinfo.auto.c.41.o
LOAD aplite/src/resource_ids.auto.c.41.o
LOAD src/message_keys.auto.c.41.o
LOAD /Users/realo/Library/Application Support/Pebble SDK/SDKs/current/sdk-core/pebble/aplite/lib/libpebble.a
LOAD /Users/realo/Work/PEBBLE/coincan/node_modules/pebble-clay/dist/binaries/aplite/libpebble-clay.a
START GROUP
LOAD /Users/realo/Library/Application Support/Pebble SDK/SDKs/4.5/toolchain/arm-none-eabi/bin/../lib/gcc/arm-none-eabi/4.7.2/thumb2/libgcc.a
LOAD /Users/realo/Library/Application Support/Pebble SDK/SDKs/4.5/toolchain/arm-none-eabi/bin/../lib/gcc/arm-none-eabi/4.7.2/../../../../arm-none-eabi/lib/thumb2/libc.a
END GROUP
LOAD /Users/realo/Library/Application Support/Pebble SDK/SDKs/4.5/toolchain/arm-none-eabi/bin/../lib/gcc/arm-none-eabi/4.7.2/thumb2/crtend.o
LOAD /Users/realo/Library/Application Support/Pebble SDK/SDKs/4.5/toolchain/arm-none-eabi/bin/../lib/gcc/arm-none-eabi/4.7.2/thumb2/crtn.o

.header         0x0000000000000000       0x82
 *(.pbl_header)
 .pbl_header    0x0000000000000000       0x82 aplite/appinfo.auto.c.41.o
                0x0000000000000000                __pbl_app_info

.note.gnu.build-id
                0x0000000000000082       0x26
                0x0000000000000082                PROVIDE (BUILD_ID, .)
 *(.note.gnu.build-id)
 *fill*         0x0000000000000082        0x2 
 .note.gnu.build-id
                0x0000000000000084       0x24 linker stubs

.text           0x00000000000000a8     0x4f86
 *(.text)
 .text          0x00000000000000a8       0x14 /Users/realo/Library/Application Support/Pebble SDK/SDKs/current/sdk-core/pebble/aplite/lib/libpebble.a(tmp7jpKUopebble.o)
 .text          0x00000000000000bc      0x370 /Users/realo/Library/Application Support/Pebble SDK/SDKs/4.5/toolchain/arm-none-eabi/bin/../lib/gcc/arm-none-eabi/4.7.2/thumb2/libgcc.a(_arm_addsubdf3.o)
                0x00000000000000bc                __aeabi_drsub
                0x00000000000000c4                __subdf3
                0x00000000000000c4                __aeabi_dsub
                0x00000000000000c8                __aeabi_dadd
                0x00000000000000c8                __adddf3
                0x0000000000000340                __aeabi_ui2d
                0x0000000000000340                __floatunsidf
                0x0000000000000360                __floatsidf
                0x0000000000000360                __aeabi_i2d
                0x0000000000000384                __extendsfdf2
                0x0000000000000384                __aeabi_f2d
                0x00000000000003c0                __aeabi_ul2d
                0x00000000000003c0                __floatundidf
                0x00000000000003d0                __aeabi_l2d
                0x00000000000003d0                __floatdidf
 .text          0x000000000000042c      0x424 /Users/realo/Library/Application Support/Pebble SDK/SDKs/4.5/toolchain/arm-none-eabi/bin/../lib/gcc/arm-none-eabi/4.7.2/thumb2/libgcc.a(_arm_muldivdf3.o)
                0x000000000000042c                __aeabi_dmul
                0x000000000000042c                __muldf3
                0x0000000000000680                __aeabi_ddiv
                0x0000000000000680                __divdf3
 .text          0x0000000000000850       0x50 /Users/realo/Library/Application Support/Pebble SDK/SDKs/4.5/toolchain/arm-none-eabi/bin/../lib/gcc/arm-none-eabi/4.7.2/thumb2/libgcc.a(_arm_fixdfsi.o)
                0x0000000000000850                __fixdfsi
                0x0000000000000850                __aeabi_d2iz
 .text          0x00000000000008a0      0x21c /Users/realo/Library/Application Support/Pebble SDK/SDKs/4.5/toolchain/arm-none-eabi/bin/../lib/gcc/arm-none-eabi/4.7.2/thumb2/libgcc.a(_arm_addsubsf3.o)
                0x00000000000008a0                __aeabi_frsub
                0x00000000000008a8                __aeabi_fsub
                0x00000000000008a8                __subsf3
                0x00000000000008ac                __aeabi_fadd
                0x00000000000008ac                __addsf3
                0x0000000000000a0c                __aeabi_ui2f
                0x0000000000000a0c                __floatunsisf
                0x0000000000000a14                __floatsisf
                0x0000000000000a14                __aeabi_i2f
                0x0000000000000a30                __aeabi_ul2f
                0x0000000000000a30                __floatundisf
                0x0000000000000a40                __aeabi_l2f
                0x0000000000000a40                __floatdisf
 .text          0x0000000000000abc      0x2a0 /Users/realo/Library/Application Support/Pebble SDK/SDKs/4.5/toolchain/arm-none-eabi/bin/../lib/gcc/arm-none-eabi/4.7.2/thumb2/libgcc.a(_arm_muldivsf3.o)
                0x0000000000000abc                __mulsf3
                0x0000000000000abc                __aeabi_fmul
                0x0000000000000c24                __divsf3
                0x0000000000000c24                __aeabi_fdiv
 .text          0x0000000000000d5c       0xec /Users/realo/Library/Application Support/Pebble SDK/SDKs/4.5/toolchain/arm-none-eabi/bin/../lib/gcc/arm-none-eabi/4.7.2/thumb2/libgcc.a(_arm_cmpsf2.o)
                0x0000000000000d5c                __gesf2
                0x0000000000000d5c                __gtsf2
                0x0000000000000d64                __ltsf2
                0x0000000000000d64                __lesf2
                0x0000000000000d6c                __nesf2
                0x0000000000000d6c                __eqsf2
                0x0000000000000d6c                __cmpsf2
                0x0000000000000dcc                __aeabi_cfrcmple
                0x0000000000000dd4                __aeabi_cfcmpeq
                0x0000000000000dd4                __aeabi_cfcmple
                0x0000000000000de4                __aeabi_fcmpeq
                0x0000000000000df8                __aeabi_fcmplt
                0x0000000000000e0c                __aeabi_fcmple
                0x0000000000000e20                __aeabi_fcmpge
                0x0000000000000e34                __aeabi_fcmpgt
 .text          0x0000000000000e48       0x4c /Users/realo/Library/Application Support/Pebble SDK/SDKs/4.5/toolchain/arm-none-eabi/bin/../lib/gcc/arm-none-eabi/4.7.2/thumb2/libgcc.a(_arm_fixsfsi.o)
                0x0000000000000e48                __fixsfsi
                0x0000000000000e48                __aeabi_f2iz
 *(.text.*)
 .text.out_failed_handler
                0x0000000000000e94       0x1c src/c/main.c.41.o
                0x0000000000000e94                out_failed_handler
 .text.in_dropped_handler
                0x0000000000000eb0       0x1c src/c/main.c.41.o
                0x0000000000000eb0                in_dropped_handler
 .text.trotteuse_update_proc
                0x0000000000000ecc       0xbc src/c/main.c.41.o
                0x0000000000000ecc                trotteuse_update_proc
 .text.bluetooth_handler
                0x0000000000000f88      0x2b8 src/c/main.c.41.o
                0x0000000000000f88                bluetooth_handler
 .text.trotteuse_scale_update_proc
                0x0000000000001240      0x114 src/c/main.c.41.o
                0x0000000000001240                trotteuse_scale_update_proc
 .text.graph_update_proc
                0x0000000000001354       0xa0 src/c/main.c.41.o
                0x0000000000001354                graph_update_proc
 .text.DOT_update_proc
                0x00000000000013f4      0x12c src/c/main.c.41.o
                0x00000000000013f4                DOT_update_proc
 .text._string2float
                0x0000000000001520       0x8c src/c/main.c.41.o
                0x0000000000001520                _string2float
 .text._itoa    0x00000000000015ac       0x4a src/c/main.c.41.o
                0x00000000000015ac                _itoa
 *fill*         0x00000000000015f6        0x2 
 .text.battery_handler
                0x00000000000015f8      0x144 src/c/main.c.41.o
                0x00000000000015f8                battery_handler
 .text.strchr   0x000000000000173c       0x1a src/c/main.c.41.o
                0x000000000000173c                strchr
 *fill*         0x0000000000001756        0x2 
 .text._atoi    0x0000000000001758       0x74 src/c/main.c.41.o
                0x0000000000001758                _atoi
 .text.push_point
                0x00000000000017cc       0x90 src/c/main.c.41.o
                0x00000000000017cc                push_point
 .text.fetch_msg
                0x000000000000185c      0x174 src/c/main.c.41.o
                0x000000000000185c                fetch_msg
 .text.splash_timer_callback
                0x00000000000019d0       0x48 src/c/main.c.41.o
                0x00000000000019d0                splash_timer_callback
 .text.handle_second_tick
                0x0000000000001a18       0x20 src/c/main.c.41.o
                0x0000000000001a18                handle_second_tick
 .text.handle_minute_update
                0x0000000000001a38       0xf4 src/c/main.c.41.o
                0x0000000000001a38                handle_minute_update
 .text.handle_minute_tick
                0x0000000000001b2c       0x1e src/c/main.c.41.o
                0x0000000000001b2c                handle_minute_tick
 *fill*         0x0000000000001b4a        0x2 
 .text.update_trotteuse_layout
                0x0000000000001b4c       0x44 src/c/main.c.41.o
                0x0000000000001b4c                update_trotteuse_layout
 .text.handle_config_trotteuse
                0x0000000000001b90      0x420 src/c/main.c.41.o
                0x0000000000001b90                handle_config_trotteuse
 .text.handle_config_health
                0x0000000000001fb0       0xe4 src/c/main.c.41.o
                0x0000000000001fb0                handle_config_health
 .text.handle_config_celsius
                0x0000000000002094       0xd4 src/c/main.c.41.o
                0x0000000000002094                handle_config_celsius
 .text.handle_config_exchange
                0x0000000000002168       0x58 src/c/main.c.41.o
                0x0000000000002168                handle_config_exchange
 .text.handle_config_location
                0x00000000000021c0       0x58 src/c/main.c.41.o
                0x00000000000021c0                handle_config_location
 .text.handle_config_service
                0x0000000000002218       0x58 src/c/main.c.41.o
                0x0000000000002218                handle_config_service
 .text.handle_config_cadence
                0x0000000000002270       0xdc src/c/main.c.41.o
                0x0000000000002270                handle_config_cadence
 .text.format_btc_price
                0x000000000000234c       0x68 src/c/main.c.41.o
                0x000000000000234c                format_btc_price
 .text.handle_bitcoin_data
                0x00000000000023b4      0x3ac src/c/main.c.41.o
                0x00000000000023b4                handle_bitcoin_data
 .text.handle_weather_observation
                0x0000000000002760      0x1d0 src/c/main.c.41.o
                0x0000000000002760                handle_weather_observation
 .text.update_weather_display
                0x0000000000002930      0x184 src/c/main.c.41.o
                0x0000000000002930                update_weather_display
 .text.handle_js_event
                0x0000000000002ab4      0x28c src/c/main.c.41.o
                0x0000000000002ab4                handle_js_event
 .text.in_received_handler
                0x0000000000002d40      0x42c src/c/main.c.41.o
                0x0000000000002d40                in_received_handler
 .text.app_message_init
                0x000000000000316c       0x34 src/c/main.c.41.o
                0x000000000000316c                app_message_init
 .text.weather_layer_init
                0x00000000000031a0      0x430 src/c/main.c.41.o
                0x00000000000031a0                weather_layer_init
 .text.weather_layer_deinit
                0x00000000000035d0       0x58 src/c/main.c.41.o
                0x00000000000035d0                weather_layer_deinit
 .text.init     0x0000000000003628      0x920 src/c/main.c.41.o
                0x0000000000003628                init
 .text.deinit   0x0000000000003f48       0xf8 src/c/main.c.41.o
                0x0000000000003f48                deinit
 .text.startup.main
                0x0000000000004040       0x12 src/c/main.c.41.o
                0x0000000000004040                main
 *fill*         0x0000000000004052        0x2 
 .text.app_event_loop
                0x0000000000004054        0xc /Users/realo/Library/Application Support/Pebble SDK/SDKs/current/sdk-core/pebble/aplite/lib/libpebble.a(tmp7jpKUopebble.o)
                0x0000000000004054                app_event_loop
 .text.app_log  0x0000000000004060        0xc /Users/realo/Library/Application Support/Pebble SDK/SDKs/current/sdk-core/pebble/aplite/lib/libpebble.a(tmp7jpKUopebble.o)
                0x0000000000004060                app_log
 .text.app_message_open
                0x000000000000406c        0xc /Users/realo/Library/Application Support/Pebble SDK/SDKs/current/sdk-core/pebble/aplite/lib/libpebble.a(tmp7jpKUopebble.o)
                0x000000000000406c                app_message_open
 .text.app_timer_cancel
                0x0000000000004078        0xc /Users/realo/Library/Application Support/Pebble SDK/SDKs/current/sdk-core/pebble/aplite/lib/libpebble.a(tmp7jpKUopebble.o)
                0x0000000000004078                app_timer_cancel
 .text.app_timer_register
                0x0000000000004084        0xc /Users/realo/Library/Application Support/Pebble SDK/SDKs/current/sdk-core/pebble/aplite/lib/libpebble.a(tmp7jpKUopebble.o)
                0x0000000000004084                app_timer_register
 .text.atoi     0x0000000000004090        0xc /Users/realo/Library/Application Support/Pebble SDK/SDKs/current/sdk-core/pebble/aplite/lib/libpebble.a(tmp7jpKUopebble.o)
                0x0000000000004090                atoi
 .text.battery_state_service_peek
                0x000000000000409c        0xc /Users/realo/Library/Application Support/Pebble SDK/SDKs/current/sdk-core/pebble/aplite/lib/libpebble.a(tmp7jpKUopebble.o)
                0x000000000000409c                battery_state_service_peek
 .text.battery_state_service_subscribe
                0x00000000000040a8        0xc /Users/realo/Library/Application Support/Pebble SDK/SDKs/current/sdk-core/pebble/aplite/lib/libpebble.a(tmp7jpKUopebble.o)
                0x00000000000040a8                battery_state_service_subscribe
 .text.battery_state_service_unsubscribe
                0x00000000000040b4        0xc /Users/realo/Library/Application Support/Pebble SDK/SDKs/current/sdk-core/pebble/aplite/lib/libpebble.a(tmp7jpKUopebble.o)
                0x00000000000040b4                battery_state_service_unsubscribe
 .text.bitmap_layer_create
                0x00000000000040c0        0xc /Users/realo/Library/Application Support/Pebble SDK/SDKs/current/sdk-core/pebble/aplite/lib/libpebble.a(tmp7jpKUopebble.o)
                0x00000000000040c0                bitmap_layer_create
 .text.bitmap_layer_destroy
                0x00000000000040cc        0xc /Users/realo/Library/Application Support/Pebble SDK/SDKs/current/sdk-core/pebble/aplite/lib/libpebble.a(tmp7jpKUopebble.o)
                0x00000000000040cc                bitmap_layer_destroy
 .text.bitmap_layer_get_layer
                0x00000000000040d8        0xc /Users/realo/Library/Application Support/Pebble SDK/SDKs/current/sdk-core/pebble/aplite/lib/libpebble.a(tmp7jpKUopebble.o)
                0x00000000000040d8                bitmap_layer_get_layer
 .text.bitmap_layer_set_bitmap
                0x00000000000040e4        0xc /Users/realo/Library/Application Support/Pebble SDK/SDKs/current/sdk-core/pebble/aplite/lib/libpebble.a(tmp7jpKUopebble.o)
                0x00000000000040e4                bitmap_layer_set_bitmap
 .text.bitmap_layer_set_compositing_mode
                0x00000000000040f0        0xc /Users/realo/Library/Application Support/Pebble SDK/SDKs/current/sdk-core/pebble/aplite/lib/libpebble.a(tmp7jpKUopebble.o)
                0x00000000000040f0                bitmap_layer_set_compositing_mode
 .text.bluetooth_connection_service_peek
                0x00000000000040fc        0xc /Users/realo/Library/Application Support/Pebble SDK/SDKs/current/sdk-core/pebble/aplite/lib/libpebble.a(tmp7jpKUopebble.o)
                0x00000000000040fc                bluetooth_connection_service_peek
 .text.bluetooth_connection_service_subscribe
                0x0000000000004108        0xc /Users/realo/Library/Application Support/Pebble SDK/SDKs/current/sdk-core/pebble/aplite/lib/libpebble.a(tmp7jpKUopebble.o)
                0x0000000000004108                bluetooth_connection_service_subscribe
 .text.bluetooth_connection_service_unsubscribe
                0x0000000000004114        0xc /Users/realo/Library/Application Support/Pebble SDK/SDKs/current/sdk-core/pebble/aplite/lib/libpebble.a(tmp7jpKUopebble.o)
                0x0000000000004114                bluetooth_connection_service_unsubscribe
 .text.clock_is_24h_style
                0x0000000000004120        0xc /Users/realo/Library/Application Support/Pebble SDK/SDKs/current/sdk-core/pebble/aplite/lib/libpebble.a(tmp7jpKUopebble.o)
                0x0000000000004120                clock_is_24h_style
 .text.dict_find
                0x000000000000412c        0xc /Users/realo/Library/Application Support/Pebble SDK/SDKs/current/sdk-core/pebble/aplite/lib/libpebble.a(tmp7jpKUopebble.o)
                0x000000000000412c                dict_find
 .text.dict_write_cstring
                0x0000000000004138        0xc /Users/realo/Library/Application Support/Pebble SDK/SDKs/current/sdk-core/pebble/aplite/lib/libpebble.a(tmp7jpKUopebble.o)
                0x0000000000004138                dict_write_cstring
 .text.dict_write_end
                0x0000000000004144        0xc /Users/realo/Library/Application Support/Pebble SDK/SDKs/current/sdk-core/pebble/aplite/lib/libpebble.a(tmp7jpKUopebble.o)
                0x0000000000004144                dict_write_end
 .text.fonts_get_system_font
                0x0000000000004150        0xc /Users/realo/Library/Application Support/Pebble SDK/SDKs/current/sdk-core/pebble/aplite/lib/libpebble.a(tmp7jpKUopebble.o)
                0x0000000000004150                fonts_get_system_font
 .text.fonts_load_custom_font
                0x000000000000415c        0xc /Users/realo/Library/Application Support/Pebble SDK/SDKs/current/sdk-core/pebble/aplite/lib/libpebble.a(tmp7jpKUopebble.o)
                0x000000000000415c                fonts_load_custom_font
 .text.gbitmap_create_with_resource
                0x0000000000004168        0xc /Users/realo/Library/Application Support/Pebble SDK/SDKs/current/sdk-core/pebble/aplite/lib/libpebble.a(tmp7jpKUopebble.o)
                0x0000000000004168                gbitmap_create_with_resource
 .text.gbitmap_destroy
                0x0000000000004174        0xc /Users/realo/Library/Application Support/Pebble SDK/SDKs/current/sdk-core/pebble/aplite/lib/libpebble.a(tmp7jpKUopebble.o)
                0x0000000000004174                gbitmap_destroy
 .text.gpath_create
                0x0000000000004180        0xc /Users/realo/Library/Application Support/Pebble SDK/SDKs/current/sdk-core/pebble/aplite/lib/libpebble.a(tmp7jpKUopebble.o)
                0x0000000000004180                gpath_create
 .text.gpath_destroy
                0x000000000000418c        0xc /Users/realo/Library/Application Support/Pebble SDK/SDKs/current/sdk-core/pebble/aplite/lib/libpebble.a(tmp7jpKUopebble.o)
                0x000000000000418c                gpath_destroy
 .text.gpath_draw_outline
                0x0000000000004198        0xc /Users/realo/Library/Application Support/Pebble SDK/SDKs/current/sdk-core/pebble/aplite/lib/libpebble.a(tmp7jpKUopebble.o)
                0x0000000000004198                gpath_draw_outline
 .text.graphics_draw_line
                0x00000000000041a4        0xc /Users/realo/Library/Application Support/Pebble SDK/SDKs/current/sdk-core/pebble/aplite/lib/libpebble.a(tmp7jpKUopebble.o)
                0x00000000000041a4                graphics_draw_line
 .text.graphics_fill_rect
                0x00000000000041b0        0xc /Users/realo/Library/Application Support/Pebble SDK/SDKs/current/sdk-core/pebble/aplite/lib/libpebble.a(tmp7jpKUopebble.o)
                0x00000000000041b0                graphics_fill_rect
 .text.layer_add_child
                0x00000000000041bc        0xc /Users/realo/Library/Application Support/Pebble SDK/SDKs/current/sdk-core/pebble/aplite/lib/libpebble.a(tmp7jpKUopebble.o)
                0x00000000000041bc                layer_add_child
 .text.layer_create
                0x00000000000041c8        0xc /Users/realo/Library/Application Support/Pebble SDK/SDKs/current/sdk-core/pebble/aplite/lib/libpebble.a(tmp7jpKUopebble.o)
                0x00000000000041c8                layer_create
 .text.layer_destroy
                0x00000000000041d4        0xc /Users/realo/Library/Application Support/Pebble SDK/SDKs/current/sdk-core/pebble/aplite/lib/libpebble.a(tmp7jpKUopebble.o)
                0x00000000000041d4                layer_destroy
 .text.layer_get_frame
                0x00000000000041e0        0xc /Users/realo/Library/Application Support/Pebble SDK/SDKs/current/sdk-core/pebble/aplite/lib/libpebble.a(tmp7jpKUopebble.o)
                0x00000000000041e0                layer_get_frame
 .text.layer_mark_dirty
                0x00000000000041ec        0xc /Users/realo/Library/Application Support/Pebble SDK/SDKs/current/sdk-core/pebble/aplite/lib/libpebble.a(tmp7jpKUopebble.o)
                0x00000000000041ec                layer_mark_dirty
 .text.layer_set_frame
                0x00000000000041f8        0xc /Users/realo/Library/Application Support/Pebble SDK/SDKs/current/sdk-core/pebble/aplite/lib/libpebble.a(tmp7jpKUopebble.o)
                0x00000000000041f8                layer_set_frame
 .text.layer_set_update_proc
                0x0000000000004204        0xc /Users/realo/Library/Application Support/Pebble SDK/SDKs/current/sdk-core/pebble/aplite/lib/libpebble.a(tmp7jpKUopebble.o)
                0x0000000000004204                layer_set_update_proc
 .text.persist_delete
                0x0000000000004210        0xc /Users/realo/Library/Application Support/Pebble SDK/SDKs/current/sdk-core/pebble/aplite/lib/libpebble.a(tmp7jpKUopebble.o)
                0x0000000000004210                persist_delete
 .text.persist_exists
                0x000000000000421c        0xc /Users/realo/Library/Application Support/Pebble SDK/SDKs/current/sdk-core/pebble/aplite/lib/libpebble.a(tmp7jpKUopebble.o)
                0x000000000000421c                persist_exists
 .text.persist_get_size
                0x0000000000004228        0xc /Users/realo/Library/Application Support/Pebble SDK/SDKs/current/sdk-core/pebble/aplite/lib/libpebble.a(tmp7jpKUopebble.o)
                0x0000000000004228                persist_get_size
 .text.persist_read_bool
                0x0000000000004234        0xc /Users/realo/Library/Application Support/Pebble SDK/SDKs/current/sdk-core/pebble/aplite/lib/libpebble.a(tmp7jpKUopebble.o)
                0x0000000000004234                persist_read_bool
 .text.persist_read_int
                0x0000000000004240        0xc /Users/realo/Library/Application Support/Pebble SDK/SDKs/current/sdk-core/pebble/aplite/lib/libpebble.a(tmp7jpKUopebble.o)
                0x0000000000004240                persist_read_int
 .text.persist_write_bool
                0x000000000000424c        0xc /Users/realo/Library/Application Support/Pebble SDK/SDKs/current/sdk-core/pebble/aplite/lib/libpebble.a(tmp7jpKUopebble.o)
                0x000000000000424c                persist_write_bool
 .text.persist_write_int
                0x0000000000004258        0xc /Users/realo/Library/Application Support/Pebble SDK/SDKs/current/sdk-core/pebble/aplite/lib/libpebble.a(tmp7jpKUopebble.o)
                0x0000000000004258                persist_write_int
 .text.persist_write_string
                0x0000000000004264        0xc /Users/realo/Library/Application Support/Pebble SDK/SDKs/current/sdk-core/pebble/aplite/lib/libpebble.a(tmp7jpKUopebble.o)
                0x0000000000004264                persist_write_string
 .text.resource_get_handle
                0x0000000000004270        0xc /Users/realo/Library/Application Support/Pebble SDK/SDKs/current/sdk-core/pebble/aplite/lib/libpebble.a(tmp7jpKUopebble.o)
                0x0000000000004270                resource_get_handle
 .text.snprintf
                0x000000000000427c        0xc /Users/realo/Library/Application Support/Pebble SDK/SDKs/current/sdk-core/pebble/aplite/lib/libpebble.a(tmp7jpKUopebble.o)
                0x000000000000427c                snprintf
 .text.strcat   0x0000000000004288        0xc /Users/realo/Library/Application Support/Pebble SDK/SDKs/current/sdk-core/pebble/aplite/lib/libpebble.a(tmp7jpKUopebble.o)
                0x0000000000004288                strcat
 .text.strcmp   0x0000000000004294        0xc /Users/realo/Library/Application Support/Pebble SDK/SDKs/current/sdk-core/pebble/aplite/lib/libpebble.a(tmp7jpKUopebble.o)
                0x0000000000004294                strcmp
 .text.strcpy   0x00000000000042a0        0xc /Users/realo/Library/Application Support/Pebble SDK/SDKs/current/sdk-core/pebble/aplite/lib/libpebble.a(tmp7jpKUopebble.o)
                0x00000000000042a0                strcpy
 .text.strftime
                0x00000000000042ac        0xc /Users/realo/Library/Application Support/Pebble SDK/SDKs/current/sdk-core/pebble/aplite/lib/libpebble.a(tmp7jpKUopebble.o)
                0x00000000000042ac                strftime
 .text.strlen   0x00000000000042b8        0xc /Users/realo/Library/Application Support/Pebble SDK/SDKs/current/sdk-core/pebble/aplite/lib/libpebble.a(tmp7jpKUopebble.o)
                0x00000000000042b8                strlen
 .text.strncat  0x00000000000042c4        0xc /Users/realo/Library/Application Support/Pebble SDK/SDKs/current/sdk-core/pebble/aplite/lib/libpebble.a(tmp7jpKUopebble.o)
                0x00000000000042c4                strncat
 .text.strncpy  0x00000000000042d0        0xc /Users/realo/Library/Application Support/Pebble SDK/SDKs/current/sdk-core/pebble/aplite/lib/libpebble.a(tmp7jpKUopebble.o)
                0x00000000000042d0                strncpy
 .text.tick_timer_service_subscribe
                0x00000000000042dc        0xc /Users/realo/Library/Application Support/Pebble SDK/SDKs/current/sdk-core/pebble/aplite/lib/libpebble.a(tmp7jpKUopebble.o)
                0x00000000000042dc                tick_timer_service_subscribe
 .text.tick_timer_service_unsubscribe
                0x00000000000042e8        0xc /Users/realo/Library/Application Support/Pebble SDK/SDKs/current/sdk-core/pebble/aplite/lib/libpebble.a(tmp7jpKUopebble.o)
                0x00000000000042e8                tick_timer_service_unsubscribe
 .text.vibes_enqueue_custom_pattern
                0x00000000000042f4        0xc /Users/realo/Library/Application Support/Pebble SDK/SDKs/current/sdk-core/pebble/aplite/lib/libpebble.a(tmp7jpKUopebble.o)
                0x00000000000042f4                vibes_enqueue_custom_pattern
 .text.window_create
                0x0000000000004300        0xc /Users/realo/Library/Application Support/Pebble SDK/SDKs/current/sdk-core/pebble/aplite/lib/libpebble.a(tmp7jpKUopebble.o)
                0x0000000000004300                window_create
 .text.window_destroy
                0x000000000000430c        0xc /Users/realo/Library/Application Support/Pebble SDK/SDKs/current/sdk-core/pebble/aplite/lib/libpebble.a(tmp7jpKUopebble.o)
                0x000000000000430c                window_destroy
 .text.window_get_root_layer
                0x0000000000004318        0xc /Users/realo/Library/Application Support/Pebble SDK/SDKs/current/sdk-core/pebble/aplite/lib/libpebble.a(tmp7jpKUopebble.o)
                0x0000000000004318                window_get_root_layer
 .text.window_stack_push
                0x0000000000004324        0xc /Users/realo/Library/Application Support/Pebble SDK/SDKs/current/sdk-core/pebble/aplite/lib/libpebble.a(tmp7jpKUopebble.o)
                0x0000000000004324                window_stack_push
 .text.app_message_outbox_begin
                0x0000000000004330        0xc /Users/realo/Library/Application Support/Pebble SDK/SDKs/current/sdk-core/pebble/aplite/lib/libpebble.a(tmp7jpKUopebble.o)
                0x0000000000004330                app_message_outbox_begin
 .text.app_message_outbox_send
                0x000000000000433c        0xc /Users/realo/Library/Application Support/Pebble SDK/SDKs/current/sdk-core/pebble/aplite/lib/libpebble.a(tmp7jpKUopebble.o)
                0x000000000000433c                app_message_outbox_send
 .text.app_message_register_inbox_dropped
                0x0000000000004348        0xc /Users/realo/Library/Application Support/Pebble SDK/SDKs/current/sdk-core/pebble/aplite/lib/libpebble.a(tmp7jpKUopebble.o)
                0x0000000000004348                app_message_register_inbox_dropped
 .text.app_message_register_inbox_received
                0x0000000000004354        0xc /Users/realo/Library/Application Support/Pebble SDK/SDKs/current/sdk-core/pebble/aplite/lib/libpebble.a(tmp7jpKUopebble.o)
                0x0000000000004354                app_message_register_inbox_received
 .text.app_message_register_outbox_failed
                0x0000000000004360        0xc /Users/realo/Library/Application Support/Pebble SDK/SDKs/current/sdk-core/pebble/aplite/lib/libpebble.a(tmp7jpKUopebble.o)
                0x0000000000004360                app_message_register_outbox_failed
 .text.persist_read_data
                0x000000000000436c        0xc /Users/realo/Library/Application Support/Pebble SDK/SDKs/current/sdk-core/pebble/aplite/lib/libpebble.a(tmp7jpKUopebble.o)
                0x000000000000436c                persist_read_data
 .text.persist_read_string
                0x0000000000004378        0xc /Users/realo/Library/Application Support/Pebble SDK/SDKs/current/sdk-core/pebble/aplite/lib/libpebble.a(tmp7jpKUopebble.o)
                0x0000000000004378                persist_read_string
 .text.persist_write_data
                0x0000000000004384        0xc /Users/realo/Library/Application Support/Pebble SDK/SDKs/current/sdk-core/pebble/aplite/lib/libpebble.a(tmp7jpKUopebble.o)
                0x0000000000004384                persist_write_data
 .text.bitmap_layer_set_background_color
                0x0000000000004390        0xc /Users/realo/Library/Application Support/Pebble SDK/SDKs/current/sdk-core/pebble/aplite/lib/libpebble.a(tmp7jpKUopebble.o)
                0x0000000000004390                bitmap_layer_set_background_color
 .text.graphics_context_set_fill_color
                0x000000000000439c        0xc /Users/realo/Library/Application Support/Pebble SDK/SDKs/current/sdk-core/pebble/aplite/lib/libpebble.a(tmp7jpKUopebble.o)
                0x000000000000439c                graphics_context_set_fill_color
 .text.graphics_context_set_stroke_color
                0x00000000000043a8        0xc /Users/realo/Library/Application Support/Pebble SDK/SDKs/current/sdk-core/pebble/aplite/lib/libpebble.a(tmp7jpKUopebble.o)
                0x00000000000043a8                graphics_context_set_stroke_color
 .text.window_set_background_color
                0x00000000000043b4        0xc /Users/realo/Library/Application Support/Pebble SDK/SDKs/current/sdk-core/pebble/aplite/lib/libpebble.a(tmp7jpKUopebble.o)
                0x00000000000043b4                window_set_background_color
 .text.localtime
                0x00000000000043c0        0xc /Users/realo/Library/Application Support/Pebble SDK/SDKs/current/sdk-core/pebble/aplite/lib/libpebble.a(tmp7jpKUopebble.o)
                0x00000000000043c0                localtime
 .text.text_layer_create
                0x00000000000043cc        0xc /Users/realo/Library/Application Support/Pebble SDK/SDKs/current/sdk-core/pebble/aplite/lib/libpebble.a(tmp7jpKUopebble.o)
                0x00000000000043cc                text_layer_create
 .text.text_layer_destroy
                0x00000000000043d8        0xc /Users/realo/Library/Application Support/Pebble SDK/SDKs/current/sdk-core/pebble/aplite/lib/libpebble.a(tmp7jpKUopebble.o)
                0x00000000000043d8                text_layer_destroy
 .text.text_layer_get_layer
                0x00000000000043e4        0xc /Users/realo/Library/Application Support/Pebble SDK/SDKs/current/sdk-core/pebble/aplite/lib/libpebble.a(tmp7jpKUopebble.o)
                0x00000000000043e4                text_layer_get_layer
 .text.text_layer_set_background_color
                0x00000000000043f0        0xc /Users/realo/Library/Application Support/Pebble SDK/SDKs/current/sdk-core/pebble/aplite/lib/libpebble.a(tmp7jpKUopebble.o)
                0x00000000000043f0                text_layer_set_background_color
 .text.text_layer_set_font
                0x00000000000043fc        0xc /Users/realo/Library/Application Support/Pebble SDK/SDKs/current/sdk-core/pebble/aplite/lib/libpebble.a(tmp7jpKUopebble.o)
                0x00000000000043fc                text_layer_set_font
 .text.text_layer_set_text
                0x0000000000004408        0xc /Users/realo/Library/Application Support/Pebble SDK/SDKs/current/sdk-core/pebble/aplite/lib/libpebble.a(tmp7jpKUopebble.o)
                0x0000000000004408                text_layer_set_text
 .text.text_layer_set_text_alignment
                0x0000000000004414        0xc /Users/realo/Library/Application Support/Pebble SDK/SDKs/current/sdk-core/pebble/aplite/lib/libpebble.a(tmp7jpKUopebble.o)
                0x0000000000004414                text_layer_set_text_alignment
 .text.text_layer_set_text_color
                0x0000000000004420        0xc /Users/realo/Library/Application Support/Pebble SDK/SDKs/current/sdk-core/pebble/aplite/lib/libpebble.a(tmp7jpKUopebble.o)
                0x0000000000004420                text_layer_set_text_color
 .text.time     0x000000000000442c        0xc /Users/realo/Library/Application Support/Pebble SDK/SDKs/current/sdk-core/pebble/aplite/lib/libpebble.a(tmp7jpKUopebble.o)
                0x000000000000442c                time
 .text.graphics_fill_radial
                0x0000000000004438        0xc /Users/realo/Library/Application Support/Pebble SDK/SDKs/current/sdk-core/pebble/aplite/lib/libpebble.a(tmp7jpKUopebble.o)
                0x0000000000004438                graphics_fill_radial
 *(.rodata)
 .rodata        0x0000000000004444       0x94 src/c/main.c.41.o
 *(.rodata*)
 .rodata.segments_long
                0x00000000000044d8        0xc src/c/main.c.41.o
                0x00000000000044d8                segments_long
 .rodata.segments_short
                0x00000000000044e4       0x28 src/c/main.c.41.o
                0x00000000000044e4                segments_short
 .rodata.str1.1
                0x000000000000450c      0xb22 src/c/main.c.41.o
                                        0xb2f (size before relaxing)

.glue_7         0x0000000000005030        0x0
 .glue_7        0x0000000000000000        0x0 linker stubs

.glue_7t        0x0000000000005030        0x0
 .glue_7t       0x0000000000000000        0x0 linker stubs

.vfp11_veneer   0x0000000000005030        0x0
 .vfp11_veneer  0x0000000000000000        0x0 linker stubs

.v4_bx          0x0000000000005030        0x0
 .v4_bx         0x0000000000000000        0x0 linker stubs

.iplt           0x0000000000005030        0x0
 .iplt          0x0000000000000000        0x0 /Users/realo/Library/Application Support/Pebble SDK/SDKs/4.5/toolchain/arm-none-eabi/bin/../lib/gcc/arm-none-eabi/4.7.2/thumb2/crtbegin.o

.rel.dyn        0x0000000000005030        0x0
 .rel.iplt      0x0000000000000000        0x0 /Users/realo/Library/Application Support/Pebble SDK/SDKs/4.5/toolchain/arm-none-eabi/bin/../lib/gcc/arm-none-eabi/4.7.2/thumb2/crtbegin.o
 .rel.got       0x0000000000000000        0x0 /Users/realo/Library/Application Support/Pebble SDK/SDKs/4.5/toolchain/arm-none-eabi/bin/../lib/gcc/arm-none-eabi/4.7.2/thumb2/crtbegin.o

.data           0x0000000000005030       0x90
 *(.data)
 .data          0x0000000000005030        0x0 /Users/realo/Library/Application Support/Pebble SDK/SDKs/4.5/toolchain/arm-none-eabi/bin/../lib/gcc/arm-none-eabi/4.7.2/thumb2/crti.o
 .data          0x0000000000005030        0x4 /Users/realo/Library/Application Support/Pebble SDK/SDKs/4.5/toolchain/arm-none-eabi/bin/../lib/gcc/arm-none-eabi/4.7.2/thumb2/crtbegin.o
                0x0000000000005030                __dso_handle
 .data          0x0000000000005034        0x0 src/c/main.c.41.o
 .data          0x0000000000005034        0x0 aplite/appinfo.auto.c.41.o
 .data          0x0000000000005034        0x0 aplite/src/resource_ids.auto.c.41.o
 .data          0x0000000000005034        0x0 src/message_keys.auto.c.41.o
 .data          0x0000000000005034        0x0 /Users/realo/Library/Application Support/Pebble SDK/SDKs/current/sdk-core/pebble/aplite/lib/libpebble.a(tmp7jpKUopebble.o)
 .data          0x0000000000005034        0x0 /Users/realo/Library/Application Support/Pebble SDK/SDKs/4.5/toolchain/arm-none-eabi/bin/../lib/gcc/arm-none-eabi/4.7.2/thumb2/libgcc.a(_arm_addsubdf3.o)
 .data          0x0000000000005034        0x0 /Users/realo/Library/Application Support/Pebble SDK/SDKs/4.5/toolchain/arm-none-eabi/bin/../lib/gcc/arm-none-eabi/4.7.2/thumb2/libgcc.a(_arm_muldivdf3.o)
 .data          0x0000000000005034        0x0 /Users/realo/Library/Application Support/Pebble SDK/SDKs/4.5/toolchain/arm-none-eabi/bin/../lib/gcc/arm-none-eabi/4.7.2/thumb2/libgcc.a(_arm_fixdfsi.o)
 .data          0x0000000000005034        0x0 /Users/realo/Library/Application Support/Pebble SDK/SDKs/4.5/toolchain/arm-none-eabi/bin/../lib/gcc/arm-none-eabi/4.7.2/thumb2/libgcc.a(_arm_addsubsf3.o)
 .data          0x0000000000005034        0x0 /Users/realo/Library/Application Support/Pebble SDK/SDKs/4.5/toolchain/arm-none-eabi/bin/../lib/gcc/arm-none-eabi/4.7.2/thumb2/libgcc.a(_arm_muldivsf3.o)
 .data          0x0000000000005034        0x0 /Users/realo/Library/Application Support/Pebble SDK/SDKs/4.5/toolchain/arm-none-eabi/bin/../lib/gcc/arm-none-eabi/4.7.2/thumb2/libgcc.a(_arm_cmpsf2.o)
 .data          0x0000000000005034        0x0 /Users/realo/Library/Application Support/Pebble SDK/SDKs/4.5/toolchain/arm-none-eabi/bin/../lib/gcc/arm-none-eabi/4.7.2/thumb2/libgcc.a(_arm_fixsfsi.o)
 .data          0x0000000000005034        0x0 /Users/realo/Library/Application Support/Pebble SDK/SDKs/4.5/toolchain/arm-none-eabi/bin/../lib/gcc/arm-none-eabi/4.7.2/thumb2/crtend.o
 .data          0x0000000000005034        0x0 /Users/realo/Library/Application Support/Pebble SDK/SDKs/4.5/toolchain/arm-none-eabi/bin/../lib/gcc/arm-none-eabi/4.7.2/thumb2/crtn.o
 *(.data.*)
 .data.cnfCadence
                0x0000000000005034        0x4 src/c/main.c.41.o
                0x0000000000005034                cnfCadence
 .data.BuzzEnable
                0x0000000000005038        0x1 src/c/main.c.41.o
                0x0000000000005038                BuzzEnable
 *fill*         0x0000000000005039        0x3 
 .data.trotteuse_draw_scale
                0x000000000000503c        0x4 src/c/main.c.41.o
                0x000000000000503c                trotteuse_draw_scale
 .data.rel.myShortVibes
                0x0000000000005040        0x8 src/c/main.c.41.o
                0x0000000000005040                myShortVibes
 .data.date_text
                0x0000000000005048        0x9 src/c/main.c.41.o
                0x0000000000005048                date_text
 *fill*         0x0000000000005051        0x3 
 .data.rel.ro.bgraph_info
                0x0000000000005054        0x8 src/c/main.c.41.o
                0x0000000000005054                bgraph_info
 .data.cnfCelsius
                0x000000000000505c        0x1 src/c/main.c.41.o
                0x000000000000505c                cnfCelsius
 *fill*         0x000000000000505d        0x3 
 .data.rel.myLongVibes
                0x0000000000005060        0x8 src/c/main.c.41.o
                0x0000000000005060                myLongVibes
 .data.time_text
                0x0000000000005068        0x6 src/c/main.c.41.o
                0x0000000000005068                time_text
 .data.WEATHER_ICONS
                0x000000000000506e       0x2f src/c/main.c.41.o
                0x000000000000506e                WEATHER_ICONS
 *fill*         0x000000000000509d        0x3 
 .data.last_fetch_minute
                0x00000000000050a0        0x4 src/c/main.c.41.o
                0x00000000000050a0                last_fetch_minute
 .data.MESSAGE_KEY_service
                0x00000000000050a4        0x4 src/message_keys.auto.c.41.o
                0x00000000000050a4                MESSAGE_KEY_service
 .data.MESSAGE_KEY_location
                0x00000000000050a8        0x4 src/message_keys.auto.c.41.o
                0x00000000000050a8                MESSAGE_KEY_location
 .data.MESSAGE_KEY_cadence
                0x00000000000050ac        0x4 src/message_keys.auto.c.41.o
                0x00000000000050ac                MESSAGE_KEY_cadence
 .data.MESSAGE_KEY_health
                0x00000000000050b0        0x4 src/message_keys.auto.c.41.o
                0x00000000000050b0                MESSAGE_KEY_health
 .data.MESSAGE_KEY_exchange
                0x00000000000050b4        0x4 src/message_keys.auto.c.41.o
                0x00000000000050b4                MESSAGE_KEY_exchange
 .data.MESSAGE_KEY_celsius
                0x00000000000050b8        0x4 src/message_keys.auto.c.41.o
                0x00000000000050b8                MESSAGE_KEY_celsius
 .data.MESSAGE_KEY_trotteuse
                0x00000000000050bc        0x4 src/message_keys.auto.c.41.o
                0x00000000000050bc                MESSAGE_KEY_trotteuse

.igot.plt       0x00000000000050c0        0x0
 .igot.plt      0x0000000000000000        0x0 /Users/realo/Library/Application Support/Pebble SDK/SDKs/4.5/toolchain/arm-none-eabi/bin/../lib/gcc/arm-none-eabi/4.7.2/thumb2/crtbegin.o

.got            0x00000000000050c0       0x84
 .got           0x00000000000050c0       0x84 /Users/realo/Library/Application Support/Pebble SDK/SDKs/4.5/toolchain/arm-none-eabi/bin/../lib/gcc/arm-none-eabi/4.7.2/thumb2/crtbegin.o

.got.plt        0x0000000000005144        0xc
 .got.plt       0x0000000000005144        0xc /Users/realo/Library/Application Support/Pebble SDK/SDKs/4.5/toolchain/arm-none-eabi/bin/../lib/gcc/arm-none-eabi/4.7.2/thumb2/crtbegin.o
                0x0000000000005144                _GLOBAL_OFFSET_TABLE_

.bss            0x0000000000005150      0x450
 *(.bss)
 *(.bss.*)
 .bss.bcL_layer
                0x0000000000005150        0x4 src/c/main.c.41.o
 .bss.btcL_value
                0x0000000000005154        0x4 src/c/main.c.41.o
                0x0000000000005154                btcL_value
 .bss.time_layer
                0x0000000000005158        0x4 src/c/main.c.41.o
 .bss.bcH_layer
                0x000000000000515c        0x4 src/c/main.c.41.o
 .bss.btcH_value
                0x0000000000005160        0x4 src/c/main.c.41.o
                0x0000000000005160                btcH_value
 .bss.trotteuse_layer
                0x0000000000005164        0x4 src/c/main.c.41.o
 .bss.cnfHealth
                0x0000000000005168        0x1 src/c/main.c.41.o
                0x0000000000005168                cnfHealth
 *fill*         0x0000000000005169        0x3 
 .bss.top_layer
                0x000000000000516c        0x4 src/c/main.c.41.o
 .bss.weather_layer
                0x0000000000005170       0x9c src/c/main.c.41.o
 .bss.btcV_value
                0x000000000000520c        0x4 src/c/main.c.41.o
                0x000000000000520c                btcV_value
 .bss.bc_layer  0x0000000000005210        0x4 src/c/main.c.41.o
 .bss.obIconCode_value
                0x0000000000005214        0x4 src/c/main.c.41.o
                0x0000000000005214                obIconCode_value
 .bss.trotteuse_scale_layer
                0x0000000000005218        0x4 src/c/main.c.41.o
 .bss.message_count
                0x000000000000521c        0x4 src/c/main.c.41.o
                0x000000000000521c                message_count
 .bss.splash_timer
                0x0000000000005220        0x4 src/c/main.c.41.o
 .bss.graph_layer
                0x0000000000005224        0x4 src/c/main.c.41.o
 .bss.errorInWeather
                0x0000000000005228        0x4 src/c/main.c.41.o
                0x0000000000005228                errorInWeather
 .bss.trotteuse
                0x000000000000522c        0x4 src/c/main.c.41.o
                0x000000000000522c                trotteuse
 .bss.DOT4      0x0000000000005230        0x4 src/c/main.c.41.o
                0x0000000000005230                DOT4
 .bss.DOT_layer
                0x0000000000005234        0x4 src/c/main.c.41.o
 .bss.mid_layer
                0x0000000000005238        0x4 src/c/main.c.41.o
 .bss.date_layer
                0x000000000000523c        0x4 src/c/main.c.41.o
 .bss.bot_layer
                0x0000000000005240        0x4 src/c/main.c.41.o
 .bss.cnfTrotteuse
                0x0000000000005244        0x1 src/c/main.c.41.o
                0x0000000000005244                cnfTrotteuse
 *fill*         0x0000000000005245        0x3 
 COMMON         0x0000000000005248      0x358 src/c/main.c.41.o
                0x0000000000005248                cnfExchange
                0x000000000000525c                forecastPeriod
                0x000000000000526c                bgraph_data
                0x000000000000544c                forecastLow
                0x000000000000545c                btcL
                0x000000000000546c                forecastTemp
                0x000000000000547c                cnfLocation
                0x000000000000549c                btcV
                0x00000000000054ac                obWindSpeed
                0x00000000000054bc                btcH
                0x00000000000054cc                cnfService
                0x00000000000054ec                forecastIconCode
                0x00000000000054fc                forecastHigh
                0x000000000000550c                obWindDir_bkp
                0x000000000000551c                geoArea1
                0x0000000000005521                battery_text
                0x000000000000552c                bgraph
                0x0000000000005530                obTemperature
                0x0000000000005540                obWindGust
                0x0000000000005550                obIconCode
                0x0000000000005560                obWindChill
                0x0000000000005570                battery_state
                0x0000000000005574                window
                0x0000000000005578                bluetooth_text
                0x0000000000005580                obHumidex
                0x0000000000005590                obWindDir

DISCARD
 libc.a(*)
 libm.a(*)
 libgcc.a(*)
 *(.eh_frame)
OUTPUT(/Users/realo/Work/PEBBLE/coincan/build/aplite/pebble-app.elf elf32-littlearm)

.ARM.attributes
                0x0000000000000000       0x27
 .ARM.attributes
                0x0000000000000000       0x19 /Users/realo/Library/Application Support/Pebble SDK/SDKs/4.5/toolchain/arm-none-eabi/bin/../lib/gcc/arm-none-eabi/4.7.2/thumb2/crti.o
 .ARM.attributes
                0x0000000000000019       0x29 /Users/realo/Library/Application Support/Pebble SDK/SDKs/4.5/toolchain/arm-none-eabi/bin/../lib/gcc/arm-none-eabi/4.7.2/thumb2/crtbegin.o
 .ARM.attributes
                0x0000000000000042       0x33 src/c/main.c.41.o
 .ARM.attributes
                0x0000000000000075       0x33 aplite/appinfo.auto.c.41.o
 .ARM.attributes
                0x00000000000000a8       0x33 aplite/src/resource_ids.auto.c.41.o
 .ARM.attributes
                0x00000000000000db       0x33 src/message_keys.auto.c.41.o
 .ARM.attributes
                0x000000000000010e       0x21 /Users/realo/Library/Application Support/Pebble SDK/SDKs/current/sdk-core/pebble/aplite/lib/libpebble.a(tmp7jpKUopebble.o)
 .ARM.attributes
                0x000000000000012f       0x19 /Users/realo/Library/Application Support/Pebble SDK/SDKs/4.5/toolchain/arm-none-eabi/bin/../lib/gcc/arm-none-eabi/4.7.2/thumb2/libgcc.a(_arm_addsubdf3.o)
 .ARM.attributes
                0x0000000000000148       0x19 /Users/realo/Library/Application Support/Pebble SDK/SDKs/4.5/toolchain/arm-none-eabi/bin/../lib/gcc/arm-none-eabi/4.7.2/thumb2/libgcc.a(_arm_muldivdf3.o)
 .ARM.attributes
                0x0000000000000161       0x19 /Users/realo/Library/Application Support/Pebble SDK/SDKs/4.5/toolchain/arm-none-eabi/bin/../lib/gcc/arm-none-eabi/4.7.2/thumb2/libgcc.a(_arm_fixdfsi.o)
 .ARM.attributes
                0x000000000000017a       0x19 /Users/realo/Library/Application Support/Pebble SDK/SDKs/4.5/toolchain/arm-none-eabi/bin/../lib/gcc/arm-none-eabi/4.7.2/thumb2/libgcc.a(_arm_addsubsf3.o)
 .ARM.attributes
                0x0000000000000193       0x19 /Users/realo/Library/Application Support/Pebble SDK/SDKs/4.5/toolchain/arm-none-eabi/bin/../lib/gcc/arm-none-eabi/4.7.2/thumb2/libgcc.a(_arm_muldivsf3.o)
 .ARM.attributes
                0x00000000000001ac       0x19 /Users/realo/Library/Application Support/Pebble SDK/SDKs/4.5/toolchain/arm-none-eabi/bin/../lib/gcc/arm-none-eabi/4.7.2/thumb2/libgcc.a(_arm_cmpsf2.o)
 .ARM.attributes
                0x00000000000001c5       0x19 /Users/realo/Library/Application Support/Pebble SDK/SDKs/4.5/toolchain/arm-none-eabi/bin/../lib/gcc/arm-none-eabi/4.7.2/thumb2/libgcc.a(_arm_fixsfsi.o)
 .ARM.attributes
                0x00000000000001de       0x29 /Users/realo/Library/Application Support/Pebble SDK/SDKs/4.5/toolchain/arm-none-eabi/bin/../lib/gcc/arm-none-eabi/4.7.2/thumb2/crtend.o
 .ARM.attributes
                0x0000000000000207       0x19 /Users/realo/Library/Application Support/Pebble SDK/SDKs/4.5/toolchain/arm-none-eabi/bin/../lib/gcc/arm-none-eabi/4.7.2/thumb2/crtn.o

.comment        0x0000000000000000       0x4e
 .comment       0x0000000000000000       0x4e /Users/realo/Library/Application Support/Pebble SDK/SDKs/4.5/toolchain/arm-none-eabi/bin/../lib/gcc/arm-none-eabi/4.7.2/thumb2/crtbegin.o
                                         0x4f (size before relaxing)
 .comment       0x0000000000000000       0x4f src/c/main.c.41.o
 .comment       0x0000000000000000       0x4f aplite/appinfo.auto.c.41.o
 .comment       0x0000000000000000       0x4f aplite/src/resource_ids.auto.c.41.o
 .comment       0x0000000000000000       0x4f src/message_keys.auto.c.41.o
 .comment       0x0000000000000000       0x4f /Users/realo/Library/Application Support/Pebble SDK/SDKs/4.5/toolchain/arm-none-eabi/bin/../lib/gcc/arm-none-eabi/4.7.2/thumb2/crtend.o

.debug_info     0x0000000000000000     0x5f8d
 .debug_info    0x0000000000000000     0x52a8 src/c/main.c.41.o
 .debug_info    0x00000000000052a8      0x31a aplite/appinfo.auto.c.41.o
 .debug_info    0x00000000000055c2      0x3cf aplite/src/resource_ids.auto.c.41.o
 .debug_info    0x0000000000005991       0xed src/message_keys.auto.c.41.o
 .debug_info    0x0000000000005a7e       0xb9 /Users/realo/Library/Application Support/Pebble SDK/SDKs/4.5/toolchain/arm-none-eabi/bin/../lib/gcc/arm-none-eabi/4.7.2/thumb2/libgcc.a(_arm_addsubdf3.o)
 .debug_info    0x0000000000005b37       0xb9 /Users/realo/Library/Application Support/Pebble SDK/SDKs/4.5/toolchain/arm-none-eabi/bin/../lib/gcc/arm-none-eabi/4.7.2/thumb2/libgcc.a(_arm_muldivdf3.o)
 .debug_info    0x0000000000005bf0       0xb9 /Users/realo/Library/Application Support/Pebble SDK/SDKs/4.5/toolchain/arm-none-eabi/bin/../lib/gcc/arm-none-eabi/4.7.2/thumb2/libgcc.a(_arm_fixdfsi.o)
 .debug_info    0x0000000000005ca9       0xb9 /Users/realo/Library/Application Support/Pebble SDK/SDKs/4.5/toolchain/arm-none-eabi/bin/../lib/gcc/arm-none-eabi/4.7.2/thumb2/libgcc.a(_arm_addsubsf3.o)
 .debug_info    0x0000000000005d62       0xb9 /Users/realo/Library/Application Support/Pebble SDK/SDKs/4.5/toolchain/arm-none-eabi/bin/../lib/gcc/arm-none-eabi/4.7.2/thumb2/libgcc.a(_arm_muldivsf3.o)
 .debug_info    0x0000000000005e1b       0xb9 /Users/realo/Library/Application Support/Pebble SDK/SDKs/4.5/toolchain/arm-none-eabi/bin/../lib/gcc/arm-none-eabi/4.7.2/thumb2/libgcc.a(_arm_cmpsf2.o)
 .debug_info    0x0000000000005ed4       0xb9 /Users/realo/Library/Application Support/Pebble SDK/SDKs/4.5/toolchain/arm-none-eabi/bin/../lib/gcc/arm-none-eabi/4.7.2/thumb2/libgcc.a(_arm_fixsfsi.o)

.debug_abbrev   0x0000000000000000      0x633
 .debug_abbrev  0x0000000000000000      0x481 src/c/main.c.41.o
 .debug_abbrev  0x0000000000000481       0x9e aplite/appinfo.auto.c.41.o
 .debug_abbrev  0x000000000000051f       0x44 aplite/src/resource_ids.auto.c.41.o
 .debug_abbrev  0x0000000000000563       0x44 src/message_keys.auto.c.41.o
 .debug_abbrev  0x00000000000005a7       0x14 /Users/realo/Library/Application Support/Pebble SDK/SDKs/4.5/toolchain/arm-none-eabi/bin/../lib/gcc/arm-none-eabi/4.7.2/thumb2/libgcc.a(_arm_addsubdf3.o)
 .debug_abbrev  0x00000000000005bb       0x14 /Users/realo/Library/Application Support/Pebble SDK/SDKs/4.5/toolchain/arm-none-eabi/bin/../lib/gcc/arm-none-eabi/4.7.2/thumb2/libgcc.a(_arm_muldivdf3.o)
 .debug_abbrev  0x00000000000005cf       0x14 /Users/realo/Library/Application Support/Pebble SDK/SDKs/4.5/toolchain/arm-none-eabi/bin/../lib/gcc/arm-none-eabi/4.7.2/thumb2/libgcc.a(_arm_fixdfsi.o)
 .debug_abbrev  0x00000000000005e3       0x14 /Users/realo/Library/Application Support/Pebble SDK/SDKs/4.5/toolchain/arm-none-eabi/bin/../lib/gcc/arm-none-eabi/4.7.2/thumb2/libgcc.a(_arm_addsubsf3.o)
 .debug_abbrev  0x00000000000005f7       0x14 /Users/realo/Library/Application Support/Pebble SDK/SDKs/4.5/toolchain/arm-none-eabi/bin/../lib/gcc/arm-none-eabi/4.7.2/thumb2/libgcc.a(_arm_muldivsf3.o)
 .debug_abbrev  0x000000000000060b       0x14 /Users/realo/Library/Application Support/Pebble SDK/SDKs/4.5/toolchain/arm-none-eabi/bin/../lib/gcc/arm-none-eabi/4.7.2/thumb2/libgcc.a(_arm_cmpsf2.o)
 .debug_abbrev  0x000000000000061f       0x14 /Users/realo/Library/Application Support/Pebble SDK/SDKs/4.5/toolchain/arm-none-eabi/bin/../lib/gcc/arm-none-eabi/4.7.2/thumb2/libgcc.a(_arm_fixsfsi.o)

.debug_loc      0x0000000000000000     0x1660
 .debug_loc     0x0000000000000000     0x1660 src/c/main.c.41.o

.debug_aranges  0x0000000000000000      0x270
 .debug_aranges
                0x0000000000000000      0x148 src/c/main.c.41.o
 .debug_aranges
                0x0000000000000148       0x18 aplite/appinfo.auto.c.41.o
 .debug_aranges
                0x0000000000000160       0x18 aplite/src/resource_ids.auto.c.41.o
 .debug_aranges
                0x0000000000000178       0x18 src/message_keys.auto.c.41.o
 .debug_aranges
                0x0000000000000190       0x20 /Users/realo/Library/Application Support/Pebble SDK/SDKs/4.5/toolchain/arm-none-eabi/bin/../lib/gcc/arm-none-eabi/4.7.2/thumb2/libgcc.a(_arm_addsubdf3.o)
 .debug_aranges
                0x00000000000001b0       0x20 /Users/realo/Library/Application Support/Pebble SDK/SDKs/4.5/toolchain/arm-none-eabi/bin/../lib/gcc/arm-none-eabi/4.7.2/thumb2/libgcc.a(_arm_muldivdf3.o)
 .debug_aranges
                0x00000000000001d0       0x20 /Users/realo/Library/Application Support/Pebble SDK/SDKs/4.5/toolchain/arm-none-eabi/bin/../lib/gcc/arm-none-eabi/4.7.2/thumb2/libgcc.a(_arm_fixdfsi.o)
 .debug_aranges
                0x00000000000001f0       0x20 /Users/realo/Library/Application Support/Pebble SDK/SDKs/4.5/toolchain/arm-none-eabi/bin/../lib/gcc/arm-none-eabi/4.7.2/thumb2/libgcc.a(_arm_addsubsf3.o)
 .debug_aranges
                0x0000000000000210       0x20 /Users/realo/Library/Application Support/Pebble SDK/SDKs/4.5/toolchain/arm-none-eabi/bin/../lib/gcc/arm-none-eabi/4.7.2/thumb2/libgcc.a(_arm_muldivsf3.o)
 .debug_aranges
                0x0000000000000230       0x20 /Users/realo/Library/Application Support/Pebble SDK/SDKs/4.5/toolchain/arm-none-eabi/bin/../lib/gcc/arm-none-eabi/4.7.2/thumb2/libgcc.a(_arm_cmpsf2.o)
 .debug_aranges
                0x0000000000000250       0x20 /Users/realo/Library/Application Support/Pebble SDK/SDKs/4.5/toolchain/arm-none-eabi/bin/../lib/gcc/arm-none-eabi/4.7.2/thumb2/libgcc.a(_arm_fixsfsi.o)

.debug_ranges   0x0000000000000000      0x200
 .debug_ranges  0x0000000000000000      0x200 src/c/main.c.41.o

.debug_line     0x0000000000000000     0x17d2
 .debug_line    0x0000000000000000      0xc0d src/c/main.c.41.o
 .debug_line    0x0000000000000c0d      0x155 aplite/appinfo.auto.c.41.o
 .debug_line    0x0000000000000d62       0xe5 aplite/src/resource_ids.auto.c.41.o
 .debug_line    0x0000000000000e47       0xde src/message_keys.auto.c.41.o
 .debug_line    0x0000000000000f25      0x20a /Users/realo/Library/Application Support/Pebble SDK/SDKs/4.5/toolchain/arm-none-eabi/bin/../lib/gcc/arm-none-eabi/4.7.2/thumb2/libgcc.a(_arm_addsubdf3.o)
 .debug_line    0x000000000000112f      0x226 /Users/realo/Library/Application Support/Pebble SDK/SDKs/4.5/toolchain/arm-none-eabi/bin/../lib/gcc/arm-none-eabi/4.7.2/thumb2/libgcc.a(_arm_muldivdf3.o)
 .debug_line    0x0000000000001355       0x86 /Users/realo/Library/Application Support/Pebble SDK/SDKs/4.5/toolchain/arm-none-eabi/bin/../lib/gcc/arm-none-eabi/4.7.2/thumb2/libgcc.a(_arm_fixdfsi.o)
 .debug_line    0x00000000000013db      0x128 /Users/realo/Library/Application Support/Pebble SDK/SDKs/4.5/toolchain/arm-none-eabi/bin/../lib/gcc/arm-none-eabi/4.7.2/thumb2/libgcc.a(_arm_addsubsf3.o)
 .debug_line    0x0000000000001503      0x149 /Users/realo/Library/Application Support/Pebble SDK/SDKs/4.5/toolchain/arm-none-eabi/bin/../lib/gcc/arm-none-eabi/4.7.2/thumb2/libgcc.a(_arm_muldivsf3.o)
 .debug_line    0x000000000000164c      0x100 /Users/realo/Library/Application Support/Pebble SDK/SDKs/4.5/toolchain/arm-none-eabi/bin/../lib/gcc/arm-none-eabi/4.7.2/thumb2/libgcc.a(_arm_cmpsf2.o)
 .debug_line    0x000000000000174c       0x86 /Users/realo/Library/Application Support/Pebble SDK/SDKs/4.5/toolchain/arm-none-eabi/bin/../lib/gcc/arm-none-eabi/4.7.2/thumb2/libgcc.a(_arm_fixsfsi.o)

.debug_str      0x0000000000000000     0x1d99
 .debug_str     0x0000000000000000     0x1816 src/c/main.c.41.o
                                       0x1914 (size before relaxing)
 .debug_str     0x0000000000001816      0x22f aplite/appinfo.auto.c.41.o
                                        0x315 (size before relaxing)
 .debug_str     0x0000000000001a45      0x33c aplite/src/resource_ids.auto.c.41.o
                                        0x3fc (size before relaxing)
 .debug_str     0x0000000000001d81       0x18 src/message_keys.auto.c.41.o
                                        0x167 (size before relaxing)

.debug_frame    0x0000000000000000      0x4a8
 .debug_frame   0x0000000000000000      0x4a8 src/c/main.c.41.o
