Archive member included because of file (symbol)

/usr/local/Cellar/pebble-sdk/3.6/Pebble/aplite/lib/libpebble.a(tmpvXKNpYpebble.o)
                              src/main.c.12.o (app_event_loop)
/usr/local/Cellar/pebble-toolchain/2.0/arm-cs-tools/bin/../lib/gcc/arm-none-eabi/4.7.2/thumb2/libgcc.a(_arm_addsubsf3.o)
                              src/main.c.12.o (__aeabi_fsub)
/usr/local/Cellar/pebble-toolchain/2.0/arm-cs-tools/bin/../lib/gcc/arm-none-eabi/4.7.2/thumb2/libgcc.a(_arm_muldivsf3.o)
                              src/main.c.12.o (__aeabi_fmul)
/usr/local/Cellar/pebble-toolchain/2.0/arm-cs-tools/bin/../lib/gcc/arm-none-eabi/4.7.2/thumb2/libgcc.a(_arm_cmpsf2.o)
                              src/main.c.12.o (__aeabi_fcmpeq)
/usr/local/Cellar/pebble-toolchain/2.0/arm-cs-tools/bin/../lib/gcc/arm-none-eabi/4.7.2/thumb2/libgcc.a(_arm_fixsfsi.o)
                              src/main.c.12.o (__aeabi_f2iz)

Allocating common symbols
Common symbol       size              file

cnfExchange         0x14              src/main.c.12.o
trotteuse_scale_layer
                    0x4               src/main.c.12.o
forecastPeriod      0x10              src/main.c.12.o
bgraph_data         0x1e0             src/main.c.12.o
forecastLow         0x10              src/main.c.12.o
btcL                0x10              src/main.c.12.o
date_layer          0x4               src/main.c.12.o
forecastTemp        0x10              src/main.c.12.o
cnfLocation         0x20              src/main.c.12.o
trotteuse_layer     0x4               src/main.c.12.o
btcV                0x10              src/main.c.12.o
bcH_layer           0x4               src/main.c.12.o
bcL_layer           0x4               src/main.c.12.o
obWindSpeed         0x10              src/main.c.12.o
graph_layer         0x4               src/main.c.12.o
bc_layer            0x4               src/main.c.12.o
btcH                0x10              src/main.c.12.o
forecastIconCode    0x10              src/main.c.12.o
forecastHigh        0x10              src/main.c.12.o
time_layer          0x4               src/main.c.12.o
obWindDir_bkp       0x10              src/main.c.12.o
geoArea1            0x5               src/main.c.12.o
battery_text        0x8               src/main.c.12.o
bgraph              0x4               src/main.c.12.o
obTemperature       0x10              src/main.c.12.o
obWindGust          0x10              src/main.c.12.o
obIconCode          0x10              src/main.c.12.o
obWindChill         0x10              src/main.c.12.o
battery_state       0x3               src/main.c.12.o
window              0x4               src/main.c.12.o
bluetooth_text      0x8               src/main.c.12.o
obHumidex           0x10              src/main.c.12.o
weather_layer       0x9c              src/main.c.12.o
obWindDir           0x10              src/main.c.12.o

Discarded input sections

 .text          0x0000000000000000        0x0 /usr/local/Cellar/pebble-toolchain/2.0/arm-cs-tools/bin/../lib/gcc/arm-none-eabi/4.7.2/thumb2/crti.o
 .bss           0x0000000000000000        0x0 /usr/local/Cellar/pebble-toolchain/2.0/arm-cs-tools/bin/../lib/gcc/arm-none-eabi/4.7.2/thumb2/crti.o
 .init          0x0000000000000000        0x4 /usr/local/Cellar/pebble-toolchain/2.0/arm-cs-tools/bin/../lib/gcc/arm-none-eabi/4.7.2/thumb2/crti.o
 .fini          0x0000000000000000        0x4 /usr/local/Cellar/pebble-toolchain/2.0/arm-cs-tools/bin/../lib/gcc/arm-none-eabi/4.7.2/thumb2/crti.o
 .text          0x0000000000000000       0xc8 /usr/local/Cellar/pebble-toolchain/2.0/arm-cs-tools/bin/../lib/gcc/arm-none-eabi/4.7.2/thumb2/crtbegin.o
 .bss           0x0000000000000000       0x1c /usr/local/Cellar/pebble-toolchain/2.0/arm-cs-tools/bin/../lib/gcc/arm-none-eabi/4.7.2/thumb2/crtbegin.o
 .init_array    0x0000000000000000        0x4 /usr/local/Cellar/pebble-toolchain/2.0/arm-cs-tools/bin/../lib/gcc/arm-none-eabi/4.7.2/thumb2/crtbegin.o
 .fini_array    0x0000000000000000        0x4 /usr/local/Cellar/pebble-toolchain/2.0/arm-cs-tools/bin/../lib/gcc/arm-none-eabi/4.7.2/thumb2/crtbegin.o
 .eh_frame      0x0000000000000000        0x0 /usr/local/Cellar/pebble-toolchain/2.0/arm-cs-tools/bin/../lib/gcc/arm-none-eabi/4.7.2/thumb2/crtbegin.o
 .jcr           0x0000000000000000        0x0 /usr/local/Cellar/pebble-toolchain/2.0/arm-cs-tools/bin/../lib/gcc/arm-none-eabi/4.7.2/thumb2/crtbegin.o
 .tm_clone_table
                0x0000000000000000        0x0 /usr/local/Cellar/pebble-toolchain/2.0/arm-cs-tools/bin/../lib/gcc/arm-none-eabi/4.7.2/thumb2/crtbegin.o
 .text          0x0000000000000000        0x0 src/main.c.12.o
 .bss           0x0000000000000000        0x0 src/main.c.12.o
 .text          0x0000000000000000        0x0 aplite/appinfo.auto.c.12.o
 .bss           0x0000000000000000        0x0 aplite/appinfo.auto.c.12.o
 .bss           0x0000000000000000        0x0 /usr/local/Cellar/pebble-sdk/3.6/Pebble/aplite/lib/libpebble.a(tmpvXKNpYpebble.o)
 .text.accel_data_service_subscribe__deprecated
                0x0000000000000000        0xc /usr/local/Cellar/pebble-sdk/3.6/Pebble/aplite/lib/libpebble.a(tmpvXKNpYpebble.o)
 .text.accel_data_service_unsubscribe
                0x0000000000000000        0xc /usr/local/Cellar/pebble-sdk/3.6/Pebble/aplite/lib/libpebble.a(tmpvXKNpYpebble.o)
 .text.accel_service_peek
                0x0000000000000000        0xc /usr/local/Cellar/pebble-sdk/3.6/Pebble/aplite/lib/libpebble.a(tmpvXKNpYpebble.o)
 .text.accel_service_set_samples_per_update
                0x0000000000000000        0xc /usr/local/Cellar/pebble-sdk/3.6/Pebble/aplite/lib/libpebble.a(tmpvXKNpYpebble.o)
 .text.accel_service_set_sampling_rate
                0x0000000000000000        0xc /usr/local/Cellar/pebble-sdk/3.6/Pebble/aplite/lib/libpebble.a(tmpvXKNpYpebble.o)
 .text.accel_tap_service_subscribe
                0x0000000000000000        0xc /usr/local/Cellar/pebble-sdk/3.6/Pebble/aplite/lib/libpebble.a(tmpvXKNpYpebble.o)
 .text.accel_tap_service_unsubscribe
                0x0000000000000000        0xc /usr/local/Cellar/pebble-sdk/3.6/Pebble/aplite/lib/libpebble.a(tmpvXKNpYpebble.o)
 .text.action_bar_layer_add_to_window
                0x0000000000000000        0xc /usr/local/Cellar/pebble-sdk/3.6/Pebble/aplite/lib/libpebble.a(tmpvXKNpYpebble.o)
 .text.action_bar_layer_clear_icon
                0x0000000000000000        0xc /usr/local/Cellar/pebble-sdk/3.6/Pebble/aplite/lib/libpebble.a(tmpvXKNpYpebble.o)
 .text.action_bar_layer_create
                0x0000000000000000        0xc /usr/local/Cellar/pebble-sdk/3.6/Pebble/aplite/lib/libpebble.a(tmpvXKNpYpebble.o)
 .text.action_bar_layer_destroy
                0x0000000000000000        0xc /usr/local/Cellar/pebble-sdk/3.6/Pebble/aplite/lib/libpebble.a(tmpvXKNpYpebble.o)
 .text.action_bar_layer_get_layer
                0x0000000000000000        0xc /usr/local/Cellar/pebble-sdk/3.6/Pebble/aplite/lib/libpebble.a(tmpvXKNpYpebble.o)
 .text.action_bar_layer_remove_from_window
                0x0000000000000000        0xc /usr/local/Cellar/pebble-sdk/3.6/Pebble/aplite/lib/libpebble.a(tmpvXKNpYpebble.o)
 .text.action_bar_layer_set_background_color
                0x0000000000000000        0xc /usr/local/Cellar/pebble-sdk/3.6/Pebble/aplite/lib/libpebble.a(tmpvXKNpYpebble.o)
 .text.action_bar_layer_set_click_config_provider
                0x0000000000000000        0xc /usr/local/Cellar/pebble-sdk/3.6/Pebble/aplite/lib/libpebble.a(tmpvXKNpYpebble.o)
 .text.action_bar_layer_set_context
                0x0000000000000000        0xc /usr/local/Cellar/pebble-sdk/3.6/Pebble/aplite/lib/libpebble.a(tmpvXKNpYpebble.o)
 .text.action_bar_layer_set_icon
                0x0000000000000000        0xc /usr/local/Cellar/pebble-sdk/3.6/Pebble/aplite/lib/libpebble.a(tmpvXKNpYpebble.o)
 .text.animation_create
                0x0000000000000000        0xc /usr/local/Cellar/pebble-sdk/3.6/Pebble/aplite/lib/libpebble.a(tmpvXKNpYpebble.o)
 .text.animation_destroy
                0x0000000000000000        0xc /usr/local/Cellar/pebble-sdk/3.6/Pebble/aplite/lib/libpebble.a(tmpvXKNpYpebble.o)
 .text.animation_get_context
                0x0000000000000000        0xc /usr/local/Cellar/pebble-sdk/3.6/Pebble/aplite/lib/libpebble.a(tmpvXKNpYpebble.o)
 .text.animation_is_scheduled
                0x0000000000000000        0xc /usr/local/Cellar/pebble-sdk/3.6/Pebble/aplite/lib/libpebble.a(tmpvXKNpYpebble.o)
 .text.animation_schedule
                0x0000000000000000        0xc /usr/local/Cellar/pebble-sdk/3.6/Pebble/aplite/lib/libpebble.a(tmpvXKNpYpebble.o)
 .text.animation_set_curve
                0x0000000000000000        0xc /usr/local/Cellar/pebble-sdk/3.6/Pebble/aplite/lib/libpebble.a(tmpvXKNpYpebble.o)
 .text.animation_set_delay
                0x0000000000000000        0xc /usr/local/Cellar/pebble-sdk/3.6/Pebble/aplite/lib/libpebble.a(tmpvXKNpYpebble.o)
 .text.animation_set_duration
                0x0000000000000000        0xc /usr/local/Cellar/pebble-sdk/3.6/Pebble/aplite/lib/libpebble.a(tmpvXKNpYpebble.o)
 .text.animation_set_handlers
                0x0000000000000000        0xc /usr/local/Cellar/pebble-sdk/3.6/Pebble/aplite/lib/libpebble.a(tmpvXKNpYpebble.o)
 .text.animation_set_implementation
                0x0000000000000000        0xc /usr/local/Cellar/pebble-sdk/3.6/Pebble/aplite/lib/libpebble.a(tmpvXKNpYpebble.o)
 .text.animation_unschedule
                0x0000000000000000        0xc /usr/local/Cellar/pebble-sdk/3.6/Pebble/aplite/lib/libpebble.a(tmpvXKNpYpebble.o)
 .text.animation_unschedule_all
                0x0000000000000000        0xc /usr/local/Cellar/pebble-sdk/3.6/Pebble/aplite/lib/libpebble.a(tmpvXKNpYpebble.o)
 .text.app_comm_get_sniff_interval
                0x0000000000000000        0xc /usr/local/Cellar/pebble-sdk/3.6/Pebble/aplite/lib/libpebble.a(tmpvXKNpYpebble.o)
 .text.app_comm_set_sniff_interval
                0x0000000000000000        0xc /usr/local/Cellar/pebble-sdk/3.6/Pebble/aplite/lib/libpebble.a(tmpvXKNpYpebble.o)
 .text.app_message_deregister_callbacks
                0x0000000000000000        0xc /usr/local/Cellar/pebble-sdk/3.6/Pebble/aplite/lib/libpebble.a(tmpvXKNpYpebble.o)
 .text.app_sync_deinit
                0x0000000000000000        0xc /usr/local/Cellar/pebble-sdk/3.6/Pebble/aplite/lib/libpebble.a(tmpvXKNpYpebble.o)
 .text.app_sync_get
                0x0000000000000000        0xc /usr/local/Cellar/pebble-sdk/3.6/Pebble/aplite/lib/libpebble.a(tmpvXKNpYpebble.o)
 .text.app_sync_init
                0x0000000000000000        0xc /usr/local/Cellar/pebble-sdk/3.6/Pebble/aplite/lib/libpebble.a(tmpvXKNpYpebble.o)
 .text.app_sync_set
                0x0000000000000000        0xc /usr/local/Cellar/pebble-sdk/3.6/Pebble/aplite/lib/libpebble.a(tmpvXKNpYpebble.o)
 .text.app_timer_cancel
                0x0000000000000000        0xc /usr/local/Cellar/pebble-sdk/3.6/Pebble/aplite/lib/libpebble.a(tmpvXKNpYpebble.o)
 .text.app_timer_register
                0x0000000000000000        0xc /usr/local/Cellar/pebble-sdk/3.6/Pebble/aplite/lib/libpebble.a(tmpvXKNpYpebble.o)
 .text.app_timer_reschedule
                0x0000000000000000        0xc /usr/local/Cellar/pebble-sdk/3.6/Pebble/aplite/lib/libpebble.a(tmpvXKNpYpebble.o)
 .text.atan2_lookup
                0x0000000000000000        0xc /usr/local/Cellar/pebble-sdk/3.6/Pebble/aplite/lib/libpebble.a(tmpvXKNpYpebble.o)
 .text.atoi     0x0000000000000000        0xc /usr/local/Cellar/pebble-sdk/3.6/Pebble/aplite/lib/libpebble.a(tmpvXKNpYpebble.o)
 .text.atol     0x0000000000000000        0xc /usr/local/Cellar/pebble-sdk/3.6/Pebble/aplite/lib/libpebble.a(tmpvXKNpYpebble.o)
 .text.bitmap_layer_set_alignment
                0x0000000000000000        0xc /usr/local/Cellar/pebble-sdk/3.6/Pebble/aplite/lib/libpebble.a(tmpvXKNpYpebble.o)
 .text.click_number_of_clicks_counted
                0x0000000000000000        0xc /usr/local/Cellar/pebble-sdk/3.6/Pebble/aplite/lib/libpebble.a(tmpvXKNpYpebble.o)
 .text.click_recognizer_get_button_id
                0x0000000000000000        0xc /usr/local/Cellar/pebble-sdk/3.6/Pebble/aplite/lib/libpebble.a(tmpvXKNpYpebble.o)
 .text.clock_copy_time_string
                0x0000000000000000        0xc /usr/local/Cellar/pebble-sdk/3.6/Pebble/aplite/lib/libpebble.a(tmpvXKNpYpebble.o)
 .text.clock_is_24h_style
                0x0000000000000000        0xc /usr/local/Cellar/pebble-sdk/3.6/Pebble/aplite/lib/libpebble.a(tmpvXKNpYpebble.o)
 .text.cos_lookup
                0x0000000000000000        0xc /usr/local/Cellar/pebble-sdk/3.6/Pebble/aplite/lib/libpebble.a(tmpvXKNpYpebble.o)
 .text.data_logging_create
                0x0000000000000000        0xc /usr/local/Cellar/pebble-sdk/3.6/Pebble/aplite/lib/libpebble.a(tmpvXKNpYpebble.o)
 .text.data_logging_finish
                0x0000000000000000        0xc /usr/local/Cellar/pebble-sdk/3.6/Pebble/aplite/lib/libpebble.a(tmpvXKNpYpebble.o)
 .text.data_logging_log
                0x0000000000000000        0xc /usr/local/Cellar/pebble-sdk/3.6/Pebble/aplite/lib/libpebble.a(tmpvXKNpYpebble.o)
 .text.dict_calc_buffer_size
                0x0000000000000000        0xc /usr/local/Cellar/pebble-sdk/3.6/Pebble/aplite/lib/libpebble.a(tmpvXKNpYpebble.o)
 .text.dict_calc_buffer_size_from_tuplets
                0x0000000000000000        0xc /usr/local/Cellar/pebble-sdk/3.6/Pebble/aplite/lib/libpebble.a(tmpvXKNpYpebble.o)
 .text.dict_merge
                0x0000000000000000        0xc /usr/local/Cellar/pebble-sdk/3.6/Pebble/aplite/lib/libpebble.a(tmpvXKNpYpebble.o)
 .text.dict_read_begin_from_buffer
                0x0000000000000000        0xc /usr/local/Cellar/pebble-sdk/3.6/Pebble/aplite/lib/libpebble.a(tmpvXKNpYpebble.o)
 .text.dict_read_first
                0x0000000000000000        0xc /usr/local/Cellar/pebble-sdk/3.6/Pebble/aplite/lib/libpebble.a(tmpvXKNpYpebble.o)
 .text.dict_read_next
                0x0000000000000000        0xc /usr/local/Cellar/pebble-sdk/3.6/Pebble/aplite/lib/libpebble.a(tmpvXKNpYpebble.o)
 .text.dict_serialize_tuplets
                0x0000000000000000        0xc /usr/local/Cellar/pebble-sdk/3.6/Pebble/aplite/lib/libpebble.a(tmpvXKNpYpebble.o)
 .text.dict_serialize_tuplets_to_buffer__deprecated
                0x0000000000000000        0xc /usr/local/Cellar/pebble-sdk/3.6/Pebble/aplite/lib/libpebble.a(tmpvXKNpYpebble.o)
 .text.dict_serialize_tuplets_to_buffer_with_iter
                0x0000000000000000        0xc /usr/local/Cellar/pebble-sdk/3.6/Pebble/aplite/lib/libpebble.a(tmpvXKNpYpebble.o)
 .text.dict_write_begin
                0x0000000000000000        0xc /usr/local/Cellar/pebble-sdk/3.6/Pebble/aplite/lib/libpebble.a(tmpvXKNpYpebble.o)
 .text.dict_write_data
                0x0000000000000000        0xc /usr/local/Cellar/pebble-sdk/3.6/Pebble/aplite/lib/libpebble.a(tmpvXKNpYpebble.o)
 .text.dict_write_int
                0x0000000000000000        0xc /usr/local/Cellar/pebble-sdk/3.6/Pebble/aplite/lib/libpebble.a(tmpvXKNpYpebble.o)
 .text.dict_write_int16
                0x0000000000000000        0xc /usr/local/Cellar/pebble-sdk/3.6/Pebble/aplite/lib/libpebble.a(tmpvXKNpYpebble.o)
 .text.dict_write_int32
                0x0000000000000000        0xc /usr/local/Cellar/pebble-sdk/3.6/Pebble/aplite/lib/libpebble.a(tmpvXKNpYpebble.o)
 .text.dict_write_int8
                0x0000000000000000        0xc /usr/local/Cellar/pebble-sdk/3.6/Pebble/aplite/lib/libpebble.a(tmpvXKNpYpebble.o)
 .text.dict_write_tuplet
                0x0000000000000000        0xc /usr/local/Cellar/pebble-sdk/3.6/Pebble/aplite/lib/libpebble.a(tmpvXKNpYpebble.o)
 .text.dict_write_uint16
                0x0000000000000000        0xc /usr/local/Cellar/pebble-sdk/3.6/Pebble/aplite/lib/libpebble.a(tmpvXKNpYpebble.o)
 .text.dict_write_uint32
                0x0000000000000000        0xc /usr/local/Cellar/pebble-sdk/3.6/Pebble/aplite/lib/libpebble.a(tmpvXKNpYpebble.o)
 .text.dict_write_uint8
                0x0000000000000000        0xc /usr/local/Cellar/pebble-sdk/3.6/Pebble/aplite/lib/libpebble.a(tmpvXKNpYpebble.o)
 .text.fonts_unload_custom_font
                0x0000000000000000        0xc /usr/local/Cellar/pebble-sdk/3.6/Pebble/aplite/lib/libpebble.a(tmpvXKNpYpebble.o)
 .text.free     0x0000000000000000        0xc /usr/local/Cellar/pebble-sdk/3.6/Pebble/aplite/lib/libpebble.a(tmpvXKNpYpebble.o)
 .text.gbitmap_create_as_sub_bitmap
                0x0000000000000000        0xc /usr/local/Cellar/pebble-sdk/3.6/Pebble/aplite/lib/libpebble.a(tmpvXKNpYpebble.o)
 .text.gbitmap_create_with_data
                0x0000000000000000        0xc /usr/local/Cellar/pebble-sdk/3.6/Pebble/aplite/lib/libpebble.a(tmpvXKNpYpebble.o)
 .text.gmtime   0x0000000000000000        0xc /usr/local/Cellar/pebble-sdk/3.6/Pebble/aplite/lib/libpebble.a(tmpvXKNpYpebble.o)
 .text.gpath_draw_filled_legacy
                0x0000000000000000        0xc /usr/local/Cellar/pebble-sdk/3.6/Pebble/aplite/lib/libpebble.a(tmpvXKNpYpebble.o)
 .text.gpath_move_to
                0x0000000000000000        0xc /usr/local/Cellar/pebble-sdk/3.6/Pebble/aplite/lib/libpebble.a(tmpvXKNpYpebble.o)
 .text.gpath_rotate_to
                0x0000000000000000        0xc /usr/local/Cellar/pebble-sdk/3.6/Pebble/aplite/lib/libpebble.a(tmpvXKNpYpebble.o)
 .text.gpoint_equal
                0x0000000000000000        0xc /usr/local/Cellar/pebble-sdk/3.6/Pebble/aplite/lib/libpebble.a(tmpvXKNpYpebble.o)
 .text.graphics_context_set_compositing_mode
                0x0000000000000000        0xc /usr/local/Cellar/pebble-sdk/3.6/Pebble/aplite/lib/libpebble.a(tmpvXKNpYpebble.o)
 .text.graphics_context_set_fill_color
                0x0000000000000000        0xc /usr/local/Cellar/pebble-sdk/3.6/Pebble/aplite/lib/libpebble.a(tmpvXKNpYpebble.o)
 .text.graphics_context_set_text_color
                0x0000000000000000        0xc /usr/local/Cellar/pebble-sdk/3.6/Pebble/aplite/lib/libpebble.a(tmpvXKNpYpebble.o)
 .text.graphics_draw_bitmap_in_rect
                0x0000000000000000        0xc /usr/local/Cellar/pebble-sdk/3.6/Pebble/aplite/lib/libpebble.a(tmpvXKNpYpebble.o)
 .text.graphics_draw_circle
                0x0000000000000000        0xc /usr/local/Cellar/pebble-sdk/3.6/Pebble/aplite/lib/libpebble.a(tmpvXKNpYpebble.o)
 .text.graphics_draw_pixel
                0x0000000000000000        0xc /usr/local/Cellar/pebble-sdk/3.6/Pebble/aplite/lib/libpebble.a(tmpvXKNpYpebble.o)
 .text.graphics_draw_rect
                0x0000000000000000        0xc /usr/local/Cellar/pebble-sdk/3.6/Pebble/aplite/lib/libpebble.a(tmpvXKNpYpebble.o)
 .text.graphics_draw_round_rect
                0x0000000000000000        0xc /usr/local/Cellar/pebble-sdk/3.6/Pebble/aplite/lib/libpebble.a(tmpvXKNpYpebble.o)
 .text.graphics_fill_circle
                0x0000000000000000        0xc /usr/local/Cellar/pebble-sdk/3.6/Pebble/aplite/lib/libpebble.a(tmpvXKNpYpebble.o)
 .text.graphics_fill_rect
                0x0000000000000000        0xc /usr/local/Cellar/pebble-sdk/3.6/Pebble/aplite/lib/libpebble.a(tmpvXKNpYpebble.o)
 .text.graphics_text_layout_get_max_used_size
                0x0000000000000000        0xc /usr/local/Cellar/pebble-sdk/3.6/Pebble/aplite/lib/libpebble.a(tmpvXKNpYpebble.o)
 .text.grect_align
                0x0000000000000000        0xc /usr/local/Cellar/pebble-sdk/3.6/Pebble/aplite/lib/libpebble.a(tmpvXKNpYpebble.o)
 .text.grect_center_point
                0x0000000000000000        0xc /usr/local/Cellar/pebble-sdk/3.6/Pebble/aplite/lib/libpebble.a(tmpvXKNpYpebble.o)
 .text.grect_clip
                0x0000000000000000        0xc /usr/local/Cellar/pebble-sdk/3.6/Pebble/aplite/lib/libpebble.a(tmpvXKNpYpebble.o)
 .text.grect_contains_point
                0x0000000000000000        0xc /usr/local/Cellar/pebble-sdk/3.6/Pebble/aplite/lib/libpebble.a(tmpvXKNpYpebble.o)
 .text.grect_crop
                0x0000000000000000        0xc /usr/local/Cellar/pebble-sdk/3.6/Pebble/aplite/lib/libpebble.a(tmpvXKNpYpebble.o)
 .text.grect_equal
                0x0000000000000000        0xc /usr/local/Cellar/pebble-sdk/3.6/Pebble/aplite/lib/libpebble.a(tmpvXKNpYpebble.o)
 .text.grect_is_empty
                0x0000000000000000        0xc /usr/local/Cellar/pebble-sdk/3.6/Pebble/aplite/lib/libpebble.a(tmpvXKNpYpebble.o)
 .text.grect_standardize
                0x0000000000000000        0xc /usr/local/Cellar/pebble-sdk/3.6/Pebble/aplite/lib/libpebble.a(tmpvXKNpYpebble.o)
 .text.gsize_equal
                0x0000000000000000        0xc /usr/local/Cellar/pebble-sdk/3.6/Pebble/aplite/lib/libpebble.a(tmpvXKNpYpebble.o)
 .text.inverter_layer_create
                0x0000000000000000        0xc /usr/local/Cellar/pebble-sdk/3.6/Pebble/aplite/lib/libpebble.a(tmpvXKNpYpebble.o)
 .text.inverter_layer_destroy
                0x0000000000000000        0xc /usr/local/Cellar/pebble-sdk/3.6/Pebble/aplite/lib/libpebble.a(tmpvXKNpYpebble.o)
 .text.inverter_layer_get_layer
                0x0000000000000000        0xc /usr/local/Cellar/pebble-sdk/3.6/Pebble/aplite/lib/libpebble.a(tmpvXKNpYpebble.o)
 .text.layer_create_with_data
                0x0000000000000000        0xc /usr/local/Cellar/pebble-sdk/3.6/Pebble/aplite/lib/libpebble.a(tmpvXKNpYpebble.o)
 .text.layer_get_bounds
                0x0000000000000000        0xc /usr/local/Cellar/pebble-sdk/3.6/Pebble/aplite/lib/libpebble.a(tmpvXKNpYpebble.o)
 .text.layer_get_clips
                0x0000000000000000        0xc /usr/local/Cellar/pebble-sdk/3.6/Pebble/aplite/lib/libpebble.a(tmpvXKNpYpebble.o)
 .text.layer_get_data
                0x0000000000000000        0xc /usr/local/Cellar/pebble-sdk/3.6/Pebble/aplite/lib/libpebble.a(tmpvXKNpYpebble.o)
 .text.layer_get_frame
                0x0000000000000000        0xc /usr/local/Cellar/pebble-sdk/3.6/Pebble/aplite/lib/libpebble.a(tmpvXKNpYpebble.o)
 .text.layer_get_hidden
                0x0000000000000000        0xc /usr/local/Cellar/pebble-sdk/3.6/Pebble/aplite/lib/libpebble.a(tmpvXKNpYpebble.o)
 .text.layer_get_window
                0x0000000000000000        0xc /usr/local/Cellar/pebble-sdk/3.6/Pebble/aplite/lib/libpebble.a(tmpvXKNpYpebble.o)
 .text.layer_insert_above_sibling
                0x0000000000000000        0xc /usr/local/Cellar/pebble-sdk/3.6/Pebble/aplite/lib/libpebble.a(tmpvXKNpYpebble.o)
 .text.layer_remove_child_layers
                0x0000000000000000        0xc /usr/local/Cellar/pebble-sdk/3.6/Pebble/aplite/lib/libpebble.a(tmpvXKNpYpebble.o)
 .text.layer_remove_from_parent
                0x0000000000000000        0xc /usr/local/Cellar/pebble-sdk/3.6/Pebble/aplite/lib/libpebble.a(tmpvXKNpYpebble.o)
 .text.layer_set_bounds
                0x0000000000000000        0xc /usr/local/Cellar/pebble-sdk/3.6/Pebble/aplite/lib/libpebble.a(tmpvXKNpYpebble.o)
 .text.layer_set_clips
                0x0000000000000000        0xc /usr/local/Cellar/pebble-sdk/3.6/Pebble/aplite/lib/libpebble.a(tmpvXKNpYpebble.o)
 .text.layer_set_hidden
                0x0000000000000000        0xc /usr/local/Cellar/pebble-sdk/3.6/Pebble/aplite/lib/libpebble.a(tmpvXKNpYpebble.o)
 .text.light_enable
                0x0000000000000000        0xc /usr/local/Cellar/pebble-sdk/3.6/Pebble/aplite/lib/libpebble.a(tmpvXKNpYpebble.o)
 .text.light_enable_interaction
                0x0000000000000000        0xc /usr/local/Cellar/pebble-sdk/3.6/Pebble/aplite/lib/libpebble.a(tmpvXKNpYpebble.o)
 .text.malloc   0x0000000000000000        0xc /usr/local/Cellar/pebble-sdk/3.6/Pebble/aplite/lib/libpebble.a(tmpvXKNpYpebble.o)
 .text.memcpy   0x0000000000000000        0xc /usr/local/Cellar/pebble-sdk/3.6/Pebble/aplite/lib/libpebble.a(tmpvXKNpYpebble.o)
 .text.memmove  0x0000000000000000        0xc /usr/local/Cellar/pebble-sdk/3.6/Pebble/aplite/lib/libpebble.a(tmpvXKNpYpebble.o)
 .text.memset   0x0000000000000000        0xc /usr/local/Cellar/pebble-sdk/3.6/Pebble/aplite/lib/libpebble.a(tmpvXKNpYpebble.o)
 .text.menu_cell_basic_draw
                0x0000000000000000        0xc /usr/local/Cellar/pebble-sdk/3.6/Pebble/aplite/lib/libpebble.a(tmpvXKNpYpebble.o)
 .text.menu_cell_basic_header_draw
                0x0000000000000000        0xc /usr/local/Cellar/pebble-sdk/3.6/Pebble/aplite/lib/libpebble.a(tmpvXKNpYpebble.o)
 .text.menu_cell_title_draw
                0x0000000000000000        0xc /usr/local/Cellar/pebble-sdk/3.6/Pebble/aplite/lib/libpebble.a(tmpvXKNpYpebble.o)
 .text.menu_index_compare
                0x0000000000000000        0xc /usr/local/Cellar/pebble-sdk/3.6/Pebble/aplite/lib/libpebble.a(tmpvXKNpYpebble.o)
 .text.menu_layer_create
                0x0000000000000000        0xc /usr/local/Cellar/pebble-sdk/3.6/Pebble/aplite/lib/libpebble.a(tmpvXKNpYpebble.o)
 .text.menu_layer_destroy
                0x0000000000000000        0xc /usr/local/Cellar/pebble-sdk/3.6/Pebble/aplite/lib/libpebble.a(tmpvXKNpYpebble.o)
 .text.menu_layer_get_layer
                0x0000000000000000        0xc /usr/local/Cellar/pebble-sdk/3.6/Pebble/aplite/lib/libpebble.a(tmpvXKNpYpebble.o)
 .text.menu_layer_get_scroll_layer
                0x0000000000000000        0xc /usr/local/Cellar/pebble-sdk/3.6/Pebble/aplite/lib/libpebble.a(tmpvXKNpYpebble.o)
 .text.menu_layer_get_selected_index
                0x0000000000000000        0xc /usr/local/Cellar/pebble-sdk/3.6/Pebble/aplite/lib/libpebble.a(tmpvXKNpYpebble.o)
 .text.menu_layer_reload_data
                0x0000000000000000        0xc /usr/local/Cellar/pebble-sdk/3.6/Pebble/aplite/lib/libpebble.a(tmpvXKNpYpebble.o)
 .text.menu_layer_set_callbacks__deprecated
                0x0000000000000000        0xc /usr/local/Cellar/pebble-sdk/3.6/Pebble/aplite/lib/libpebble.a(tmpvXKNpYpebble.o)
 .text.menu_layer_set_click_config_onto_window
                0x0000000000000000        0xc /usr/local/Cellar/pebble-sdk/3.6/Pebble/aplite/lib/libpebble.a(tmpvXKNpYpebble.o)
 .text.menu_layer_set_selected_index
                0x0000000000000000        0xc /usr/local/Cellar/pebble-sdk/3.6/Pebble/aplite/lib/libpebble.a(tmpvXKNpYpebble.o)
 .text.menu_layer_set_selected_next
                0x0000000000000000        0xc /usr/local/Cellar/pebble-sdk/3.6/Pebble/aplite/lib/libpebble.a(tmpvXKNpYpebble.o)
 .text.number_window_create
                0x0000000000000000        0xc /usr/local/Cellar/pebble-sdk/3.6/Pebble/aplite/lib/libpebble.a(tmpvXKNpYpebble.o)
 .text.number_window_destroy
                0x0000000000000000        0xc /usr/local/Cellar/pebble-sdk/3.6/Pebble/aplite/lib/libpebble.a(tmpvXKNpYpebble.o)
 .text.number_window_get_value
                0x0000000000000000        0xc /usr/local/Cellar/pebble-sdk/3.6/Pebble/aplite/lib/libpebble.a(tmpvXKNpYpebble.o)
 .text.number_window_set_label
                0x0000000000000000        0xc /usr/local/Cellar/pebble-sdk/3.6/Pebble/aplite/lib/libpebble.a(tmpvXKNpYpebble.o)
 .text.number_window_set_max
                0x0000000000000000        0xc /usr/local/Cellar/pebble-sdk/3.6/Pebble/aplite/lib/libpebble.a(tmpvXKNpYpebble.o)
 .text.number_window_set_min
                0x0000000000000000        0xc /usr/local/Cellar/pebble-sdk/3.6/Pebble/aplite/lib/libpebble.a(tmpvXKNpYpebble.o)
 .text.number_window_set_step_size
                0x0000000000000000        0xc /usr/local/Cellar/pebble-sdk/3.6/Pebble/aplite/lib/libpebble.a(tmpvXKNpYpebble.o)
 .text.number_window_set_value
                0x0000000000000000        0xc /usr/local/Cellar/pebble-sdk/3.6/Pebble/aplite/lib/libpebble.a(tmpvXKNpYpebble.o)
 .text.persist_get_size
                0x0000000000000000        0xc /usr/local/Cellar/pebble-sdk/3.6/Pebble/aplite/lib/libpebble.a(tmpvXKNpYpebble.o)
 .text.persist_read_data__deprecated
                0x0000000000000000        0xc /usr/local/Cellar/pebble-sdk/3.6/Pebble/aplite/lib/libpebble.a(tmpvXKNpYpebble.o)
 .text.persist_read_int
                0x0000000000000000        0xc /usr/local/Cellar/pebble-sdk/3.6/Pebble/aplite/lib/libpebble.a(tmpvXKNpYpebble.o)
 .text.persist_read_string__deprecated
                0x0000000000000000        0xc /usr/local/Cellar/pebble-sdk/3.6/Pebble/aplite/lib/libpebble.a(tmpvXKNpYpebble.o)
 .text.persist_write_data__deprecated
                0x0000000000000000        0xc /usr/local/Cellar/pebble-sdk/3.6/Pebble/aplite/lib/libpebble.a(tmpvXKNpYpebble.o)
 .text.persist_write_int
                0x0000000000000000        0xc /usr/local/Cellar/pebble-sdk/3.6/Pebble/aplite/lib/libpebble.a(tmpvXKNpYpebble.o)
 .text.property_animation_create
                0x0000000000000000        0xc /usr/local/Cellar/pebble-sdk/3.6/Pebble/aplite/lib/libpebble.a(tmpvXKNpYpebble.o)
 .text.property_animation_create_layer_frame
                0x0000000000000000        0xc /usr/local/Cellar/pebble-sdk/3.6/Pebble/aplite/lib/libpebble.a(tmpvXKNpYpebble.o)
 .text.property_animation_destroy
                0x0000000000000000        0xc /usr/local/Cellar/pebble-sdk/3.6/Pebble/aplite/lib/libpebble.a(tmpvXKNpYpebble.o)
 .text.property_animation_update_gpoint
                0x0000000000000000        0xc /usr/local/Cellar/pebble-sdk/3.6/Pebble/aplite/lib/libpebble.a(tmpvXKNpYpebble.o)
 .text.property_animation_update_grect
                0x0000000000000000        0xc /usr/local/Cellar/pebble-sdk/3.6/Pebble/aplite/lib/libpebble.a(tmpvXKNpYpebble.o)
 .text.property_animation_update_int16
                0x0000000000000000        0xc /usr/local/Cellar/pebble-sdk/3.6/Pebble/aplite/lib/libpebble.a(tmpvXKNpYpebble.o)
 .text.psleep   0x0000000000000000        0xc /usr/local/Cellar/pebble-sdk/3.6/Pebble/aplite/lib/libpebble.a(tmpvXKNpYpebble.o)
 .text.rand     0x0000000000000000        0xc /usr/local/Cellar/pebble-sdk/3.6/Pebble/aplite/lib/libpebble.a(tmpvXKNpYpebble.o)
 .text.resource_load
                0x0000000000000000        0xc /usr/local/Cellar/pebble-sdk/3.6/Pebble/aplite/lib/libpebble.a(tmpvXKNpYpebble.o)
 .text.resource_load_byte_range
                0x0000000000000000        0xc /usr/local/Cellar/pebble-sdk/3.6/Pebble/aplite/lib/libpebble.a(tmpvXKNpYpebble.o)
 .text.resource_size
                0x0000000000000000        0xc /usr/local/Cellar/pebble-sdk/3.6/Pebble/aplite/lib/libpebble.a(tmpvXKNpYpebble.o)
 .text.rot_bitmap_layer_create
                0x0000000000000000        0xc /usr/local/Cellar/pebble-sdk/3.6/Pebble/aplite/lib/libpebble.a(tmpvXKNpYpebble.o)
 .text.rot_bitmap_layer_destroy
                0x0000000000000000        0xc /usr/local/Cellar/pebble-sdk/3.6/Pebble/aplite/lib/libpebble.a(tmpvXKNpYpebble.o)
 .text.rot_bitmap_layer_increment_angle
                0x0000000000000000        0xc /usr/local/Cellar/pebble-sdk/3.6/Pebble/aplite/lib/libpebble.a(tmpvXKNpYpebble.o)
 .text.rot_bitmap_layer_set_angle
                0x0000000000000000        0xc /usr/local/Cellar/pebble-sdk/3.6/Pebble/aplite/lib/libpebble.a(tmpvXKNpYpebble.o)
 .text.rot_bitmap_layer_set_corner_clip_color
                0x0000000000000000        0xc /usr/local/Cellar/pebble-sdk/3.6/Pebble/aplite/lib/libpebble.a(tmpvXKNpYpebble.o)
 .text.rot_bitmap_set_compositing_mode
                0x0000000000000000        0xc /usr/local/Cellar/pebble-sdk/3.6/Pebble/aplite/lib/libpebble.a(tmpvXKNpYpebble.o)
 .text.rot_bitmap_set_src_ic
                0x0000000000000000        0xc /usr/local/Cellar/pebble-sdk/3.6/Pebble/aplite/lib/libpebble.a(tmpvXKNpYpebble.o)
 .text.scroll_layer_add_child
                0x0000000000000000        0xc /usr/local/Cellar/pebble-sdk/3.6/Pebble/aplite/lib/libpebble.a(tmpvXKNpYpebble.o)
 .text.scroll_layer_create
                0x0000000000000000        0xc /usr/local/Cellar/pebble-sdk/3.6/Pebble/aplite/lib/libpebble.a(tmpvXKNpYpebble.o)
 .text.scroll_layer_destroy
                0x0000000000000000        0xc /usr/local/Cellar/pebble-sdk/3.6/Pebble/aplite/lib/libpebble.a(tmpvXKNpYpebble.o)
 .text.scroll_layer_get_content_offset
                0x0000000000000000        0xc /usr/local/Cellar/pebble-sdk/3.6/Pebble/aplite/lib/libpebble.a(tmpvXKNpYpebble.o)
 .text.scroll_layer_get_content_size
                0x0000000000000000        0xc /usr/local/Cellar/pebble-sdk/3.6/Pebble/aplite/lib/libpebble.a(tmpvXKNpYpebble.o)
 .text.scroll_layer_get_layer
                0x0000000000000000        0xc /usr/local/Cellar/pebble-sdk/3.6/Pebble/aplite/lib/libpebble.a(tmpvXKNpYpebble.o)
 .text.scroll_layer_get_shadow_hidden
                0x0000000000000000        0xc /usr/local/Cellar/pebble-sdk/3.6/Pebble/aplite/lib/libpebble.a(tmpvXKNpYpebble.o)
 .text.scroll_layer_scroll_down_click_handler
                0x0000000000000000        0xc /usr/local/Cellar/pebble-sdk/3.6/Pebble/aplite/lib/libpebble.a(tmpvXKNpYpebble.o)
 .text.scroll_layer_scroll_up_click_handler
                0x0000000000000000        0xc /usr/local/Cellar/pebble-sdk/3.6/Pebble/aplite/lib/libpebble.a(tmpvXKNpYpebble.o)
 .text.scroll_layer_set_callbacks
                0x0000000000000000        0xc /usr/local/Cellar/pebble-sdk/3.6/Pebble/aplite/lib/libpebble.a(tmpvXKNpYpebble.o)
 .text.scroll_layer_set_click_config_onto_window
                0x0000000000000000        0xc /usr/local/Cellar/pebble-sdk/3.6/Pebble/aplite/lib/libpebble.a(tmpvXKNpYpebble.o)
 .text.scroll_layer_set_content_offset
                0x0000000000000000        0xc /usr/local/Cellar/pebble-sdk/3.6/Pebble/aplite/lib/libpebble.a(tmpvXKNpYpebble.o)
 .text.scroll_layer_set_content_size
                0x0000000000000000        0xc /usr/local/Cellar/pebble-sdk/3.6/Pebble/aplite/lib/libpebble.a(tmpvXKNpYpebble.o)
 .text.scroll_layer_set_context
                0x0000000000000000        0xc /usr/local/Cellar/pebble-sdk/3.6/Pebble/aplite/lib/libpebble.a(tmpvXKNpYpebble.o)
 .text.scroll_layer_set_frame
                0x0000000000000000        0xc /usr/local/Cellar/pebble-sdk/3.6/Pebble/aplite/lib/libpebble.a(tmpvXKNpYpebble.o)
 .text.scroll_layer_set_shadow_hidden
                0x0000000000000000        0xc /usr/local/Cellar/pebble-sdk/3.6/Pebble/aplite/lib/libpebble.a(tmpvXKNpYpebble.o)
 .text.simple_menu_layer_create
                0x0000000000000000        0xc /usr/local/Cellar/pebble-sdk/3.6/Pebble/aplite/lib/libpebble.a(tmpvXKNpYpebble.o)
 .text.simple_menu_layer_destroy
                0x0000000000000000        0xc /usr/local/Cellar/pebble-sdk/3.6/Pebble/aplite/lib/libpebble.a(tmpvXKNpYpebble.o)
 .text.simple_menu_layer_get_layer
                0x0000000000000000        0xc /usr/local/Cellar/pebble-sdk/3.6/Pebble/aplite/lib/libpebble.a(tmpvXKNpYpebble.o)
 .text.simple_menu_layer_get_selected_index
                0x0000000000000000        0xc /usr/local/Cellar/pebble-sdk/3.6/Pebble/aplite/lib/libpebble.a(tmpvXKNpYpebble.o)
 .text.simple_menu_layer_set_selected_index
                0x0000000000000000        0xc /usr/local/Cellar/pebble-sdk/3.6/Pebble/aplite/lib/libpebble.a(tmpvXKNpYpebble.o)
 .text.sin_lookup
                0x0000000000000000        0xc /usr/local/Cellar/pebble-sdk/3.6/Pebble/aplite/lib/libpebble.a(tmpvXKNpYpebble.o)
 .text.snprintf
                0x0000000000000000        0xc /usr/local/Cellar/pebble-sdk/3.6/Pebble/aplite/lib/libpebble.a(tmpvXKNpYpebble.o)
 .text.srand    0x0000000000000000        0xc /usr/local/Cellar/pebble-sdk/3.6/Pebble/aplite/lib/libpebble.a(tmpvXKNpYpebble.o)
 .text.strncmp  0x0000000000000000        0xc /usr/local/Cellar/pebble-sdk/3.6/Pebble/aplite/lib/libpebble.a(tmpvXKNpYpebble.o)
 .text.text_layer_get_content_size
                0x0000000000000000        0xc /usr/local/Cellar/pebble-sdk/3.6/Pebble/aplite/lib/libpebble.a(tmpvXKNpYpebble.o)
 .text.text_layer_get_text
                0x0000000000000000        0xc /usr/local/Cellar/pebble-sdk/3.6/Pebble/aplite/lib/libpebble.a(tmpvXKNpYpebble.o)
 .text.text_layer_set_overflow_mode
                0x0000000000000000        0xc /usr/local/Cellar/pebble-sdk/3.6/Pebble/aplite/lib/libpebble.a(tmpvXKNpYpebble.o)
 .text.text_layer_set_size
                0x0000000000000000        0xc /usr/local/Cellar/pebble-sdk/3.6/Pebble/aplite/lib/libpebble.a(tmpvXKNpYpebble.o)
 .text.time_ms  0x0000000000000000        0xc /usr/local/Cellar/pebble-sdk/3.6/Pebble/aplite/lib/libpebble.a(tmpvXKNpYpebble.o)
 .text.vibes_cancel
                0x0000000000000000        0xc /usr/local/Cellar/pebble-sdk/3.6/Pebble/aplite/lib/libpebble.a(tmpvXKNpYpebble.o)
 .text.vibes_double_pulse
                0x0000000000000000        0xc /usr/local/Cellar/pebble-sdk/3.6/Pebble/aplite/lib/libpebble.a(tmpvXKNpYpebble.o)
 .text.vibes_long_pulse
                0x0000000000000000        0xc /usr/local/Cellar/pebble-sdk/3.6/Pebble/aplite/lib/libpebble.a(tmpvXKNpYpebble.o)
 .text.vibes_short_pulse
                0x0000000000000000        0xc /usr/local/Cellar/pebble-sdk/3.6/Pebble/aplite/lib/libpebble.a(tmpvXKNpYpebble.o)
 .text.window_get_click_config_provider
                0x0000000000000000        0xc /usr/local/Cellar/pebble-sdk/3.6/Pebble/aplite/lib/libpebble.a(tmpvXKNpYpebble.o)
 .text.window_get_fullscreen
                0x0000000000000000        0xc /usr/local/Cellar/pebble-sdk/3.6/Pebble/aplite/lib/libpebble.a(tmpvXKNpYpebble.o)
 .text.window_is_loaded
                0x0000000000000000        0xc /usr/local/Cellar/pebble-sdk/3.6/Pebble/aplite/lib/libpebble.a(tmpvXKNpYpebble.o)
 .text.window_set_click_config_provider
                0x0000000000000000        0xc /usr/local/Cellar/pebble-sdk/3.6/Pebble/aplite/lib/libpebble.a(tmpvXKNpYpebble.o)
 .text.window_set_click_config_provider_with_context
                0x0000000000000000        0xc /usr/local/Cellar/pebble-sdk/3.6/Pebble/aplite/lib/libpebble.a(tmpvXKNpYpebble.o)
 .text.window_set_fullscreen
                0x0000000000000000        0xc /usr/local/Cellar/pebble-sdk/3.6/Pebble/aplite/lib/libpebble.a(tmpvXKNpYpebble.o)
 .text.window_set_status_bar_icon
                0x0000000000000000        0xc /usr/local/Cellar/pebble-sdk/3.6/Pebble/aplite/lib/libpebble.a(tmpvXKNpYpebble.o)
 .text.window_set_window_handlers
                0x0000000000000000        0xc /usr/local/Cellar/pebble-sdk/3.6/Pebble/aplite/lib/libpebble.a(tmpvXKNpYpebble.o)
 .text.window_stack_contains_window
                0x0000000000000000        0xc /usr/local/Cellar/pebble-sdk/3.6/Pebble/aplite/lib/libpebble.a(tmpvXKNpYpebble.o)
 .text.window_stack_get_top_window
                0x0000000000000000        0xc /usr/local/Cellar/pebble-sdk/3.6/Pebble/aplite/lib/libpebble.a(tmpvXKNpYpebble.o)
 .text.window_stack_pop
                0x0000000000000000        0xc /usr/local/Cellar/pebble-sdk/3.6/Pebble/aplite/lib/libpebble.a(tmpvXKNpYpebble.o)
 .text.window_stack_pop_all
                0x0000000000000000        0xc /usr/local/Cellar/pebble-sdk/3.6/Pebble/aplite/lib/libpebble.a(tmpvXKNpYpebble.o)
 .text.window_stack_remove
                0x0000000000000000        0xc /usr/local/Cellar/pebble-sdk/3.6/Pebble/aplite/lib/libpebble.a(tmpvXKNpYpebble.o)
 .text.app_focus_service_subscribe
                0x0000000000000000        0xc /usr/local/Cellar/pebble-sdk/3.6/Pebble/aplite/lib/libpebble.a(tmpvXKNpYpebble.o)
 .text.app_focus_service_unsubscribe
                0x0000000000000000        0xc /usr/local/Cellar/pebble-sdk/3.6/Pebble/aplite/lib/libpebble.a(tmpvXKNpYpebble.o)
 .text.window_get_user_data
                0x0000000000000000        0xc /usr/local/Cellar/pebble-sdk/3.6/Pebble/aplite/lib/libpebble.a(tmpvXKNpYpebble.o)
 .text.window_set_user_data
                0x0000000000000000        0xc /usr/local/Cellar/pebble-sdk/3.6/Pebble/aplite/lib/libpebble.a(tmpvXKNpYpebble.o)
 .text.app_message_get_context
                0x0000000000000000        0xc /usr/local/Cellar/pebble-sdk/3.6/Pebble/aplite/lib/libpebble.a(tmpvXKNpYpebble.o)
 .text.app_message_register_outbox_sent
                0x0000000000000000        0xc /usr/local/Cellar/pebble-sdk/3.6/Pebble/aplite/lib/libpebble.a(tmpvXKNpYpebble.o)
 .text.app_message_set_context
                0x0000000000000000        0xc /usr/local/Cellar/pebble-sdk/3.6/Pebble/aplite/lib/libpebble.a(tmpvXKNpYpebble.o)
 .text.window_long_click_subscribe
                0x0000000000000000        0xc /usr/local/Cellar/pebble-sdk/3.6/Pebble/aplite/lib/libpebble.a(tmpvXKNpYpebble.o)
 .text.window_multi_click_subscribe
                0x0000000000000000        0xc /usr/local/Cellar/pebble-sdk/3.6/Pebble/aplite/lib/libpebble.a(tmpvXKNpYpebble.o)
 .text.window_raw_click_subscribe
                0x0000000000000000        0xc /usr/local/Cellar/pebble-sdk/3.6/Pebble/aplite/lib/libpebble.a(tmpvXKNpYpebble.o)
 .text.window_set_click_context
                0x0000000000000000        0xc /usr/local/Cellar/pebble-sdk/3.6/Pebble/aplite/lib/libpebble.a(tmpvXKNpYpebble.o)
 .text.window_single_click_subscribe
                0x0000000000000000        0xc /usr/local/Cellar/pebble-sdk/3.6/Pebble/aplite/lib/libpebble.a(tmpvXKNpYpebble.o)
 .text.window_single_repeating_click_subscribe
                0x0000000000000000        0xc /usr/local/Cellar/pebble-sdk/3.6/Pebble/aplite/lib/libpebble.a(tmpvXKNpYpebble.o)
 .text.graphics_draw_text
                0x0000000000000000        0xc /usr/local/Cellar/pebble-sdk/3.6/Pebble/aplite/lib/libpebble.a(tmpvXKNpYpebble.o)
 .text.dict_serialize_tuplets_to_buffer
                0x0000000000000000        0xc /usr/local/Cellar/pebble-sdk/3.6/Pebble/aplite/lib/libpebble.a(tmpvXKNpYpebble.o)
 .text.dict_size
                0x0000000000000000        0xc /usr/local/Cellar/pebble-sdk/3.6/Pebble/aplite/lib/libpebble.a(tmpvXKNpYpebble.o)
 .text.graphics_text_layout_get_content_size
                0x0000000000000000        0xc /usr/local/Cellar/pebble-sdk/3.6/Pebble/aplite/lib/libpebble.a(tmpvXKNpYpebble.o)
 .text.simple_menu_layer_get_menu_layer
                0x0000000000000000        0xc /usr/local/Cellar/pebble-sdk/3.6/Pebble/aplite/lib/libpebble.a(tmpvXKNpYpebble.o)
 .text.accel_data_service_subscribe
                0x0000000000000000        0xc /usr/local/Cellar/pebble-sdk/3.6/Pebble/aplite/lib/libpebble.a(tmpvXKNpYpebble.o)
 .text.calloc   0x0000000000000000        0xc /usr/local/Cellar/pebble-sdk/3.6/Pebble/aplite/lib/libpebble.a(tmpvXKNpYpebble.o)
 .text.bitmap_layer_get_bitmap
                0x0000000000000000        0xc /usr/local/Cellar/pebble-sdk/3.6/Pebble/aplite/lib/libpebble.a(tmpvXKNpYpebble.o)
 .text.menu_layer_set_callbacks
                0x0000000000000000        0xc /usr/local/Cellar/pebble-sdk/3.6/Pebble/aplite/lib/libpebble.a(tmpvXKNpYpebble.o)
 .text.window_get_click_config_context
                0x0000000000000000        0xc /usr/local/Cellar/pebble-sdk/3.6/Pebble/aplite/lib/libpebble.a(tmpvXKNpYpebble.o)
 .text.number_window_get_window
                0x0000000000000000        0xc /usr/local/Cellar/pebble-sdk/3.6/Pebble/aplite/lib/libpebble.a(tmpvXKNpYpebble.o)
 .text.realloc  0x0000000000000000        0xc /usr/local/Cellar/pebble-sdk/3.6/Pebble/aplite/lib/libpebble.a(tmpvXKNpYpebble.o)
 .text.__gbitmap_create_blank
                0x0000000000000000        0xc /usr/local/Cellar/pebble-sdk/3.6/Pebble/aplite/lib/libpebble.a(tmpvXKNpYpebble.o)
 .text.click_recognizer_is_repeating
                0x0000000000000000        0xc /usr/local/Cellar/pebble-sdk/3.6/Pebble/aplite/lib/libpebble.a(tmpvXKNpYpebble.o)
 .text.accel_raw_data_service_subscribe
                0x0000000000000000        0xc /usr/local/Cellar/pebble-sdk/3.6/Pebble/aplite/lib/libpebble.a(tmpvXKNpYpebble.o)
 .text.app_worker_is_running
                0x0000000000000000        0xc /usr/local/Cellar/pebble-sdk/3.6/Pebble/aplite/lib/libpebble.a(tmpvXKNpYpebble.o)
 .text.app_worker_kill
                0x0000000000000000        0xc /usr/local/Cellar/pebble-sdk/3.6/Pebble/aplite/lib/libpebble.a(tmpvXKNpYpebble.o)
 .text.app_worker_launch
                0x0000000000000000        0xc /usr/local/Cellar/pebble-sdk/3.6/Pebble/aplite/lib/libpebble.a(tmpvXKNpYpebble.o)
 .text.app_worker_message_subscribe
                0x0000000000000000        0xc /usr/local/Cellar/pebble-sdk/3.6/Pebble/aplite/lib/libpebble.a(tmpvXKNpYpebble.o)
 .text.app_worker_message_unsubscribe
                0x0000000000000000        0xc /usr/local/Cellar/pebble-sdk/3.6/Pebble/aplite/lib/libpebble.a(tmpvXKNpYpebble.o)
 .text.app_worker_send_message
                0x0000000000000000        0xc /usr/local/Cellar/pebble-sdk/3.6/Pebble/aplite/lib/libpebble.a(tmpvXKNpYpebble.o)
 .text.worker_event_loop
                0x0000000000000000        0xc /usr/local/Cellar/pebble-sdk/3.6/Pebble/aplite/lib/libpebble.a(tmpvXKNpYpebble.o)
 .text.worker_launch_app
                0x0000000000000000        0xc /usr/local/Cellar/pebble-sdk/3.6/Pebble/aplite/lib/libpebble.a(tmpvXKNpYpebble.o)
 .text.heap_bytes_free
                0x0000000000000000        0xc /usr/local/Cellar/pebble-sdk/3.6/Pebble/aplite/lib/libpebble.a(tmpvXKNpYpebble.o)
 .text.heap_bytes_used
                0x0000000000000000        0xc /usr/local/Cellar/pebble-sdk/3.6/Pebble/aplite/lib/libpebble.a(tmpvXKNpYpebble.o)
 .text.compass_service_peek
                0x0000000000000000        0xc /usr/local/Cellar/pebble-sdk/3.6/Pebble/aplite/lib/libpebble.a(tmpvXKNpYpebble.o)
 .text.compass_service_set_heading_filter
                0x0000000000000000        0xc /usr/local/Cellar/pebble-sdk/3.6/Pebble/aplite/lib/libpebble.a(tmpvXKNpYpebble.o)
 .text.compass_service_subscribe
                0x0000000000000000        0xc /usr/local/Cellar/pebble-sdk/3.6/Pebble/aplite/lib/libpebble.a(tmpvXKNpYpebble.o)
 .text.compass_service_unsubscribe
                0x0000000000000000        0xc /usr/local/Cellar/pebble-sdk/3.6/Pebble/aplite/lib/libpebble.a(tmpvXKNpYpebble.o)
 .text.uuid_equal
                0x0000000000000000        0xc /usr/local/Cellar/pebble-sdk/3.6/Pebble/aplite/lib/libpebble.a(tmpvXKNpYpebble.o)
 .text.uuid_to_string
                0x0000000000000000        0xc /usr/local/Cellar/pebble-sdk/3.6/Pebble/aplite/lib/libpebble.a(tmpvXKNpYpebble.o)
 .text.gpath_draw_filled
                0x0000000000000000        0xc /usr/local/Cellar/pebble-sdk/3.6/Pebble/aplite/lib/libpebble.a(tmpvXKNpYpebble.o)
 .text.animation_set_custom_curve
                0x0000000000000000        0xc /usr/local/Cellar/pebble-sdk/3.6/Pebble/aplite/lib/libpebble.a(tmpvXKNpYpebble.o)
 .text.watch_info_get_color
                0x0000000000000000        0xc /usr/local/Cellar/pebble-sdk/3.6/Pebble/aplite/lib/libpebble.a(tmpvXKNpYpebble.o)
 .text.watch_info_get_firmware_version
                0x0000000000000000        0xc /usr/local/Cellar/pebble-sdk/3.6/Pebble/aplite/lib/libpebble.a(tmpvXKNpYpebble.o)
 .text.watch_info_get_model
                0x0000000000000000        0xc /usr/local/Cellar/pebble-sdk/3.6/Pebble/aplite/lib/libpebble.a(tmpvXKNpYpebble.o)
 .text.graphics_capture_frame_buffer
                0x0000000000000000        0xc /usr/local/Cellar/pebble-sdk/3.6/Pebble/aplite/lib/libpebble.a(tmpvXKNpYpebble.o)
 .text.graphics_frame_buffer_is_captured
                0x0000000000000000        0xc /usr/local/Cellar/pebble-sdk/3.6/Pebble/aplite/lib/libpebble.a(tmpvXKNpYpebble.o)
 .text.graphics_release_frame_buffer
                0x0000000000000000        0xc /usr/local/Cellar/pebble-sdk/3.6/Pebble/aplite/lib/libpebble.a(tmpvXKNpYpebble.o)
 .text.clock_to_timestamp
                0x0000000000000000        0xc /usr/local/Cellar/pebble-sdk/3.6/Pebble/aplite/lib/libpebble.a(tmpvXKNpYpebble.o)
 .text.launch_reason
                0x0000000000000000        0xc /usr/local/Cellar/pebble-sdk/3.6/Pebble/aplite/lib/libpebble.a(tmpvXKNpYpebble.o)
 .text.wakeup_cancel
                0x0000000000000000        0xc /usr/local/Cellar/pebble-sdk/3.6/Pebble/aplite/lib/libpebble.a(tmpvXKNpYpebble.o)
 .text.wakeup_cancel_all
                0x0000000000000000        0xc /usr/local/Cellar/pebble-sdk/3.6/Pebble/aplite/lib/libpebble.a(tmpvXKNpYpebble.o)
 .text.wakeup_get_launch_event
                0x0000000000000000        0xc /usr/local/Cellar/pebble-sdk/3.6/Pebble/aplite/lib/libpebble.a(tmpvXKNpYpebble.o)
 .text.wakeup_query
                0x0000000000000000        0xc /usr/local/Cellar/pebble-sdk/3.6/Pebble/aplite/lib/libpebble.a(tmpvXKNpYpebble.o)
 .text.wakeup_schedule
                0x0000000000000000        0xc /usr/local/Cellar/pebble-sdk/3.6/Pebble/aplite/lib/libpebble.a(tmpvXKNpYpebble.o)
 .text.wakeup_service_subscribe
                0x0000000000000000        0xc /usr/local/Cellar/pebble-sdk/3.6/Pebble/aplite/lib/libpebble.a(tmpvXKNpYpebble.o)
 .text.clock_is_timezone_set
                0x0000000000000000        0xc /usr/local/Cellar/pebble-sdk/3.6/Pebble/aplite/lib/libpebble.a(tmpvXKNpYpebble.o)
 .text.i18n_get_system_locale
                0x0000000000000000        0xc /usr/local/Cellar/pebble-sdk/3.6/Pebble/aplite/lib/libpebble.a(tmpvXKNpYpebble.o)
 .text._localeconv_r
                0x0000000000000000        0xc /usr/local/Cellar/pebble-sdk/3.6/Pebble/aplite/lib/libpebble.a(tmpvXKNpYpebble.o)
 .text.setlocale
                0x0000000000000000        0xc /usr/local/Cellar/pebble-sdk/3.6/Pebble/aplite/lib/libpebble.a(tmpvXKNpYpebble.o)
 .text.mktime   0x0000000000000000        0xc /usr/local/Cellar/pebble-sdk/3.6/Pebble/aplite/lib/libpebble.a(tmpvXKNpYpebble.o)
 .bss           0x0000000000000000        0x0 /usr/local/Cellar/pebble-toolchain/2.0/arm-cs-tools/bin/../lib/gcc/arm-none-eabi/4.7.2/thumb2/libgcc.a(_arm_addsubsf3.o)
 .bss           0x0000000000000000        0x0 /usr/local/Cellar/pebble-toolchain/2.0/arm-cs-tools/bin/../lib/gcc/arm-none-eabi/4.7.2/thumb2/libgcc.a(_arm_muldivsf3.o)
 .bss           0x0000000000000000        0x0 /usr/local/Cellar/pebble-toolchain/2.0/arm-cs-tools/bin/../lib/gcc/arm-none-eabi/4.7.2/thumb2/libgcc.a(_arm_cmpsf2.o)
 .bss           0x0000000000000000        0x0 /usr/local/Cellar/pebble-toolchain/2.0/arm-cs-tools/bin/../lib/gcc/arm-none-eabi/4.7.2/thumb2/libgcc.a(_arm_fixsfsi.o)
 .text          0x0000000000000000        0x0 /usr/local/Cellar/pebble-toolchain/2.0/arm-cs-tools/bin/../lib/gcc/arm-none-eabi/4.7.2/thumb2/crtend.o
 .bss           0x0000000000000000        0x0 /usr/local/Cellar/pebble-toolchain/2.0/arm-cs-tools/bin/../lib/gcc/arm-none-eabi/4.7.2/thumb2/crtend.o
 .eh_frame      0x0000000000000000        0x4 /usr/local/Cellar/pebble-toolchain/2.0/arm-cs-tools/bin/../lib/gcc/arm-none-eabi/4.7.2/thumb2/crtend.o
 .jcr           0x0000000000000000        0x4 /usr/local/Cellar/pebble-toolchain/2.0/arm-cs-tools/bin/../lib/gcc/arm-none-eabi/4.7.2/thumb2/crtend.o
 .tm_clone_table
                0x0000000000000000        0x0 /usr/local/Cellar/pebble-toolchain/2.0/arm-cs-tools/bin/../lib/gcc/arm-none-eabi/4.7.2/thumb2/crtend.o
 .text          0x0000000000000000        0x0 /usr/local/Cellar/pebble-toolchain/2.0/arm-cs-tools/bin/../lib/gcc/arm-none-eabi/4.7.2/thumb2/crtn.o
 .bss           0x0000000000000000        0x0 /usr/local/Cellar/pebble-toolchain/2.0/arm-cs-tools/bin/../lib/gcc/arm-none-eabi/4.7.2/thumb2/crtn.o
 .init          0x0000000000000000        0x8 /usr/local/Cellar/pebble-toolchain/2.0/arm-cs-tools/bin/../lib/gcc/arm-none-eabi/4.7.2/thumb2/crtn.o
 .fini          0x0000000000000000        0x8 /usr/local/Cellar/pebble-toolchain/2.0/arm-cs-tools/bin/../lib/gcc/arm-none-eabi/4.7.2/thumb2/crtn.o

Memory Configuration

Name             Origin             Length             Attributes
APP              0x0000000000000000 0x0000000000006000 xrw
*default*        0x0000000000000000 0xffffffffffffffff

Linker script and memory map

LOAD /usr/local/Cellar/pebble-toolchain/2.0/arm-cs-tools/bin/../lib/gcc/arm-none-eabi/4.7.2/thumb2/crti.o
LOAD /usr/local/Cellar/pebble-toolchain/2.0/arm-cs-tools/bin/../lib/gcc/arm-none-eabi/4.7.2/thumb2/crtbegin.o
LOAD src/main.c.12.o
LOAD aplite/appinfo.auto.c.12.o
LOAD /usr/local/Cellar/pebble-sdk/3.6/Pebble/aplite/lib/libpebble.a
START GROUP
LOAD /usr/local/Cellar/pebble-toolchain/2.0/arm-cs-tools/bin/../lib/gcc/arm-none-eabi/4.7.2/thumb2/libgcc.a
LOAD /usr/local/Cellar/pebble-toolchain/2.0/arm-cs-tools/bin/../lib/gcc/arm-none-eabi/4.7.2/../../../../arm-none-eabi/lib/thumb2/libc.a
END GROUP
LOAD /usr/local/Cellar/pebble-toolchain/2.0/arm-cs-tools/bin/../lib/gcc/arm-none-eabi/4.7.2/thumb2/crtend.o
LOAD /usr/local/Cellar/pebble-toolchain/2.0/arm-cs-tools/bin/../lib/gcc/arm-none-eabi/4.7.2/thumb2/crtn.o

.header         0x0000000000000000       0x82
 *(.pbl_header)
 .pbl_header    0x0000000000000000       0x82 aplite/appinfo.auto.c.12.o
                0x0000000000000000                __pbl_app_info

.note.gnu.build-id
                0x0000000000000082       0x26
                0x0000000000000082                PROVIDE (BUILD_ID, .)
 *(.note.gnu.build-id)
 *fill*         0x0000000000000082        0x2 
 .note.gnu.build-id
                0x0000000000000084       0x24 linker stubs

.text           0x00000000000000a8     0x28ac
 *(.text)
 .text          0x00000000000000a8       0x14 /usr/local/Cellar/pebble-sdk/3.6/Pebble/aplite/lib/libpebble.a(tmpvXKNpYpebble.o)
 .text          0x00000000000000bc      0x21c /usr/local/Cellar/pebble-toolchain/2.0/arm-cs-tools/bin/../lib/gcc/arm-none-eabi/4.7.2/thumb2/libgcc.a(_arm_addsubsf3.o)
                0x00000000000000bc                __aeabi_frsub
                0x00000000000000c4                __aeabi_fsub
                0x00000000000000c4                __subsf3
                0x00000000000000c8                __aeabi_fadd
                0x00000000000000c8                __addsf3
                0x0000000000000228                __aeabi_ui2f
                0x0000000000000228                __floatunsisf
                0x0000000000000230                __floatsisf
                0x0000000000000230                __aeabi_i2f
                0x000000000000024c                __aeabi_ul2f
                0x000000000000024c                __floatundisf
                0x000000000000025c                __aeabi_l2f
                0x000000000000025c                __floatdisf
 .text          0x00000000000002d8      0x2a0 /usr/local/Cellar/pebble-toolchain/2.0/arm-cs-tools/bin/../lib/gcc/arm-none-eabi/4.7.2/thumb2/libgcc.a(_arm_muldivsf3.o)
                0x00000000000002d8                __mulsf3
                0x00000000000002d8                __aeabi_fmul
                0x0000000000000440                __divsf3
                0x0000000000000440                __aeabi_fdiv
 .text          0x0000000000000578       0xec /usr/local/Cellar/pebble-toolchain/2.0/arm-cs-tools/bin/../lib/gcc/arm-none-eabi/4.7.2/thumb2/libgcc.a(_arm_cmpsf2.o)
                0x0000000000000578                __gesf2
                0x0000000000000578                __gtsf2
                0x0000000000000580                __ltsf2
                0x0000000000000580                __lesf2
                0x0000000000000588                __nesf2
                0x0000000000000588                __eqsf2
                0x0000000000000588                __cmpsf2
                0x00000000000005e8                __aeabi_cfrcmple
                0x00000000000005f0                __aeabi_cfcmpeq
                0x00000000000005f0                __aeabi_cfcmple
                0x0000000000000600                __aeabi_fcmpeq
                0x0000000000000614                __aeabi_fcmplt
                0x0000000000000628                __aeabi_fcmple
                0x000000000000063c                __aeabi_fcmpge
                0x0000000000000650                __aeabi_fcmpgt
 .text          0x0000000000000664       0x4c /usr/local/Cellar/pebble-toolchain/2.0/arm-cs-tools/bin/../lib/gcc/arm-none-eabi/4.7.2/thumb2/libgcc.a(_arm_fixsfsi.o)
                0x0000000000000664                __fixsfsi
                0x0000000000000664                __aeabi_f2iz
 *(.text.*)
 .text.out_failed_handler
                0x00000000000006b0       0x1c src/main.c.12.o
                0x00000000000006b0                out_failed_handler
 .text.in_dropped_handler
                0x00000000000006cc       0x1c src/main.c.12.o
                0x00000000000006cc                in_dropped_handler
 .text.trotteuse_update_proc
                0x00000000000006e8       0x50 src/main.c.12.o
                0x00000000000006e8                trotteuse_update_proc
 .text.graph_update_proc
                0x0000000000000738       0x40 src/main.c.12.o
                0x0000000000000738                graph_update_proc
 .text.bluetooth_handler
                0x0000000000000778       0xc8 src/main.c.12.o
                0x0000000000000778                bluetooth_handler
 .text.trotteuse_scale_update_proc
                0x0000000000000840       0x8c src/main.c.12.o
                0x0000000000000840                trotteuse_scale_update_proc
 .text._string2float
                0x00000000000008cc       0x8c src/main.c.12.o
                0x00000000000008cc                _string2float
 .text._itoa    0x0000000000000958       0x4a src/main.c.12.o
                0x0000000000000958                _itoa
 *fill*         0x00000000000009a2        0x2 
 .text.battery_handler
                0x00000000000009a4      0x118 src/main.c.12.o
                0x00000000000009a4                battery_handler
 .text.strchr   0x0000000000000abc       0x1a src/main.c.12.o
                0x0000000000000abc                strchr
 *fill*         0x0000000000000ad6        0x2 
 .text._atoi    0x0000000000000ad8       0x74 src/main.c.12.o
                0x0000000000000ad8                _atoi
 .text.push_point
                0x0000000000000b4c       0x8c src/main.c.12.o
                0x0000000000000b4c                push_point
 .text.fetch_msg
                0x0000000000000bd8       0xe8 src/main.c.12.o
                0x0000000000000bd8                fetch_msg
 .text.in_received_handler
                0x0000000000000cc0      0x830 src/main.c.12.o
                0x0000000000000cc0                in_received_handler
 .text.handle_minute_tick
                0x00000000000014f0       0xd8 src/main.c.12.o
                0x00000000000014f0                handle_minute_tick
 .text.app_message_init
                0x00000000000015c8       0x3c src/main.c.12.o
                0x00000000000015c8                app_message_init
 .text.weather_layer_init
                0x0000000000001604      0x42c src/main.c.12.o
                0x0000000000001604                weather_layer_init
 .text.weather_layer_deinit
                0x0000000000001a30       0x58 src/main.c.12.o
                0x0000000000001a30                weather_layer_deinit
 .text.init     0x0000000000001a88      0x618 src/main.c.12.o
                0x0000000000001a88                init
 .text.deinit   0x00000000000020a0       0xf0 src/main.c.12.o
                0x00000000000020a0                deinit
 .text.startup.main
                0x0000000000002190       0x12 src/main.c.12.o
                0x0000000000002190                main
 *fill*         0x00000000000021a2        0x2 
 .text.app_event_loop
                0x00000000000021a4        0xc /usr/local/Cellar/pebble-sdk/3.6/Pebble/aplite/lib/libpebble.a(tmpvXKNpYpebble.o)
                0x00000000000021a4                app_event_loop
 .text.app_log  0x00000000000021b0        0xc /usr/local/Cellar/pebble-sdk/3.6/Pebble/aplite/lib/libpebble.a(tmpvXKNpYpebble.o)
                0x00000000000021b0                app_log
 .text.app_message_open
                0x00000000000021bc        0xc /usr/local/Cellar/pebble-sdk/3.6/Pebble/aplite/lib/libpebble.a(tmpvXKNpYpebble.o)
                0x00000000000021bc                app_message_open
 .text.battery_state_service_peek
                0x00000000000021c8        0xc /usr/local/Cellar/pebble-sdk/3.6/Pebble/aplite/lib/libpebble.a(tmpvXKNpYpebble.o)
                0x00000000000021c8                battery_state_service_peek
 .text.battery_state_service_subscribe
                0x00000000000021d4        0xc /usr/local/Cellar/pebble-sdk/3.6/Pebble/aplite/lib/libpebble.a(tmpvXKNpYpebble.o)
                0x00000000000021d4                battery_state_service_subscribe
 .text.battery_state_service_unsubscribe
                0x00000000000021e0        0xc /usr/local/Cellar/pebble-sdk/3.6/Pebble/aplite/lib/libpebble.a(tmpvXKNpYpebble.o)
                0x00000000000021e0                battery_state_service_unsubscribe
 .text.bitmap_layer_create
                0x00000000000021ec        0xc /usr/local/Cellar/pebble-sdk/3.6/Pebble/aplite/lib/libpebble.a(tmpvXKNpYpebble.o)
                0x00000000000021ec                bitmap_layer_create
 .text.bitmap_layer_destroy
                0x00000000000021f8        0xc /usr/local/Cellar/pebble-sdk/3.6/Pebble/aplite/lib/libpebble.a(tmpvXKNpYpebble.o)
                0x00000000000021f8                bitmap_layer_destroy
 .text.bitmap_layer_get_layer
                0x0000000000002204        0xc /usr/local/Cellar/pebble-sdk/3.6/Pebble/aplite/lib/libpebble.a(tmpvXKNpYpebble.o)
                0x0000000000002204                bitmap_layer_get_layer
 .text.bitmap_layer_set_background_color
                0x0000000000002210        0xc /usr/local/Cellar/pebble-sdk/3.6/Pebble/aplite/lib/libpebble.a(tmpvXKNpYpebble.o)
                0x0000000000002210                bitmap_layer_set_background_color
 .text.bitmap_layer_set_bitmap
                0x000000000000221c        0xc /usr/local/Cellar/pebble-sdk/3.6/Pebble/aplite/lib/libpebble.a(tmpvXKNpYpebble.o)
                0x000000000000221c                bitmap_layer_set_bitmap
 .text.bitmap_layer_set_compositing_mode
                0x0000000000002228        0xc /usr/local/Cellar/pebble-sdk/3.6/Pebble/aplite/lib/libpebble.a(tmpvXKNpYpebble.o)
                0x0000000000002228                bitmap_layer_set_compositing_mode
 .text.bluetooth_connection_service_peek
                0x0000000000002234        0xc /usr/local/Cellar/pebble-sdk/3.6/Pebble/aplite/lib/libpebble.a(tmpvXKNpYpebble.o)
                0x0000000000002234                bluetooth_connection_service_peek
 .text.bluetooth_connection_service_subscribe
                0x0000000000002240        0xc /usr/local/Cellar/pebble-sdk/3.6/Pebble/aplite/lib/libpebble.a(tmpvXKNpYpebble.o)
                0x0000000000002240                bluetooth_connection_service_subscribe
 .text.bluetooth_connection_service_unsubscribe
                0x000000000000224c        0xc /usr/local/Cellar/pebble-sdk/3.6/Pebble/aplite/lib/libpebble.a(tmpvXKNpYpebble.o)
                0x000000000000224c                bluetooth_connection_service_unsubscribe
 .text.dict_find
                0x0000000000002258        0xc /usr/local/Cellar/pebble-sdk/3.6/Pebble/aplite/lib/libpebble.a(tmpvXKNpYpebble.o)
                0x0000000000002258                dict_find
 .text.dict_write_cstring
                0x0000000000002264        0xc /usr/local/Cellar/pebble-sdk/3.6/Pebble/aplite/lib/libpebble.a(tmpvXKNpYpebble.o)
                0x0000000000002264                dict_write_cstring
 .text.dict_write_end
                0x0000000000002270        0xc /usr/local/Cellar/pebble-sdk/3.6/Pebble/aplite/lib/libpebble.a(tmpvXKNpYpebble.o)
                0x0000000000002270                dict_write_end
 .text.fonts_get_system_font
                0x000000000000227c        0xc /usr/local/Cellar/pebble-sdk/3.6/Pebble/aplite/lib/libpebble.a(tmpvXKNpYpebble.o)
                0x000000000000227c                fonts_get_system_font
 .text.fonts_load_custom_font
                0x0000000000002288        0xc /usr/local/Cellar/pebble-sdk/3.6/Pebble/aplite/lib/libpebble.a(tmpvXKNpYpebble.o)
                0x0000000000002288                fonts_load_custom_font
 .text.gbitmap_create_with_resource
                0x0000000000002294        0xc /usr/local/Cellar/pebble-sdk/3.6/Pebble/aplite/lib/libpebble.a(tmpvXKNpYpebble.o)
                0x0000000000002294                gbitmap_create_with_resource
 .text.gbitmap_destroy
                0x00000000000022a0        0xc /usr/local/Cellar/pebble-sdk/3.6/Pebble/aplite/lib/libpebble.a(tmpvXKNpYpebble.o)
                0x00000000000022a0                gbitmap_destroy
 .text.gpath_create
                0x00000000000022ac        0xc /usr/local/Cellar/pebble-sdk/3.6/Pebble/aplite/lib/libpebble.a(tmpvXKNpYpebble.o)
                0x00000000000022ac                gpath_create
 .text.gpath_destroy
                0x00000000000022b8        0xc /usr/local/Cellar/pebble-sdk/3.6/Pebble/aplite/lib/libpebble.a(tmpvXKNpYpebble.o)
                0x00000000000022b8                gpath_destroy
 .text.gpath_draw_outline
                0x00000000000022c4        0xc /usr/local/Cellar/pebble-sdk/3.6/Pebble/aplite/lib/libpebble.a(tmpvXKNpYpebble.o)
                0x00000000000022c4                gpath_draw_outline
 .text.graphics_context_set_stroke_color
                0x00000000000022d0        0xc /usr/local/Cellar/pebble-sdk/3.6/Pebble/aplite/lib/libpebble.a(tmpvXKNpYpebble.o)
                0x00000000000022d0                graphics_context_set_stroke_color
 .text.graphics_draw_line
                0x00000000000022dc        0xc /usr/local/Cellar/pebble-sdk/3.6/Pebble/aplite/lib/libpebble.a(tmpvXKNpYpebble.o)
                0x00000000000022dc                graphics_draw_line
 .text.layer_add_child
                0x00000000000022e8        0xc /usr/local/Cellar/pebble-sdk/3.6/Pebble/aplite/lib/libpebble.a(tmpvXKNpYpebble.o)
                0x00000000000022e8                layer_add_child
 .text.layer_create
                0x00000000000022f4        0xc /usr/local/Cellar/pebble-sdk/3.6/Pebble/aplite/lib/libpebble.a(tmpvXKNpYpebble.o)
                0x00000000000022f4                layer_create
 .text.layer_destroy
                0x0000000000002300        0xc /usr/local/Cellar/pebble-sdk/3.6/Pebble/aplite/lib/libpebble.a(tmpvXKNpYpebble.o)
                0x0000000000002300                layer_destroy
 .text.layer_insert_below_sibling
                0x000000000000230c        0xc /usr/local/Cellar/pebble-sdk/3.6/Pebble/aplite/lib/libpebble.a(tmpvXKNpYpebble.o)
                0x000000000000230c                layer_insert_below_sibling
 .text.layer_mark_dirty
                0x0000000000002318        0xc /usr/local/Cellar/pebble-sdk/3.6/Pebble/aplite/lib/libpebble.a(tmpvXKNpYpebble.o)
                0x0000000000002318                layer_mark_dirty
 .text.layer_set_frame
                0x0000000000002324        0xc /usr/local/Cellar/pebble-sdk/3.6/Pebble/aplite/lib/libpebble.a(tmpvXKNpYpebble.o)
                0x0000000000002324                layer_set_frame
 .text.layer_set_update_proc
                0x0000000000002330        0xc /usr/local/Cellar/pebble-sdk/3.6/Pebble/aplite/lib/libpebble.a(tmpvXKNpYpebble.o)
                0x0000000000002330                layer_set_update_proc
 .text.localtime
                0x000000000000233c        0xc /usr/local/Cellar/pebble-sdk/3.6/Pebble/aplite/lib/libpebble.a(tmpvXKNpYpebble.o)
                0x000000000000233c                localtime
 .text.persist_delete
                0x0000000000002348        0xc /usr/local/Cellar/pebble-sdk/3.6/Pebble/aplite/lib/libpebble.a(tmpvXKNpYpebble.o)
                0x0000000000002348                persist_delete
 .text.persist_exists
                0x0000000000002354        0xc /usr/local/Cellar/pebble-sdk/3.6/Pebble/aplite/lib/libpebble.a(tmpvXKNpYpebble.o)
                0x0000000000002354                persist_exists
 .text.persist_read_bool
                0x0000000000002360        0xc /usr/local/Cellar/pebble-sdk/3.6/Pebble/aplite/lib/libpebble.a(tmpvXKNpYpebble.o)
                0x0000000000002360                persist_read_bool
 .text.persist_write_bool
                0x000000000000236c        0xc /usr/local/Cellar/pebble-sdk/3.6/Pebble/aplite/lib/libpebble.a(tmpvXKNpYpebble.o)
                0x000000000000236c                persist_write_bool
 .text.persist_write_string
                0x0000000000002378        0xc /usr/local/Cellar/pebble-sdk/3.6/Pebble/aplite/lib/libpebble.a(tmpvXKNpYpebble.o)
                0x0000000000002378                persist_write_string
 .text.resource_get_handle
                0x0000000000002384        0xc /usr/local/Cellar/pebble-sdk/3.6/Pebble/aplite/lib/libpebble.a(tmpvXKNpYpebble.o)
                0x0000000000002384                resource_get_handle
 .text.strcat   0x0000000000002390        0xc /usr/local/Cellar/pebble-sdk/3.6/Pebble/aplite/lib/libpebble.a(tmpvXKNpYpebble.o)
                0x0000000000002390                strcat
 .text.strcmp   0x000000000000239c        0xc /usr/local/Cellar/pebble-sdk/3.6/Pebble/aplite/lib/libpebble.a(tmpvXKNpYpebble.o)
                0x000000000000239c                strcmp
 .text.strcpy   0x00000000000023a8        0xc /usr/local/Cellar/pebble-sdk/3.6/Pebble/aplite/lib/libpebble.a(tmpvXKNpYpebble.o)
                0x00000000000023a8                strcpy
 .text.strftime
                0x00000000000023b4        0xc /usr/local/Cellar/pebble-sdk/3.6/Pebble/aplite/lib/libpebble.a(tmpvXKNpYpebble.o)
                0x00000000000023b4                strftime
 .text.strlen   0x00000000000023c0        0xc /usr/local/Cellar/pebble-sdk/3.6/Pebble/aplite/lib/libpebble.a(tmpvXKNpYpebble.o)
                0x00000000000023c0                strlen
 .text.strncat  0x00000000000023cc        0xc /usr/local/Cellar/pebble-sdk/3.6/Pebble/aplite/lib/libpebble.a(tmpvXKNpYpebble.o)
                0x00000000000023cc                strncat
 .text.strncpy  0x00000000000023d8        0xc /usr/local/Cellar/pebble-sdk/3.6/Pebble/aplite/lib/libpebble.a(tmpvXKNpYpebble.o)
                0x00000000000023d8                strncpy
 .text.text_layer_create
                0x00000000000023e4        0xc /usr/local/Cellar/pebble-sdk/3.6/Pebble/aplite/lib/libpebble.a(tmpvXKNpYpebble.o)
                0x00000000000023e4                text_layer_create
 .text.text_layer_destroy
                0x00000000000023f0        0xc /usr/local/Cellar/pebble-sdk/3.6/Pebble/aplite/lib/libpebble.a(tmpvXKNpYpebble.o)
                0x00000000000023f0                text_layer_destroy
 .text.text_layer_get_layer
                0x00000000000023fc        0xc /usr/local/Cellar/pebble-sdk/3.6/Pebble/aplite/lib/libpebble.a(tmpvXKNpYpebble.o)
                0x00000000000023fc                text_layer_get_layer
 .text.text_layer_set_background_color
                0x0000000000002408        0xc /usr/local/Cellar/pebble-sdk/3.6/Pebble/aplite/lib/libpebble.a(tmpvXKNpYpebble.o)
                0x0000000000002408                text_layer_set_background_color
 .text.text_layer_set_font
                0x0000000000002414        0xc /usr/local/Cellar/pebble-sdk/3.6/Pebble/aplite/lib/libpebble.a(tmpvXKNpYpebble.o)
                0x0000000000002414                text_layer_set_font
 .text.text_layer_set_text
                0x0000000000002420        0xc /usr/local/Cellar/pebble-sdk/3.6/Pebble/aplite/lib/libpebble.a(tmpvXKNpYpebble.o)
                0x0000000000002420                text_layer_set_text
 .text.text_layer_set_text_alignment
                0x000000000000242c        0xc /usr/local/Cellar/pebble-sdk/3.6/Pebble/aplite/lib/libpebble.a(tmpvXKNpYpebble.o)
                0x000000000000242c                text_layer_set_text_alignment
 .text.text_layer_set_text_color
                0x0000000000002438        0xc /usr/local/Cellar/pebble-sdk/3.6/Pebble/aplite/lib/libpebble.a(tmpvXKNpYpebble.o)
                0x0000000000002438                text_layer_set_text_color
 .text.tick_timer_service_subscribe
                0x0000000000002444        0xc /usr/local/Cellar/pebble-sdk/3.6/Pebble/aplite/lib/libpebble.a(tmpvXKNpYpebble.o)
                0x0000000000002444                tick_timer_service_subscribe
 .text.tick_timer_service_unsubscribe
                0x0000000000002450        0xc /usr/local/Cellar/pebble-sdk/3.6/Pebble/aplite/lib/libpebble.a(tmpvXKNpYpebble.o)
                0x0000000000002450                tick_timer_service_unsubscribe
 .text.time     0x000000000000245c        0xc /usr/local/Cellar/pebble-sdk/3.6/Pebble/aplite/lib/libpebble.a(tmpvXKNpYpebble.o)
                0x000000000000245c                time
 .text.vibes_enqueue_custom_pattern
                0x0000000000002468        0xc /usr/local/Cellar/pebble-sdk/3.6/Pebble/aplite/lib/libpebble.a(tmpvXKNpYpebble.o)
                0x0000000000002468                vibes_enqueue_custom_pattern
 .text.window_create
                0x0000000000002474        0xc /usr/local/Cellar/pebble-sdk/3.6/Pebble/aplite/lib/libpebble.a(tmpvXKNpYpebble.o)
                0x0000000000002474                window_create
 .text.window_destroy
                0x0000000000002480        0xc /usr/local/Cellar/pebble-sdk/3.6/Pebble/aplite/lib/libpebble.a(tmpvXKNpYpebble.o)
                0x0000000000002480                window_destroy
 .text.window_get_root_layer
                0x000000000000248c        0xc /usr/local/Cellar/pebble-sdk/3.6/Pebble/aplite/lib/libpebble.a(tmpvXKNpYpebble.o)
                0x000000000000248c                window_get_root_layer
 .text.window_set_background_color
                0x0000000000002498        0xc /usr/local/Cellar/pebble-sdk/3.6/Pebble/aplite/lib/libpebble.a(tmpvXKNpYpebble.o)
                0x0000000000002498                window_set_background_color
 .text.window_stack_push
                0x00000000000024a4        0xc /usr/local/Cellar/pebble-sdk/3.6/Pebble/aplite/lib/libpebble.a(tmpvXKNpYpebble.o)
                0x00000000000024a4                window_stack_push
 .text.app_message_inbox_size_maximum
                0x00000000000024b0        0xc /usr/local/Cellar/pebble-sdk/3.6/Pebble/aplite/lib/libpebble.a(tmpvXKNpYpebble.o)
                0x00000000000024b0                app_message_inbox_size_maximum
 .text.app_message_outbox_begin
                0x00000000000024bc        0xc /usr/local/Cellar/pebble-sdk/3.6/Pebble/aplite/lib/libpebble.a(tmpvXKNpYpebble.o)
                0x00000000000024bc                app_message_outbox_begin
 .text.app_message_outbox_send
                0x00000000000024c8        0xc /usr/local/Cellar/pebble-sdk/3.6/Pebble/aplite/lib/libpebble.a(tmpvXKNpYpebble.o)
                0x00000000000024c8                app_message_outbox_send
 .text.app_message_outbox_size_maximum
                0x00000000000024d4        0xc /usr/local/Cellar/pebble-sdk/3.6/Pebble/aplite/lib/libpebble.a(tmpvXKNpYpebble.o)
                0x00000000000024d4                app_message_outbox_size_maximum
 .text.app_message_register_inbox_dropped
                0x00000000000024e0        0xc /usr/local/Cellar/pebble-sdk/3.6/Pebble/aplite/lib/libpebble.a(tmpvXKNpYpebble.o)
                0x00000000000024e0                app_message_register_inbox_dropped
 .text.app_message_register_inbox_received
                0x00000000000024ec        0xc /usr/local/Cellar/pebble-sdk/3.6/Pebble/aplite/lib/libpebble.a(tmpvXKNpYpebble.o)
                0x00000000000024ec                app_message_register_inbox_received
 .text.app_message_register_outbox_failed
                0x00000000000024f8        0xc /usr/local/Cellar/pebble-sdk/3.6/Pebble/aplite/lib/libpebble.a(tmpvXKNpYpebble.o)
                0x00000000000024f8                app_message_register_outbox_failed
 .text.persist_read_data
                0x0000000000002504        0xc /usr/local/Cellar/pebble-sdk/3.6/Pebble/aplite/lib/libpebble.a(tmpvXKNpYpebble.o)
                0x0000000000002504                persist_read_data
 .text.persist_read_string
                0x0000000000002510        0xc /usr/local/Cellar/pebble-sdk/3.6/Pebble/aplite/lib/libpebble.a(tmpvXKNpYpebble.o)
                0x0000000000002510                persist_read_string
 .text.persist_write_data
                0x000000000000251c        0xc /usr/local/Cellar/pebble-sdk/3.6/Pebble/aplite/lib/libpebble.a(tmpvXKNpYpebble.o)
                0x000000000000251c                persist_write_data
 *(.rodata)
 .rodata        0x0000000000002528       0x94 src/main.c.12.o
 *(.rodata*)
 .rodata.segments_long
                0x00000000000025bc        0xc src/main.c.12.o
                0x00000000000025bc                segments_long
 .rodata.str1.1
                0x00000000000025c8      0x363 src/main.c.12.o
                                        0x366 (size before relaxing)
 *fill*         0x000000000000292b        0x1 
 .rodata.segments_short
                0x000000000000292c       0x28 src/main.c.12.o
                0x000000000000292c                segments_short

.glue_7         0x0000000000002954        0x0
 .glue_7        0x0000000000000000        0x0 linker stubs

.glue_7t        0x0000000000002954        0x0
 .glue_7t       0x0000000000000000        0x0 linker stubs

.vfp11_veneer   0x0000000000002954        0x0
 .vfp11_veneer  0x0000000000000000        0x0 linker stubs

.v4_bx          0x0000000000002954        0x0
 .v4_bx         0x0000000000000000        0x0 linker stubs

.iplt           0x0000000000002954        0x0
 .iplt          0x0000000000000000        0x0 /usr/local/Cellar/pebble-toolchain/2.0/arm-cs-tools/bin/../lib/gcc/arm-none-eabi/4.7.2/thumb2/crtbegin.o

.rel.dyn        0x0000000000002954        0x0
 .rel.iplt      0x0000000000000000        0x0 /usr/local/Cellar/pebble-toolchain/2.0/arm-cs-tools/bin/../lib/gcc/arm-none-eabi/4.7.2/thumb2/crtbegin.o
 .rel.got       0x0000000000000000        0x0 /usr/local/Cellar/pebble-toolchain/2.0/arm-cs-tools/bin/../lib/gcc/arm-none-eabi/4.7.2/thumb2/crtbegin.o

.data           0x0000000000002954       0x64
 *(.data)
 .data          0x0000000000002954        0x0 /usr/local/Cellar/pebble-toolchain/2.0/arm-cs-tools/bin/../lib/gcc/arm-none-eabi/4.7.2/thumb2/crti.o
 .data          0x0000000000002954        0x4 /usr/local/Cellar/pebble-toolchain/2.0/arm-cs-tools/bin/../lib/gcc/arm-none-eabi/4.7.2/thumb2/crtbegin.o
                0x0000000000002954                __dso_handle
 .data          0x0000000000002958        0x0 src/main.c.12.o
 .data          0x0000000000002958        0x0 aplite/appinfo.auto.c.12.o
 .data          0x0000000000002958        0x0 /usr/local/Cellar/pebble-sdk/3.6/Pebble/aplite/lib/libpebble.a(tmpvXKNpYpebble.o)
 .data          0x0000000000002958        0x0 /usr/local/Cellar/pebble-toolchain/2.0/arm-cs-tools/bin/../lib/gcc/arm-none-eabi/4.7.2/thumb2/libgcc.a(_arm_addsubsf3.o)
 .data          0x0000000000002958        0x0 /usr/local/Cellar/pebble-toolchain/2.0/arm-cs-tools/bin/../lib/gcc/arm-none-eabi/4.7.2/thumb2/libgcc.a(_arm_muldivsf3.o)
 .data          0x0000000000002958        0x0 /usr/local/Cellar/pebble-toolchain/2.0/arm-cs-tools/bin/../lib/gcc/arm-none-eabi/4.7.2/thumb2/libgcc.a(_arm_cmpsf2.o)
 .data          0x0000000000002958        0x0 /usr/local/Cellar/pebble-toolchain/2.0/arm-cs-tools/bin/../lib/gcc/arm-none-eabi/4.7.2/thumb2/libgcc.a(_arm_fixsfsi.o)
 .data          0x0000000000002958        0x0 /usr/local/Cellar/pebble-toolchain/2.0/arm-cs-tools/bin/../lib/gcc/arm-none-eabi/4.7.2/thumb2/crtend.o
 .data          0x0000000000002958        0x0 /usr/local/Cellar/pebble-toolchain/2.0/arm-cs-tools/bin/../lib/gcc/arm-none-eabi/4.7.2/thumb2/crtn.o
 *(.data.*)
 .data.BuzzEnable
                0x0000000000002958        0x1 src/main.c.12.o
                0x0000000000002958                BuzzEnable
 .data.time_text
                0x0000000000002959        0x6 src/main.c.12.o
                0x0000000000002959                time_text
 .data.cnfTrotteuse
                0x000000000000295f        0x1 src/main.c.12.o
                0x000000000000295f                cnfTrotteuse
 .data.date_text
                0x0000000000002960        0x9 src/main.c.12.o
                0x0000000000002960                date_text
 *fill*         0x0000000000002969        0x3 
 .data.trotteuse_draw_scale
                0x000000000000296c        0x4 src/main.c.12.o
                0x000000000000296c                trotteuse_draw_scale
 .data.rel.ro.bgraph_info
                0x0000000000002970        0x8 src/main.c.12.o
                0x0000000000002970                bgraph_info
 .data.WEATHER_ICONS
                0x0000000000002978       0x2f src/main.c.12.o
                0x0000000000002978                WEATHER_ICONS
 *fill*         0x00000000000029a7        0x1 
 .data.rel.myShortVibes
                0x00000000000029a8        0x8 src/main.c.12.o
                0x00000000000029a8                myShortVibes
 .data.rel.myLongVibes
                0x00000000000029b0        0x8 src/main.c.12.o
                0x00000000000029b0                myLongVibes

.igot.plt       0x00000000000029b8        0x0
 .igot.plt      0x0000000000000000        0x0 /usr/local/Cellar/pebble-toolchain/2.0/arm-cs-tools/bin/../lib/gcc/arm-none-eabi/4.7.2/thumb2/crtbegin.o

.got            0x00000000000029b8       0x88
 .got           0x00000000000029b8       0x88 /usr/local/Cellar/pebble-toolchain/2.0/arm-cs-tools/bin/../lib/gcc/arm-none-eabi/4.7.2/thumb2/crtbegin.o

.got.plt        0x0000000000002a40        0xc
 .got.plt       0x0000000000002a40        0xc /usr/local/Cellar/pebble-toolchain/2.0/arm-cs-tools/bin/../lib/gcc/arm-none-eabi/4.7.2/thumb2/crtbegin.o
                0x0000000000002a40                _GLOBAL_OFFSET_TABLE_

.bss            0x0000000000002a4c      0x40c
 *(.bss)
 *(.bss.*)
 .bss.obIconCode_value
                0x0000000000002a4c        0x4 src/main.c.12.o
                0x0000000000002a4c                obIconCode_value
 .bss.btcH_value
                0x0000000000002a50        0x4 src/main.c.12.o
                0x0000000000002a50                btcH_value
 .bss.trotteuse
                0x0000000000002a54        0x4 src/main.c.12.o
                0x0000000000002a54                trotteuse
 .bss.btcV_value
                0x0000000000002a58        0x4 src/main.c.12.o
                0x0000000000002a58                btcV_value
 .bss.message_count
                0x0000000000002a5c        0x4 src/main.c.12.o
                0x0000000000002a5c                message_count
 .bss.btcL_value
                0x0000000000002a60        0x4 src/main.c.12.o
                0x0000000000002a60                btcL_value
 COMMON         0x0000000000002a64      0x3f4 src/main.c.12.o
                0x0000000000002a64                cnfExchange
                0x0000000000002a78                trotteuse_scale_layer
                0x0000000000002a7c                forecastPeriod
                0x0000000000002a8c                bgraph_data
                0x0000000000002c6c                forecastLow
                0x0000000000002c7c                btcL
                0x0000000000002c8c                date_layer
                0x0000000000002c90                forecastTemp
                0x0000000000002ca0                cnfLocation
                0x0000000000002cc0                trotteuse_layer
                0x0000000000002cc4                btcV
                0x0000000000002cd4                bcH_layer
                0x0000000000002cd8                bcL_layer
                0x0000000000002cdc                obWindSpeed
                0x0000000000002cec                graph_layer
                0x0000000000002cf0                bc_layer
                0x0000000000002cf4                btcH
                0x0000000000002d04                forecastIconCode
                0x0000000000002d14                forecastHigh
                0x0000000000002d24                time_layer
                0x0000000000002d28                obWindDir_bkp
                0x0000000000002d38                geoArea1
                0x0000000000002d3d                battery_text
                0x0000000000002d48                bgraph
                0x0000000000002d4c                obTemperature
                0x0000000000002d5c                obWindGust
                0x0000000000002d6c                obIconCode
                0x0000000000002d7c                obWindChill
                0x0000000000002d8c                battery_state
                0x0000000000002d90                window
                0x0000000000002d94                bluetooth_text
                0x0000000000002d9c                obHumidex
                0x0000000000002dac                weather_layer
                0x0000000000002e48                obWindDir

DISCARD
 libc.a(*)
 libm.a(*)
 libgcc.a(*)
 *(.eh_frame)
OUTPUT(/Users/realo/Pebble/CoinCan-Quebec/build/aplite/pebble-app.elf elf32-littlearm)

.ARM.attributes
                0x0000000000000000       0x27
 .ARM.attributes
                0x0000000000000000       0x19 /usr/local/Cellar/pebble-toolchain/2.0/arm-cs-tools/bin/../lib/gcc/arm-none-eabi/4.7.2/thumb2/crti.o
 .ARM.attributes
                0x0000000000000019       0x29 /usr/local/Cellar/pebble-toolchain/2.0/arm-cs-tools/bin/../lib/gcc/arm-none-eabi/4.7.2/thumb2/crtbegin.o
 .ARM.attributes
                0x0000000000000042       0x33 src/main.c.12.o
 .ARM.attributes
                0x0000000000000075       0x33 aplite/appinfo.auto.c.12.o
 .ARM.attributes
                0x00000000000000a8       0x21 /usr/local/Cellar/pebble-sdk/3.6/Pebble/aplite/lib/libpebble.a(tmpvXKNpYpebble.o)
 .ARM.attributes
                0x00000000000000c9       0x19 /usr/local/Cellar/pebble-toolchain/2.0/arm-cs-tools/bin/../lib/gcc/arm-none-eabi/4.7.2/thumb2/libgcc.a(_arm_addsubsf3.o)
 .ARM.attributes
                0x00000000000000e2       0x19 /usr/local/Cellar/pebble-toolchain/2.0/arm-cs-tools/bin/../lib/gcc/arm-none-eabi/4.7.2/thumb2/libgcc.a(_arm_muldivsf3.o)
 .ARM.attributes
                0x00000000000000fb       0x19 /usr/local/Cellar/pebble-toolchain/2.0/arm-cs-tools/bin/../lib/gcc/arm-none-eabi/4.7.2/thumb2/libgcc.a(_arm_cmpsf2.o)
 .ARM.attributes
                0x0000000000000114       0x19 /usr/local/Cellar/pebble-toolchain/2.0/arm-cs-tools/bin/../lib/gcc/arm-none-eabi/4.7.2/thumb2/libgcc.a(_arm_fixsfsi.o)
 .ARM.attributes
                0x000000000000012d       0x29 /usr/local/Cellar/pebble-toolchain/2.0/arm-cs-tools/bin/../lib/gcc/arm-none-eabi/4.7.2/thumb2/crtend.o
 .ARM.attributes
                0x0000000000000156       0x19 /usr/local/Cellar/pebble-toolchain/2.0/arm-cs-tools/bin/../lib/gcc/arm-none-eabi/4.7.2/thumb2/crtn.o

.comment        0x0000000000000000       0x4e
 .comment       0x0000000000000000       0x4e /usr/local/Cellar/pebble-toolchain/2.0/arm-cs-tools/bin/../lib/gcc/arm-none-eabi/4.7.2/thumb2/crtbegin.o
                                         0x4f (size before relaxing)
 .comment       0x0000000000000000       0x4f src/main.c.12.o
 .comment       0x0000000000000000       0x4f aplite/appinfo.auto.c.12.o
 .comment       0x0000000000000000       0x4f /usr/local/Cellar/pebble-toolchain/2.0/arm-cs-tools/bin/../lib/gcc/arm-none-eabi/4.7.2/thumb2/crtend.o

.debug_info     0x0000000000000000     0x40f4
 .debug_info    0x0000000000000000     0x39c2 src/main.c.12.o
 .debug_info    0x00000000000039c2      0x44e aplite/appinfo.auto.c.12.o
 .debug_info    0x0000000000003e10       0xb9 /usr/local/Cellar/pebble-toolchain/2.0/arm-cs-tools/bin/../lib/gcc/arm-none-eabi/4.7.2/thumb2/libgcc.a(_arm_addsubsf3.o)
 .debug_info    0x0000000000003ec9       0xb9 /usr/local/Cellar/pebble-toolchain/2.0/arm-cs-tools/bin/../lib/gcc/arm-none-eabi/4.7.2/thumb2/libgcc.a(_arm_muldivsf3.o)
 .debug_info    0x0000000000003f82       0xb9 /usr/local/Cellar/pebble-toolchain/2.0/arm-cs-tools/bin/../lib/gcc/arm-none-eabi/4.7.2/thumb2/libgcc.a(_arm_cmpsf2.o)
 .debug_info    0x000000000000403b       0xb9 /usr/local/Cellar/pebble-toolchain/2.0/arm-cs-tools/bin/../lib/gcc/arm-none-eabi/4.7.2/thumb2/libgcc.a(_arm_fixsfsi.o)

.debug_abbrev   0x0000000000000000      0x51e
 .debug_abbrev  0x0000000000000000      0x430 src/main.c.12.o
 .debug_abbrev  0x0000000000000430       0x9e aplite/appinfo.auto.c.12.o
 .debug_abbrev  0x00000000000004ce       0x14 /usr/local/Cellar/pebble-toolchain/2.0/arm-cs-tools/bin/../lib/gcc/arm-none-eabi/4.7.2/thumb2/libgcc.a(_arm_addsubsf3.o)
 .debug_abbrev  0x00000000000004e2       0x14 /usr/local/Cellar/pebble-toolchain/2.0/arm-cs-tools/bin/../lib/gcc/arm-none-eabi/4.7.2/thumb2/libgcc.a(_arm_muldivsf3.o)
 .debug_abbrev  0x00000000000004f6       0x14 /usr/local/Cellar/pebble-toolchain/2.0/arm-cs-tools/bin/../lib/gcc/arm-none-eabi/4.7.2/thumb2/libgcc.a(_arm_cmpsf2.o)
 .debug_abbrev  0x000000000000050a       0x14 /usr/local/Cellar/pebble-toolchain/2.0/arm-cs-tools/bin/../lib/gcc/arm-none-eabi/4.7.2/thumb2/libgcc.a(_arm_fixsfsi.o)

.debug_loc      0x0000000000000000      0xc58
 .debug_loc     0x0000000000000000      0xc58 src/main.c.12.o

.debug_aranges  0x0000000000000000      0x158
 .debug_aranges
                0x0000000000000000       0xc0 src/main.c.12.o
 .debug_aranges
                0x00000000000000c0       0x18 aplite/appinfo.auto.c.12.o
 .debug_aranges
                0x00000000000000d8       0x20 /usr/local/Cellar/pebble-toolchain/2.0/arm-cs-tools/bin/../lib/gcc/arm-none-eabi/4.7.2/thumb2/libgcc.a(_arm_addsubsf3.o)
 .debug_aranges
                0x00000000000000f8       0x20 /usr/local/Cellar/pebble-toolchain/2.0/arm-cs-tools/bin/../lib/gcc/arm-none-eabi/4.7.2/thumb2/libgcc.a(_arm_muldivsf3.o)
 .debug_aranges
                0x0000000000000118       0x20 /usr/local/Cellar/pebble-toolchain/2.0/arm-cs-tools/bin/../lib/gcc/arm-none-eabi/4.7.2/thumb2/libgcc.a(_arm_cmpsf2.o)
 .debug_aranges
                0x0000000000000138       0x20 /usr/local/Cellar/pebble-toolchain/2.0/arm-cs-tools/bin/../lib/gcc/arm-none-eabi/4.7.2/thumb2/libgcc.a(_arm_fixsfsi.o)

.debug_ranges   0x0000000000000000      0x140
 .debug_ranges  0x0000000000000000      0x140 src/main.c.12.o

.debug_line     0x0000000000000000      0xca9
 .debug_line    0x0000000000000000      0x785 src/main.c.12.o
 .debug_line    0x0000000000000785      0x12d aplite/appinfo.auto.c.12.o
 .debug_line    0x00000000000008b2      0x128 /usr/local/Cellar/pebble-toolchain/2.0/arm-cs-tools/bin/../lib/gcc/arm-none-eabi/4.7.2/thumb2/libgcc.a(_arm_addsubsf3.o)
 .debug_line    0x00000000000009da      0x149 /usr/local/Cellar/pebble-toolchain/2.0/arm-cs-tools/bin/../lib/gcc/arm-none-eabi/4.7.2/thumb2/libgcc.a(_arm_muldivsf3.o)
 .debug_line    0x0000000000000b23      0x100 /usr/local/Cellar/pebble-toolchain/2.0/arm-cs-tools/bin/../lib/gcc/arm-none-eabi/4.7.2/thumb2/libgcc.a(_arm_cmpsf2.o)
 .debug_line    0x0000000000000c23       0x86 /usr/local/Cellar/pebble-toolchain/2.0/arm-cs-tools/bin/../lib/gcc/arm-none-eabi/4.7.2/thumb2/libgcc.a(_arm_fixsfsi.o)

.debug_str      0x0000000000000000     0x188f
 .debug_str     0x0000000000000000     0x1683 src/main.c.12.o
                                       0x1761 (size before relaxing)
 .debug_str     0x0000000000001683      0x20c aplite/appinfo.auto.c.12.o
                                        0x64e (size before relaxing)

.debug_frame    0x0000000000000000      0x280
 .debug_frame   0x0000000000000000      0x280 src/main.c.12.o
