Archive member included because of file (symbol)

/Users/realo/Library/Application Support/Pebble SDK/SDKs/current/sdk-core/pebble/aplite/lib/libpebble.a(tmpIoaHbqpebble.o)
                              src/main.c.12.o (app_event_loop)
/usr/local/Cellar/pebble-toolchain/2.0/arm-cs-tools/bin/../lib/gcc/arm-none-eabi/4.7.2/thumb2/libgcc.a(_arm_addsubsf3.o)
                              src/main.c.12.o (__aeabi_fsub)
/usr/local/Cellar/pebble-toolchain/2.0/arm-cs-tools/bin/../lib/gcc/arm-none-eabi/4.7.2/thumb2/libgcc.a(_arm_muldivsf3.o)
                              src/main.c.12.o (__aeabi_fmul)
/usr/local/Cellar/pebble-toolchain/2.0/arm-cs-tools/bin/../lib/gcc/arm-none-eabi/4.7.2/thumb2/libgcc.a(_arm_cmpsf2.o)
                              src/main.c.12.o (__aeabi_fcmpeq)
/usr/local/Cellar/pebble-toolchain/2.0/arm-cs-tools/bin/../lib/gcc/arm-none-eabi/4.7.2/thumb2/libgcc.a(_arm_fixsfsi.o)
                              src/main.c.12.o (__aeabi_f2iz)

Allocating common symbols
Common symbol       size              file

cnfExchange         0x14              src/main.c.12.o
trotteuse_scale_layer
                    0x4               src/main.c.12.o
forecastPeriod      0x10              src/main.c.12.o
bgraph_data         0x1e0             src/main.c.12.o
forecastLow         0x10              src/main.c.12.o
btcL                0x10              src/main.c.12.o
date_layer          0x4               src/main.c.12.o
forecastTemp        0x10              src/main.c.12.o
cnfLocation         0x20              src/main.c.12.o
cnfOWMloc           0x40              src/main.c.12.o
trotteuse_layer     0x4               src/main.c.12.o
btcV                0x10              src/main.c.12.o
bcH_layer           0x4               src/main.c.12.o
bcL_layer           0x4               src/main.c.12.o
obWindSpeed         0x10              src/main.c.12.o
graph_layer         0x4               src/main.c.12.o
bc_layer            0x4               src/main.c.12.o
btcH                0x10              src/main.c.12.o
cnfOWMkey           0x40              src/main.c.12.o
cnfService          0x20              src/main.c.12.o
forecastIconCode    0x10              src/main.c.12.o
forecastHigh        0x10              src/main.c.12.o
time_layer          0x4               src/main.c.12.o
obWindDir_bkp       0x10              src/main.c.12.o
geoArea1            0x5               src/main.c.12.o
battery_text        0x8               src/main.c.12.o
bgraph              0x4               src/main.c.12.o
obTemperature       0x10              src/main.c.12.o
obWindGust          0x10              src/main.c.12.o
obIconCode          0x10              src/main.c.12.o
obWindChill         0x10              src/main.c.12.o
battery_state       0x3               src/main.c.12.o
window              0x4               src/main.c.12.o
bluetooth_text      0x8               src/main.c.12.o
cnfOWMid            0x20              src/main.c.12.o
obHumidex           0x10              src/main.c.12.o
weather_layer       0x9c              src/main.c.12.o
obWindDir           0x10              src/main.c.12.o

Discarded input sections

 .text          0x0000000000000000        0x0 /usr/local/Cellar/pebble-toolchain/2.0/arm-cs-tools/bin/../lib/gcc/arm-none-eabi/4.7.2/thumb2/crti.o
 .bss           0x0000000000000000        0x0 /usr/local/Cellar/pebble-toolchain/2.0/arm-cs-tools/bin/../lib/gcc/arm-none-eabi/4.7.2/thumb2/crti.o
 .init          0x0000000000000000        0x4 /usr/local/Cellar/pebble-toolchain/2.0/arm-cs-tools/bin/../lib/gcc/arm-none-eabi/4.7.2/thumb2/crti.o
 .fini          0x0000000000000000        0x4 /usr/local/Cellar/pebble-toolchain/2.0/arm-cs-tools/bin/../lib/gcc/arm-none-eabi/4.7.2/thumb2/crti.o
 .text          0x0000000000000000       0xc8 /usr/local/Cellar/pebble-toolchain/2.0/arm-cs-tools/bin/../lib/gcc/arm-none-eabi/4.7.2/thumb2/crtbegin.o
 .bss           0x0000000000000000       0x1c /usr/local/Cellar/pebble-toolchain/2.0/arm-cs-tools/bin/../lib/gcc/arm-none-eabi/4.7.2/thumb2/crtbegin.o
 .init_array    0x0000000000000000        0x4 /usr/local/Cellar/pebble-toolchain/2.0/arm-cs-tools/bin/../lib/gcc/arm-none-eabi/4.7.2/thumb2/crtbegin.o
 .fini_array    0x0000000000000000        0x4 /usr/local/Cellar/pebble-toolchain/2.0/arm-cs-tools/bin/../lib/gcc/arm-none-eabi/4.7.2/thumb2/crtbegin.o
 .eh_frame      0x0000000000000000        0x0 /usr/local/Cellar/pebble-toolchain/2.0/arm-cs-tools/bin/../lib/gcc/arm-none-eabi/4.7.2/thumb2/crtbegin.o
 .jcr           0x0000000000000000        0x0 /usr/local/Cellar/pebble-toolchain/2.0/arm-cs-tools/bin/../lib/gcc/arm-none-eabi/4.7.2/thumb2/crtbegin.o
 .tm_clone_table
                0x0000000000000000        0x0 /usr/local/Cellar/pebble-toolchain/2.0/arm-cs-tools/bin/../lib/gcc/arm-none-eabi/4.7.2/thumb2/crtbegin.o
 .text          0x0000000000000000        0x0 src/main.c.12.o
 .bss           0x0000000000000000        0x0 src/main.c.12.o
 .text          0x0000000000000000        0x0 aplite/appinfo.auto.c.12.o
[...]
Memory Configuration

Name             Origin             Length             Attributes
APP              0x0000000000000000 0x0000000000006000 xrw
*default*        0x0000000000000000 0xffffffffffffffff

Linker script and memory map

LOAD /usr/local/Cellar/pebble-toolchain/2.0/arm-cs-tools/bin/../lib/gcc/arm-none-eabi/4.7.2/thumb2/crti.o
LOAD /usr/local/Cellar/pebble-toolchain/2.0/arm-cs-tools/bin/../lib/gcc/arm-none-eabi/4.7.2/thumb2/crtbegin.o
LOAD src/main.c.12.o
LOAD aplite/appinfo.auto.c.12.o
LOAD /Users/realo/Library/Application Support/Pebble SDK/SDKs/current/sdk-core/pebble/aplite/lib/libpebble.a
START GROUP
LOAD /usr/local/Cellar/pebble-toolchain/2.0/arm-cs-tools/bin/../lib/gcc/arm-none-eabi/4.7.2/thumb2/libgcc.a
LOAD /usr/local/Cellar/pebble-toolchain/2.0/arm-cs-tools/bin/../lib/gcc/arm-none-eabi/4.7.2/../../../../arm-none-eabi/lib/thumb2/libc.a
END GROUP
LOAD /usr/local/Cellar/pebble-toolchain/2.0/arm-cs-tools/bin/../lib/gcc/arm-none-eabi/4.7.2/thumb2/crtend.o
LOAD /usr/local/Cellar/pebble-toolchain/2.0/arm-cs-tools/bin/../lib/gcc/arm-none-eabi/4.7.2/thumb2/crtn.o

.header         0x0000000000000000       0x82
 *(.pbl_header)
 .pbl_header    0x0000000000000000       0x82 aplite/appinfo.auto.c.12.o
                0x0000000000000000                __pbl_app_info

.note.gnu.build-id
                0x0000000000000082       0x26
                0x0000000000000082                PROVIDE (BUILD_ID, .)
 *(.note.gnu.build-id)
 *fill*         0x0000000000000082        0x2 
 .note.gnu.build-id
                0x0000000000000084       0x24 linker stubs

.text           0x00000000000000a8     0x306e
 *(.text)
 .text          0x00000000000000a8       0x14 /Users/realo/Library/Application Support/Pebble SDK/SDKs/current/sdk-core/pebble/aplite/lib/libpebble.a(tmpIoaHbqpebble.o)
 .text          0x00000000000000bc      0x21c /usr/local/Cellar/pebble-toolchain/2.0/arm-cs-tools/bin/../lib/gcc/arm-none-eabi/4.7.2/thumb2/libgcc.a(_arm_addsubsf3.o)
                0x00000000000000bc                __aeabi_frsub
                0x00000000000000c4                __aeabi_fsub
                0x00000000000000c4                __subsf3
                0x00000000000000c8                __aeabi_fadd
                0x00000000000000c8                __addsf3
                0x0000000000000228                __aeabi_ui2f
                0x0000000000000228                __floatunsisf
                0x0000000000000230                __floatsisf
                0x0000000000000230                __aeabi_i2f
                0x000000000000024c                __aeabi_ul2f
                0x000000000000024c                __floatundisf
                0x000000000000025c                __aeabi_l2f
                0x000000000000025c                __floatdisf
 .text          0x00000000000002d8      0x2a0 /usr/local/Cellar/pebble-toolchain/2.0/arm-cs-tools/bin/../lib/gcc/arm-none-eabi/4.7.2/thumb2/libgcc.a(_arm_muldivsf3.o)
                0x00000000000002d8                __mulsf3
                0x00000000000002d8                __aeabi_fmul
                0x0000000000000440                __divsf3
                0x0000000000000440                __aeabi_fdiv
 .text          0x0000000000000578       0xec /usr/local/Cellar/pebble-toolchain/2.0/arm-cs-tools/bin/../lib/gcc/arm-none-eabi/4.7.2/thumb2/libgcc.a(_arm_cmpsf2.o)
                0x0000000000000578                __gesf2
                0x0000000000000578                __gtsf2
                0x0000000000000580                __ltsf2
                0x0000000000000580                __lesf2
                0x0000000000000588                __nesf2
                0x0000000000000588                __eqsf2
                0x0000000000000588                __cmpsf2
                0x00000000000005e8                __aeabi_cfrcmple
                0x00000000000005f0                __aeabi_cfcmpeq
                0x00000000000005f0                __aeabi_cfcmple
                0x0000000000000600                __aeabi_fcmpeq
                0x0000000000000614                __aeabi_fcmplt
                0x0000000000000628                __aeabi_fcmple
                0x000000000000063c                __aeabi_fcmpge
                0x0000000000000650                __aeabi_fcmpgt
 .text          0x0000000000000664       0x4c /usr/local/Cellar/pebble-toolchain/2.0/arm-cs-tools/bin/../lib/gcc/arm-none-eabi/4.7.2/thumb2/libgcc.a(_arm_fixsfsi.o)
                0x0000000000000664                __fixsfsi
                0x0000000000000664                __aeabi_f2iz
 *(.text.*)
 .text.out_failed_handler
                0x00000000000006b0       0x1c src/main.c.12.o
                0x00000000000006b0                out_failed_handler
 .text.in_dropped_handler
                0x00000000000006cc       0x1c src/main.c.12.o
                0x00000000000006cc                in_dropped_handler
 .text.trotteuse_update_proc
                0x00000000000006e8       0x4c src/main.c.12.o
                0x00000000000006e8                trotteuse_update_proc
 .text.graph_update_proc
                0x0000000000000734       0x44 src/main.c.12.o
                0x0000000000000734                graph_update_proc
 .text.bluetooth_handler
                0x0000000000000778       0xcc src/main.c.12.o
                0x0000000000000778                bluetooth_handler
 .text.trotteuse_scale_update_proc
                0x0000000000000844       0x88 src/main.c.12.o
                0x0000000000000844                trotteuse_scale_update_proc
 .text._string2float
                0x00000000000008cc       0x8c src/main.c.12.o
                0x00000000000008cc                _string2float
 .text._itoa    0x0000000000000958       0x4a src/main.c.12.o
                0x0000000000000958                _itoa
 *fill*         0x00000000000009a2        0x2 
 .text.battery_handler
                0x00000000000009a4      0x11c src/main.c.12.o
                0x00000000000009a4                battery_handler
 .text.strchr   0x0000000000000ac0       0x1a src/main.c.12.o
                0x0000000000000ac0                strchr
 *fill*         0x0000000000000ada        0x2 
 .text._atoi    0x0000000000000adc       0x74 src/main.c.12.o
                0x0000000000000adc                _atoi
 .text.push_point
                0x0000000000000b50       0x8c src/main.c.12.o
                0x0000000000000b50                push_point
 .text.fetch_msg
                0x0000000000000bdc      0x17c src/main.c.12.o
                0x0000000000000bdc                fetch_msg
 .text.in_received_handler
                0x0000000000000d58      0xc64 src/main.c.12.o
                0x0000000000000d58                in_received_handler
 .text.handle_minute_tick
                0x00000000000019bc       0xf8 src/main.c.12.o
                0x00000000000019bc                handle_minute_tick
 .text.app_message_init
                0x0000000000001ab4       0x3c src/main.c.12.o
                0x0000000000001ab4                app_message_init
 .text.weather_layer_init
                0x0000000000001af0      0x434 src/main.c.12.o
                0x0000000000001af0                weather_layer_init
 .text.weather_layer_deinit
                0x0000000000001f24       0x58 src/main.c.12.o
                0x0000000000001f24                weather_layer_deinit
 .text.init     0x0000000000001f7c      0x7a0 src/main.c.12.o
                0x0000000000001f7c                init
 .text.deinit   0x000000000000271c       0xf0 src/main.c.12.o
                0x000000000000271c                deinit
 .text.startup.main
                0x000000000000280c       0x12 src/main.c.12.o
                0x000000000000280c                main
 *fill*         0x000000000000281e        0x2 
 .text.app_event_loop
                0x0000000000002820        0xc /Users/realo/Library/Application Support/Pebble SDK/SDKs/current/sdk-core/pebble/aplite/lib/libpebble.a(tmpIoaHbqpebble.o)
                0x0000000000002820                app_event_loop
 .text.app_log  0x000000000000282c        0xc /Users/realo/Library/Application Support/Pebble SDK/SDKs/current/sdk-core/pebble/aplite/lib/libpebble.a(tmpIoaHbqpebble.o)
                0x000000000000282c                app_log
 .text.app_message_open
                0x0000000000002838        0xc /Users/realo/Library/Application Support/Pebble SDK/SDKs/current/sdk-core/pebble/aplite/lib/libpebble.a(tmpIoaHbqpebble.o)
                0x0000000000002838                app_message_open
 .text.battery_state_service_peek
                0x0000000000002844        0xc /Users/realo/Library/Application Support/Pebble SDK/SDKs/current/sdk-core/pebble/aplite/lib/libpebble.a(tmpIoaHbqpebble.o)
                0x0000000000002844                battery_state_service_peek
 .text.battery_state_service_subscribe
                0x0000000000002850        0xc /Users/realo/Library/Application Support/Pebble SDK/SDKs/current/sdk-core/pebble/aplite/lib/libpebble.a(tmpIoaHbqpebble.o)
                0x0000000000002850                battery_state_service_subscribe
 .text.battery_state_service_unsubscribe
                0x000000000000285c        0xc /Users/realo/Library/Application Support/Pebble SDK/SDKs/current/sdk-core/pebble/aplite/lib/libpebble.a(tmpIoaHbqpebble.o)
                0x000000000000285c                battery_state_service_unsubscribe
 .text.bitmap_layer_create
                0x0000000000002868        0xc /Users/realo/Library/Application Support/Pebble SDK/SDKs/current/sdk-core/pebble/aplite/lib/libpebble.a(tmpIoaHbqpebble.o)
                0x0000000000002868                bitmap_layer_create
 .text.bitmap_layer_destroy
                0x0000000000002874        0xc /Users/realo/Library/Application Support/Pebble SDK/SDKs/current/sdk-core/pebble/aplite/lib/libpebble.a(tmpIoaHbqpebble.o)
                0x0000000000002874                bitmap_layer_destroy
 .text.bitmap_layer_get_layer
                0x0000000000002880        0xc /Users/realo/Library/Application Support/Pebble SDK/SDKs/current/sdk-core/pebble/aplite/lib/libpebble.a(tmpIoaHbqpebble.o)
                0x0000000000002880                bitmap_layer_get_layer
 .text.bitmap_layer_set_bitmap
                0x000000000000288c        0xc /Users/realo/Library/Application Support/Pebble SDK/SDKs/current/sdk-core/pebble/aplite/lib/libpebble.a(tmpIoaHbqpebble.o)
                0x000000000000288c                bitmap_layer_set_bitmap
 .text.bitmap_layer_set_compositing_mode
                0x0000000000002898        0xc /Users/realo/Library/Application Support/Pebble SDK/SDKs/current/sdk-core/pebble/aplite/lib/libpebble.a(tmpIoaHbqpebble.o)
                0x0000000000002898                bitmap_layer_set_compositing_mode
 .text.bluetooth_connection_service_peek
                0x00000000000028a4        0xc /Users/realo/Library/Application Support/Pebble SDK/SDKs/current/sdk-core/pebble/aplite/lib/libpebble.a(tmpIoaHbqpebble.o)
                0x00000000000028a4                bluetooth_connection_service_peek
 .text.bluetooth_connection_service_subscribe
                0x00000000000028b0        0xc /Users/realo/Library/Application Support/Pebble SDK/SDKs/current/sdk-core/pebble/aplite/lib/libpebble.a(tmpIoaHbqpebble.o)
                0x00000000000028b0                bluetooth_connection_service_subscribe
 .text.bluetooth_connection_service_unsubscribe
                0x00000000000028bc        0xc /Users/realo/Library/Application Support/Pebble SDK/SDKs/current/sdk-core/pebble/aplite/lib/libpebble.a(tmpIoaHbqpebble.o)
                0x00000000000028bc                bluetooth_connection_service_unsubscribe
 .text.dict_find
                0x00000000000028c8        0xc /Users/realo/Library/Application Support/Pebble SDK/SDKs/current/sdk-core/pebble/aplite/lib/libpebble.a(tmpIoaHbqpebble.o)
                0x00000000000028c8                dict_find
 .text.dict_write_cstring
                0x00000000000028d4        0xc /Users/realo/Library/Application Support/Pebble SDK/SDKs/current/sdk-core/pebble/aplite/lib/libpebble.a(tmpIoaHbqpebble.o)
                0x00000000000028d4                dict_write_cstring
 .text.dict_write_end
                0x00000000000028e0        0xc /Users/realo/Library/Application Support/Pebble SDK/SDKs/current/sdk-core/pebble/aplite/lib/libpebble.a(tmpIoaHbqpebble.o)
                0x00000000000028e0                dict_write_end
 .text.fonts_get_system_font
                0x00000000000028ec        0xc /Users/realo/Library/Application Support/Pebble SDK/SDKs/current/sdk-core/pebble/aplite/lib/libpebble.a(tmpIoaHbqpebble.o)
                0x00000000000028ec                fonts_get_system_font
 .text.fonts_load_custom_font
                0x00000000000028f8        0xc /Users/realo/Library/Application Support/Pebble SDK/SDKs/current/sdk-core/pebble/aplite/lib/libpebble.a(tmpIoaHbqpebble.o)
                0x00000000000028f8                fonts_load_custom_font
 .text.gbitmap_create_with_resource
                0x0000000000002904        0xc /Users/realo/Library/Application Support/Pebble SDK/SDKs/current/sdk-core/pebble/aplite/lib/libpebble.a(tmpIoaHbqpebble.o)
                0x0000000000002904                gbitmap_create_with_resource
 .text.gbitmap_destroy
                0x0000000000002910        0xc /Users/realo/Library/Application Support/Pebble SDK/SDKs/current/sdk-core/pebble/aplite/lib/libpebble.a(tmpIoaHbqpebble.o)
                0x0000000000002910                gbitmap_destroy
 .text.gpath_create
                0x000000000000291c        0xc /Users/realo/Library/Application Support/Pebble SDK/SDKs/current/sdk-core/pebble/aplite/lib/libpebble.a(tmpIoaHbqpebble.o)
                0x000000000000291c                gpath_create
 .text.gpath_destroy
                0x0000000000002928        0xc /Users/realo/Library/Application Support/Pebble SDK/SDKs/current/sdk-core/pebble/aplite/lib/libpebble.a(tmpIoaHbqpebble.o)
                0x0000000000002928                gpath_destroy
 .text.gpath_draw_outline
                0x0000000000002934        0xc /Users/realo/Library/Application Support/Pebble SDK/SDKs/current/sdk-core/pebble/aplite/lib/libpebble.a(tmpIoaHbqpebble.o)
                0x0000000000002934                gpath_draw_outline
 .text.graphics_draw_line
                0x0000000000002940        0xc /Users/realo/Library/Application Support/Pebble SDK/SDKs/current/sdk-core/pebble/aplite/lib/libpebble.a(tmpIoaHbqpebble.o)
                0x0000000000002940                graphics_draw_line
 .text.layer_add_child
                0x000000000000294c        0xc /Users/realo/Library/Application Support/Pebble SDK/SDKs/current/sdk-core/pebble/aplite/lib/libpebble.a(tmpIoaHbqpebble.o)
                0x000000000000294c                layer_add_child
 .text.layer_create
                0x0000000000002958        0xc /Users/realo/Library/Application Support/Pebble SDK/SDKs/current/sdk-core/pebble/aplite/lib/libpebble.a(tmpIoaHbqpebble.o)
                0x0000000000002958                layer_create
 .text.layer_destroy
                0x0000000000002964        0xc /Users/realo/Library/Application Support/Pebble SDK/SDKs/current/sdk-core/pebble/aplite/lib/libpebble.a(tmpIoaHbqpebble.o)
                0x0000000000002964                layer_destroy
 .text.layer_insert_below_sibling
                0x0000000000002970        0xc /Users/realo/Library/Application Support/Pebble SDK/SDKs/current/sdk-core/pebble/aplite/lib/libpebble.a(tmpIoaHbqpebble.o)
                0x0000000000002970                layer_insert_below_sibling
 .text.layer_mark_dirty
                0x000000000000297c        0xc /Users/realo/Library/Application Support/Pebble SDK/SDKs/current/sdk-core/pebble/aplite/lib/libpebble.a(tmpIoaHbqpebble.o)
                0x000000000000297c                layer_mark_dirty
 .text.layer_set_frame
                0x0000000000002988        0xc /Users/realo/Library/Application Support/Pebble SDK/SDKs/current/sdk-core/pebble/aplite/lib/libpebble.a(tmpIoaHbqpebble.o)
                0x0000000000002988                layer_set_frame
 .text.layer_set_update_proc
                0x0000000000002994        0xc /Users/realo/Library/Application Support/Pebble SDK/SDKs/current/sdk-core/pebble/aplite/lib/libpebble.a(tmpIoaHbqpebble.o)
                0x0000000000002994                layer_set_update_proc
 .text.persist_delete
                0x00000000000029a0        0xc /Users/realo/Library/Application Support/Pebble SDK/SDKs/current/sdk-core/pebble/aplite/lib/libpebble.a(tmpIoaHbqpebble.o)
                0x00000000000029a0                persist_delete
 .text.persist_exists
                0x00000000000029ac        0xc /Users/realo/Library/Application Support/Pebble SDK/SDKs/current/sdk-core/pebble/aplite/lib/libpebble.a(tmpIoaHbqpebble.o)
                0x00000000000029ac                persist_exists
 .text.persist_read_bool
                0x00000000000029b8        0xc /Users/realo/Library/Application Support/Pebble SDK/SDKs/current/sdk-core/pebble/aplite/lib/libpebble.a(tmpIoaHbqpebble.o)
                0x00000000000029b8                persist_read_bool
 .text.persist_write_bool
                0x00000000000029c4        0xc /Users/realo/Library/Application Support/Pebble SDK/SDKs/current/sdk-core/pebble/aplite/lib/libpebble.a(tmpIoaHbqpebble.o)
                0x00000000000029c4                persist_write_bool
 .text.persist_write_string
                0x00000000000029d0        0xc /Users/realo/Library/Application Support/Pebble SDK/SDKs/current/sdk-core/pebble/aplite/lib/libpebble.a(tmpIoaHbqpebble.o)
                0x00000000000029d0                persist_write_string
 .text.resource_get_handle
                0x00000000000029dc        0xc /Users/realo/Library/Application Support/Pebble SDK/SDKs/current/sdk-core/pebble/aplite/lib/libpebble.a(tmpIoaHbqpebble.o)
                0x00000000000029dc                resource_get_handle
 .text.strcat   0x00000000000029e8        0xc /Users/realo/Library/Application Support/Pebble SDK/SDKs/current/sdk-core/pebble/aplite/lib/libpebble.a(tmpIoaHbqpebble.o)
                0x00000000000029e8                strcat
 .text.strcmp   0x00000000000029f4        0xc /Users/realo/Library/Application Support/Pebble SDK/SDKs/current/sdk-core/pebble/aplite/lib/libpebble.a(tmpIoaHbqpebble.o)
                0x00000000000029f4                strcmp
 .text.strcpy   0x0000000000002a00        0xc /Users/realo/Library/Application Support/Pebble SDK/SDKs/current/sdk-core/pebble/aplite/lib/libpebble.a(tmpIoaHbqpebble.o)
                0x0000000000002a00                strcpy
 .text.strftime
                0x0000000000002a0c        0xc /Users/realo/Library/Application Support/Pebble SDK/SDKs/current/sdk-core/pebble/aplite/lib/libpebble.a(tmpIoaHbqpebble.o)
                0x0000000000002a0c                strftime
 .text.strlen   0x0000000000002a18        0xc /Users/realo/Library/Application Support/Pebble SDK/SDKs/current/sdk-core/pebble/aplite/lib/libpebble.a(tmpIoaHbqpebble.o)
                0x0000000000002a18                strlen
 .text.strncat  0x0000000000002a24        0xc /Users/realo/Library/Application Support/Pebble SDK/SDKs/current/sdk-core/pebble/aplite/lib/libpebble.a(tmpIoaHbqpebble.o)
                0x0000000000002a24                strncat
 .text.strncpy  0x0000000000002a30        0xc /Users/realo/Library/Application Support/Pebble SDK/SDKs/current/sdk-core/pebble/aplite/lib/libpebble.a(tmpIoaHbqpebble.o)
                0x0000000000002a30                strncpy
 .text.tick_timer_service_subscribe
                0x0000000000002a3c        0xc /Users/realo/Library/Application Support/Pebble SDK/SDKs/current/sdk-core/pebble/aplite/lib/libpebble.a(tmpIoaHbqpebble.o)
                0x0000000000002a3c                tick_timer_service_subscribe
 .text.tick_timer_service_unsubscribe
                0x0000000000002a48        0xc /Users/realo/Library/Application Support/Pebble SDK/SDKs/current/sdk-core/pebble/aplite/lib/libpebble.a(tmpIoaHbqpebble.o)
                0x0000000000002a48                tick_timer_service_unsubscribe
 .text.vibes_enqueue_custom_pattern
                0x0000000000002a54        0xc /Users/realo/Library/Application Support/Pebble SDK/SDKs/current/sdk-core/pebble/aplite/lib/libpebble.a(tmpIoaHbqpebble.o)
                0x0000000000002a54                vibes_enqueue_custom_pattern
 .text.window_create
                0x0000000000002a60        0xc /Users/realo/Library/Application Support/Pebble SDK/SDKs/current/sdk-core/pebble/aplite/lib/libpebble.a(tmpIoaHbqpebble.o)
                0x0000000000002a60                window_create
 .text.window_destroy
                0x0000000000002a6c        0xc /Users/realo/Library/Application Support/Pebble SDK/SDKs/current/sdk-core/pebble/aplite/lib/libpebble.a(tmpIoaHbqpebble.o)
                0x0000000000002a6c                window_destroy
 .text.window_get_root_layer
                0x0000000000002a78        0xc /Users/realo/Library/Application Support/Pebble SDK/SDKs/current/sdk-core/pebble/aplite/lib/libpebble.a(tmpIoaHbqpebble.o)
                0x0000000000002a78                window_get_root_layer
 .text.window_stack_push
                0x0000000000002a84        0xc /Users/realo/Library/Application Support/Pebble SDK/SDKs/current/sdk-core/pebble/aplite/lib/libpebble.a(tmpIoaHbqpebble.o)
                0x0000000000002a84                window_stack_push
 .text.app_message_inbox_size_maximum
                0x0000000000002a90        0xc /Users/realo/Library/Application Support/Pebble SDK/SDKs/current/sdk-core/pebble/aplite/lib/libpebble.a(tmpIoaHbqpebble.o)
                0x0000000000002a90                app_message_inbox_size_maximum
 .text.app_message_outbox_begin
                0x0000000000002a9c        0xc /Users/realo/Library/Application Support/Pebble SDK/SDKs/current/sdk-core/pebble/aplite/lib/libpebble.a(tmpIoaHbqpebble.o)
                0x0000000000002a9c                app_message_outbox_begin
 .text.app_message_outbox_send
                0x0000000000002aa8        0xc /Users/realo/Library/Application Support/Pebble SDK/SDKs/current/sdk-core/pebble/aplite/lib/libpebble.a(tmpIoaHbqpebble.o)
                0x0000000000002aa8                app_message_outbox_send
 .text.app_message_outbox_size_maximum
                0x0000000000002ab4        0xc /Users/realo/Library/Application Support/Pebble SDK/SDKs/current/sdk-core/pebble/aplite/lib/libpebble.a(tmpIoaHbqpebble.o)
                0x0000000000002ab4                app_message_outbox_size_maximum
 .text.app_message_register_inbox_dropped
                0x0000000000002ac0        0xc /Users/realo/Library/Application Support/Pebble SDK/SDKs/current/sdk-core/pebble/aplite/lib/libpebble.a(tmpIoaHbqpebble.o)
                0x0000000000002ac0                app_message_register_inbox_dropped
 .text.app_message_register_inbox_received
                0x0000000000002acc        0xc /Users/realo/Library/Application Support/Pebble SDK/SDKs/current/sdk-core/pebble/aplite/lib/libpebble.a(tmpIoaHbqpebble.o)
                0x0000000000002acc                app_message_register_inbox_received
 .text.app_message_register_outbox_failed
                0x0000000000002ad8        0xc /Users/realo/Library/Application Support/Pebble SDK/SDKs/current/sdk-core/pebble/aplite/lib/libpebble.a(tmpIoaHbqpebble.o)
                0x0000000000002ad8                app_message_register_outbox_failed
 .text.persist_read_data
                0x0000000000002ae4        0xc /Users/realo/Library/Application Support/Pebble SDK/SDKs/current/sdk-core/pebble/aplite/lib/libpebble.a(tmpIoaHbqpebble.o)
                0x0000000000002ae4                persist_read_data
 .text.persist_read_string
                0x0000000000002af0        0xc /Users/realo/Library/Application Support/Pebble SDK/SDKs/current/sdk-core/pebble/aplite/lib/libpebble.a(tmpIoaHbqpebble.o)
                0x0000000000002af0                persist_read_string
 .text.persist_write_data
                0x0000000000002afc        0xc /Users/realo/Library/Application Support/Pebble SDK/SDKs/current/sdk-core/pebble/aplite/lib/libpebble.a(tmpIoaHbqpebble.o)
                0x0000000000002afc                persist_write_data
 .text.bitmap_layer_set_background_color
                0x0000000000002b08        0xc /Users/realo/Library/Application Support/Pebble SDK/SDKs/current/sdk-core/pebble/aplite/lib/libpebble.a(tmpIoaHbqpebble.o)
                0x0000000000002b08                bitmap_layer_set_background_color
 .text.graphics_context_set_stroke_color
                0x0000000000002b14        0xc /Users/realo/Library/Application Support/Pebble SDK/SDKs/current/sdk-core/pebble/aplite/lib/libpebble.a(tmpIoaHbqpebble.o)
                0x0000000000002b14                graphics_context_set_stroke_color
 .text.window_set_background_color
                0x0000000000002b20        0xc /Users/realo/Library/Application Support/Pebble SDK/SDKs/current/sdk-core/pebble/aplite/lib/libpebble.a(tmpIoaHbqpebble.o)
                0x0000000000002b20                window_set_background_color
 .text.localtime
                0x0000000000002b2c        0xc /Users/realo/Library/Application Support/Pebble SDK/SDKs/current/sdk-core/pebble/aplite/lib/libpebble.a(tmpIoaHbqpebble.o)
                0x0000000000002b2c                localtime
 .text.text_layer_create
                0x0000000000002b38        0xc /Users/realo/Library/Application Support/Pebble SDK/SDKs/current/sdk-core/pebble/aplite/lib/libpebble.a(tmpIoaHbqpebble.o)
                0x0000000000002b38                text_layer_create
 .text.text_layer_destroy
                0x0000000000002b44        0xc /Users/realo/Library/Application Support/Pebble SDK/SDKs/current/sdk-core/pebble/aplite/lib/libpebble.a(tmpIoaHbqpebble.o)
                0x0000000000002b44                text_layer_destroy
 .text.text_layer_get_layer
                0x0000000000002b50        0xc /Users/realo/Library/Application Support/Pebble SDK/SDKs/current/sdk-core/pebble/aplite/lib/libpebble.a(tmpIoaHbqpebble.o)
                0x0000000000002b50                text_layer_get_layer
 .text.text_layer_set_background_color
                0x0000000000002b5c        0xc /Users/realo/Library/Application Support/Pebble SDK/SDKs/current/sdk-core/pebble/aplite/lib/libpebble.a(tmpIoaHbqpebble.o)
                0x0000000000002b5c                text_layer_set_background_color
 .text.text_layer_set_font
                0x0000000000002b68        0xc /Users/realo/Library/Application Support/Pebble SDK/SDKs/current/sdk-core/pebble/aplite/lib/libpebble.a(tmpIoaHbqpebble.o)
                0x0000000000002b68                text_layer_set_font
 .text.text_layer_set_text
                0x0000000000002b74        0xc /Users/realo/Library/Application Support/Pebble SDK/SDKs/current/sdk-core/pebble/aplite/lib/libpebble.a(tmpIoaHbqpebble.o)
                0x0000000000002b74                text_layer_set_text
 .text.text_layer_set_text_alignment
                0x0000000000002b80        0xc /Users/realo/Library/Application Support/Pebble SDK/SDKs/current/sdk-core/pebble/aplite/lib/libpebble.a(tmpIoaHbqpebble.o)
                0x0000000000002b80                text_layer_set_text_alignment
 .text.text_layer_set_text_color
                0x0000000000002b8c        0xc /Users/realo/Library/Application Support/Pebble SDK/SDKs/current/sdk-core/pebble/aplite/lib/libpebble.a(tmpIoaHbqpebble.o)
                0x0000000000002b8c                text_layer_set_text_color
 .text.time     0x0000000000002b98        0xc /Users/realo/Library/Application Support/Pebble SDK/SDKs/current/sdk-core/pebble/aplite/lib/libpebble.a(tmpIoaHbqpebble.o)
                0x0000000000002b98                time
 *(.rodata)
 .rodata        0x0000000000002ba4       0x9c src/main.c.12.o
 *(.rodata*)
 .rodata.segments_short
                0x0000000000002c40       0x28 src/main.c.12.o
                0x0000000000002c40                segments_short
 .rodata.segments_long
                0x0000000000002c68        0xc src/main.c.12.o
                0x0000000000002c68                segments_long
 .rodata.str1.1
                0x0000000000002c74      0x4a2 src/main.c.12.o
                                        0x4ab (size before relaxing)

.glue_7         0x0000000000003118        0x0
 .glue_7        0x0000000000000000        0x0 linker stubs

.glue_7t        0x0000000000003118        0x0
 .glue_7t       0x0000000000000000        0x0 linker stubs

.vfp11_veneer   0x0000000000003118        0x0
 .vfp11_veneer  0x0000000000000000        0x0 linker stubs

.v4_bx          0x0000000000003118        0x0
 .v4_bx         0x0000000000000000        0x0 linker stubs

.iplt           0x0000000000003118        0x0
 .iplt          0x0000000000000000        0x0 /usr/local/Cellar/pebble-toolchain/2.0/arm-cs-tools/bin/../lib/gcc/arm-none-eabi/4.7.2/thumb2/crtbegin.o

.rel.dyn        0x0000000000003118        0x0
 .rel.iplt      0x0000000000000000        0x0 /usr/local/Cellar/pebble-toolchain/2.0/arm-cs-tools/bin/../lib/gcc/arm-none-eabi/4.7.2/thumb2/crtbegin.o
 .rel.got       0x0000000000000000        0x0 /usr/local/Cellar/pebble-toolchain/2.0/arm-cs-tools/bin/../lib/gcc/arm-none-eabi/4.7.2/thumb2/crtbegin.o

.data           0x0000000000003118       0x68
 *(.data)
 .data          0x0000000000003118        0x0 /usr/local/Cellar/pebble-toolchain/2.0/arm-cs-tools/bin/../lib/gcc/arm-none-eabi/4.7.2/thumb2/crti.o
 .data          0x0000000000003118        0x4 /usr/local/Cellar/pebble-toolchain/2.0/arm-cs-tools/bin/../lib/gcc/arm-none-eabi/4.7.2/thumb2/crtbegin.o
                0x0000000000003118                __dso_handle
 .data          0x000000000000311c        0x0 src/main.c.12.o
 .data          0x000000000000311c        0x0 aplite/appinfo.auto.c.12.o
 .data          0x000000000000311c        0x0 /Users/realo/Library/Application Support/Pebble SDK/SDKs/current/sdk-core/pebble/aplite/lib/libpebble.a(tmpIoaHbqpebble.o)
 .data          0x000000000000311c        0x0 /usr/local/Cellar/pebble-toolchain/2.0/arm-cs-tools/bin/../lib/gcc/arm-none-eabi/4.7.2/thumb2/libgcc.a(_arm_addsubsf3.o)
 .data          0x000000000000311c        0x0 /usr/local/Cellar/pebble-toolchain/2.0/arm-cs-tools/bin/../lib/gcc/arm-none-eabi/4.7.2/thumb2/libgcc.a(_arm_muldivsf3.o)
 .data          0x000000000000311c        0x0 /usr/local/Cellar/pebble-toolchain/2.0/arm-cs-tools/bin/../lib/gcc/arm-none-eabi/4.7.2/thumb2/libgcc.a(_arm_cmpsf2.o)
 .data          0x000000000000311c        0x0 /usr/local/Cellar/pebble-toolchain/2.0/arm-cs-tools/bin/../lib/gcc/arm-none-eabi/4.7.2/thumb2/libgcc.a(_arm_fixsfsi.o)
 .data          0x000000000000311c        0x0 /usr/local/Cellar/pebble-toolchain/2.0/arm-cs-tools/bin/../lib/gcc/arm-none-eabi/4.7.2/thumb2/crtend.o
 .data          0x000000000000311c        0x0 /usr/local/Cellar/pebble-toolchain/2.0/arm-cs-tools/bin/../lib/gcc/arm-none-eabi/4.7.2/thumb2/crtn.o
 *(.data.*)
 .data.BuzzEnable
                0x000000000000311c        0x1 src/main.c.12.o
                0x000000000000311c                BuzzEnable
 .data.time_text
                0x000000000000311d        0x6 src/main.c.12.o
                0x000000000000311d                time_text
 .data.cnfTrotteuse
                0x0000000000003123        0x1 src/main.c.12.o
                0x0000000000003123                cnfTrotteuse
 .data.date_text
                0x0000000000003124        0x9 src/main.c.12.o
                0x0000000000003124                date_text
 *fill*         0x000000000000312d        0x3 
 .data.trotteuse_draw_scale
                0x0000000000003130        0x4 src/main.c.12.o
                0x0000000000003130                trotteuse_draw_scale
 .data.rel.ro.bgraph_info
                0x0000000000003134        0x8 src/main.c.12.o
                0x0000000000003134                bgraph_info
 .data.cnfCelsius
                0x000000000000313c        0x1 src/main.c.12.o
                0x000000000000313c                cnfCelsius
 *fill*         0x000000000000313d        0x3 
 .data.rel.myShortVibes
                0x0000000000003140        0x8 src/main.c.12.o
                0x0000000000003140                myShortVibes
 .data.rel.myLongVibes
                0x0000000000003148        0x8 src/main.c.12.o
                0x0000000000003148                myLongVibes
 .data.WEATHER_ICONS
                0x0000000000003150       0x2f src/main.c.12.o
                0x0000000000003150                WEATHER_ICONS
 .data.cnfHours
                0x000000000000317f        0x1 src/main.c.12.o
                0x000000000000317f                cnfHours

.igot.plt       0x0000000000003180        0x0
 .igot.plt      0x0000000000000000        0x0 /usr/local/Cellar/pebble-toolchain/2.0/arm-cs-tools/bin/../lib/gcc/arm-none-eabi/4.7.2/thumb2/crtbegin.o

.got            0x0000000000003180       0x98
 .got           0x0000000000003180       0x98 /usr/local/Cellar/pebble-toolchain/2.0/arm-cs-tools/bin/../lib/gcc/arm-none-eabi/4.7.2/thumb2/crtbegin.o

.got.plt        0x0000000000003218        0xc
 .got.plt       0x0000000000003218        0xc /usr/local/Cellar/pebble-toolchain/2.0/arm-cs-tools/bin/../lib/gcc/arm-none-eabi/4.7.2/thumb2/crtbegin.o
                0x0000000000003218                _GLOBAL_OFFSET_TABLE_

.bss            0x0000000000003224      0x4d0
 *(.bss)
 *(.bss.*)
 .bss.errorInWeather
                0x0000000000003224        0x4 src/main.c.12.o
                0x0000000000003224                errorInWeather
 .bss.obIconCode_value
                0x0000000000003228        0x4 src/main.c.12.o
                0x0000000000003228                obIconCode_value
 .bss.btcH_value
                0x000000000000322c        0x4 src/main.c.12.o
                0x000000000000322c                btcH_value
 .bss.trotteuse
                0x0000000000003230        0x4 src/main.c.12.o
                0x0000000000003230                trotteuse
 .bss.btcV_value
                0x0000000000003234        0x4 src/main.c.12.o
                0x0000000000003234                btcV_value
 .bss.message_count
                0x0000000000003238        0x4 src/main.c.12.o
                0x0000000000003238                message_count
 .bss.btcL_value
                0x000000000000323c        0x4 src/main.c.12.o
                0x000000000000323c                btcL_value
 COMMON         0x0000000000003240      0x4b4 src/main.c.12.o
                0x0000000000003240                cnfExchange
                0x0000000000003254                trotteuse_scale_layer
                0x0000000000003258                forecastPeriod
                0x0000000000003268                bgraph_data
                0x0000000000003448                forecastLow
                0x0000000000003458                btcL
                0x0000000000003468                date_layer
                0x000000000000346c                forecastTemp
                0x000000000000347c                cnfLocation
                0x000000000000349c                cnfOWMloc
                0x00000000000034dc                trotteuse_layer
                0x00000000000034e0                btcV
                0x00000000000034f0                bcH_layer
                0x00000000000034f4                bcL_layer
                0x00000000000034f8                obWindSpeed
                0x0000000000003508                graph_layer
                0x000000000000350c                bc_layer
                0x0000000000003510                btcH
                0x0000000000003520                cnfOWMkey
                0x0000000000003560                cnfService
                0x0000000000003580                forecastIconCode
                0x0000000000003590                forecastHigh
                0x00000000000035a0                time_layer
                0x00000000000035a4                obWindDir_bkp
                0x00000000000035b4                geoArea1
                0x00000000000035b9                battery_text
                0x00000000000035c4                bgraph
                0x00000000000035c8                obTemperature
                0x00000000000035d8                obWindGust
                0x00000000000035e8                obIconCode
                0x00000000000035f8                obWindChill
                0x0000000000003608                battery_state
                0x000000000000360c                window
                0x0000000000003610                bluetooth_text
                0x0000000000003618                cnfOWMid
                0x0000000000003638                obHumidex
                0x0000000000003648                weather_layer
                0x00000000000036e4                obWindDir

DISCARD
 libc.a(*)
 libm.a(*)
 libgcc.a(*)
 *(.eh_frame)
OUTPUT(/Users/realo/Pebble/CoinCan-Quebec/build/aplite/pebble-app.elf elf32-littlearm)

.ARM.attributes
                0x0000000000000000       0x27
 .ARM.attributes
                0x0000000000000000       0x19 /usr/local/Cellar/pebble-toolchain/2.0/arm-cs-tools/bin/../lib/gcc/arm-none-eabi/4.7.2/thumb2/crti.o
 .ARM.attributes
                0x0000000000000019       0x29 /usr/local/Cellar/pebble-toolchain/2.0/arm-cs-tools/bin/../lib/gcc/arm-none-eabi/4.7.2/thumb2/crtbegin.o
 .ARM.attributes
                0x0000000000000042       0x33 src/main.c.12.o
 .ARM.attributes
                0x0000000000000075       0x33 aplite/appinfo.auto.c.12.o
 .ARM.attributes
                0x00000000000000a8       0x21 /Users/realo/Library/Application Support/Pebble SDK/SDKs/current/sdk-core/pebble/aplite/lib/libpebble.a(tmpIoaHbqpebble.o)
 .ARM.attributes
                0x00000000000000c9       0x19 /usr/local/Cellar/pebble-toolchain/2.0/arm-cs-tools/bin/../lib/gcc/arm-none-eabi/4.7.2/thumb2/libgcc.a(_arm_addsubsf3.o)
 .ARM.attributes
                0x00000000000000e2       0x19 /usr/local/Cellar/pebble-toolchain/2.0/arm-cs-tools/bin/../lib/gcc/arm-none-eabi/4.7.2/thumb2/libgcc.a(_arm_muldivsf3.o)
 .ARM.attributes
                0x00000000000000fb       0x19 /usr/local/Cellar/pebble-toolchain/2.0/arm-cs-tools/bin/../lib/gcc/arm-none-eabi/4.7.2/thumb2/libgcc.a(_arm_cmpsf2.o)
 .ARM.attributes
                0x0000000000000114       0x19 /usr/local/Cellar/pebble-toolchain/2.0/arm-cs-tools/bin/../lib/gcc/arm-none-eabi/4.7.2/thumb2/libgcc.a(_arm_fixsfsi.o)
 .ARM.attributes
                0x000000000000012d       0x29 /usr/local/Cellar/pebble-toolchain/2.0/arm-cs-tools/bin/../lib/gcc/arm-none-eabi/4.7.2/thumb2/crtend.o
 .ARM.attributes
                0x0000000000000156       0x19 /usr/local/Cellar/pebble-toolchain/2.0/arm-cs-tools/bin/../lib/gcc/arm-none-eabi/4.7.2/thumb2/crtn.o

.comment        0x0000000000000000       0x4e
 .comment       0x0000000000000000       0x4e /usr/local/Cellar/pebble-toolchain/2.0/arm-cs-tools/bin/../lib/gcc/arm-none-eabi/4.7.2/thumb2/crtbegin.o
                                         0x4f (size before relaxing)
 .comment       0x0000000000000000       0x4f src/main.c.12.o
 .comment       0x0000000000000000       0x4f aplite/appinfo.auto.c.12.o
 .comment       0x0000000000000000       0x4f /usr/local/Cellar/pebble-toolchain/2.0/arm-cs-tools/bin/../lib/gcc/arm-none-eabi/4.7.2/thumb2/crtend.o

.debug_info     0x0000000000000000     0x48a0
 .debug_info    0x0000000000000000     0x416e src/main.c.12.o
 .debug_info    0x000000000000416e      0x44e aplite/appinfo.auto.c.12.o
 .debug_info    0x00000000000045bc       0xb9 /usr/local/Cellar/pebble-toolchain/2.0/arm-cs-tools/bin/../lib/gcc/arm-none-eabi/4.7.2/thumb2/libgcc.a(_arm_addsubsf3.o)
 .debug_info    0x0000000000004675       0xb9 /usr/local/Cellar/pebble-toolchain/2.0/arm-cs-tools/bin/../lib/gcc/arm-none-eabi/4.7.2/thumb2/libgcc.a(_arm_muldivsf3.o)
 .debug_info    0x000000000000472e       0xb9 /usr/local/Cellar/pebble-toolchain/2.0/arm-cs-tools/bin/../lib/gcc/arm-none-eabi/4.7.2/thumb2/libgcc.a(_arm_cmpsf2.o)
 .debug_info    0x00000000000047e7       0xb9 /usr/local/Cellar/pebble-toolchain/2.0/arm-cs-tools/bin/../lib/gcc/arm-none-eabi/4.7.2/thumb2/libgcc.a(_arm_fixsfsi.o)

.debug_abbrev   0x0000000000000000      0x521
 .debug_abbrev  0x0000000000000000      0x433 src/main.c.12.o
 .debug_abbrev  0x0000000000000433       0x9e aplite/appinfo.auto.c.12.o
 .debug_abbrev  0x00000000000004d1       0x14 /usr/local/Cellar/pebble-toolchain/2.0/arm-cs-tools/bin/../lib/gcc/arm-none-eabi/4.7.2/thumb2/libgcc.a(_arm_addsubsf3.o)
 .debug_abbrev  0x00000000000004e5       0x14 /usr/local/Cellar/pebble-toolchain/2.0/arm-cs-tools/bin/../lib/gcc/arm-none-eabi/4.7.2/thumb2/libgcc.a(_arm_muldivsf3.o)
 .debug_abbrev  0x00000000000004f9       0x14 /usr/local/Cellar/pebble-toolchain/2.0/arm-cs-tools/bin/../lib/gcc/arm-none-eabi/4.7.2/thumb2/libgcc.a(_arm_cmpsf2.o)
 .debug_abbrev  0x000000000000050d       0x14 /usr/local/Cellar/pebble-toolchain/2.0/arm-cs-tools/bin/../lib/gcc/arm-none-eabi/4.7.2/thumb2/libgcc.a(_arm_fixsfsi.o)

.debug_loc      0x0000000000000000      0xd21
 .debug_loc     0x0000000000000000      0xd21 src/main.c.12.o

.debug_aranges  0x0000000000000000      0x158
 .debug_aranges
                0x0000000000000000       0xc0 src/main.c.12.o
 .debug_aranges
                0x00000000000000c0       0x18 aplite/appinfo.auto.c.12.o
 .debug_aranges
                0x00000000000000d8       0x20 /usr/local/Cellar/pebble-toolchain/2.0/arm-cs-tools/bin/../lib/gcc/arm-none-eabi/4.7.2/thumb2/libgcc.a(_arm_addsubsf3.o)
 .debug_aranges
                0x00000000000000f8       0x20 /usr/local/Cellar/pebble-toolchain/2.0/arm-cs-tools/bin/../lib/gcc/arm-none-eabi/4.7.2/thumb2/libgcc.a(_arm_muldivsf3.o)
 .debug_aranges
                0x0000000000000118       0x20 /usr/local/Cellar/pebble-toolchain/2.0/arm-cs-tools/bin/../lib/gcc/arm-none-eabi/4.7.2/thumb2/libgcc.a(_arm_cmpsf2.o)
 .debug_aranges
                0x0000000000000138       0x20 /usr/local/Cellar/pebble-toolchain/2.0/arm-cs-tools/bin/../lib/gcc/arm-none-eabi/4.7.2/thumb2/libgcc.a(_arm_fixsfsi.o)

.debug_ranges   0x0000000000000000      0x128
 .debug_ranges  0x0000000000000000      0x128 src/main.c.12.o

.debug_line     0x0000000000000000      0xdbb
 .debug_line    0x0000000000000000      0x86e src/main.c.12.o
 .debug_line    0x000000000000086e      0x156 aplite/appinfo.auto.c.12.o
 .debug_line    0x00000000000009c4      0x128 /usr/local/Cellar/pebble-toolchain/2.0/arm-cs-tools/bin/../lib/gcc/arm-none-eabi/4.7.2/thumb2/libgcc.a(_arm_addsubsf3.o)
 .debug_line    0x0000000000000aec      0x149 /usr/local/Cellar/pebble-toolchain/2.0/arm-cs-tools/bin/../lib/gcc/arm-none-eabi/4.7.2/thumb2/libgcc.a(_arm_muldivsf3.o)
 .debug_line    0x0000000000000c35      0x100 /usr/local/Cellar/pebble-toolchain/2.0/arm-cs-tools/bin/../lib/gcc/arm-none-eabi/4.7.2/thumb2/libgcc.a(_arm_cmpsf2.o)
 .debug_line    0x0000000000000d35       0x86 /usr/local/Cellar/pebble-toolchain/2.0/arm-cs-tools/bin/../lib/gcc/arm-none-eabi/4.7.2/thumb2/libgcc.a(_arm_fixsfsi.o)

.debug_str      0x0000000000000000     0x1901
 .debug_str     0x0000000000000000     0x16ef src/main.c.12.o
                                       0x17c0 (size before relaxing)
 .debug_str     0x00000000000016ef      0x212 aplite/appinfo.auto.c.12.o
                                        0x64e (size before relaxing)

.debug_frame    0x0000000000000000      0x280
 .debug_frame   0x0000000000000000      0x280 src/main.c.12.o
