Archive member included because of file (symbol)

/usr/local/Cellar/pebble-sdk/3.6/Pebble/aplite/lib/libpebble.a(tmpvXKNpYpebble.o)
                              src/main.c.12.o (app_event_loop)
/usr/local/Cellar/pebble-toolchain/2.0/arm-cs-tools/bin/../lib/gcc/arm-none-eabi/4.7.2/thumb2/libgcc.a(_arm_addsubsf3.o)
                              src/main.c.12.o (__aeabi_fsub)
/usr/local/Cellar/pebble-toolchain/2.0/arm-cs-tools/bin/../lib/gcc/arm-none-eabi/4.7.2/thumb2/libgcc.a(_arm_muldivsf3.o)
                              src/main.c.12.o (__aeabi_fmul)
/usr/local/Cellar/pebble-toolchain/2.0/arm-cs-tools/bin/../lib/gcc/arm-none-eabi/4.7.2/thumb2/libgcc.a(_arm_cmpsf2.o)
                              src/main.c.12.o (__aeabi_fcmpeq)
/usr/local/Cellar/pebble-toolchain/2.0/arm-cs-tools/bin/../lib/gcc/arm-none-eabi/4.7.2/thumb2/libgcc.a(_arm_fixsfsi.o)
                              src/main.c.12.o (__aeabi_f2iz)

Allocating common symbols
Common symbol       size              file

cnfExchange         0x14              src/main.c.12.o
trotteuse_scale_layer
                    0x4               src/main.c.12.o
forecastPeriod      0x10              src/main.c.12.o
bgraph_data         0x1e0             src/main.c.12.o
forecastLow         0x10              src/main.c.12.o
btcL                0x10              src/main.c.12.o
date_layer          0x4               src/main.c.12.o
forecastTemp        0x10              src/main.c.12.o
cnfLocation         0x20              src/main.c.12.o
trotteuse_layer     0x4               src/main.c.12.o
btcV                0x10              src/main.c.12.o
bcH_layer           0x4               src/main.c.12.o
bcL_layer           0x4               src/main.c.12.o
obWindSpeed         0x10              src/main.c.12.o
graph_layer         0x4               src/main.c.12.o
bc_layer            0x4               src/main.c.12.o
btcH                0x10              src/main.c.12.o
forecastIconCode    0x10              src/main.c.12.o
forecastHigh        0x10              src/main.c.12.o
time_layer          0x4               src/main.c.12.o
obWindDir_bkp       0x10              src/main.c.12.o
geoArea1            0x5               src/main.c.12.o
battery_text        0x8               src/main.c.12.o
bgraph              0x4               src/main.c.12.o
obTemperature       0x10              src/main.c.12.o
obWindGust          0x10              src/main.c.12.o
obIconCode          0x10              src/main.c.12.o
obWindChill         0x10              src/main.c.12.o
battery_state       0x3               src/main.c.12.o
window              0x4               src/main.c.12.o
bluetooth_text      0x8               src/main.c.12.o
obHumidex           0x10              src/main.c.12.o
weather_layer       0x9c              src/main.c.12.o
obWindDir           0x10              src/main.c.12.o

Discarded input sections

 .text          0x0000000000000000        0x0 /usr/local/Cellar/pebble-toolchain/2.0/arm-cs-tools/bin/../lib/gcc/arm-none-eabi/4.7.2/thumb2/crti.o
 .bss           0x0000000000000000        0x0 /usr/local/Cellar/pebble-toolchain/2.0/arm-cs-tools/bin/../lib/gcc/arm-none-eabi/4.7.2/thumb2/crti.o
 .init          0x0000000000000000        0x4 /usr/local/Cellar/pebble-toolchain/2.0/arm-cs-tools/bin/../lib/gcc/arm-none-eabi/4.7.2/thumb2/crti.o
 .fini          0x0000000000000000        0x4 /usr/local/Cellar/pebble-toolchain/2.0/arm-cs-tools/bin/../lib/gcc/arm-none-eabi/4.7.2/thumb2/crti.o
 .text          0x0000000000000000       0xc8 /usr/local/Cellar/pebble-toolchain/2.0/arm-cs-tools/bin/../lib/gcc/arm-none-eabi/4.7.2/thumb2/crtbegin.o
 .bss           0x0000000000000000       0x1c /usr/local/Cellar/pebble-toolchain/2.0/arm-cs-tools/bin/../lib/gcc/arm-none-eabi/4.7.2/thumb2/crtbegin.o
 .init_array    0x0000000000000000        0x4 /usr/local/Cellar/pebble-toolchain/2.0/arm-cs-tools/bin/../lib/gcc/arm-none-eabi/4.7.2/thumb2/crtbegin.o
 .fini_array    0x0000000000000000        0x4 /usr/local/Cellar/pebble-toolchain/2.0/arm-cs-tools/bin/../lib/gcc/arm-none-eabi/4.7.2/thumb2/crtbegin.o
 .eh_frame      0x0000000000000000        0x0 /usr/local/Cellar/pebble-toolchain/2.0/arm-cs-tools/bin/../lib/gcc/arm-none-eabi/4.7.2/thumb2/crtbegin.o
 .jcr           0x0000000000000000        0x0 /usr/local/Cellar/pebble-toolchain/2.0/arm-cs-tools/bin/../lib/gcc/arm-none-eabi/4.7.2/thumb2/crtbegin.o
 .tm_clone_table
                0x0000000000000000        0x0 /usr/local/Cellar/pebble-toolchain/2.0/arm-cs-tools/bin/../lib/gcc/arm-none-eabi/4.7.2/thumb2/crtbegin.o
 .text          0x0000000000000000        0x0 src/main.c.12.o
 .bss           0x0000000000000000        0x0 src/main.c.12.o
 .data.trotteuse_draw_scale
                0x0000000000000000        0x4 src/main.c.12.o
 .bss.trotteuse
                0x0000000000000000        0x4 src/main.c.12.o
 .text          0x0000000000000000        0x0 aplite/appinfo.auto.c.12.o
 .bss           0x0000000000000000        0x0 aplite/appinfo.auto.c.12.o
 .bss           0x0000000000000000        0x0 /usr/local/Cellar/pebble-sdk/3.6/Pebble/aplite/lib/libpebble.a(tmpvXKNpYpebble.o)
 .text.accel_data_service_subscribe__deprecated
                0x0000000000000000        0xc /usr/local/Cellar/pebble-sdk/3.6/Pebble/aplite/lib/libpebble.a(tmpvXKNpYpebble.o)
 .text.accel_data_service_unsubscribe
                0x0000000000000000        0xc /usr/local/Cellar/pebble-sdk/3.6/Pebble/aplite/lib/libpebble.a(tmpvXKNpYpebble.o)
 .text.accel_service_peek
                0x0000000000000000        0xc /usr/local/Cellar/pebble-sdk/3.6/Pebble/aplite/lib/libpebble.a(tmpvXKNpYpebble.o)
 .text.accel_service_set_samples_per_update
                0x0000000000000000        0xc /usr/local/Cellar/pebble-sdk/3.6/Pebble/aplite/lib/libpebble.a(tmpvXKNpYpebble.o)
 .text.accel_service_set_sampling_rate
                0x0000000000000000        0xc /usr/local/Cellar/pebble-sdk/3.6/Pebble/aplite/lib/libpebble.a(tmpvXKNpYpebble.o)
 .text.accel_tap_service_subscribe
                0x0000000000000000        0xc /usr/local/Cellar/pebble-sdk/3.6/Pebble/aplite/lib/libpebble.a(tmpvXKNpYpebble.o)
 .text.accel_tap_service_unsubscribe
                0x0000000000000000        0xc /usr/local/Cellar/pebble-sdk/3.6/Pebble/aplite/lib/libpebble.a(tmpvXKNpYpebble.o)
 .text.action_bar_layer_add_to_window
                0x0000000000000000        0xc /usr/local/Cellar/pebble-sdk/3.6/Pebble/aplite/lib/libpebble.a(tmpvXKNpYpebble.o)
 .text.action_bar_layer_clear_icon
                0x0000000000000000        0xc /usr/local/Cellar/pebble-sdk/3.6/Pebble/aplite/lib/libpebble.a(tmpvXKNpYpebble.o)
 .text.action_bar_layer_create
                0x0000000000000000        0xc /usr/local/Cellar/pebble-sdk/3.6/Pebble/aplite/lib/libpebble.a(tmpvXKNpYpebble.o)
 .text.action_bar_layer_destroy
                0x0000000000000000        0xc /usr/local/Cellar/pebble-sdk/3.6/Pebble/aplite/lib/libpebble.a(tmpvXKNpYpebble.o)
 .text.action_bar_layer_get_layer
                0x0000000000000000        0xc /usr/local/Cellar/pebble-sdk/3.6/Pebble/aplite/lib/libpebble.a(tmpvXKNpYpebble.o)
 .text.action_bar_layer_remove_from_window
                0x0000000000000000        0xc /usr/local/Cellar/pebble-sdk/3.6/Pebble/aplite/lib/libpebble.a(tmpvXKNpYpebble.o)
 .text.action_bar_layer_set_background_color
                0x0000000000000000        0xc /usr/local/Cellar/pebble-sdk/3.6/Pebble/aplite/lib/libpebble.a(tmpvXKNpYpebble.o)
 .text.action_bar_layer_set_click_config_provider
                0x0000000000000000        0xc /usr/local/Cellar/pebble-sdk/3.6/Pebble/aplite/lib/libpebble.a(tmpvXKNpYpebble.o)
 .text.action_bar_layer_set_context
                0x0000000000000000        0xc /usr/local/Cellar/pebble-sdk/3.6/Pebble/aplite/lib/libpebble.a(tmpvXKNpYpebble.o)
 .text.action_bar_layer_set_icon
                0x0000000000000000        0xc /usr/local/Cellar/pebble-sdk/3.6/Pebble/aplite/lib/libpebble.a(tmpvXKNpYpebble.o)
 .text.animation_create
                0x0000000000000000        0xc /usr/local/Cellar/pebble-sdk/3.6/Pebble/aplite/lib/libpebble.a(tmpvXKNpYpebble.o)
 .text.animation_destroy
                0x0000000000000000        0xc /usr/local/Cellar/pebble-sdk/3.6/Pebble/aplite/lib/libpebble.a(tmpvXKNpYpebble.o)
 .text.animation_get_context
                0x0000000000000000        0xc /usr/local/Cellar/pebble-sdk/3.6/Pebble/aplite/lib/libpebble.a(tmpvXKNpYpebble.o)
 .text.animation_is_scheduled
                0x0000000000000000        0xc /usr/local/Cellar/pebble-sdk/3.6/Pebble/aplite/lib/libpebble.a(tmpvXKNpYpebble.o)
 .text.animation_schedule
                0x0000000000000000        0xc /usr/local/Cellar/pebble-sdk/3.6/Pebble/aplite/lib/libpebble.a(tmpvXKNpYpebble.o)
 .text.animation_set_curve
                0x0000000000000000        0xc /usr/local/Cellar/pebble-sdk/3.6/Pebble/aplite/lib/libpebble.a(tmpvXKNpYpebble.o)
 .text.animation_set_delay
                0x0000000000000000        0xc /usr/local/Cellar/pebble-sdk/3.6/Pebble/aplite/lib/libpebble.a(tmpvXKNpYpebble.o)
 .text.animation_set_duration
                0x0000000000000000        0xc /usr/local/Cellar/pebble-sdk/3.6/Pebble/aplite/lib/libpebble.a(tmpvXKNpYpebble.o)
 .text.animation_set_handlers
                0x0000000000000000        0xc /usr/local/Cellar/pebble-sdk/3.6/Pebble/aplite/lib/libpebble.a(tmpvXKNpYpebble.o)
 .text.animation_set_implementation
                0x0000000000000000        0xc /usr/local/Cellar/pebble-sdk/3.6/Pebble/aplite/lib/libpebble.a(tmpvXKNpYpebble.o)
 .text.animation_unschedule
                0x0000000000000000        0xc /usr/local/Cellar/pebble-sdk/3.6/Pebble/aplite/lib/libpebble.a(tmpvXKNpYpebble.o)
 .text.animation_unschedule_all
                0x0000000000000000        0xc /usr/local/Cellar/pebble-sdk/3.6/Pebble/aplite/lib/libpebble.a(tmpvXKNpYpebble.o)
 .text.app_comm_get_sniff_interval
                0x0000000000000000        0xc /usr/local/Cellar/pebble-sdk/3.6/Pebble/aplite/lib/libpebble.a(tmpvXKNpYpebble.o)
 .text.app_comm_set_sniff_interval
                0x0000000000000000        0xc /usr/local/Cellar/pebble-sdk/3.6/Pebble/aplite/lib/libpebble.a(tmpvXKNpYpebble.o)
 .text.app_message_deregister_callbacks
                0x0000000000000000        0xc /usr/local/Cellar/pebble-sdk/3.6/Pebble/aplite/lib/libpebble.a(tmpvXKNpYpebble.o)
 .text.app_sync_deinit
                0x0000000000000000        0xc /usr/local/Cellar/pebble-sdk/3.6/Pebble/aplite/lib/libpebble.a(tmpvXKNpYpebble.o)
 .text.app_sync_get
                0x0000000000000000        0xc /usr/local/Cellar/pebble-sdk/3.6/Pebble/aplite/lib/libpebble.a(tmpvXKNpYpebble.o)
 .text.app_sync_init
                0x0000000000000000        0xc /usr/local/Cellar/pebble-sdk/3.6/Pebble/aplite/lib/libpebble.a(tmpvXKNpYpebble.o)
 .text.app_sync_set
                0x0000000000000000        0xc /usr/local/Cellar/pebble-sdk/3.6/Pebble/aplite/lib/libpebble.a(tmpvXKNpYpebble.o)
 .text.app_timer_cancel
                0x0000000000000000        0xc /usr/local/Cellar/pebble-sdk/3.6/Pebble/aplite/lib/libpebble.a(tmpvXKNpYpebble.o)
 .text.app_timer_register
                0x0000000000000000        0xc /usr/local/Cellar/pebble-sdk/3.6/Pebble/aplite/lib/libpebble.a(tmpvXKNpYpebble.o)
 .text.app_timer_reschedule
                0x0000000000000000        0xc /usr/local/Cellar/pebble-sdk/3.6/Pebble/aplite/lib/libpebble.a(tmpvXKNpYpebble.o)
 .text.atan2_lookup
                0x0000000000000000        0xc /usr/local/Cellar/pebble-sdk/3.6/Pebble/aplite/lib/libpebble.a(tmpvXKNpYpebble.o)
 .text.atoi     0x0000000000000000        0xc /usr/local/Cellar/pebble-sdk/3.6/Pebble/aplite/lib/libpebble.a(tmpvXKNpYpebble.o)
 .text.atol     0x0000000000000000        0xc /usr/local/Cellar/pebble-sdk/3.6/Pebble/aplite/lib/libpebble.a(tmpvXKNpYpebble.o)
 .text.bitmap_layer_set_alignment
                0x0000000000000000        0xc /usr/local/Cellar/pebble-sdk/3.6/Pebble/aplite/lib/libpebble.a(tmpvXKNpYpebble.o)
 .text.bitmap_layer_set_compositing_mode
                0x0000000000000000        0xc /usr/local/Cellar/pebble-sdk/3.6/Pebble/aplite/lib/libpebble.a(tmpvXKNpYpebble.o)
 .text.click_number_of_clicks_counted
                0x0000000000000000        0xc /usr/local/Cellar/pebble-sdk/3.6/Pebble/aplite/lib/libpebble.a(tmpvXKNpYpebble.o)
 .text.click_recognizer_get_button_id
                0x0000000000000000        0xc /usr/local/Cellar/pebble-sdk/3.6/Pebble/aplite/lib/libpebble.a(tmpvXKNpYpebble.o)
 .text.clock_copy_time_string
                0x0000000000000000        0xc /usr/local/Cellar/pebble-sdk/3.6/Pebble/aplite/lib/libpebble.a(tmpvXKNpYpebble.o)
 .text.clock_is_24h_style
                0x0000000000000000        0xc /usr/local/Cellar/pebble-sdk/3.6/Pebble/aplite/lib/libpebble.a(tmpvXKNpYpebble.o)
 .text.cos_lookup
                0x0000000000000000        0xc /usr/local/Cellar/pebble-sdk/3.6/Pebble/aplite/lib/libpebble.a(tmpvXKNpYpebble.o)
 .text.data_logging_create
                0x0000000000000000        0xc /usr/local/Cellar/pebble-sdk/3.6/Pebble/aplite/lib/libpebble.a(tmpvXKNpYpebble.o)
 .text.data_logging_finish
                0x0000000000000000        0xc /usr/local/Cellar/pebble-sdk/3.6/Pebble/aplite/lib/libpebble.a(tmpvXKNpYpebble.o)
 .text.data_logging_log
                0x0000000000000000        0xc /usr/local/Cellar/pebble-sdk/3.6/Pebble/aplite/lib/libpebble.a(tmpvXKNpYpebble.o)
 .text.dict_calc_buffer_size
                0x0000000000000000        0xc /usr/local/Cellar/pebble-sdk/3.6/Pebble/aplite/lib/libpebble.a(tmpvXKNpYpebble.o)
 .text.dict_calc_buffer_size_from_tuplets
                0x0000000000000000        0xc /usr/local/Cellar/pebble-sdk/3.6/Pebble/aplite/lib/libpebble.a(tmpvXKNpYpebble.o)
 .text.dict_merge
                0x0000000000000000        0xc /usr/local/Cellar/pebble-sdk/3.6/Pebble/aplite/lib/libpebble.a(tmpvXKNpYpebble.o)
 .text.dict_read_begin_from_buffer
                0x0000000000000000        0xc /usr/local/Cellar/pebble-sdk/3.6/Pebble/aplite/lib/libpebble.a(tmpvXKNpYpebble.o)
 .text.dict_read_first
                0x0000000000000000        0xc /usr/local/Cellar/pebble-sdk/3.6/Pebble/aplite/lib/libpebble.a(tmpvXKNpYpebble.o)
 .text.dict_read_next
                0x0000000000000000        0xc /usr/local/Cellar/pebble-sdk/3.6/Pebble/aplite/lib/libpebble.a(tmpvXKNpYpebble.o)
 .text.dict_serialize_tuplets
                0x0000000000000000        0xc /usr/local/Cellar/pebble-sdk/3.6/Pebble/aplite/lib/libpebble.a(tmpvXKNpYpebble.o)
 .text.dict_serialize_tuplets_to_buffer__deprecated
                0x0000000000000000        0xc /usr/local/Cellar/pebble-sdk/3.6/Pebble/aplite/lib/libpebble.a(tmpvXKNpYpebble.o)
 .text.dict_serialize_tuplets_to_buffer_with_iter
                0x0000000000000000        0xc /usr/local/Cellar/pebble-sdk/3.6/Pebble/aplite/lib/libpebble.a(tmpvXKNpYpebble.o)
 .text.dict_write_begin
                0x0000000000000000        0xc /usr/local/Cellar/pebble-sdk/3.6/Pebble/aplite/lib/libpebble.a(tmpvXKNpYpebble.o)
 .text.dict_write_data
                0x0000000000000000        0xc /usr/local/Cellar/pebble-sdk/3.6/Pebble/aplite/lib/libpebble.a(tmpvXKNpYpebble.o)
 .text.dict_write_int
                0x0000000000000000        0xc /usr/local/Cellar/pebble-sdk/3.6/Pebble/aplite/lib/libpebble.a(tmpvXKNpYpebble.o)
 .text.dict_write_int16
                0x0000000000000000        0xc /usr/local/Cellar/pebble-sdk/3.6/Pebble/aplite/lib/libpebble.a(tmpvXKNpYpebble.o)
 .text.dict_write_int32
                0x0000000000000000        0xc /usr/local/Cellar/pebble-sdk/3.6/Pebble/aplite/lib/libpebble.a(tmpvXKNpYpebble.o)
 .text.dict_write_int8
                0x0000000000000000        0xc /usr/local/Cellar/pebble-sdk/3.6/Pebble/aplite/lib/libpebble.a(tmpvXKNpYpebble.o)
 .text.dict_write_tuplet
                0x0000000000000000        0xc /usr/local/Cellar/pebble-sdk/3.6/Pebble/aplite/lib/libpebble.a(tmpvXKNpYpebble.o)
 .text.dict_write_uint16
                0x0000000000000000        0xc /usr/local/Cellar/pebble-sdk/3.6/Pebble/aplite/lib/libpebble.a(tmpvXKNpYpebble.o)
 .text.dict_write_uint32
                0x0000000000000000        0xc /usr/local/Cellar/pebble-sdk/3.6/Pebble/aplite/lib/libpebble.a(tmpvXKNpYpebble.o)
 .text.dict_write_uint8
                0x0000000000000000        0xc /usr/local/Cellar/pebble-sdk/3.6/Pebble/aplite/lib/libpebble.a(tmpvXKNpYpebble.o)
 .text.fonts_unload_custom_font
                0x0000000000000000        0xc /usr/local/Cellar/pebble-sdk/3.6/Pebble/aplite/lib/libpebble.a(tmpvXKNpYpebble.o)
 .text.free     0x0000000000000000        0xc /usr/local/Cellar/pebble-sdk/3.6/Pebble/aplite/lib/libpebble.a(tmpvXKNpYpebble.o)
 .text.gbitmap_create_as_sub_bitmap
                0x0000000000000000        0xc /usr/local/Cellar/pebble-sdk/3.6/Pebble/aplite/lib/libpebble.a(tmpvXKNpYpebble.o)
 .text.gbitmap_create_with_data
                0x0000000000000000        0xc /usr/local/Cellar/pebble-sdk/3.6/Pebble/aplite/lib/libpebble.a(tmpvXKNpYpebble.o)
 .text.gmtime   0x0000000000000000        0xc /usr/local/Cellar/pebble-sdk/3.6/Pebble/aplite/lib/libpebble.a(tmpvXKNpYpebble.o)
 .text.gpath_draw_filled_legacy
                0x0000000000000000        0xc /usr/local/Cellar/pebble-sdk/3.6/Pebble/aplite/lib/libpebble.a(tmpvXKNpYpebble.o)
 .text.gpath_move_to
                0x0000000000000000        0xc /usr/local/Cellar/pebble-sdk/3.6/Pebble/aplite/lib/libpebble.a(tmpvXKNpYpebble.o)
 .text.gpath_rotate_to
                0x0000000000000000        0xc /usr/local/Cellar/pebble-sdk/3.6/Pebble/aplite/lib/libpebble.a(tmpvXKNpYpebble.o)
 .text.gpoint_equal
                0x0000000000000000        0xc /usr/local/Cellar/pebble-sdk/3.6/Pebble/aplite/lib/libpebble.a(tmpvXKNpYpebble.o)
 .text.graphics_context_set_compositing_mode
                0x0000000000000000        0xc /usr/local/Cellar/pebble-sdk/3.6/Pebble/aplite/lib/libpebble.a(tmpvXKNpYpebble.o)
 .text.graphics_context_set_fill_color
                0x0000000000000000        0xc /usr/local/Cellar/pebble-sdk/3.6/Pebble/aplite/lib/libpebble.a(tmpvXKNpYpebble.o)
 .text.graphics_context_set_text_color
                0x0000000000000000        0xc /usr/local/Cellar/pebble-sdk/3.6/Pebble/aplite/lib/libpebble.a(tmpvXKNpYpebble.o)
 .text.graphics_draw_bitmap_in_rect
                0x0000000000000000        0xc /usr/local/Cellar/pebble-sdk/3.6/Pebble/aplite/lib/libpebble.a(tmpvXKNpYpebble.o)
 .text.graphics_draw_circle
                0x0000000000000000        0xc /usr/local/Cellar/pebble-sdk/3.6/Pebble/aplite/lib/libpebble.a(tmpvXKNpYpebble.o)
 .text.graphics_draw_line
                0x0000000000000000        0xc /usr/local/Cellar/pebble-sdk/3.6/Pebble/aplite/lib/libpebble.a(tmpvXKNpYpebble.o)
 .text.graphics_draw_pixel
                0x0000000000000000        0xc /usr/local/Cellar/pebble-sdk/3.6/Pebble/aplite/lib/libpebble.a(tmpvXKNpYpebble.o)
 .text.graphics_draw_rect
                0x0000000000000000        0xc /usr/local/Cellar/pebble-sdk/3.6/Pebble/aplite/lib/libpebble.a(tmpvXKNpYpebble.o)
 .text.graphics_draw_round_rect
                0x0000000000000000        0xc /usr/local/Cellar/pebble-sdk/3.6/Pebble/aplite/lib/libpebble.a(tmpvXKNpYpebble.o)
 .text.graphics_fill_circle
                0x0000000000000000        0xc /usr/local/Cellar/pebble-sdk/3.6/Pebble/aplite/lib/libpebble.a(tmpvXKNpYpebble.o)
 .text.graphics_fill_rect
                0x0000000000000000        0xc /usr/local/Cellar/pebble-sdk/3.6/Pebble/aplite/lib/libpebble.a(tmpvXKNpYpebble.o)
 .text.graphics_text_layout_get_max_used_size
                0x0000000000000000        0xc /usr/local/Cellar/pebble-sdk/3.6/Pebble/aplite/lib/libpebble.a(tmpvXKNpYpebble.o)
 .text.grect_align
                0x0000000000000000        0xc /usr/local/Cellar/pebble-sdk/3.6/Pebble/aplite/lib/libpebble.a(tmpvXKNpYpebble.o)
 .text.grect_center_point
                0x0000000000000000        0xc /usr/local/Cellar/pebble-sdk/3.6/Pebble/aplite/lib/libpebble.a(tmpvXKNpYpebble.o)
 .text.grect_clip
                0x0000000000000000        0xc /usr/local/Cellar/pebble-sdk/3.6/Pebble/aplite/lib/libpebble.a(tmpvXKNpYpebble.o)
 .text.grect_contains_point
                0x0000000000000000        0xc /usr/local/Cellar/pebble-sdk/3.6/Pebble/aplite/lib/libpebble.a(tmpvXKNpYpebble.o)
 .text.grect_crop
                0x0000000000000000        0xc /usr/local/Cellar/pebble-sdk/3.6/Pebble/aplite/lib/libpebble.a(tmpvXKNpYpebble.o)
 .text.grect_equal
                0x0000000000000000        0xc /usr/local/Cellar/pebble-sdk/3.6/Pebble/aplite/lib/libpebble.a(tmpvXKNpYpebble.o)
 .text.grect_is_empty
                0x0000000000000000        0xc /usr/local/Cellar/pebble-sdk/3.6/Pebble/aplite/lib/libpebble.a(tmpvXKNpYpebble.o)
 .text.grect_standardize
                0x0000000000000000        0xc /usr/local/Cellar/pebble-sdk/3.6/Pebble/aplite/lib/libpebble.a(tmpvXKNpYpebble.o)
 .text.gsize_equal
                0x0000000000000000        0xc /usr/local/Cellar/pebble-sdk/3.6/Pebble/aplite/lib/libpebble.a(tmpvXKNpYpebble.o)
 .text.inverter_layer_create
                0x0000000000000000        0xc /usr/local/Cellar/pebble-sdk/3.6/Pebble/aplite/lib/libpebble.a(tmpvXKNpYpebble.o)
 .text.inverter_layer_destroy
                0x0000000000000000        0xc /usr/local/Cellar/pebble-sdk/3.6/Pebble/aplite/lib/libpebble.a(tmpvXKNpYpebble.o)
 .text.inverter_layer_get_layer
                0x0000000000000000        0xc /usr/local/Cellar/pebble-sdk/3.6/Pebble/aplite/lib/libpebble.a(tmpvXKNpYpebble.o)
 .text.layer_create_with_data
                0x0000000000000000        0xc /usr/local/Cellar/pebble-sdk/3.6/Pebble/aplite/lib/libpebble.a(tmpvXKNpYpebble.o)
 .text.layer_get_bounds
                0x0000000000000000        0xc /usr/local/Cellar/pebble-sdk/3.6/Pebble/aplite/lib/libpebble.a(tmpvXKNpYpebble.o)
 .text.layer_get_clips
                0x0000000000000000        0xc /usr/local/Cellar/pebble-sdk/3.6/Pebble/aplite/lib/libpebble.a(tmpvXKNpYpebble.o)
 .text.layer_get_data
                0x0000000000000000        0xc /usr/local/Cellar/pebble-sdk/3.6/Pebble/aplite/lib/libpebble.a(tmpvXKNpYpebble.o)
 .text.layer_get_frame
                0x0000000000000000        0xc /usr/local/Cellar/pebble-sdk/3.6/Pebble/aplite/lib/libpebble.a(tmpvXKNpYpebble.o)
 .text.layer_get_hidden
                0x0000000000000000        0xc /usr/local/Cellar/pebble-sdk/3.6/Pebble/aplite/lib/libpebble.a(tmpvXKNpYpebble.o)
 .text.layer_get_window
                0x0000000000000000        0xc /usr/local/Cellar/pebble-sdk/3.6/Pebble/aplite/lib/libpebble.a(tmpvXKNpYpebble.o)
 .text.layer_insert_above_sibling
                0x0000000000000000        0xc /usr/local/Cellar/pebble-sdk/3.6/Pebble/aplite/lib/libpebble.a(tmpvXKNpYpebble.o)
 .text.layer_remove_child_layers
                0x0000000000000000        0xc /usr/local/Cellar/pebble-sdk/3.6/Pebble/aplite/lib/libpebble.a(tmpvXKNpYpebble.o)
 .text.layer_remove_from_parent
                0x0000000000000000        0xc /usr/local/Cellar/pebble-sdk/3.6/Pebble/aplite/lib/libpebble.a(tmpvXKNpYpebble.o)
 .text.layer_set_bounds
                0x0000000000000000        0xc /usr/local/Cellar/pebble-sdk/3.6/Pebble/aplite/lib/libpebble.a(tmpvXKNpYpebble.o)
 .text.layer_set_clips
                0x0000000000000000        0xc /usr/local/Cellar/pebble-sdk/3.6/Pebble/aplite/lib/libpebble.a(tmpvXKNpYpebble.o)
 .text.layer_set_hidden
                0x0000000000000000        0xc /usr/local/Cellar/pebble-sdk/3.6/Pebble/aplite/lib/libpebble.a(tmpvXKNpYpebble.o)
 .text.light_enable
                0x0000000000000000        0xc /usr/local/Cellar/pebble-sdk/3.6/Pebble/aplite/lib/libpebble.a(tmpvXKNpYpebble.o)
 .text.light_enable_interaction
                0x0000000000000000        0xc /usr/local/Cellar/pebble-sdk/3.6/Pebble/aplite/lib/libpebble.a(tmpvXKNpYpebble.o)
 .text.malloc   0x0000000000000000        0xc /usr/local/Cellar/pebble-sdk/3.6/Pebble/aplite/lib/libpebble.a(tmpvXKNpYpebble.o)
 .text.memcpy   0x0000000000000000        0xc /usr/local/Cellar/pebble-sdk/3.6/Pebble/aplite/lib/libpebble.a(tmpvXKNpYpebble.o)
 .text.memmove  0x0000000000000000        0xc /usr/local/Cellar/pebble-sdk/3.6/Pebble/aplite/lib/libpebble.a(tmpvXKNpYpebble.o)
 .text.memset   0x0000000000000000        0xc /usr/local/Cellar/pebble-sdk/3.6/Pebble/aplite/lib/libpebble.a(tmpvXKNpYpebble.o)
 .text.menu_cell_basic_draw
                0x0000000000000000        0xc /usr/local/Cellar/pebble-sdk/3.6/Pebble/aplite/lib/libpebble.a(tmpvXKNpYpebble.o)
 .text.menu_cell_basic_header_draw
                0x0000000000000000        0xc /usr/local/Cellar/pebble-sdk/3.6/Pebble/aplite/lib/libpebble.a(tmpvXKNpYpebble.o)
 .text.menu_cell_title_draw
                0x0000000000000000        0xc /usr/local/Cellar/pebble-sdk/3.6/Pebble/aplite/lib/libpebble.a(tmpvXKNpYpebble.o)
 .text.menu_index_compare
                0x0000000000000000        0xc /usr/local/Cellar/pebble-sdk/3.6/Pebble/aplite/lib/libpebble.a(tmpvXKNpYpebble.o)
 .text.menu_layer_create
                0x0000000000000000        0xc /usr/local/Cellar/pebble-sdk/3.6/Pebble/aplite/lib/libpebble.a(tmpvXKNpYpebble.o)
 .text.menu_layer_destroy
                0x0000000000000000        0xc /usr/local/Cellar/pebble-sdk/3.6/Pebble/aplite/lib/libpebble.a(tmpvXKNpYpebble.o)
 .text.menu_layer_get_layer
                0x0000000000000000        0xc /usr/local/Cellar/pebble-sdk/3.6/Pebble/aplite/lib/libpebble.a(tmpvXKNpYpebble.o)
 .text.menu_layer_get_scroll_layer
                0x0000000000000000        0xc /usr/local/Cellar/pebble-sdk/3.6/Pebble/aplite/lib/libpebble.a(tmpvXKNpYpebble.o)
 .text.menu_layer_get_selected_index
                0x0000000000000000        0xc /usr/local/Cellar/pebble-sdk/3.6/Pebble/aplite/lib/libpebble.a(tmpvXKNpYpebble.o)
 .text.menu_layer_reload_data
                0x0000000000000000        0xc /usr/local/Cellar/pebble-sdk/3.6/Pebble/aplite/lib/libpebble.a(tmpvXKNpYpebble.o)
 .text.menu_layer_set_callbacks__deprecated
                0x0000000000000000        0xc /usr/local/Cellar/pebble-sdk/3.6/Pebble/aplite/lib/libpebble.a(tmpvXKNpYpebble.o)
 .text.menu_layer_set_click_config_onto_window
                0x0000000000000000        0xc /usr/local/Cellar/pebble-sdk/3.6/Pebble/aplite/lib/libpebble.a(tmpvXKNpYpebble.o)
 .text.menu_layer_set_selected_index
                0x0000000000000000        0xc /usr/local/Cellar/pebble-sdk/3.6/Pebble/aplite/lib/libpebble.a(tmpvXKNpYpebble.o)
 .text.menu_layer_set_selected_next
                0x0000000000000000        0xc /usr/local/Cellar/pebble-sdk/3.6/Pebble/aplite/lib/libpebble.a(tmpvXKNpYpebble.o)
 .text.number_window_create
                0x0000000000000000        0xc /usr/local/Cellar/pebble-sdk/3.6/Pebble/aplite/lib/libpebble.a(tmpvXKNpYpebble.o)
 .text.number_window_destroy
                0x0000000000000000        0xc /usr/local/Cellar/pebble-sdk/3.6/Pebble/aplite/lib/libpebble.a(tmpvXKNpYpebble.o)
 .text.number_window_get_value
                0x0000000000000000        0xc /usr/local/Cellar/pebble-sdk/3.6/Pebble/aplite/lib/libpebble.a(tmpvXKNpYpebble.o)
 .text.number_window_set_label
                0x0000000000000000        0xc /usr/local/Cellar/pebble-sdk/3.6/Pebble/aplite/lib/libpebble.a(tmpvXKNpYpebble.o)
 .text.number_window_set_max
                0x0000000000000000        0xc /usr/local/Cellar/pebble-sdk/3.6/Pebble/aplite/lib/libpebble.a(tmpvXKNpYpebble.o)
 .text.number_window_set_min
                0x0000000000000000        0xc /usr/local/Cellar/pebble-sdk/3.6/Pebble/aplite/lib/libpebble.a(tmpvXKNpYpebble.o)
 .text.number_window_set_step_size
                0x0000000000000000        0xc /usr/local/Cellar/pebble-sdk/3.6/Pebble/aplite/lib/libpebble.a(tmpvXKNpYpebble.o)
 .text.number_window_set_value
                0x0000000000000000        0xc /usr/local/Cellar/pebble-sdk/3.6/Pebble/aplite/lib/libpebble.a(tmpvXKNpYpebble.o)
 .text.persist_get_size
                0x0000000000000000        0xc /usr/local/Cellar/pebble-sdk/3.6/Pebble/aplite/lib/libpebble.a(tmpvXKNpYpebble.o)
 .text.persist_read_data__deprecated
                0x0000000000000000        0xc /usr/local/Cellar/pebble-sdk/3.6/Pebble/aplite/lib/libpebble.a(tmpvXKNpYpebble.o)
 .text.persist_read_int
                0x0000000000000000        0xc /usr/local/Cellar/pebble-sdk/3.6/Pebble/aplite/lib/libpebble.a(tmpvXKNpYpebble.o)
 .text.persist_read_string__deprecated
                0x0000000000000000        0xc /usr/local/Cellar/pebble-sdk/3.6/Pebble/aplite/lib/libpebble.a(tmpvXKNpYpebble.o)
 .text.persist_write_data__deprecated
                0x0000000000000000        0xc /usr/local/Cellar/pebble-sdk/3.6/Pebble/aplite/lib/libpebble.a(tmpvXKNpYpebble.o)
 .text.persist_write_int
                0x0000000000000000        0xc /usr/local/Cellar/pebble-sdk/3.6/Pebble/aplite/lib/libpebble.a(tmpvXKNpYpebble.o)
 .text.property_animation_create
                0x0000000000000000        0xc /usr/local/Cellar/pebble-sdk/3.6/Pebble/aplite/lib/libpebble.a(tmpvXKNpYpebble.o)
 .text.property_animation_create_layer_frame
                0x0000000000000000        0xc /usr/local/Cellar/pebble-sdk/3.6/Pebble/aplite/lib/libpebble.a(tmpvXKNpYpebble.o)
 .text.property_animation_destroy
                0x0000000000000000        0xc /usr/local/Cellar/pebble-sdk/3.6/Pebble/aplite/lib/libpebble.a(tmpvXKNpYpebble.o)
 .text.property_animation_update_gpoint
                0x0000000000000000        0xc /usr/local/Cellar/pebble-sdk/3.6/Pebble/aplite/lib/libpebble.a(tmpvXKNpYpebble.o)
 .text.property_animation_update_grect
                0x0000000000000000        0xc /usr/local/Cellar/pebble-sdk/3.6/Pebble/aplite/lib/libpebble.a(tmpvXKNpYpebble.o)
 .text.property_animation_update_int16
                0x0000000000000000        0xc /usr/local/Cellar/pebble-sdk/3.6/Pebble/aplite/lib/libpebble.a(tmpvXKNpYpebble.o)
 .text.psleep   0x0000000000000000        0xc /usr/local/Cellar/pebble-sdk/3.6/Pebble/aplite/lib/libpebble.a(tmpvXKNpYpebble.o)
 .text.rand     0x0000000000000000        0xc /usr/local/Cellar/pebble-sdk/3.6/Pebble/aplite/lib/libpebble.a(tmpvXKNpYpebble.o)
 .text.resource_load
                0x0000000000000000        0xc /usr/local/Cellar/pebble-sdk/3.6/Pebble/aplite/lib/libpebble.a(tmpvXKNpYpebble.o)
 .text.resource_load_byte_range
                0x0000000000000000        0xc /usr/local/Cellar/pebble-sdk/3.6/Pebble/aplite/lib/libpebble.a(tmpvXKNpYpebble.o)
 .text.resource_size
                0x0000000000000000        0xc /usr/local/Cellar/pebble-sdk/3.6/Pebble/aplite/lib/libpebble.a(tmpvXKNpYpebble.o)
 .text.rot_bitmap_layer_create
                0x0000000000000000        0xc /usr/local/Cellar/pebble-sdk/3.6/Pebble/aplite/lib/libpebble.a(tmpvXKNpYpebble.o)
 .text.rot_bitmap_layer_destroy
                0x0000000000000000        0xc /usr/local/Cellar/pebble-sdk/3.6/Pebble/aplite/lib/libpebble.a(tmpvXKNpYpebble.o)
 .text.rot_bitmap_layer_increment_angle
                0x0000000000000000        0xc /usr/local/Cellar/pebble-sdk/3.6/Pebble/aplite/lib/libpebble.a(tmpvXKNpYpebble.o)
 .text.rot_bitmap_layer_set_angle
                0x0000000000000000        0xc /usr/local/Cellar/pebble-sdk/3.6/Pebble/aplite/lib/libpebble.a(tmpvXKNpYpebble.o)
 .text.rot_bitmap_layer_set_corner_clip_color
                0x0000000000000000        0xc /usr/local/Cellar/pebble-sdk/3.6/Pebble/aplite/lib/libpebble.a(tmpvXKNpYpebble.o)
 .text.rot_bitmap_set_compositing_mode
                0x0000000000000000        0xc /usr/local/Cellar/pebble-sdk/3.6/Pebble/aplite/lib/libpebble.a(tmpvXKNpYpebble.o)
 .text.rot_bitmap_set_src_ic
                0x0000000000000000        0xc /usr/local/Cellar/pebble-sdk/3.6/Pebble/aplite/lib/libpebble.a(tmpvXKNpYpebble.o)
 .text.scroll_layer_add_child
                0x0000000000000000        0xc /usr/local/Cellar/pebble-sdk/3.6/Pebble/aplite/lib/libpebble.a(tmpvXKNpYpebble.o)
 .text.scroll_layer_create
                0x0000000000000000        0xc /usr/local/Cellar/pebble-sdk/3.6/Pebble/aplite/lib/libpebble.a(tmpvXKNpYpebble.o)
 .text.scroll_layer_destroy
                0x0000000000000000        0xc /usr/local/Cellar/pebble-sdk/3.6/Pebble/aplite/lib/libpebble.a(tmpvXKNpYpebble.o)
 .text.scroll_layer_get_content_offset
                0x0000000000000000        0xc /usr/local/Cellar/pebble-sdk/3.6/Pebble/aplite/lib/libpebble.a(tmpvXKNpYpebble.o)
 .text.scroll_layer_get_content_size
                0x0000000000000000        0xc /usr/local/Cellar/pebble-sdk/3.6/Pebble/aplite/lib/libpebble.a(tmpvXKNpYpebble.o)
 .text.scroll_layer_get_layer
                0x0000000000000000        0xc /usr/local/Cellar/pebble-sdk/3.6/Pebble/aplite/lib/libpebble.a(tmpvXKNpYpebble.o)
 .text.scroll_layer_get_shadow_hidden
                0x0000000000000000        0xc /usr/local/Cellar/pebble-sdk/3.6/Pebble/aplite/lib/libpebble.a(tmpvXKNpYpebble.o)
 .text.scroll_layer_scroll_down_click_handler
                0x0000000000000000        0xc /usr/local/Cellar/pebble-sdk/3.6/Pebble/aplite/lib/libpebble.a(tmpvXKNpYpebble.o)
 .text.scroll_layer_scroll_up_click_handler
                0x0000000000000000        0xc /usr/local/Cellar/pebble-sdk/3.6/Pebble/aplite/lib/libpebble.a(tmpvXKNpYpebble.o)
 .text.scroll_layer_set_callbacks
                0x0000000000000000        0xc /usr/local/Cellar/pebble-sdk/3.6/Pebble/aplite/lib/libpebble.a(tmpvXKNpYpebble.o)
 .text.scroll_layer_set_click_config_onto_window
                0x0000000000000000        0xc /usr/local/Cellar/pebble-sdk/3.6/Pebble/aplite/lib/libpebble.a(tmpvXKNpYpebble.o)
 .text.scroll_layer_set_content_offset
                0x0000000000000000        0xc /usr/local/Cellar/pebble-sdk/3.6/Pebble/aplite/lib/libpebble.a(tmpvXKNpYpebble.o)
 .text.scroll_layer_set_content_size
                0x0000000000000000        0xc /usr/local/Cellar/pebble-sdk/3.6/Pebble/aplite/lib/libpebble.a(tmpvXKNpYpebble.o)
 .text.scroll_layer_set_context
                0x0000000000000000        0xc /usr/local/Cellar/pebble-sdk/3.6/Pebble/aplite/lib/libpebble.a(tmpvXKNpYpebble.o)
 .text.scroll_layer_set_frame
                0x0000000000000000        0xc /usr/local/Cellar/pebble-sdk/3.6/Pebble/aplite/lib/libpebble.a(tmpvXKNpYpebble.o)
 .text.scroll_layer_set_shadow_hidden
                0x0000000000000000        0xc /usr/local/Cellar/pebble-sdk/3.6/Pebble/aplite/lib/libpebble.a(tmpvXKNpYpebble.o)
 .text.simple_menu_layer_create
                0x0000000000000000        0xc /usr/local/Cellar/pebble-sdk/3.6/Pebble/aplite/lib/libpebble.a(tmpvXKNpYpebble.o)
 .text.simple_menu_layer_destroy
                0x0000000000000000        0xc /usr/local/Cellar/pebble-sdk/3.6/Pebble/aplite/lib/libpebble.a(tmpvXKNpYpebble.o)
 .text.simple_menu_layer_get_layer
                0x0000000000000000        0xc /usr/local/Cellar/pebble-sdk/3.6/Pebble/aplite/lib/libpebble.a(tmpvXKNpYpebble.o)
 .text.simple_menu_layer_get_selected_index
                0x0000000000000000        0xc /usr/local/Cellar/pebble-sdk/3.6/Pebble/aplite/lib/libpebble.a(tmpvXKNpYpebble.o)
 .text.simple_menu_layer_set_selected_index
                0x0000000000000000        0xc /usr/local/Cellar/pebble-sdk/3.6/Pebble/aplite/lib/libpebble.a(tmpvXKNpYpebble.o)
 .text.sin_lookup
                0x0000000000000000        0xc /usr/local/Cellar/pebble-sdk/3.6/Pebble/aplite/lib/libpebble.a(tmpvXKNpYpebble.o)
 .text.snprintf
                0x0000000000000000        0xc /usr/local/Cellar/pebble-sdk/3.6/Pebble/aplite/lib/libpebble.a(tmpvXKNpYpebble.o)
 .text.srand    0x0000000000000000        0xc /usr/local/Cellar/pebble-sdk/3.6/Pebble/aplite/lib/libpebble.a(tmpvXKNpYpebble.o)
 .text.strncmp  0x0000000000000000        0xc /usr/local/Cellar/pebble-sdk/3.6/Pebble/aplite/lib/libpebble.a(tmpvXKNpYpebble.o)
 .text.text_layer_get_content_size
                0x0000000000000000        0xc /usr/local/Cellar/pebble-sdk/3.6/Pebble/aplite/lib/libpebble.a(tmpvXKNpYpebble.o)
 .text.text_layer_get_text
                0x0000000000000000        0xc /usr/local/Cellar/pebble-sdk/3.6/Pebble/aplite/lib/libpebble.a(tmpvXKNpYpebble.o)
 .text.text_layer_set_overflow_mode
                0x0000000000000000        0xc /usr/local/Cellar/pebble-sdk/3.6/Pebble/aplite/lib/libpebble.a(tmpvXKNpYpebble.o)
 .text.text_layer_set_size
                0x0000000000000000        0xc /usr/local/Cellar/pebble-sdk/3.6/Pebble/aplite/lib/libpebble.a(tmpvXKNpYpebble.o)
 .text.time_ms  0x0000000000000000        0xc /usr/local/Cellar/pebble-sdk/3.6/Pebble/aplite/lib/libpebble.a(tmpvXKNpYpebble.o)
 .text.vibes_cancel
                0x0000000000000000        0xc /usr/local/Cellar/pebble-sdk/3.6/Pebble/aplite/lib/libpebble.a(tmpvXKNpYpebble.o)
 .text.vibes_double_pulse
                0x0000000000000000        0xc /usr/local/Cellar/pebble-sdk/3.6/Pebble/aplite/lib/libpebble.a(tmpvXKNpYpebble.o)
 .text.vibes_long_pulse
                0x0000000000000000        0xc /usr/local/Cellar/pebble-sdk/3.6/Pebble/aplite/lib/libpebble.a(tmpvXKNpYpebble.o)
 .text.vibes_short_pulse
                0x0000000000000000        0xc /usr/local/Cellar/pebble-sdk/3.6/Pebble/aplite/lib/libpebble.a(tmpvXKNpYpebble.o)
 .text.window_get_click_config_provider
                0x0000000000000000        0xc /usr/local/Cellar/pebble-sdk/3.6/Pebble/aplite/lib/libpebble.a(tmpvXKNpYpebble.o)
 .text.window_get_fullscreen
                0x0000000000000000        0xc /usr/local/Cellar/pebble-sdk/3.6/Pebble/aplite/lib/libpebble.a(tmpvXKNpYpebble.o)
 .text.window_is_loaded
                0x0000000000000000        0xc /usr/local/Cellar/pebble-sdk/3.6/Pebble/aplite/lib/libpebble.a(tmpvXKNpYpebble.o)
 .text.window_set_click_config_provider
                0x0000000000000000        0xc /usr/local/Cellar/pebble-sdk/3.6/Pebble/aplite/lib/libpebble.a(tmpvXKNpYpebble.o)
 .text.window_set_click_config_provider_with_context
                0x0000000000000000        0xc /usr/local/Cellar/pebble-sdk/3.6/Pebble/aplite/lib/libpebble.a(tmpvXKNpYpebble.o)
 .text.window_set_fullscreen
                0x0000000000000000        0xc /usr/local/Cellar/pebble-sdk/3.6/Pebble/aplite/lib/libpebble.a(tmpvXKNpYpebble.o)
 .text.window_set_status_bar_icon
                0x0000000000000000        0xc /usr/local/Cellar/pebble-sdk/3.6/Pebble/aplite/lib/libpebble.a(tmpvXKNpYpebble.o)
 .text.window_set_window_handlers
                0x0000000000000000        0xc /usr/local/Cellar/pebble-sdk/3.6/Pebble/aplite/lib/libpebble.a(tmpvXKNpYpebble.o)
 .text.window_stack_contains_window
                0x0000000000000000        0xc /usr/local/Cellar/pebble-sdk/3.6/Pebble/aplite/lib/libpebble.a(tmpvXKNpYpebble.o)
 .text.window_stack_get_top_window
                0x0000000000000000        0xc /usr/local/Cellar/pebble-sdk/3.6/Pebble/aplite/lib/libpebble.a(tmpvXKNpYpebble.o)
 .text.window_stack_pop
                0x0000000000000000        0xc /usr/local/Cellar/pebble-sdk/3.6/Pebble/aplite/lib/libpebble.a(tmpvXKNpYpebble.o)
 .text.window_stack_pop_all
                0x0000000000000000        0xc /usr/local/Cellar/pebble-sdk/3.6/Pebble/aplite/lib/libpebble.a(tmpvXKNpYpebble.o)
 .text.window_stack_remove
                0x0000000000000000        0xc /usr/local/Cellar/pebble-sdk/3.6/Pebble/aplite/lib/libpebble.a(tmpvXKNpYpebble.o)
 .text.app_focus_service_subscribe
                0x0000000000000000        0xc /usr/local/Cellar/pebble-sdk/3.6/Pebble/aplite/lib/libpebble.a(tmpvXKNpYpebble.o)
 .text.app_focus_service_unsubscribe
                0x0000000000000000        0xc /usr/local/Cellar/pebble-sdk/3.6/Pebble/aplite/lib/libpebble.a(tmpvXKNpYpebble.o)
 .text.window_get_user_data
                0x0000000000000000        0xc /usr/local/Cellar/pebble-sdk/3.6/Pebble/aplite/lib/libpebble.a(tmpvXKNpYpebble.o)
 .text.window_set_user_data
                0x0000000000000000        0xc /usr/local/Cellar/pebble-sdk/3.6/Pebble/aplite/lib/libpebble.a(tmpvXKNpYpebble.o)
 .text.app_message_get_context
                0x0000000000000000        0xc /usr/local/Cellar/pebble-sdk/3.6/Pebble/aplite/lib/libpebble.a(tmpvXKNpYpebble.o)
 .text.app_message_register_outbox_sent
                0x0000000000000000        0xc /usr/local/Cellar/pebble-sdk/3.6/Pebble/aplite/lib/libpebble.a(tmpvXKNpYpebble.o)
 .text.app_message_set_context
                0x0000000000000000        0xc /usr/local/Cellar/pebble-sdk/3.6/Pebble/aplite/lib/libpebble.a(tmpvXKNpYpebble.o)
 .text.window_long_click_subscribe
                0x0000000000000000        0xc /usr/local/Cellar/pebble-sdk/3.6/Pebble/aplite/lib/libpebble.a(tmpvXKNpYpebble.o)
 .text.window_multi_click_subscribe
                0x0000000000000000        0xc /usr/local/Cellar/pebble-sdk/3.6/Pebble/aplite/lib/libpebble.a(tmpvXKNpYpebble.o)
 .text.window_raw_click_subscribe
                0x0000000000000000        0xc /usr/local/Cellar/pebble-sdk/3.6/Pebble/aplite/lib/libpebble.a(tmpvXKNpYpebble.o)
 .text.window_set_click_context
                0x0000000000000000        0xc /usr/local/Cellar/pebble-sdk/3.6/Pebble/aplite/lib/libpebble.a(tmpvXKNpYpebble.o)
 .text.window_single_click_subscribe
                0x0000000000000000        0xc /usr/local/Cellar/pebble-sdk/3.6/Pebble/aplite/lib/libpebble.a(tmpvXKNpYpebble.o)
 .text.window_single_repeating_click_subscribe
                0x0000000000000000        0xc /usr/local/Cellar/pebble-sdk/3.6/Pebble/aplite/lib/libpebble.a(tmpvXKNpYpebble.o)
 .text.graphics_draw_text
                0x0000000000000000        0xc /usr/local/Cellar/pebble-sdk/3.6/Pebble/aplite/lib/libpebble.a(tmpvXKNpYpebble.o)
 .text.dict_serialize_tuplets_to_buffer
                0x0000000000000000        0xc /usr/local/Cellar/pebble-sdk/3.6/Pebble/aplite/lib/libpebble.a(tmpvXKNpYpebble.o)
 .text.dict_size
                0x0000000000000000        0xc /usr/local/Cellar/pebble-sdk/3.6/Pebble/aplite/lib/libpebble.a(tmpvXKNpYpebble.o)
 .text.graphics_text_layout_get_content_size
                0x0000000000000000        0xc /usr/local/Cellar/pebble-sdk/3.6/Pebble/aplite/lib/libpebble.a(tmpvXKNpYpebble.o)
 .text.simple_menu_layer_get_menu_layer
                0x0000000000000000        0xc /usr/local/Cellar/pebble-sdk/3.6/Pebble/aplite/lib/libpebble.a(tmpvXKNpYpebble.o)
 .text.accel_data_service_subscribe
                0x0000000000000000        0xc /usr/local/Cellar/pebble-sdk/3.6/Pebble/aplite/lib/libpebble.a(tmpvXKNpYpebble.o)
 .text.calloc   0x0000000000000000        0xc /usr/local/Cellar/pebble-sdk/3.6/Pebble/aplite/lib/libpebble.a(tmpvXKNpYpebble.o)
 .text.bitmap_layer_get_bitmap
                0x0000000000000000        0xc /usr/local/Cellar/pebble-sdk/3.6/Pebble/aplite/lib/libpebble.a(tmpvXKNpYpebble.o)
 .text.menu_layer_set_callbacks
                0x0000000000000000        0xc /usr/local/Cellar/pebble-sdk/3.6/Pebble/aplite/lib/libpebble.a(tmpvXKNpYpebble.o)
 .text.window_get_click_config_context
                0x0000000000000000        0xc /usr/local/Cellar/pebble-sdk/3.6/Pebble/aplite/lib/libpebble.a(tmpvXKNpYpebble.o)
 .text.number_window_get_window
                0x0000000000000000        0xc /usr/local/Cellar/pebble-sdk/3.6/Pebble/aplite/lib/libpebble.a(tmpvXKNpYpebble.o)
 .text.realloc  0x0000000000000000        0xc /usr/local/Cellar/pebble-sdk/3.6/Pebble/aplite/lib/libpebble.a(tmpvXKNpYpebble.o)
 .text.__gbitmap_create_blank
                0x0000000000000000        0xc /usr/local/Cellar/pebble-sdk/3.6/Pebble/aplite/lib/libpebble.a(tmpvXKNpYpebble.o)
 .text.click_recognizer_is_repeating
                0x0000000000000000        0xc /usr/local/Cellar/pebble-sdk/3.6/Pebble/aplite/lib/libpebble.a(tmpvXKNpYpebble.o)
 .text.accel_raw_data_service_subscribe
                0x0000000000000000        0xc /usr/local/Cellar/pebble-sdk/3.6/Pebble/aplite/lib/libpebble.a(tmpvXKNpYpebble.o)
 .text.app_worker_is_running
                0x0000000000000000        0xc /usr/local/Cellar/pebble-sdk/3.6/Pebble/aplite/lib/libpebble.a(tmpvXKNpYpebble.o)
 .text.app_worker_kill
                0x0000000000000000        0xc /usr/local/Cellar/pebble-sdk/3.6/Pebble/aplite/lib/libpebble.a(tmpvXKNpYpebble.o)
 .text.app_worker_launch
                0x0000000000000000        0xc /usr/local/Cellar/pebble-sdk/3.6/Pebble/aplite/lib/libpebble.a(tmpvXKNpYpebble.o)
 .text.app_worker_message_subscribe
                0x0000000000000000        0xc /usr/local/Cellar/pebble-sdk/3.6/Pebble/aplite/lib/libpebble.a(tmpvXKNpYpebble.o)
 .text.app_worker_message_unsubscribe
                0x0000000000000000        0xc /usr/local/Cellar/pebble-sdk/3.6/Pebble/aplite/lib/libpebble.a(tmpvXKNpYpebble.o)
 .text.app_worker_send_message
                0x0000000000000000        0xc /usr/local/Cellar/pebble-sdk/3.6/Pebble/aplite/lib/libpebble.a(tmpvXKNpYpebble.o)
 .text.worker_event_loop
                0x0000000000000000        0xc /usr/local/Cellar/pebble-sdk/3.6/Pebble/aplite/lib/libpebble.a(tmpvXKNpYpebble.o)
 .text.worker_launch_app
                0x0000000000000000        0xc /usr/local/Cellar/pebble-sdk/3.6/Pebble/aplite/lib/libpebble.a(tmpvXKNpYpebble.o)
 .text.heap_bytes_free
                0x0000000000000000        0xc /usr/local/Cellar/pebble-sdk/3.6/Pebble/aplite/lib/libpebble.a(tmpvXKNpYpebble.o)
 .text.heap_bytes_used
                0x0000000000000000        0xc /usr/local/Cellar/pebble-sdk/3.6/Pebble/aplite/lib/libpebble.a(tmpvXKNpYpebble.o)
 .text.compass_service_peek
                0x0000000000000000        0xc /usr/local/Cellar/pebble-sdk/3.6/Pebble/aplite/lib/libpebble.a(tmpvXKNpYpebble.o)
 .text.compass_service_set_heading_filter
                0x0000000000000000        0xc /usr/local/Cellar/pebble-sdk/3.6/Pebble/aplite/lib/libpebble.a(tmpvXKNpYpebble.o)
 .text.compass_service_subscribe
                0x0000000000000000        0xc /usr/local/Cellar/pebble-sdk/3.6/Pebble/aplite/lib/libpebble.a(tmpvXKNpYpebble.o)
 .text.compass_service_unsubscribe
                0x0000000000000000        0xc /usr/local/Cellar/pebble-sdk/3.6/Pebble/aplite/lib/libpebble.a(tmpvXKNpYpebble.o)
 .text.uuid_equal
                0x0000000000000000        0xc /usr/local/Cellar/pebble-sdk/3.6/Pebble/aplite/lib/libpebble.a(tmpvXKNpYpebble.o)
 .text.uuid_to_string
                0x0000000000000000        0xc /usr/local/Cellar/pebble-sdk/3.6/Pebble/aplite/lib/libpebble.a(tmpvXKNpYpebble.o)
 .text.gpath_draw_filled
                0x0000000000000000        0xc /usr/local/Cellar/pebble-sdk/3.6/Pebble/aplite/lib/libpebble.a(tmpvXKNpYpebble.o)
 .text.animation_set_custom_curve
                0x0000000000000000        0xc /usr/local/Cellar/pebble-sdk/3.6/Pebble/aplite/lib/libpebble.a(tmpvXKNpYpebble.o)
 .text.watch_info_get_color
                0x0000000000000000        0xc /usr/local/Cellar/pebble-sdk/3.6/Pebble/aplite/lib/libpebble.a(tmpvXKNpYpebble.o)
 .text.watch_info_get_firmware_version
                0x0000000000000000        0xc /usr/local/Cellar/pebble-sdk/3.6/Pebble/aplite/lib/libpebble.a(tmpvXKNpYpebble.o)
 .text.watch_info_get_model
                0x0000000000000000        0xc /usr/local/Cellar/pebble-sdk/3.6/Pebble/aplite/lib/libpebble.a(tmpvXKNpYpebble.o)
 .text.graphics_capture_frame_buffer
                0x0000000000000000        0xc /usr/local/Cellar/pebble-sdk/3.6/Pebble/aplite/lib/libpebble.a(tmpvXKNpYpebble.o)
 .text.graphics_frame_buffer_is_captured
                0x0000000000000000        0xc /usr/local/Cellar/pebble-sdk/3.6/Pebble/aplite/lib/libpebble.a(tmpvXKNpYpebble.o)
 .text.graphics_release_frame_buffer
                0x0000000000000000        0xc /usr/local/Cellar/pebble-sdk/3.6/Pebble/aplite/lib/libpebble.a(tmpvXKNpYpebble.o)
 .text.clock_to_timestamp
                0x0000000000000000        0xc /usr/local/Cellar/pebble-sdk/3.6/Pebble/aplite/lib/libpebble.a(tmpvXKNpYpebble.o)
 .text.launch_reason
                0x0000000000000000        0xc /usr/local/Cellar/pebble-sdk/3.6/Pebble/aplite/lib/libpebble.a(tmpvXKNpYpebble.o)
 .text.wakeup_cancel
                0x0000000000000000        0xc /usr/local/Cellar/pebble-sdk/3.6/Pebble/aplite/lib/libpebble.a(tmpvXKNpYpebble.o)
 .text.wakeup_cancel_all
                0x0000000000000000        0xc /usr/local/Cellar/pebble-sdk/3.6/Pebble/aplite/lib/libpebble.a(tmpvXKNpYpebble.o)
 .text.wakeup_get_launch_event
                0x0000000000000000        0xc /usr/local/Cellar/pebble-sdk/3.6/Pebble/aplite/lib/libpebble.a(tmpvXKNpYpebble.o)
 .text.wakeup_query
                0x0000000000000000        0xc /usr/local/Cellar/pebble-sdk/3.6/Pebble/aplite/lib/libpebble.a(tmpvXKNpYpebble.o)
 .text.wakeup_schedule
                0x0000000000000000        0xc /usr/local/Cellar/pebble-sdk/3.6/Pebble/aplite/lib/libpebble.a(tmpvXKNpYpebble.o)
 .text.wakeup_service_subscribe
                0x0000000000000000        0xc /usr/local/Cellar/pebble-sdk/3.6/Pebble/aplite/lib/libpebble.a(tmpvXKNpYpebble.o)
 .text.clock_is_timezone_set
                0x0000000000000000        0xc /usr/local/Cellar/pebble-sdk/3.6/Pebble/aplite/lib/libpebble.a(tmpvXKNpYpebble.o)
 .text.i18n_get_system_locale
                0x0000000000000000        0xc /usr/local/Cellar/pebble-sdk/3.6/Pebble/aplite/lib/libpebble.a(tmpvXKNpYpebble.o)
 .text._localeconv_r
                0x0000000000000000        0xc /usr/local/Cellar/pebble-sdk/3.6/Pebble/aplite/lib/libpebble.a(tmpvXKNpYpebble.o)
 .text.setlocale
                0x0000000000000000        0xc /usr/local/Cellar/pebble-sdk/3.6/Pebble/aplite/lib/libpebble.a(tmpvXKNpYpebble.o)
 .text.mktime   0x0000000000000000        0xc /usr/local/Cellar/pebble-sdk/3.6/Pebble/aplite/lib/libpebble.a(tmpvXKNpYpebble.o)
 .bss           0x0000000000000000        0x0 /usr/local/Cellar/pebble-toolchain/2.0/arm-cs-tools/bin/../lib/gcc/arm-none-eabi/4.7.2/thumb2/libgcc.a(_arm_addsubsf3.o)
 .bss           0x0000000000000000        0x0 /usr/local/Cellar/pebble-toolchain/2.0/arm-cs-tools/bin/../lib/gcc/arm-none-eabi/4.7.2/thumb2/libgcc.a(_arm_muldivsf3.o)
 .bss           0x0000000000000000        0x0 /usr/local/Cellar/pebble-toolchain/2.0/arm-cs-tools/bin/../lib/gcc/arm-none-eabi/4.7.2/thumb2/libgcc.a(_arm_cmpsf2.o)
 .bss           0x0000000000000000        0x0 /usr/local/Cellar/pebble-toolchain/2.0/arm-cs-tools/bin/../lib/gcc/arm-none-eabi/4.7.2/thumb2/libgcc.a(_arm_fixsfsi.o)
 .text          0x0000000000000000        0x0 /usr/local/Cellar/pebble-toolchain/2.0/arm-cs-tools/bin/../lib/gcc/arm-none-eabi/4.7.2/thumb2/crtend.o
 .bss           0x0000000000000000        0x0 /usr/local/Cellar/pebble-toolchain/2.0/arm-cs-tools/bin/../lib/gcc/arm-none-eabi/4.7.2/thumb2/crtend.o
 .eh_frame      0x0000000000000000        0x4 /usr/local/Cellar/pebble-toolchain/2.0/arm-cs-tools/bin/../lib/gcc/arm-none-eabi/4.7.2/thumb2/crtend.o
 .jcr           0x0000000000000000        0x4 /usr/local/Cellar/pebble-toolchain/2.0/arm-cs-tools/bin/../lib/gcc/arm-none-eabi/4.7.2/thumb2/crtend.o
 .tm_clone_table
                0x0000000000000000        0x0 /usr/local/Cellar/pebble-toolchain/2.0/arm-cs-tools/bin/../lib/gcc/arm-none-eabi/4.7.2/thumb2/crtend.o
 .text          0x0000000000000000        0x0 /usr/local/Cellar/pebble-toolchain/2.0/arm-cs-tools/bin/../lib/gcc/arm-none-eabi/4.7.2/thumb2/crtn.o
 .bss           0x0000000000000000        0x0 /usr/local/Cellar/pebble-toolchain/2.0/arm-cs-tools/bin/../lib/gcc/arm-none-eabi/4.7.2/thumb2/crtn.o
 .init          0x0000000000000000        0x8 /usr/local/Cellar/pebble-toolchain/2.0/arm-cs-tools/bin/../lib/gcc/arm-none-eabi/4.7.2/thumb2/crtn.o
 .fini          0x0000000000000000        0x8 /usr/local/Cellar/pebble-toolchain/2.0/arm-cs-tools/bin/../lib/gcc/arm-none-eabi/4.7.2/thumb2/crtn.o

Memory Configuration

Name             Origin             Length             Attributes
APP              0x0000000000000000 0x0000000000006000 xrw
*default*        0x0000000000000000 0xffffffffffffffff

Linker script and memory map

LOAD /usr/local/Cellar/pebble-toolchain/2.0/arm-cs-tools/bin/../lib/gcc/arm-none-eabi/4.7.2/thumb2/crti.o
LOAD /usr/local/Cellar/pebble-toolchain/2.0/arm-cs-tools/bin/../lib/gcc/arm-none-eabi/4.7.2/thumb2/crtbegin.o
LOAD src/main.c.12.o
LOAD aplite/appinfo.auto.c.12.o
LOAD /usr/local/Cellar/pebble-sdk/3.6/Pebble/aplite/lib/libpebble.a
START GROUP
LOAD /usr/local/Cellar/pebble-toolchain/2.0/arm-cs-tools/bin/../lib/gcc/arm-none-eabi/4.7.2/thumb2/libgcc.a
LOAD /usr/local/Cellar/pebble-toolchain/2.0/arm-cs-tools/bin/../lib/gcc/arm-none-eabi/4.7.2/../../../../arm-none-eabi/lib/thumb2/libc.a
END GROUP
LOAD /usr/local/Cellar/pebble-toolchain/2.0/arm-cs-tools/bin/../lib/gcc/arm-none-eabi/4.7.2/thumb2/crtend.o
LOAD /usr/local/Cellar/pebble-toolchain/2.0/arm-cs-tools/bin/../lib/gcc/arm-none-eabi/4.7.2/thumb2/crtn.o

.header         0x0000000000000000       0x82
 *(.pbl_header)
 .pbl_header    0x0000000000000000       0x82 aplite/appinfo.auto.c.12.o
                0x0000000000000000                __pbl_app_info

.note.gnu.build-id
                0x0000000000000082       0x26
                0x0000000000000082                PROVIDE (BUILD_ID, .)
 *(.note.gnu.build-id)
 *fill*         0x0000000000000082        0x2 
 .note.gnu.build-id
                0x0000000000000084       0x24 linker stubs

.text           0x00000000000000a8     0x2754
 *(.text)
 .text          0x00000000000000a8       0x14 /usr/local/Cellar/pebble-sdk/3.6/Pebble/aplite/lib/libpebble.a(tmpvXKNpYpebble.o)
 .text          0x00000000000000bc      0x21c /usr/local/Cellar/pebble-toolchain/2.0/arm-cs-tools/bin/../lib/gcc/arm-none-eabi/4.7.2/thumb2/libgcc.a(_arm_addsubsf3.o)
                0x00000000000000bc                __aeabi_frsub
                0x00000000000000c4                __aeabi_fsub
                0x00000000000000c4                __subsf3
                0x00000000000000c8                __aeabi_fadd
                0x00000000000000c8                __addsf3
                0x0000000000000228                __aeabi_ui2f
                0x0000000000000228                __floatunsisf
                0x0000000000000230                __floatsisf
                0x0000000000000230                __aeabi_i2f
                0x000000000000024c                __aeabi_ul2f
                0x000000000000024c                __floatundisf
                0x000000000000025c                __aeabi_l2f
                0x000000000000025c                __floatdisf
 .text          0x00000000000002d8      0x2a0 /usr/local/Cellar/pebble-toolchain/2.0/arm-cs-tools/bin/../lib/gcc/arm-none-eabi/4.7.2/thumb2/libgcc.a(_arm_muldivsf3.o)
                0x00000000000002d8                __mulsf3
                0x00000000000002d8                __aeabi_fmul
                0x0000000000000440                __divsf3
                0x0000000000000440                __aeabi_fdiv
 .text          0x0000000000000578       0xec /usr/local/Cellar/pebble-toolchain/2.0/arm-cs-tools/bin/../lib/gcc/arm-none-eabi/4.7.2/thumb2/libgcc.a(_arm_cmpsf2.o)
                0x0000000000000578                __gesf2
                0x0000000000000578                __gtsf2
                0x0000000000000580                __ltsf2
                0x0000000000000580                __lesf2
                0x0000000000000588                __nesf2
                0x0000000000000588                __eqsf2
                0x0000000000000588                __cmpsf2
                0x00000000000005e8                __aeabi_cfrcmple
                0x00000000000005f0                __aeabi_cfcmpeq
                0x00000000000005f0                __aeabi_cfcmple
                0x0000000000000600                __aeabi_fcmpeq
                0x0000000000000614                __aeabi_fcmplt
                0x0000000000000628                __aeabi_fcmple
                0x000000000000063c                __aeabi_fcmpge
                0x0000000000000650                __aeabi_fcmpgt
 .text          0x0000000000000664       0x4c /usr/local/Cellar/pebble-toolchain/2.0/arm-cs-tools/bin/../lib/gcc/arm-none-eabi/4.7.2/thumb2/libgcc.a(_arm_fixsfsi.o)
                0x0000000000000664                __fixsfsi
                0x0000000000000664                __aeabi_f2iz
 *(.text.*)
 .text.trotteuse_update_proc
                0x00000000000006b0        0x2 src/main.c.12.o
                0x00000000000006b0                trotteuse_update_proc
 .text.trotteuse_scale_update_proc
                0x00000000000006b2        0x2 src/main.c.12.o
                0x00000000000006b2                trotteuse_scale_update_proc
 .text.out_failed_handler
                0x00000000000006b4       0x1c src/main.c.12.o
                0x00000000000006b4                out_failed_handler
 .text.in_dropped_handler
                0x00000000000006d0       0x1c src/main.c.12.o
                0x00000000000006d0                in_dropped_handler
 .text.graph_update_proc
                0x00000000000006ec       0x40 src/main.c.12.o
                0x00000000000006ec                graph_update_proc
 .text.bluetooth_handler
                0x000000000000072c       0xc8 src/main.c.12.o
                0x000000000000072c                bluetooth_handler
 .text._string2float
                0x00000000000007f4       0x8c src/main.c.12.o
                0x00000000000007f4                _string2float
 .text._itoa    0x0000000000000880       0x4a src/main.c.12.o
                0x0000000000000880                _itoa
 *fill*         0x00000000000008ca        0x2 
 .text.battery_handler
                0x00000000000008cc      0x118 src/main.c.12.o
                0x00000000000008cc                battery_handler
 .text.strchr   0x00000000000009e4       0x1a src/main.c.12.o
                0x00000000000009e4                strchr
 *fill*         0x00000000000009fe        0x2 
 .text._atoi    0x0000000000000a00       0x74 src/main.c.12.o
                0x0000000000000a00                _atoi
 .text.push_point
                0x0000000000000a74       0x8c src/main.c.12.o
                0x0000000000000a74                push_point
 .text.fetch_msg
                0x0000000000000b00       0xd0 src/main.c.12.o
                0x0000000000000b00                fetch_msg
 .text.in_received_handler
                0x0000000000000bd0      0x824 src/main.c.12.o
                0x0000000000000bd0                in_received_handler
 .text.handle_minute_tick.part.0
                0x00000000000013f4       0x98 src/main.c.12.o
 .text.handle_minute_tick
                0x000000000000148c        0xa src/main.c.12.o
                0x000000000000148c                handle_minute_tick
 *fill*         0x0000000000001496        0x2 
 .text.app_message_init
                0x0000000000001498       0x3c src/main.c.12.o
                0x0000000000001498                app_message_init
 .text.weather_layer_init
                0x00000000000014d4      0x428 src/main.c.12.o
                0x00000000000014d4                weather_layer_init
 .text.weather_layer_deinit
                0x00000000000018fc       0x58 src/main.c.12.o
                0x00000000000018fc                weather_layer_deinit
 .text.init     0x0000000000001954      0x618 src/main.c.12.o
                0x0000000000001954                init
 .text.deinit   0x0000000000001f6c       0xf0 src/main.c.12.o
                0x0000000000001f6c                deinit
 .text.startup.main
                0x000000000000205c       0x12 src/main.c.12.o
                0x000000000000205c                main
 *fill*         0x000000000000206e        0x2 
 .text.app_event_loop
                0x0000000000002070        0xc /usr/local/Cellar/pebble-sdk/3.6/Pebble/aplite/lib/libpebble.a(tmpvXKNpYpebble.o)
                0x0000000000002070                app_event_loop
 .text.app_log  0x000000000000207c        0xc /usr/local/Cellar/pebble-sdk/3.6/Pebble/aplite/lib/libpebble.a(tmpvXKNpYpebble.o)
                0x000000000000207c                app_log
 .text.app_message_open
                0x0000000000002088        0xc /usr/local/Cellar/pebble-sdk/3.6/Pebble/aplite/lib/libpebble.a(tmpvXKNpYpebble.o)
                0x0000000000002088                app_message_open
 .text.battery_state_service_peek
                0x0000000000002094        0xc /usr/local/Cellar/pebble-sdk/3.6/Pebble/aplite/lib/libpebble.a(tmpvXKNpYpebble.o)
                0x0000000000002094                battery_state_service_peek
 .text.battery_state_service_subscribe
                0x00000000000020a0        0xc /usr/local/Cellar/pebble-sdk/3.6/Pebble/aplite/lib/libpebble.a(tmpvXKNpYpebble.o)
                0x00000000000020a0                battery_state_service_subscribe
 .text.battery_state_service_unsubscribe
                0x00000000000020ac        0xc /usr/local/Cellar/pebble-sdk/3.6/Pebble/aplite/lib/libpebble.a(tmpvXKNpYpebble.o)
                0x00000000000020ac                battery_state_service_unsubscribe
 .text.bitmap_layer_create
                0x00000000000020b8        0xc /usr/local/Cellar/pebble-sdk/3.6/Pebble/aplite/lib/libpebble.a(tmpvXKNpYpebble.o)
                0x00000000000020b8                bitmap_layer_create
 .text.bitmap_layer_destroy
                0x00000000000020c4        0xc /usr/local/Cellar/pebble-sdk/3.6/Pebble/aplite/lib/libpebble.a(tmpvXKNpYpebble.o)
                0x00000000000020c4                bitmap_layer_destroy
 .text.bitmap_layer_get_layer
                0x00000000000020d0        0xc /usr/local/Cellar/pebble-sdk/3.6/Pebble/aplite/lib/libpebble.a(tmpvXKNpYpebble.o)
                0x00000000000020d0                bitmap_layer_get_layer
 .text.bitmap_layer_set_background_color
                0x00000000000020dc        0xc /usr/local/Cellar/pebble-sdk/3.6/Pebble/aplite/lib/libpebble.a(tmpvXKNpYpebble.o)
                0x00000000000020dc                bitmap_layer_set_background_color
 .text.bitmap_layer_set_bitmap
                0x00000000000020e8        0xc /usr/local/Cellar/pebble-sdk/3.6/Pebble/aplite/lib/libpebble.a(tmpvXKNpYpebble.o)
                0x00000000000020e8                bitmap_layer_set_bitmap
 .text.bluetooth_connection_service_peek
                0x00000000000020f4        0xc /usr/local/Cellar/pebble-sdk/3.6/Pebble/aplite/lib/libpebble.a(tmpvXKNpYpebble.o)
                0x00000000000020f4                bluetooth_connection_service_peek
 .text.bluetooth_connection_service_subscribe
                0x0000000000002100        0xc /usr/local/Cellar/pebble-sdk/3.6/Pebble/aplite/lib/libpebble.a(tmpvXKNpYpebble.o)
                0x0000000000002100                bluetooth_connection_service_subscribe
 .text.bluetooth_connection_service_unsubscribe
                0x000000000000210c        0xc /usr/local/Cellar/pebble-sdk/3.6/Pebble/aplite/lib/libpebble.a(tmpvXKNpYpebble.o)
                0x000000000000210c                bluetooth_connection_service_unsubscribe
 .text.dict_find
                0x0000000000002118        0xc /usr/local/Cellar/pebble-sdk/3.6/Pebble/aplite/lib/libpebble.a(tmpvXKNpYpebble.o)
                0x0000000000002118                dict_find
 .text.dict_write_cstring
                0x0000000000002124        0xc /usr/local/Cellar/pebble-sdk/3.6/Pebble/aplite/lib/libpebble.a(tmpvXKNpYpebble.o)
                0x0000000000002124                dict_write_cstring
 .text.dict_write_end
                0x0000000000002130        0xc /usr/local/Cellar/pebble-sdk/3.6/Pebble/aplite/lib/libpebble.a(tmpvXKNpYpebble.o)
                0x0000000000002130                dict_write_end
 .text.fonts_get_system_font
                0x000000000000213c        0xc /usr/local/Cellar/pebble-sdk/3.6/Pebble/aplite/lib/libpebble.a(tmpvXKNpYpebble.o)
                0x000000000000213c                fonts_get_system_font
 .text.fonts_load_custom_font
                0x0000000000002148        0xc /usr/local/Cellar/pebble-sdk/3.6/Pebble/aplite/lib/libpebble.a(tmpvXKNpYpebble.o)
                0x0000000000002148                fonts_load_custom_font
 .text.gbitmap_create_with_resource
                0x0000000000002154        0xc /usr/local/Cellar/pebble-sdk/3.6/Pebble/aplite/lib/libpebble.a(tmpvXKNpYpebble.o)
                0x0000000000002154                gbitmap_create_with_resource
 .text.gbitmap_destroy
                0x0000000000002160        0xc /usr/local/Cellar/pebble-sdk/3.6/Pebble/aplite/lib/libpebble.a(tmpvXKNpYpebble.o)
                0x0000000000002160                gbitmap_destroy
 .text.gpath_create
                0x000000000000216c        0xc /usr/local/Cellar/pebble-sdk/3.6/Pebble/aplite/lib/libpebble.a(tmpvXKNpYpebble.o)
                0x000000000000216c                gpath_create
 .text.gpath_destroy
                0x0000000000002178        0xc /usr/local/Cellar/pebble-sdk/3.6/Pebble/aplite/lib/libpebble.a(tmpvXKNpYpebble.o)
                0x0000000000002178                gpath_destroy
 .text.gpath_draw_outline
                0x0000000000002184        0xc /usr/local/Cellar/pebble-sdk/3.6/Pebble/aplite/lib/libpebble.a(tmpvXKNpYpebble.o)
                0x0000000000002184                gpath_draw_outline
 .text.graphics_context_set_stroke_color
                0x0000000000002190        0xc /usr/local/Cellar/pebble-sdk/3.6/Pebble/aplite/lib/libpebble.a(tmpvXKNpYpebble.o)
                0x0000000000002190                graphics_context_set_stroke_color
 .text.layer_add_child
                0x000000000000219c        0xc /usr/local/Cellar/pebble-sdk/3.6/Pebble/aplite/lib/libpebble.a(tmpvXKNpYpebble.o)
                0x000000000000219c                layer_add_child
 .text.layer_create
                0x00000000000021a8        0xc /usr/local/Cellar/pebble-sdk/3.6/Pebble/aplite/lib/libpebble.a(tmpvXKNpYpebble.o)
                0x00000000000021a8                layer_create
 .text.layer_destroy
                0x00000000000021b4        0xc /usr/local/Cellar/pebble-sdk/3.6/Pebble/aplite/lib/libpebble.a(tmpvXKNpYpebble.o)
                0x00000000000021b4                layer_destroy
 .text.layer_insert_below_sibling
                0x00000000000021c0        0xc /usr/local/Cellar/pebble-sdk/3.6/Pebble/aplite/lib/libpebble.a(tmpvXKNpYpebble.o)
                0x00000000000021c0                layer_insert_below_sibling
 .text.layer_mark_dirty
                0x00000000000021cc        0xc /usr/local/Cellar/pebble-sdk/3.6/Pebble/aplite/lib/libpebble.a(tmpvXKNpYpebble.o)
                0x00000000000021cc                layer_mark_dirty
 .text.layer_set_frame
                0x00000000000021d8        0xc /usr/local/Cellar/pebble-sdk/3.6/Pebble/aplite/lib/libpebble.a(tmpvXKNpYpebble.o)
                0x00000000000021d8                layer_set_frame
 .text.layer_set_update_proc
                0x00000000000021e4        0xc /usr/local/Cellar/pebble-sdk/3.6/Pebble/aplite/lib/libpebble.a(tmpvXKNpYpebble.o)
                0x00000000000021e4                layer_set_update_proc
 .text.localtime
                0x00000000000021f0        0xc /usr/local/Cellar/pebble-sdk/3.6/Pebble/aplite/lib/libpebble.a(tmpvXKNpYpebble.o)
                0x00000000000021f0                localtime
 .text.persist_delete
                0x00000000000021fc        0xc /usr/local/Cellar/pebble-sdk/3.6/Pebble/aplite/lib/libpebble.a(tmpvXKNpYpebble.o)
                0x00000000000021fc                persist_delete
 .text.persist_exists
                0x0000000000002208        0xc /usr/local/Cellar/pebble-sdk/3.6/Pebble/aplite/lib/libpebble.a(tmpvXKNpYpebble.o)
                0x0000000000002208                persist_exists
 .text.persist_read_bool
                0x0000000000002214        0xc /usr/local/Cellar/pebble-sdk/3.6/Pebble/aplite/lib/libpebble.a(tmpvXKNpYpebble.o)
                0x0000000000002214                persist_read_bool
 .text.persist_write_bool
                0x0000000000002220        0xc /usr/local/Cellar/pebble-sdk/3.6/Pebble/aplite/lib/libpebble.a(tmpvXKNpYpebble.o)
                0x0000000000002220                persist_write_bool
 .text.persist_write_string
                0x000000000000222c        0xc /usr/local/Cellar/pebble-sdk/3.6/Pebble/aplite/lib/libpebble.a(tmpvXKNpYpebble.o)
                0x000000000000222c                persist_write_string
 .text.resource_get_handle
                0x0000000000002238        0xc /usr/local/Cellar/pebble-sdk/3.6/Pebble/aplite/lib/libpebble.a(tmpvXKNpYpebble.o)
                0x0000000000002238                resource_get_handle
 .text.strcat   0x0000000000002244        0xc /usr/local/Cellar/pebble-sdk/3.6/Pebble/aplite/lib/libpebble.a(tmpvXKNpYpebble.o)
                0x0000000000002244                strcat
 .text.strcmp   0x0000000000002250        0xc /usr/local/Cellar/pebble-sdk/3.6/Pebble/aplite/lib/libpebble.a(tmpvXKNpYpebble.o)
                0x0000000000002250                strcmp
 .text.strcpy   0x000000000000225c        0xc /usr/local/Cellar/pebble-sdk/3.6/Pebble/aplite/lib/libpebble.a(tmpvXKNpYpebble.o)
                0x000000000000225c                strcpy
 .text.strftime
                0x0000000000002268        0xc /usr/local/Cellar/pebble-sdk/3.6/Pebble/aplite/lib/libpebble.a(tmpvXKNpYpebble.o)
                0x0000000000002268                strftime
 .text.strlen   0x0000000000002274        0xc /usr/local/Cellar/pebble-sdk/3.6/Pebble/aplite/lib/libpebble.a(tmpvXKNpYpebble.o)
                0x0000000000002274                strlen
 .text.strncat  0x0000000000002280        0xc /usr/local/Cellar/pebble-sdk/3.6/Pebble/aplite/lib/libpebble.a(tmpvXKNpYpebble.o)
                0x0000000000002280                strncat
 .text.strncpy  0x000000000000228c        0xc /usr/local/Cellar/pebble-sdk/3.6/Pebble/aplite/lib/libpebble.a(tmpvXKNpYpebble.o)
                0x000000000000228c                strncpy
 .text.text_layer_create
                0x0000000000002298        0xc /usr/local/Cellar/pebble-sdk/3.6/Pebble/aplite/lib/libpebble.a(tmpvXKNpYpebble.o)
                0x0000000000002298                text_layer_create
 .text.text_layer_destroy
                0x00000000000022a4        0xc /usr/local/Cellar/pebble-sdk/3.6/Pebble/aplite/lib/libpebble.a(tmpvXKNpYpebble.o)
                0x00000000000022a4                text_layer_destroy
 .text.text_layer_get_layer
                0x00000000000022b0        0xc /usr/local/Cellar/pebble-sdk/3.6/Pebble/aplite/lib/libpebble.a(tmpvXKNpYpebble.o)
                0x00000000000022b0                text_layer_get_layer
 .text.text_layer_set_background_color
                0x00000000000022bc        0xc /usr/local/Cellar/pebble-sdk/3.6/Pebble/aplite/lib/libpebble.a(tmpvXKNpYpebble.o)
                0x00000000000022bc                text_layer_set_background_color
 .text.text_layer_set_font
                0x00000000000022c8        0xc /usr/local/Cellar/pebble-sdk/3.6/Pebble/aplite/lib/libpebble.a(tmpvXKNpYpebble.o)
                0x00000000000022c8                text_layer_set_font
 .text.text_layer_set_text
                0x00000000000022d4        0xc /usr/local/Cellar/pebble-sdk/3.6/Pebble/aplite/lib/libpebble.a(tmpvXKNpYpebble.o)
                0x00000000000022d4                text_layer_set_text
 .text.text_layer_set_text_alignment
                0x00000000000022e0        0xc /usr/local/Cellar/pebble-sdk/3.6/Pebble/aplite/lib/libpebble.a(tmpvXKNpYpebble.o)
                0x00000000000022e0                text_layer_set_text_alignment
 .text.text_layer_set_text_color
                0x00000000000022ec        0xc /usr/local/Cellar/pebble-sdk/3.6/Pebble/aplite/lib/libpebble.a(tmpvXKNpYpebble.o)
                0x00000000000022ec                text_layer_set_text_color
 .text.tick_timer_service_subscribe
                0x00000000000022f8        0xc /usr/local/Cellar/pebble-sdk/3.6/Pebble/aplite/lib/libpebble.a(tmpvXKNpYpebble.o)
                0x00000000000022f8                tick_timer_service_subscribe
 .text.tick_timer_service_unsubscribe
                0x0000000000002304        0xc /usr/local/Cellar/pebble-sdk/3.6/Pebble/aplite/lib/libpebble.a(tmpvXKNpYpebble.o)
                0x0000000000002304                tick_timer_service_unsubscribe
 .text.time     0x0000000000002310        0xc /usr/local/Cellar/pebble-sdk/3.6/Pebble/aplite/lib/libpebble.a(tmpvXKNpYpebble.o)
                0x0000000000002310                time
 .text.vibes_enqueue_custom_pattern
                0x000000000000231c        0xc /usr/local/Cellar/pebble-sdk/3.6/Pebble/aplite/lib/libpebble.a(tmpvXKNpYpebble.o)
                0x000000000000231c                vibes_enqueue_custom_pattern
 .text.window_create
                0x0000000000002328        0xc /usr/local/Cellar/pebble-sdk/3.6/Pebble/aplite/lib/libpebble.a(tmpvXKNpYpebble.o)
                0x0000000000002328                window_create
 .text.window_destroy
                0x0000000000002334        0xc /usr/local/Cellar/pebble-sdk/3.6/Pebble/aplite/lib/libpebble.a(tmpvXKNpYpebble.o)
                0x0000000000002334                window_destroy
 .text.window_get_root_layer
                0x0000000000002340        0xc /usr/local/Cellar/pebble-sdk/3.6/Pebble/aplite/lib/libpebble.a(tmpvXKNpYpebble.o)
                0x0000000000002340                window_get_root_layer
 .text.window_set_background_color
                0x000000000000234c        0xc /usr/local/Cellar/pebble-sdk/3.6/Pebble/aplite/lib/libpebble.a(tmpvXKNpYpebble.o)
                0x000000000000234c                window_set_background_color
 .text.window_stack_push
                0x0000000000002358        0xc /usr/local/Cellar/pebble-sdk/3.6/Pebble/aplite/lib/libpebble.a(tmpvXKNpYpebble.o)
                0x0000000000002358                window_stack_push
 .text.app_message_inbox_size_maximum
                0x0000000000002364        0xc /usr/local/Cellar/pebble-sdk/3.6/Pebble/aplite/lib/libpebble.a(tmpvXKNpYpebble.o)
                0x0000000000002364                app_message_inbox_size_maximum
 .text.app_message_outbox_begin
                0x0000000000002370        0xc /usr/local/Cellar/pebble-sdk/3.6/Pebble/aplite/lib/libpebble.a(tmpvXKNpYpebble.o)
                0x0000000000002370                app_message_outbox_begin
 .text.app_message_outbox_send
                0x000000000000237c        0xc /usr/local/Cellar/pebble-sdk/3.6/Pebble/aplite/lib/libpebble.a(tmpvXKNpYpebble.o)
                0x000000000000237c                app_message_outbox_send
 .text.app_message_outbox_size_maximum
                0x0000000000002388        0xc /usr/local/Cellar/pebble-sdk/3.6/Pebble/aplite/lib/libpebble.a(tmpvXKNpYpebble.o)
                0x0000000000002388                app_message_outbox_size_maximum
 .text.app_message_register_inbox_dropped
                0x0000000000002394        0xc /usr/local/Cellar/pebble-sdk/3.6/Pebble/aplite/lib/libpebble.a(tmpvXKNpYpebble.o)
                0x0000000000002394                app_message_register_inbox_dropped
 .text.app_message_register_inbox_received
                0x00000000000023a0        0xc /usr/local/Cellar/pebble-sdk/3.6/Pebble/aplite/lib/libpebble.a(tmpvXKNpYpebble.o)
                0x00000000000023a0                app_message_register_inbox_received
 .text.app_message_register_outbox_failed
                0x00000000000023ac        0xc /usr/local/Cellar/pebble-sdk/3.6/Pebble/aplite/lib/libpebble.a(tmpvXKNpYpebble.o)
                0x00000000000023ac                app_message_register_outbox_failed
 .text.persist_read_data
                0x00000000000023b8        0xc /usr/local/Cellar/pebble-sdk/3.6/Pebble/aplite/lib/libpebble.a(tmpvXKNpYpebble.o)
                0x00000000000023b8                persist_read_data
 .text.persist_read_string
                0x00000000000023c4        0xc /usr/local/Cellar/pebble-sdk/3.6/Pebble/aplite/lib/libpebble.a(tmpvXKNpYpebble.o)
                0x00000000000023c4                persist_read_string
 .text.persist_write_data
                0x00000000000023d0        0xc /usr/local/Cellar/pebble-sdk/3.6/Pebble/aplite/lib/libpebble.a(tmpvXKNpYpebble.o)
                0x00000000000023d0                persist_write_data
 *(.rodata)
 .rodata        0x00000000000023dc       0x90 src/main.c.12.o
 *(.rodata*)
 .rodata.segments_long
                0x000000000000246c        0xc src/main.c.12.o
                0x000000000000246c                segments_long
 .rodata.str1.1
                0x0000000000002478      0x359 src/main.c.12.o
                                        0x35c (size before relaxing)
 *fill*         0x00000000000027d1        0x3 
 .rodata.segments_short
                0x00000000000027d4       0x28 src/main.c.12.o
                0x00000000000027d4                segments_short

.glue_7         0x00000000000027fc        0x0
 .glue_7        0x0000000000000000        0x0 linker stubs

.glue_7t        0x00000000000027fc        0x0
 .glue_7t       0x0000000000000000        0x0 linker stubs

.vfp11_veneer   0x00000000000027fc        0x0
 .vfp11_veneer  0x0000000000000000        0x0 linker stubs

.v4_bx          0x00000000000027fc        0x0
 .v4_bx         0x0000000000000000        0x0 linker stubs

.iplt           0x00000000000027fc        0x0
 .iplt          0x0000000000000000        0x0 /usr/local/Cellar/pebble-toolchain/2.0/arm-cs-tools/bin/../lib/gcc/arm-none-eabi/4.7.2/thumb2/crtbegin.o

.rel.dyn        0x00000000000027fc        0x0
 .rel.iplt      0x0000000000000000        0x0 /usr/local/Cellar/pebble-toolchain/2.0/arm-cs-tools/bin/../lib/gcc/arm-none-eabi/4.7.2/thumb2/crtbegin.o
 .rel.got       0x0000000000000000        0x0 /usr/local/Cellar/pebble-toolchain/2.0/arm-cs-tools/bin/../lib/gcc/arm-none-eabi/4.7.2/thumb2/crtbegin.o

.data           0x00000000000027fc       0x60
 *(.data)
 .data          0x00000000000027fc        0x0 /usr/local/Cellar/pebble-toolchain/2.0/arm-cs-tools/bin/../lib/gcc/arm-none-eabi/4.7.2/thumb2/crti.o
 .data          0x00000000000027fc        0x4 /usr/local/Cellar/pebble-toolchain/2.0/arm-cs-tools/bin/../lib/gcc/arm-none-eabi/4.7.2/thumb2/crtbegin.o
                0x00000000000027fc                __dso_handle
 .data          0x0000000000002800        0x0 src/main.c.12.o
 .data          0x0000000000002800        0x0 aplite/appinfo.auto.c.12.o
 .data          0x0000000000002800        0x0 /usr/local/Cellar/pebble-sdk/3.6/Pebble/aplite/lib/libpebble.a(tmpvXKNpYpebble.o)
 .data          0x0000000000002800        0x0 /usr/local/Cellar/pebble-toolchain/2.0/arm-cs-tools/bin/../lib/gcc/arm-none-eabi/4.7.2/thumb2/libgcc.a(_arm_addsubsf3.o)
 .data          0x0000000000002800        0x0 /usr/local/Cellar/pebble-toolchain/2.0/arm-cs-tools/bin/../lib/gcc/arm-none-eabi/4.7.2/thumb2/libgcc.a(_arm_muldivsf3.o)
 .data          0x0000000000002800        0x0 /usr/local/Cellar/pebble-toolchain/2.0/arm-cs-tools/bin/../lib/gcc/arm-none-eabi/4.7.2/thumb2/libgcc.a(_arm_cmpsf2.o)
 .data          0x0000000000002800        0x0 /usr/local/Cellar/pebble-toolchain/2.0/arm-cs-tools/bin/../lib/gcc/arm-none-eabi/4.7.2/thumb2/libgcc.a(_arm_fixsfsi.o)
 .data          0x0000000000002800        0x0 /usr/local/Cellar/pebble-toolchain/2.0/arm-cs-tools/bin/../lib/gcc/arm-none-eabi/4.7.2/thumb2/crtend.o
 .data          0x0000000000002800        0x0 /usr/local/Cellar/pebble-toolchain/2.0/arm-cs-tools/bin/../lib/gcc/arm-none-eabi/4.7.2/thumb2/crtn.o
 *(.data.*)
 .data.BuzzEnable
                0x0000000000002800        0x1 src/main.c.12.o
                0x0000000000002800                BuzzEnable
 .data.cnfTrotteuse
                0x0000000000002801        0x1 src/main.c.12.o
                0x0000000000002801                cnfTrotteuse
 .data.date_text
                0x0000000000002802        0x9 src/main.c.12.o
                0x0000000000002802                date_text
 .data.WEATHER_ICONS
                0x000000000000280b       0x2f src/main.c.12.o
                0x000000000000280b                WEATHER_ICONS
 *fill*         0x000000000000283a        0x2 
 .data.rel.ro.bgraph_info
                0x000000000000283c        0x8 src/main.c.12.o
                0x000000000000283c                bgraph_info
 .data.time_text
                0x0000000000002844        0x6 src/main.c.12.o
                0x0000000000002844                time_text
 *fill*         0x000000000000284a        0x2 
 .data.rel.myShortVibes
                0x000000000000284c        0x8 src/main.c.12.o
                0x000000000000284c                myShortVibes
 .data.rel.myLongVibes
                0x0000000000002854        0x8 src/main.c.12.o
                0x0000000000002854                myLongVibes

.igot.plt       0x000000000000285c        0x0
 .igot.plt      0x0000000000000000        0x0 /usr/local/Cellar/pebble-toolchain/2.0/arm-cs-tools/bin/../lib/gcc/arm-none-eabi/4.7.2/thumb2/crtbegin.o

.got            0x000000000000285c       0x88
 .got           0x000000000000285c       0x88 /usr/local/Cellar/pebble-toolchain/2.0/arm-cs-tools/bin/../lib/gcc/arm-none-eabi/4.7.2/thumb2/crtbegin.o

.got.plt        0x00000000000028e4        0xc
 .got.plt       0x00000000000028e4        0xc /usr/local/Cellar/pebble-toolchain/2.0/arm-cs-tools/bin/../lib/gcc/arm-none-eabi/4.7.2/thumb2/crtbegin.o
                0x00000000000028e4                _GLOBAL_OFFSET_TABLE_

.bss            0x00000000000028f0      0x408
 *(.bss)
 *(.bss.*)
 .bss.obIconCode_value
                0x00000000000028f0        0x4 src/main.c.12.o
                0x00000000000028f0                obIconCode_value
 .bss.btcH_value
                0x00000000000028f4        0x4 src/main.c.12.o
                0x00000000000028f4                btcH_value
 .bss.btcL_value
                0x00000000000028f8        0x4 src/main.c.12.o
                0x00000000000028f8                btcL_value
 .bss.btcV_value
                0x00000000000028fc        0x4 src/main.c.12.o
                0x00000000000028fc                btcV_value
 .bss.message_count
                0x0000000000002900        0x4 src/main.c.12.o
                0x0000000000002900                message_count
 COMMON         0x0000000000002904      0x3f4 src/main.c.12.o
                0x0000000000002904                cnfExchange
                0x0000000000002918                trotteuse_scale_layer
                0x000000000000291c                forecastPeriod
                0x000000000000292c                bgraph_data
                0x0000000000002b0c                forecastLow
                0x0000000000002b1c                btcL
                0x0000000000002b2c                date_layer
                0x0000000000002b30                forecastTemp
                0x0000000000002b40                cnfLocation
                0x0000000000002b60                trotteuse_layer
                0x0000000000002b64                btcV
                0x0000000000002b74                bcH_layer
                0x0000000000002b78                bcL_layer
                0x0000000000002b7c                obWindSpeed
                0x0000000000002b8c                graph_layer
                0x0000000000002b90                bc_layer
                0x0000000000002b94                btcH
                0x0000000000002ba4                forecastIconCode
                0x0000000000002bb4                forecastHigh
                0x0000000000002bc4                time_layer
                0x0000000000002bc8                obWindDir_bkp
                0x0000000000002bd8                geoArea1
                0x0000000000002bdd                battery_text
                0x0000000000002be8                bgraph
                0x0000000000002bec                obTemperature
                0x0000000000002bfc                obWindGust
                0x0000000000002c0c                obIconCode
                0x0000000000002c1c                obWindChill
                0x0000000000002c2c                battery_state
                0x0000000000002c30                window
                0x0000000000002c34                bluetooth_text
                0x0000000000002c3c                obHumidex
                0x0000000000002c4c                weather_layer
                0x0000000000002ce8                obWindDir

DISCARD
 libc.a(*)
 libm.a(*)
 libgcc.a(*)
 *(.eh_frame)
OUTPUT(/Users/realo/Pebble/CoinCan-Quebec/build/aplite/pebble-app.elf elf32-littlearm)

.ARM.attributes
                0x0000000000000000       0x27
 .ARM.attributes
                0x0000000000000000       0x19 /usr/local/Cellar/pebble-toolchain/2.0/arm-cs-tools/bin/../lib/gcc/arm-none-eabi/4.7.2/thumb2/crti.o
 .ARM.attributes
                0x0000000000000019       0x29 /usr/local/Cellar/pebble-toolchain/2.0/arm-cs-tools/bin/../lib/gcc/arm-none-eabi/4.7.2/thumb2/crtbegin.o
 .ARM.attributes
                0x0000000000000042       0x33 src/main.c.12.o
 .ARM.attributes
                0x0000000000000075       0x33 aplite/appinfo.auto.c.12.o
 .ARM.attributes
                0x00000000000000a8       0x21 /usr/local/Cellar/pebble-sdk/3.6/Pebble/aplite/lib/libpebble.a(tmpvXKNpYpebble.o)
 .ARM.attributes
                0x00000000000000c9       0x19 /usr/local/Cellar/pebble-toolchain/2.0/arm-cs-tools/bin/../lib/gcc/arm-none-eabi/4.7.2/thumb2/libgcc.a(_arm_addsubsf3.o)
 .ARM.attributes
                0x00000000000000e2       0x19 /usr/local/Cellar/pebble-toolchain/2.0/arm-cs-tools/bin/../lib/gcc/arm-none-eabi/4.7.2/thumb2/libgcc.a(_arm_muldivsf3.o)
 .ARM.attributes
                0x00000000000000fb       0x19 /usr/local/Cellar/pebble-toolchain/2.0/arm-cs-tools/bin/../lib/gcc/arm-none-eabi/4.7.2/thumb2/libgcc.a(_arm_cmpsf2.o)
 .ARM.attributes
                0x0000000000000114       0x19 /usr/local/Cellar/pebble-toolchain/2.0/arm-cs-tools/bin/../lib/gcc/arm-none-eabi/4.7.2/thumb2/libgcc.a(_arm_fixsfsi.o)
 .ARM.attributes
                0x000000000000012d       0x29 /usr/local/Cellar/pebble-toolchain/2.0/arm-cs-tools/bin/../lib/gcc/arm-none-eabi/4.7.2/thumb2/crtend.o
 .ARM.attributes
                0x0000000000000156       0x19 /usr/local/Cellar/pebble-toolchain/2.0/arm-cs-tools/bin/../lib/gcc/arm-none-eabi/4.7.2/thumb2/crtn.o

.comment        0x0000000000000000       0x4e
 .comment       0x0000000000000000       0x4e /usr/local/Cellar/pebble-toolchain/2.0/arm-cs-tools/bin/../lib/gcc/arm-none-eabi/4.7.2/thumb2/crtbegin.o
                                         0x4f (size before relaxing)
 .comment       0x0000000000000000       0x4f src/main.c.12.o
 .comment       0x0000000000000000       0x4f aplite/appinfo.auto.c.12.o
 .comment       0x0000000000000000       0x4f /usr/local/Cellar/pebble-toolchain/2.0/arm-cs-tools/bin/../lib/gcc/arm-none-eabi/4.7.2/thumb2/crtend.o

.debug_info     0x0000000000000000     0x3f7d
 .debug_info    0x0000000000000000     0x384b src/main.c.12.o
 .debug_info    0x000000000000384b      0x44e aplite/appinfo.auto.c.12.o
 .debug_info    0x0000000000003c99       0xb9 /usr/local/Cellar/pebble-toolchain/2.0/arm-cs-tools/bin/../lib/gcc/arm-none-eabi/4.7.2/thumb2/libgcc.a(_arm_addsubsf3.o)
 .debug_info    0x0000000000003d52       0xb9 /usr/local/Cellar/pebble-toolchain/2.0/arm-cs-tools/bin/../lib/gcc/arm-none-eabi/4.7.2/thumb2/libgcc.a(_arm_muldivsf3.o)
 .debug_info    0x0000000000003e0b       0xb9 /usr/local/Cellar/pebble-toolchain/2.0/arm-cs-tools/bin/../lib/gcc/arm-none-eabi/4.7.2/thumb2/libgcc.a(_arm_cmpsf2.o)
 .debug_info    0x0000000000003ec4       0xb9 /usr/local/Cellar/pebble-toolchain/2.0/arm-cs-tools/bin/../lib/gcc/arm-none-eabi/4.7.2/thumb2/libgcc.a(_arm_fixsfsi.o)

.debug_abbrev   0x0000000000000000      0x4ee
 .debug_abbrev  0x0000000000000000      0x400 src/main.c.12.o
 .debug_abbrev  0x0000000000000400       0x9e aplite/appinfo.auto.c.12.o
 .debug_abbrev  0x000000000000049e       0x14 /usr/local/Cellar/pebble-toolchain/2.0/arm-cs-tools/bin/../lib/gcc/arm-none-eabi/4.7.2/thumb2/libgcc.a(_arm_addsubsf3.o)
 .debug_abbrev  0x00000000000004b2       0x14 /usr/local/Cellar/pebble-toolchain/2.0/arm-cs-tools/bin/../lib/gcc/arm-none-eabi/4.7.2/thumb2/libgcc.a(_arm_muldivsf3.o)
 .debug_abbrev  0x00000000000004c6       0x14 /usr/local/Cellar/pebble-toolchain/2.0/arm-cs-tools/bin/../lib/gcc/arm-none-eabi/4.7.2/thumb2/libgcc.a(_arm_cmpsf2.o)
 .debug_abbrev  0x00000000000004da       0x14 /usr/local/Cellar/pebble-toolchain/2.0/arm-cs-tools/bin/../lib/gcc/arm-none-eabi/4.7.2/thumb2/libgcc.a(_arm_fixsfsi.o)

.debug_loc      0x0000000000000000      0xafc
 .debug_loc     0x0000000000000000      0xafc src/main.c.12.o

.debug_aranges  0x0000000000000000      0x160
 .debug_aranges
                0x0000000000000000       0xc8 src/main.c.12.o
 .debug_aranges
                0x00000000000000c8       0x18 aplite/appinfo.auto.c.12.o
 .debug_aranges
                0x00000000000000e0       0x20 /usr/local/Cellar/pebble-toolchain/2.0/arm-cs-tools/bin/../lib/gcc/arm-none-eabi/4.7.2/thumb2/libgcc.a(_arm_addsubsf3.o)
 .debug_aranges
                0x0000000000000100       0x20 /usr/local/Cellar/pebble-toolchain/2.0/arm-cs-tools/bin/../lib/gcc/arm-none-eabi/4.7.2/thumb2/libgcc.a(_arm_muldivsf3.o)
 .debug_aranges
                0x0000000000000120       0x20 /usr/local/Cellar/pebble-toolchain/2.0/arm-cs-tools/bin/../lib/gcc/arm-none-eabi/4.7.2/thumb2/libgcc.a(_arm_cmpsf2.o)
 .debug_aranges
                0x0000000000000140       0x20 /usr/local/Cellar/pebble-toolchain/2.0/arm-cs-tools/bin/../lib/gcc/arm-none-eabi/4.7.2/thumb2/libgcc.a(_arm_fixsfsi.o)

.debug_ranges   0x0000000000000000       0xd0
 .debug_ranges  0x0000000000000000       0xd0 src/main.c.12.o

.debug_line     0x0000000000000000      0xc8a
 .debug_line    0x0000000000000000      0x766 src/main.c.12.o
 .debug_line    0x0000000000000766      0x12d aplite/appinfo.auto.c.12.o
 .debug_line    0x0000000000000893      0x128 /usr/local/Cellar/pebble-toolchain/2.0/arm-cs-tools/bin/../lib/gcc/arm-none-eabi/4.7.2/thumb2/libgcc.a(_arm_addsubsf3.o)
 .debug_line    0x00000000000009bb      0x149 /usr/local/Cellar/pebble-toolchain/2.0/arm-cs-tools/bin/../lib/gcc/arm-none-eabi/4.7.2/thumb2/libgcc.a(_arm_muldivsf3.o)
 .debug_line    0x0000000000000b04      0x100 /usr/local/Cellar/pebble-toolchain/2.0/arm-cs-tools/bin/../lib/gcc/arm-none-eabi/4.7.2/thumb2/libgcc.a(_arm_cmpsf2.o)
 .debug_line    0x0000000000000c04       0x86 /usr/local/Cellar/pebble-toolchain/2.0/arm-cs-tools/bin/../lib/gcc/arm-none-eabi/4.7.2/thumb2/libgcc.a(_arm_fixsfsi.o)

.debug_str      0x0000000000000000     0x1801
 .debug_str     0x0000000000000000     0x15f5 src/main.c.12.o
                                       0x16d3 (size before relaxing)
 .debug_str     0x00000000000015f5      0x20c aplite/appinfo.auto.c.12.o
                                        0x64e (size before relaxing)

.debug_frame    0x0000000000000000      0x270
 .debug_frame   0x0000000000000000      0x270 src/main.c.12.o
