Archive member included because of file (symbol)

/Users/realo/Library/Application Support/Pebble SDK/SDKs/current/sdk-core/pebble/aplite/lib/libpebble.a(tmp7jpKUopebble.o)
                              src/c/main.c.41.o (app_event_loop)
/Users/realo/Library/Application Support/Pebble SDK/SDKs/4.5/toolchain/arm-none-eabi/bin/../lib/gcc/arm-none-eabi/4.7.2/thumb2/libgcc.a(_arm_addsubdf3.o)
                              src/c/main.c.41.o (__aeabi_f2d)
/Users/realo/Library/Application Support/Pebble SDK/SDKs/4.5/toolchain/arm-none-eabi/bin/../lib/gcc/arm-none-eabi/4.7.2/thumb2/libgcc.a(_arm_muldivdf3.o)
                              src/c/main.c.41.o (__aeabi_ddiv)
/Users/realo/Library/Application Support/Pebble SDK/SDKs/4.5/toolchain/arm-none-eabi/bin/../lib/gcc/arm-none-eabi/4.7.2/thumb2/libgcc.a(_arm_fixdfsi.o)
                              src/c/main.c.41.o (__aeabi_d2iz)
/Users/realo/Library/Application Support/Pebble SDK/SDKs/4.5/toolchain/arm-none-eabi/bin/../lib/gcc/arm-none-eabi/4.7.2/thumb2/libgcc.a(_arm_addsubsf3.o)
                              src/c/main.c.41.o (__aeabi_fsub)
/Users/realo/Library/Application Support/Pebble SDK/SDKs/4.5/toolchain/arm-none-eabi/bin/../lib/gcc/arm-none-eabi/4.7.2/thumb2/libgcc.a(_arm_muldivsf3.o)
                              src/c/main.c.41.o (__aeabi_fmul)
/Users/realo/Library/Application Support/Pebble SDK/SDKs/4.5/toolchain/arm-none-eabi/bin/../lib/gcc/arm-none-eabi/4.7.2/thumb2/libgcc.a(_arm_cmpsf2.o)
                              src/c/main.c.41.o (__aeabi_fcmpeq)
/Users/realo/Library/Application Support/Pebble SDK/SDKs/4.5/toolchain/arm-none-eabi/bin/../lib/gcc/arm-none-eabi/4.7.2/thumb2/libgcc.a(_arm_fixsfsi.o)
                              src/c/main.c.41.o (__aeabi_f2iz)

Allocating common symbols
Common symbol       size              file

cnfExchange         0x14              src/c/main.c.41.o
forecastPeriod      0x10              src/c/main.c.41.o
bgraph_data         0x1e0             src/c/main.c.41.o
forecastLow         0x10              src/c/main.c.41.o
btcL                0x10              src/c/main.c.41.o
forecastTemp        0x10              src/c/main.c.41.o
cnfLocation         0x20              src/c/main.c.41.o
btcV                0x10              src/c/main.c.41.o
obWindSpeed         0x10              src/c/main.c.41.o
btcH                0x10              src/c/main.c.41.o
cnfService          0x20              src/c/main.c.41.o
forecastIconCode    0x10              src/c/main.c.41.o
forecastHigh        0x10              src/c/main.c.41.o
obWindDir_bkp       0x10              src/c/main.c.41.o
geoArea1            0x5               src/c/main.c.41.o
battery_text        0x8               src/c/main.c.41.o
bgraph              0x4               src/c/main.c.41.o
obTemperature       0x10              src/c/main.c.41.o
obWindGust          0x10              src/c/main.c.41.o
obIconCode          0x10              src/c/main.c.41.o
obWindChill         0x10              src/c/main.c.41.o
battery_state       0x3               src/c/main.c.41.o
window              0x4               src/c/main.c.41.o
bluetooth_text      0x8               src/c/main.c.41.o
obHumidex           0x10              src/c/main.c.41.o
obWindDir           0x10              src/c/main.c.41.o

Discarded input sections

 .text          0x0000000000000000        0x0 /Users/realo/Library/Application Support/Pebble SDK/SDKs/4.5/toolchain/arm-none-eabi/bin/../lib/gcc/arm-none-eabi/4.7.2/thumb2/crti.o
 .bss           0x0000000000000000        0x0 /Users/realo/Library/Application Support/Pebble SDK/SDKs/4.5/toolchain/arm-none-eabi/bin/../lib/gcc/arm-none-eabi/4.7.2/thumb2/crti.o
 .init          0x0000000000000000        0x4 /Users/realo/Library/Application Support/Pebble SDK/SDKs/4.5/toolchain/arm-none-eabi/bin/../lib/gcc/arm-none-eabi/4.7.2/thumb2/crti.o
 .fini          0x0000000000000000        0x4 /Users/realo/Library/Application Support/Pebble SDK/SDKs/4.5/toolchain/arm-none-eabi/bin/../lib/gcc/arm-none-eabi/4.7.2/thumb2/crti.o
 .text          0x0000000000000000       0xc8 /Users/realo/Library/Application Support/Pebble SDK/SDKs/4.5/toolchain/arm-none-eabi/bin/../lib/gcc/arm-none-eabi/4.7.2/thumb2/crtbegin.o
 .bss           0x0000000000000000       0x1c /Users/realo/Library/Application Support/Pebble SDK/SDKs/4.5/toolchain/arm-none-eabi/bin/../lib/gcc/arm-none-eabi/4.7.2/thumb2/crtbegin.o
 .init_array    0x0000000000000000        0x4 /Users/realo/Library/Application Support/Pebble SDK/SDKs/4.5/toolchain/arm-none-eabi/bin/../lib/gcc/arm-none-eabi/4.7.2/thumb2/crtbegin.o
 .fini_array    0x0000000000000000        0x4 /Users/realo/Library/Application Support/Pebble SDK/SDKs/4.5/toolchain/arm-none-eabi/bin/../lib/gcc/arm-none-eabi/4.7.2/thumb2/crtbegin.o
 .eh_frame      0x0000000000000000        0x0 /Users/realo/Library/Application Support/Pebble SDK/SDKs/4.5/toolchain/arm-none-eabi/bin/../lib/gcc/arm-none-eabi/4.7.2/thumb2/crtbegin.o
[...]
Memory Configuration

Name             Origin             Length             Attributes
APP              0x0000000000000000 0x0000000000006000 xrw
*default*        0x0000000000000000 0xffffffffffffffff

Linker script and memory map

LOAD /Users/realo/Library/Application Support/Pebble SDK/SDKs/4.5/toolchain/arm-none-eabi/bin/../lib/gcc/arm-none-eabi/4.7.2/thumb2/crti.o
LOAD /Users/realo/Library/Application Support/Pebble SDK/SDKs/4.5/toolchain/arm-none-eabi/bin/../lib/gcc/arm-none-eabi/4.7.2/thumb2/crtbegin.o
LOAD src/c/main.c.41.o
LOAD aplite/appinfo.auto.c.41.o
LOAD aplite/src/resource_ids.auto.c.41.o
LOAD src/message_keys.auto.c.41.o
LOAD /Users/realo/Library/Application Support/Pebble SDK/SDKs/current/sdk-core/pebble/aplite/lib/libpebble.a
LOAD /Users/realo/Work/PEBBLE/coincan/node_modules/pebble-clay/dist/binaries/aplite/libpebble-clay.a
START GROUP
LOAD /Users/realo/Library/Application Support/Pebble SDK/SDKs/4.5/toolchain/arm-none-eabi/bin/../lib/gcc/arm-none-eabi/4.7.2/thumb2/libgcc.a
LOAD /Users/realo/Library/Application Support/Pebble SDK/SDKs/4.5/toolchain/arm-none-eabi/bin/../lib/gcc/arm-none-eabi/4.7.2/../../../../arm-none-eabi/lib/thumb2/libc.a
END GROUP
LOAD /Users/realo/Library/Application Support/Pebble SDK/SDKs/4.5/toolchain/arm-none-eabi/bin/../lib/gcc/arm-none-eabi/4.7.2/thumb2/crtend.o
LOAD /Users/realo/Library/Application Support/Pebble SDK/SDKs/4.5/toolchain/arm-none-eabi/bin/../lib/gcc/arm-none-eabi/4.7.2/thumb2/crtn.o

.header         0x0000000000000000       0x82
 *(.pbl_header)
 .pbl_header    0x0000000000000000       0x82 aplite/appinfo.auto.c.41.o
                0x0000000000000000                __pbl_app_info

.note.gnu.build-id
                0x0000000000000082       0x26
                0x0000000000000082                PROVIDE (BUILD_ID, .)
 *(.note.gnu.build-id)
 *fill*         0x0000000000000082        0x2 
 .note.gnu.build-id
                0x0000000000000084       0x24 linker stubs

.text           0x00000000000000a8     0x47dc
 *(.text)
 .text          0x00000000000000a8       0x14 /Users/realo/Library/Application Support/Pebble SDK/SDKs/current/sdk-core/pebble/aplite/lib/libpebble.a(tmp7jpKUopebble.o)
 .text          0x00000000000000bc      0x370 /Users/realo/Library/Application Support/Pebble SDK/SDKs/4.5/toolchain/arm-none-eabi/bin/../lib/gcc/arm-none-eabi/4.7.2/thumb2/libgcc.a(_arm_addsubdf3.o)
                0x00000000000000bc                __aeabi_drsub
                0x00000000000000c4                __subdf3
                0x00000000000000c4                __aeabi_dsub
                0x00000000000000c8                __aeabi_dadd
                0x00000000000000c8                __adddf3
                0x0000000000000340                __aeabi_ui2d
                0x0000000000000340                __floatunsidf
                0x0000000000000360                __floatsidf
                0x0000000000000360                __aeabi_i2d
                0x0000000000000384                __extendsfdf2
                0x0000000000000384                __aeabi_f2d
                0x00000000000003c0                __aeabi_ul2d
                0x00000000000003c0                __floatundidf
                0x00000000000003d0                __aeabi_l2d
                0x00000000000003d0                __floatdidf
 .text          0x000000000000042c      0x424 /Users/realo/Library/Application Support/Pebble SDK/SDKs/4.5/toolchain/arm-none-eabi/bin/../lib/gcc/arm-none-eabi/4.7.2/thumb2/libgcc.a(_arm_muldivdf3.o)
                0x000000000000042c                __aeabi_dmul
                0x000000000000042c                __muldf3
                0x0000000000000680                __aeabi_ddiv
                0x0000000000000680                __divdf3
 .text          0x0000000000000850       0x50 /Users/realo/Library/Application Support/Pebble SDK/SDKs/4.5/toolchain/arm-none-eabi/bin/../lib/gcc/arm-none-eabi/4.7.2/thumb2/libgcc.a(_arm_fixdfsi.o)
                0x0000000000000850                __fixdfsi
                0x0000000000000850                __aeabi_d2iz
 .text          0x00000000000008a0      0x21c /Users/realo/Library/Application Support/Pebble SDK/SDKs/4.5/toolchain/arm-none-eabi/bin/../lib/gcc/arm-none-eabi/4.7.2/thumb2/libgcc.a(_arm_addsubsf3.o)
                0x00000000000008a0                __aeabi_frsub
                0x00000000000008a8                __aeabi_fsub
                0x00000000000008a8                __subsf3
                0x00000000000008ac                __aeabi_fadd
                0x00000000000008ac                __addsf3
                0x0000000000000a0c                __aeabi_ui2f
                0x0000000000000a0c                __floatunsisf
                0x0000000000000a14                __floatsisf
                0x0000000000000a14                __aeabi_i2f
                0x0000000000000a30                __aeabi_ul2f
                0x0000000000000a30                __floatundisf
                0x0000000000000a40                __aeabi_l2f
                0x0000000000000a40                __floatdisf
 .text          0x0000000000000abc      0x2a0 /Users/realo/Library/Application Support/Pebble SDK/SDKs/4.5/toolchain/arm-none-eabi/bin/../lib/gcc/arm-none-eabi/4.7.2/thumb2/libgcc.a(_arm_muldivsf3.o)
                0x0000000000000abc                __mulsf3
                0x0000000000000abc                __aeabi_fmul
                0x0000000000000c24                __divsf3
                0x0000000000000c24                __aeabi_fdiv
 .text          0x0000000000000d5c       0xec /Users/realo/Library/Application Support/Pebble SDK/SDKs/4.5/toolchain/arm-none-eabi/bin/../lib/gcc/arm-none-eabi/4.7.2/thumb2/libgcc.a(_arm_cmpsf2.o)
                0x0000000000000d5c                __gesf2
                0x0000000000000d5c                __gtsf2
                0x0000000000000d64                __ltsf2
                0x0000000000000d64                __lesf2
                0x0000000000000d6c                __nesf2
                0x0000000000000d6c                __eqsf2
                0x0000000000000d6c                __cmpsf2
                0x0000000000000dcc                __aeabi_cfrcmple
                0x0000000000000dd4                __aeabi_cfcmpeq
                0x0000000000000dd4                __aeabi_cfcmple
                0x0000000000000de4                __aeabi_fcmpeq
                0x0000000000000df8                __aeabi_fcmplt
                0x0000000000000e0c                __aeabi_fcmple
                0x0000000000000e20                __aeabi_fcmpge
                0x0000000000000e34                __aeabi_fcmpgt
 .text          0x0000000000000e48       0x4c /Users/realo/Library/Application Support/Pebble SDK/SDKs/4.5/toolchain/arm-none-eabi/bin/../lib/gcc/arm-none-eabi/4.7.2/thumb2/libgcc.a(_arm_fixsfsi.o)
                0x0000000000000e48                __fixsfsi
                0x0000000000000e48                __aeabi_f2iz
 *(.text.*)
 .text.out_failed_handler
                0x0000000000000e94       0x1c src/c/main.c.41.o
                0x0000000000000e94                out_failed_handler
 .text.in_dropped_handler
                0x0000000000000eb0       0x1c src/c/main.c.41.o
                0x0000000000000eb0                in_dropped_handler
 .text.trotteuse_update_proc
                0x0000000000000ecc       0xbc src/c/main.c.41.o
                0x0000000000000ecc                trotteuse_update_proc
 .text.bluetooth_handler
                0x0000000000000f88       0xe4 src/c/main.c.41.o
                0x0000000000000f88                bluetooth_handler
 .text.trotteuse_scale_update_proc
                0x000000000000106c      0x114 src/c/main.c.41.o
                0x000000000000106c                trotteuse_scale_update_proc
 .text.graph_update_proc
                0x0000000000001180       0xa8 src/c/main.c.41.o
                0x0000000000001180                graph_update_proc
 .text.DOT_update_proc
                0x0000000000001228      0x12c src/c/main.c.41.o
                0x0000000000001228                DOT_update_proc
 .text._string2float
                0x0000000000001354       0x8c src/c/main.c.41.o
                0x0000000000001354                _string2float
 .text._itoa    0x00000000000013e0       0x4a src/c/main.c.41.o
                0x00000000000013e0                _itoa
 *fill*         0x000000000000142a        0x2 
 .text.battery_handler
                0x000000000000142c      0x144 src/c/main.c.41.o
                0x000000000000142c                battery_handler
 .text.strchr   0x0000000000001570       0x1a src/c/main.c.41.o
                0x0000000000001570                strchr
 *fill*         0x000000000000158a        0x2 
 .text._atoi    0x000000000000158c       0x74 src/c/main.c.41.o
                0x000000000000158c                _atoi
 .text.push_point
                0x0000000000001600       0x90 src/c/main.c.41.o
                0x0000000000001600                push_point
 .text.fetch_msg
                0x0000000000001690      0x174 src/c/main.c.41.o
                0x0000000000001690                fetch_msg
 .text.splash_timer_callback
                0x0000000000001804       0x48 src/c/main.c.41.o
                0x0000000000001804                splash_timer_callback
 .text.handle_second_tick
                0x000000000000184c       0x1c src/c/main.c.41.o
                0x000000000000184c                handle_second_tick
 .text.handle_minute_update
                0x0000000000001868       0xf4 src/c/main.c.41.o
                0x0000000000001868                handle_minute_update
 .text.handle_minute_tick
                0x000000000000195c       0x1e src/c/main.c.41.o
                0x000000000000195c                handle_minute_tick
 *fill*         0x000000000000197a        0x2 
 .text.handle_config_trotteuse
                0x000000000000197c      0x1cc src/c/main.c.41.o
                0x000000000000197c                handle_config_trotteuse
 .text.update_trotteuse_layout
                0x0000000000001b48       0x3c src/c/main.c.41.o
                0x0000000000001b48                update_trotteuse_layout
 .text.handle_config_health
                0x0000000000001b84       0xe4 src/c/main.c.41.o
                0x0000000000001b84                handle_config_health
 .text.handle_config_celsius
                0x0000000000001c68       0xd4 src/c/main.c.41.o
                0x0000000000001c68                handle_config_celsius
 .text.handle_config_exchange
                0x0000000000001d3c       0x58 src/c/main.c.41.o
                0x0000000000001d3c                handle_config_exchange
 .text.handle_config_location
                0x0000000000001d94       0x58 src/c/main.c.41.o
                0x0000000000001d94                handle_config_location
 .text.handle_config_service
                0x0000000000001dec       0x58 src/c/main.c.41.o
                0x0000000000001dec                handle_config_service
 .text.handle_config_cadence
                0x0000000000001e44       0xdc src/c/main.c.41.o
                0x0000000000001e44                handle_config_cadence
 .text.format_btc_price
                0x0000000000001f20       0x68 src/c/main.c.41.o
                0x0000000000001f20                format_btc_price
 .text.handle_bitcoin_data
                0x0000000000001f88      0x34c src/c/main.c.41.o
                0x0000000000001f88                handle_bitcoin_data
 .text.handle_weather_observation
                0x00000000000022d4      0x1d0 src/c/main.c.41.o
                0x00000000000022d4                handle_weather_observation
 .text.update_weather_display
                0x00000000000024a4      0x18c src/c/main.c.41.o
                0x00000000000024a4                update_weather_display
 .text.handle_js_event
                0x0000000000002630      0x28c src/c/main.c.41.o
                0x0000000000002630                handle_js_event
 .text.in_received_handler
                0x00000000000028bc      0x3fc src/c/main.c.41.o
                0x00000000000028bc                in_received_handler
 .text.app_message_init
                0x0000000000002cb8       0x34 src/c/main.c.41.o
                0x0000000000002cb8                app_message_init
 .text.weather_layer_init
                0x0000000000002cec      0x430 src/c/main.c.41.o
                0x0000000000002cec                weather_layer_init
 .text.weather_layer_deinit
                0x000000000000311c       0x58 src/c/main.c.41.o
                0x000000000000311c                weather_layer_deinit
 .text.init     0x0000000000003174      0x814 src/c/main.c.41.o
                0x0000000000003174                init
 .text.deinit   0x0000000000003988       0xf4 src/c/main.c.41.o
                0x0000000000003988                deinit
 .text.startup.main
                0x0000000000003a7c       0x12 src/c/main.c.41.o
                0x0000000000003a7c                main
 *fill*         0x0000000000003a8e        0x2 
 .text.app_event_loop
                0x0000000000003a90        0xc /Users/realo/Library/Application Support/Pebble SDK/SDKs/current/sdk-core/pebble/aplite/lib/libpebble.a(tmp7jpKUopebble.o)
                0x0000000000003a90                app_event_loop
 .text.app_log  0x0000000000003a9c        0xc /Users/realo/Library/Application Support/Pebble SDK/SDKs/current/sdk-core/pebble/aplite/lib/libpebble.a(tmp7jpKUopebble.o)
                0x0000000000003a9c                app_log
 .text.app_message_open
                0x0000000000003aa8        0xc /Users/realo/Library/Application Support/Pebble SDK/SDKs/current/sdk-core/pebble/aplite/lib/libpebble.a(tmp7jpKUopebble.o)
                0x0000000000003aa8                app_message_open
 .text.app_timer_cancel
                0x0000000000003ab4        0xc /Users/realo/Library/Application Support/Pebble SDK/SDKs/current/sdk-core/pebble/aplite/lib/libpebble.a(tmp7jpKUopebble.o)
                0x0000000000003ab4                app_timer_cancel
 .text.app_timer_register
                0x0000000000003ac0        0xc /Users/realo/Library/Application Support/Pebble SDK/SDKs/current/sdk-core/pebble/aplite/lib/libpebble.a(tmp7jpKUopebble.o)
                0x0000000000003ac0                app_timer_register
 .text.atoi     0x0000000000003acc        0xc /Users/realo/Library/Application Support/Pebble SDK/SDKs/current/sdk-core/pebble/aplite/lib/libpebble.a(tmp7jpKUopebble.o)
                0x0000000000003acc                atoi
 .text.battery_state_service_peek
                0x0000000000003ad8        0xc /Users/realo/Library/Application Support/Pebble SDK/SDKs/current/sdk-core/pebble/aplite/lib/libpebble.a(tmp7jpKUopebble.o)
                0x0000000000003ad8                battery_state_service_peek
 .text.battery_state_service_subscribe
                0x0000000000003ae4        0xc /Users/realo/Library/Application Support/Pebble SDK/SDKs/current/sdk-core/pebble/aplite/lib/libpebble.a(tmp7jpKUopebble.o)
                0x0000000000003ae4                battery_state_service_subscribe
 .text.battery_state_service_unsubscribe
                0x0000000000003af0        0xc /Users/realo/Library/Application Support/Pebble SDK/SDKs/current/sdk-core/pebble/aplite/lib/libpebble.a(tmp7jpKUopebble.o)
                0x0000000000003af0                battery_state_service_unsubscribe
 .text.bitmap_layer_create
                0x0000000000003afc        0xc /Users/realo/Library/Application Support/Pebble SDK/SDKs/current/sdk-core/pebble/aplite/lib/libpebble.a(tmp7jpKUopebble.o)
                0x0000000000003afc                bitmap_layer_create
 .text.bitmap_layer_destroy
                0x0000000000003b08        0xc /Users/realo/Library/Application Support/Pebble SDK/SDKs/current/sdk-core/pebble/aplite/lib/libpebble.a(tmp7jpKUopebble.o)
                0x0000000000003b08                bitmap_layer_destroy
 .text.bitmap_layer_get_layer
                0x0000000000003b14        0xc /Users/realo/Library/Application Support/Pebble SDK/SDKs/current/sdk-core/pebble/aplite/lib/libpebble.a(tmp7jpKUopebble.o)
                0x0000000000003b14                bitmap_layer_get_layer
 .text.bitmap_layer_set_bitmap
                0x0000000000003b20        0xc /Users/realo/Library/Application Support/Pebble SDK/SDKs/current/sdk-core/pebble/aplite/lib/libpebble.a(tmp7jpKUopebble.o)
                0x0000000000003b20                bitmap_layer_set_bitmap
 .text.bitmap_layer_set_compositing_mode
                0x0000000000003b2c        0xc /Users/realo/Library/Application Support/Pebble SDK/SDKs/current/sdk-core/pebble/aplite/lib/libpebble.a(tmp7jpKUopebble.o)
                0x0000000000003b2c                bitmap_layer_set_compositing_mode
 .text.bluetooth_connection_service_peek
                0x0000000000003b38        0xc /Users/realo/Library/Application Support/Pebble SDK/SDKs/current/sdk-core/pebble/aplite/lib/libpebble.a(tmp7jpKUopebble.o)
                0x0000000000003b38                bluetooth_connection_service_peek
 .text.bluetooth_connection_service_subscribe
                0x0000000000003b44        0xc /Users/realo/Library/Application Support/Pebble SDK/SDKs/current/sdk-core/pebble/aplite/lib/libpebble.a(tmp7jpKUopebble.o)
                0x0000000000003b44                bluetooth_connection_service_subscribe
 .text.bluetooth_connection_service_unsubscribe
                0x0000000000003b50        0xc /Users/realo/Library/Application Support/Pebble SDK/SDKs/current/sdk-core/pebble/aplite/lib/libpebble.a(tmp7jpKUopebble.o)
                0x0000000000003b50                bluetooth_connection_service_unsubscribe
 .text.clock_is_24h_style
                0x0000000000003b5c        0xc /Users/realo/Library/Application Support/Pebble SDK/SDKs/current/sdk-core/pebble/aplite/lib/libpebble.a(tmp7jpKUopebble.o)
                0x0000000000003b5c                clock_is_24h_style
 .text.dict_find
                0x0000000000003b68        0xc /Users/realo/Library/Application Support/Pebble SDK/SDKs/current/sdk-core/pebble/aplite/lib/libpebble.a(tmp7jpKUopebble.o)
                0x0000000000003b68                dict_find
 .text.dict_write_cstring
                0x0000000000003b74        0xc /Users/realo/Library/Application Support/Pebble SDK/SDKs/current/sdk-core/pebble/aplite/lib/libpebble.a(tmp7jpKUopebble.o)
                0x0000000000003b74                dict_write_cstring
 .text.dict_write_end
                0x0000000000003b80        0xc /Users/realo/Library/Application Support/Pebble SDK/SDKs/current/sdk-core/pebble/aplite/lib/libpebble.a(tmp7jpKUopebble.o)
                0x0000000000003b80                dict_write_end
 .text.fonts_get_system_font
                0x0000000000003b8c        0xc /Users/realo/Library/Application Support/Pebble SDK/SDKs/current/sdk-core/pebble/aplite/lib/libpebble.a(tmp7jpKUopebble.o)
                0x0000000000003b8c                fonts_get_system_font
 .text.fonts_load_custom_font
                0x0000000000003b98        0xc /Users/realo/Library/Application Support/Pebble SDK/SDKs/current/sdk-core/pebble/aplite/lib/libpebble.a(tmp7jpKUopebble.o)
                0x0000000000003b98                fonts_load_custom_font
 .text.gbitmap_create_with_resource
                0x0000000000003ba4        0xc /Users/realo/Library/Application Support/Pebble SDK/SDKs/current/sdk-core/pebble/aplite/lib/libpebble.a(tmp7jpKUopebble.o)
                0x0000000000003ba4                gbitmap_create_with_resource
 .text.gbitmap_destroy
                0x0000000000003bb0        0xc /Users/realo/Library/Application Support/Pebble SDK/SDKs/current/sdk-core/pebble/aplite/lib/libpebble.a(tmp7jpKUopebble.o)
                0x0000000000003bb0                gbitmap_destroy
 .text.gpath_create
                0x0000000000003bbc        0xc /Users/realo/Library/Application Support/Pebble SDK/SDKs/current/sdk-core/pebble/aplite/lib/libpebble.a(tmp7jpKUopebble.o)
                0x0000000000003bbc                gpath_create
 .text.gpath_destroy
                0x0000000000003bc8        0xc /Users/realo/Library/Application Support/Pebble SDK/SDKs/current/sdk-core/pebble/aplite/lib/libpebble.a(tmp7jpKUopebble.o)
                0x0000000000003bc8                gpath_destroy
 .text.gpath_draw_outline
                0x0000000000003bd4        0xc /Users/realo/Library/Application Support/Pebble SDK/SDKs/current/sdk-core/pebble/aplite/lib/libpebble.a(tmp7jpKUopebble.o)
                0x0000000000003bd4                gpath_draw_outline
 .text.graphics_draw_line
                0x0000000000003be0        0xc /Users/realo/Library/Application Support/Pebble SDK/SDKs/current/sdk-core/pebble/aplite/lib/libpebble.a(tmp7jpKUopebble.o)
                0x0000000000003be0                graphics_draw_line
 .text.graphics_fill_rect
                0x0000000000003bec        0xc /Users/realo/Library/Application Support/Pebble SDK/SDKs/current/sdk-core/pebble/aplite/lib/libpebble.a(tmp7jpKUopebble.o)
                0x0000000000003bec                graphics_fill_rect
 .text.layer_add_child
                0x0000000000003bf8        0xc /Users/realo/Library/Application Support/Pebble SDK/SDKs/current/sdk-core/pebble/aplite/lib/libpebble.a(tmp7jpKUopebble.o)
                0x0000000000003bf8                layer_add_child
 .text.layer_create
                0x0000000000003c04        0xc /Users/realo/Library/Application Support/Pebble SDK/SDKs/current/sdk-core/pebble/aplite/lib/libpebble.a(tmp7jpKUopebble.o)
                0x0000000000003c04                layer_create
 .text.layer_destroy
                0x0000000000003c10        0xc /Users/realo/Library/Application Support/Pebble SDK/SDKs/current/sdk-core/pebble/aplite/lib/libpebble.a(tmp7jpKUopebble.o)
                0x0000000000003c10                layer_destroy
 .text.layer_get_frame
                0x0000000000003c1c        0xc /Users/realo/Library/Application Support/Pebble SDK/SDKs/current/sdk-core/pebble/aplite/lib/libpebble.a(tmp7jpKUopebble.o)
                0x0000000000003c1c                layer_get_frame
 .text.layer_mark_dirty
                0x0000000000003c28        0xc /Users/realo/Library/Application Support/Pebble SDK/SDKs/current/sdk-core/pebble/aplite/lib/libpebble.a(tmp7jpKUopebble.o)
                0x0000000000003c28                layer_mark_dirty
 .text.layer_set_frame
                0x0000000000003c34        0xc /Users/realo/Library/Application Support/Pebble SDK/SDKs/current/sdk-core/pebble/aplite/lib/libpebble.a(tmp7jpKUopebble.o)
                0x0000000000003c34                layer_set_frame
 .text.layer_set_update_proc
                0x0000000000003c40        0xc /Users/realo/Library/Application Support/Pebble SDK/SDKs/current/sdk-core/pebble/aplite/lib/libpebble.a(tmp7jpKUopebble.o)
                0x0000000000003c40                layer_set_update_proc
 .text.persist_delete
                0x0000000000003c4c        0xc /Users/realo/Library/Application Support/Pebble SDK/SDKs/current/sdk-core/pebble/aplite/lib/libpebble.a(tmp7jpKUopebble.o)
                0x0000000000003c4c                persist_delete
 .text.persist_exists
                0x0000000000003c58        0xc /Users/realo/Library/Application Support/Pebble SDK/SDKs/current/sdk-core/pebble/aplite/lib/libpebble.a(tmp7jpKUopebble.o)
                0x0000000000003c58                persist_exists
 .text.persist_get_size
                0x0000000000003c64        0xc /Users/realo/Library/Application Support/Pebble SDK/SDKs/current/sdk-core/pebble/aplite/lib/libpebble.a(tmp7jpKUopebble.o)
                0x0000000000003c64                persist_get_size
 .text.persist_read_bool
                0x0000000000003c70        0xc /Users/realo/Library/Application Support/Pebble SDK/SDKs/current/sdk-core/pebble/aplite/lib/libpebble.a(tmp7jpKUopebble.o)
                0x0000000000003c70                persist_read_bool
 .text.persist_read_int
                0x0000000000003c7c        0xc /Users/realo/Library/Application Support/Pebble SDK/SDKs/current/sdk-core/pebble/aplite/lib/libpebble.a(tmp7jpKUopebble.o)
                0x0000000000003c7c                persist_read_int
 .text.persist_write_bool
                0x0000000000003c88        0xc /Users/realo/Library/Application Support/Pebble SDK/SDKs/current/sdk-core/pebble/aplite/lib/libpebble.a(tmp7jpKUopebble.o)
                0x0000000000003c88                persist_write_bool
 .text.persist_write_int
                0x0000000000003c94        0xc /Users/realo/Library/Application Support/Pebble SDK/SDKs/current/sdk-core/pebble/aplite/lib/libpebble.a(tmp7jpKUopebble.o)
                0x0000000000003c94                persist_write_int
 .text.persist_write_string
                0x0000000000003ca0        0xc /Users/realo/Library/Application Support/Pebble SDK/SDKs/current/sdk-core/pebble/aplite/lib/libpebble.a(tmp7jpKUopebble.o)
                0x0000000000003ca0                persist_write_string
 .text.resource_get_handle
                0x0000000000003cac        0xc /Users/realo/Library/Application Support/Pebble SDK/SDKs/current/sdk-core/pebble/aplite/lib/libpebble.a(tmp7jpKUopebble.o)
                0x0000000000003cac                resource_get_handle
 .text.snprintf
                0x0000000000003cb8        0xc /Users/realo/Library/Application Support/Pebble SDK/SDKs/current/sdk-core/pebble/aplite/lib/libpebble.a(tmp7jpKUopebble.o)
                0x0000000000003cb8                snprintf
 .text.strcat   0x0000000000003cc4        0xc /Users/realo/Library/Application Support/Pebble SDK/SDKs/current/sdk-core/pebble/aplite/lib/libpebble.a(tmp7jpKUopebble.o)
                0x0000000000003cc4                strcat
 .text.strcmp   0x0000000000003cd0        0xc /Users/realo/Library/Application Support/Pebble SDK/SDKs/current/sdk-core/pebble/aplite/lib/libpebble.a(tmp7jpKUopebble.o)
                0x0000000000003cd0                strcmp
 .text.strcpy   0x0000000000003cdc        0xc /Users/realo/Library/Application Support/Pebble SDK/SDKs/current/sdk-core/pebble/aplite/lib/libpebble.a(tmp7jpKUopebble.o)
                0x0000000000003cdc                strcpy
 .text.strftime
                0x0000000000003ce8        0xc /Users/realo/Library/Application Support/Pebble SDK/SDKs/current/sdk-core/pebble/aplite/lib/libpebble.a(tmp7jpKUopebble.o)
                0x0000000000003ce8                strftime
 .text.strlen   0x0000000000003cf4        0xc /Users/realo/Library/Application Support/Pebble SDK/SDKs/current/sdk-core/pebble/aplite/lib/libpebble.a(tmp7jpKUopebble.o)
                0x0000000000003cf4                strlen
 .text.strncat  0x0000000000003d00        0xc /Users/realo/Library/Application Support/Pebble SDK/SDKs/current/sdk-core/pebble/aplite/lib/libpebble.a(tmp7jpKUopebble.o)
                0x0000000000003d00                strncat
 .text.strncpy  0x0000000000003d0c        0xc /Users/realo/Library/Application Support/Pebble SDK/SDKs/current/sdk-core/pebble/aplite/lib/libpebble.a(tmp7jpKUopebble.o)
                0x0000000000003d0c                strncpy
 .text.tick_timer_service_subscribe
                0x0000000000003d18        0xc /Users/realo/Library/Application Support/Pebble SDK/SDKs/current/sdk-core/pebble/aplite/lib/libpebble.a(tmp7jpKUopebble.o)
                0x0000000000003d18                tick_timer_service_subscribe
 .text.tick_timer_service_unsubscribe
                0x0000000000003d24        0xc /Users/realo/Library/Application Support/Pebble SDK/SDKs/current/sdk-core/pebble/aplite/lib/libpebble.a(tmp7jpKUopebble.o)
                0x0000000000003d24                tick_timer_service_unsubscribe
 .text.vibes_enqueue_custom_pattern
                0x0000000000003d30        0xc /Users/realo/Library/Application Support/Pebble SDK/SDKs/current/sdk-core/pebble/aplite/lib/libpebble.a(tmp7jpKUopebble.o)
                0x0000000000003d30                vibes_enqueue_custom_pattern
 .text.window_create
                0x0000000000003d3c        0xc /Users/realo/Library/Application Support/Pebble SDK/SDKs/current/sdk-core/pebble/aplite/lib/libpebble.a(tmp7jpKUopebble.o)
                0x0000000000003d3c                window_create
 .text.window_destroy
                0x0000000000003d48        0xc /Users/realo/Library/Application Support/Pebble SDK/SDKs/current/sdk-core/pebble/aplite/lib/libpebble.a(tmp7jpKUopebble.o)
                0x0000000000003d48                window_destroy
 .text.window_get_root_layer
                0x0000000000003d54        0xc /Users/realo/Library/Application Support/Pebble SDK/SDKs/current/sdk-core/pebble/aplite/lib/libpebble.a(tmp7jpKUopebble.o)
                0x0000000000003d54                window_get_root_layer
 .text.window_stack_push
                0x0000000000003d60        0xc /Users/realo/Library/Application Support/Pebble SDK/SDKs/current/sdk-core/pebble/aplite/lib/libpebble.a(tmp7jpKUopebble.o)
                0x0000000000003d60                window_stack_push
 .text.app_message_outbox_begin
                0x0000000000003d6c        0xc /Users/realo/Library/Application Support/Pebble SDK/SDKs/current/sdk-core/pebble/aplite/lib/libpebble.a(tmp7jpKUopebble.o)
                0x0000000000003d6c                app_message_outbox_begin
 .text.app_message_outbox_send
                0x0000000000003d78        0xc /Users/realo/Library/Application Support/Pebble SDK/SDKs/current/sdk-core/pebble/aplite/lib/libpebble.a(tmp7jpKUopebble.o)
                0x0000000000003d78                app_message_outbox_send
 .text.app_message_register_inbox_dropped
                0x0000000000003d84        0xc /Users/realo/Library/Application Support/Pebble SDK/SDKs/current/sdk-core/pebble/aplite/lib/libpebble.a(tmp7jpKUopebble.o)
                0x0000000000003d84                app_message_register_inbox_dropped
 .text.app_message_register_inbox_received
                0x0000000000003d90        0xc /Users/realo/Library/Application Support/Pebble SDK/SDKs/current/sdk-core/pebble/aplite/lib/libpebble.a(tmp7jpKUopebble.o)
                0x0000000000003d90                app_message_register_inbox_received
 .text.app_message_register_outbox_failed
                0x0000000000003d9c        0xc /Users/realo/Library/Application Support/Pebble SDK/SDKs/current/sdk-core/pebble/aplite/lib/libpebble.a(tmp7jpKUopebble.o)
                0x0000000000003d9c                app_message_register_outbox_failed
 .text.persist_read_data
                0x0000000000003da8        0xc /Users/realo/Library/Application Support/Pebble SDK/SDKs/current/sdk-core/pebble/aplite/lib/libpebble.a(tmp7jpKUopebble.o)
                0x0000000000003da8                persist_read_data
 .text.persist_read_string
                0x0000000000003db4        0xc /Users/realo/Library/Application Support/Pebble SDK/SDKs/current/sdk-core/pebble/aplite/lib/libpebble.a(tmp7jpKUopebble.o)
                0x0000000000003db4                persist_read_string
 .text.persist_write_data
                0x0000000000003dc0        0xc /Users/realo/Library/Application Support/Pebble SDK/SDKs/current/sdk-core/pebble/aplite/lib/libpebble.a(tmp7jpKUopebble.o)
                0x0000000000003dc0                persist_write_data
 .text.bitmap_layer_set_background_color
                0x0000000000003dcc        0xc /Users/realo/Library/Application Support/Pebble SDK/SDKs/current/sdk-core/pebble/aplite/lib/libpebble.a(tmp7jpKUopebble.o)
                0x0000000000003dcc                bitmap_layer_set_background_color
 .text.graphics_context_set_fill_color
                0x0000000000003dd8        0xc /Users/realo/Library/Application Support/Pebble SDK/SDKs/current/sdk-core/pebble/aplite/lib/libpebble.a(tmp7jpKUopebble.o)
                0x0000000000003dd8                graphics_context_set_fill_color
 .text.graphics_context_set_stroke_color
                0x0000000000003de4        0xc /Users/realo/Library/Application Support/Pebble SDK/SDKs/current/sdk-core/pebble/aplite/lib/libpebble.a(tmp7jpKUopebble.o)
                0x0000000000003de4                graphics_context_set_stroke_color
 .text.window_set_background_color
                0x0000000000003df0        0xc /Users/realo/Library/Application Support/Pebble SDK/SDKs/current/sdk-core/pebble/aplite/lib/libpebble.a(tmp7jpKUopebble.o)
                0x0000000000003df0                window_set_background_color
 .text.localtime
                0x0000000000003dfc        0xc /Users/realo/Library/Application Support/Pebble SDK/SDKs/current/sdk-core/pebble/aplite/lib/libpebble.a(tmp7jpKUopebble.o)
                0x0000000000003dfc                localtime
 .text.text_layer_create
                0x0000000000003e08        0xc /Users/realo/Library/Application Support/Pebble SDK/SDKs/current/sdk-core/pebble/aplite/lib/libpebble.a(tmp7jpKUopebble.o)
                0x0000000000003e08                text_layer_create
 .text.text_layer_destroy
                0x0000000000003e14        0xc /Users/realo/Library/Application Support/Pebble SDK/SDKs/current/sdk-core/pebble/aplite/lib/libpebble.a(tmp7jpKUopebble.o)
                0x0000000000003e14                text_layer_destroy
 .text.text_layer_get_layer
                0x0000000000003e20        0xc /Users/realo/Library/Application Support/Pebble SDK/SDKs/current/sdk-core/pebble/aplite/lib/libpebble.a(tmp7jpKUopebble.o)
                0x0000000000003e20                text_layer_get_layer
 .text.text_layer_set_background_color
                0x0000000000003e2c        0xc /Users/realo/Library/Application Support/Pebble SDK/SDKs/current/sdk-core/pebble/aplite/lib/libpebble.a(tmp7jpKUopebble.o)
                0x0000000000003e2c                text_layer_set_background_color
 .text.text_layer_set_font
                0x0000000000003e38        0xc /Users/realo/Library/Application Support/Pebble SDK/SDKs/current/sdk-core/pebble/aplite/lib/libpebble.a(tmp7jpKUopebble.o)
                0x0000000000003e38                text_layer_set_font
 .text.text_layer_set_text
                0x0000000000003e44        0xc /Users/realo/Library/Application Support/Pebble SDK/SDKs/current/sdk-core/pebble/aplite/lib/libpebble.a(tmp7jpKUopebble.o)
                0x0000000000003e44                text_layer_set_text
 .text.text_layer_set_text_alignment
                0x0000000000003e50        0xc /Users/realo/Library/Application Support/Pebble SDK/SDKs/current/sdk-core/pebble/aplite/lib/libpebble.a(tmp7jpKUopebble.o)
                0x0000000000003e50                text_layer_set_text_alignment
 .text.text_layer_set_text_color
                0x0000000000003e5c        0xc /Users/realo/Library/Application Support/Pebble SDK/SDKs/current/sdk-core/pebble/aplite/lib/libpebble.a(tmp7jpKUopebble.o)
                0x0000000000003e5c                text_layer_set_text_color
 .text.time     0x0000000000003e68        0xc /Users/realo/Library/Application Support/Pebble SDK/SDKs/current/sdk-core/pebble/aplite/lib/libpebble.a(tmp7jpKUopebble.o)
                0x0000000000003e68                time
 .text.graphics_fill_radial
                0x0000000000003e74        0xc /Users/realo/Library/Application Support/Pebble SDK/SDKs/current/sdk-core/pebble/aplite/lib/libpebble.a(tmp7jpKUopebble.o)
                0x0000000000003e74                graphics_fill_radial
 *(.rodata)
 .rodata        0x0000000000003e80       0xdc src/c/main.c.41.o
 *(.rodata*)
 .rodata.segments_long
                0x0000000000003f5c        0xc src/c/main.c.41.o
                0x0000000000003f5c                segments_long
 .rodata.segments_short
                0x0000000000003f68       0x28 src/c/main.c.41.o
                0x0000000000003f68                segments_short
 .rodata.str1.1
                0x0000000000003f90      0x8f4 src/c/main.c.41.o
                                        0x8ff (size before relaxing)

.glue_7         0x0000000000004884        0x0
 .glue_7        0x0000000000000000        0x0 linker stubs

.glue_7t        0x0000000000004884        0x0
 .glue_7t       0x0000000000000000        0x0 linker stubs

.vfp11_veneer   0x0000000000004884        0x0
 .vfp11_veneer  0x0000000000000000        0x0 linker stubs

.v4_bx          0x0000000000004884        0x0
 .v4_bx         0x0000000000000000        0x0 linker stubs

.iplt           0x0000000000004884        0x0
 .iplt          0x0000000000000000        0x0 /Users/realo/Library/Application Support/Pebble SDK/SDKs/4.5/toolchain/arm-none-eabi/bin/../lib/gcc/arm-none-eabi/4.7.2/thumb2/crtbegin.o

.rel.dyn        0x0000000000004884        0x0
 .rel.iplt      0x0000000000000000        0x0 /Users/realo/Library/Application Support/Pebble SDK/SDKs/4.5/toolchain/arm-none-eabi/bin/../lib/gcc/arm-none-eabi/4.7.2/thumb2/crtbegin.o
 .rel.got       0x0000000000000000        0x0 /Users/realo/Library/Application Support/Pebble SDK/SDKs/4.5/toolchain/arm-none-eabi/bin/../lib/gcc/arm-none-eabi/4.7.2/thumb2/crtbegin.o

.data           0x0000000000004884       0x90
 *(.data)
 .data          0x0000000000004884        0x0 /Users/realo/Library/Application Support/Pebble SDK/SDKs/4.5/toolchain/arm-none-eabi/bin/../lib/gcc/arm-none-eabi/4.7.2/thumb2/crti.o
 .data          0x0000000000004884        0x4 /Users/realo/Library/Application Support/Pebble SDK/SDKs/4.5/toolchain/arm-none-eabi/bin/../lib/gcc/arm-none-eabi/4.7.2/thumb2/crtbegin.o
                0x0000000000004884                __dso_handle
 .data          0x0000000000004888        0x0 src/c/main.c.41.o
 .data          0x0000000000004888        0x0 aplite/appinfo.auto.c.41.o
 .data          0x0000000000004888        0x0 aplite/src/resource_ids.auto.c.41.o
 .data          0x0000000000004888        0x0 src/message_keys.auto.c.41.o
 .data          0x0000000000004888        0x0 /Users/realo/Library/Application Support/Pebble SDK/SDKs/current/sdk-core/pebble/aplite/lib/libpebble.a(tmp7jpKUopebble.o)
 .data          0x0000000000004888        0x0 /Users/realo/Library/Application Support/Pebble SDK/SDKs/4.5/toolchain/arm-none-eabi/bin/../lib/gcc/arm-none-eabi/4.7.2/thumb2/libgcc.a(_arm_addsubdf3.o)
 .data          0x0000000000004888        0x0 /Users/realo/Library/Application Support/Pebble SDK/SDKs/4.5/toolchain/arm-none-eabi/bin/../lib/gcc/arm-none-eabi/4.7.2/thumb2/libgcc.a(_arm_muldivdf3.o)
 .data          0x0000000000004888        0x0 /Users/realo/Library/Application Support/Pebble SDK/SDKs/4.5/toolchain/arm-none-eabi/bin/../lib/gcc/arm-none-eabi/4.7.2/thumb2/libgcc.a(_arm_fixdfsi.o)
 .data          0x0000000000004888        0x0 /Users/realo/Library/Application Support/Pebble SDK/SDKs/4.5/toolchain/arm-none-eabi/bin/../lib/gcc/arm-none-eabi/4.7.2/thumb2/libgcc.a(_arm_addsubsf3.o)
 .data          0x0000000000004888        0x0 /Users/realo/Library/Application Support/Pebble SDK/SDKs/4.5/toolchain/arm-none-eabi/bin/../lib/gcc/arm-none-eabi/4.7.2/thumb2/libgcc.a(_arm_muldivsf3.o)
 .data          0x0000000000004888        0x0 /Users/realo/Library/Application Support/Pebble SDK/SDKs/4.5/toolchain/arm-none-eabi/bin/../lib/gcc/arm-none-eabi/4.7.2/thumb2/libgcc.a(_arm_cmpsf2.o)
 .data          0x0000000000004888        0x0 /Users/realo/Library/Application Support/Pebble SDK/SDKs/4.5/toolchain/arm-none-eabi/bin/../lib/gcc/arm-none-eabi/4.7.2/thumb2/libgcc.a(_arm_fixsfsi.o)
 .data          0x0000000000004888        0x0 /Users/realo/Library/Application Support/Pebble SDK/SDKs/4.5/toolchain/arm-none-eabi/bin/../lib/gcc/arm-none-eabi/4.7.2/thumb2/crtend.o
 .data          0x0000000000004888        0x0 /Users/realo/Library/Application Support/Pebble SDK/SDKs/4.5/toolchain/arm-none-eabi/bin/../lib/gcc/arm-none-eabi/4.7.2/thumb2/crtn.o
 *(.data.*)
 .data.BuzzEnable
                0x0000000000004888        0x1 src/c/main.c.41.o
                0x0000000000004888                BuzzEnable
 *fill*         0x0000000000004889        0x3 
 .data.trotteuse_draw_scale
                0x000000000000488c        0x4 src/c/main.c.41.o
                0x000000000000488c                trotteuse_draw_scale
 .data.rel.myShortVibes
                0x0000000000004890        0x8 src/c/main.c.41.o
                0x0000000000004890                myShortVibes
 .data.last_fetch_minute
                0x0000000000004898        0x4 src/c/main.c.41.o
                0x0000000000004898                last_fetch_minute
 .data.cnfTrotteuse
                0x000000000000489c        0x1 src/c/main.c.41.o
                0x000000000000489c                cnfTrotteuse
 .data.cnfHealth
                0x000000000000489d        0x1 src/c/main.c.41.o
                0x000000000000489d                cnfHealth
 *fill*         0x000000000000489e        0x2 
 .data.rel.ro.bgraph_info
                0x00000000000048a0        0x8 src/c/main.c.41.o
                0x00000000000048a0                bgraph_info
 .data.cnfCelsius
                0x00000000000048a8        0x1 src/c/main.c.41.o
                0x00000000000048a8                cnfCelsius
 *fill*         0x00000000000048a9        0x3 
 .data.rel.myLongVibes
                0x00000000000048ac        0x8 src/c/main.c.41.o
                0x00000000000048ac                myLongVibes
 .data.time_text
                0x00000000000048b4        0x6 src/c/main.c.41.o
                0x00000000000048b4                time_text
 .data.date_text
                0x00000000000048ba        0x9 src/c/main.c.41.o
                0x00000000000048ba                date_text
 *fill*         0x00000000000048c3        0x1 
 .data.cnfCadence
                0x00000000000048c4        0x4 src/c/main.c.41.o
                0x00000000000048c4                cnfCadence
 .data.WEATHER_ICONS
                0x00000000000048c8       0x2f src/c/main.c.41.o
                0x00000000000048c8                WEATHER_ICONS
 *fill*         0x00000000000048f7        0x1 
 .data.MESSAGE_KEY_service
                0x00000000000048f8        0x4 src/message_keys.auto.c.41.o
                0x00000000000048f8                MESSAGE_KEY_service
 .data.MESSAGE_KEY_location
                0x00000000000048fc        0x4 src/message_keys.auto.c.41.o
                0x00000000000048fc                MESSAGE_KEY_location
 .data.MESSAGE_KEY_cadence
                0x0000000000004900        0x4 src/message_keys.auto.c.41.o
                0x0000000000004900                MESSAGE_KEY_cadence
 .data.MESSAGE_KEY_health
                0x0000000000004904        0x4 src/message_keys.auto.c.41.o
                0x0000000000004904                MESSAGE_KEY_health
 .data.MESSAGE_KEY_exchange
                0x0000000000004908        0x4 src/message_keys.auto.c.41.o
                0x0000000000004908                MESSAGE_KEY_exchange
 .data.MESSAGE_KEY_celsius
                0x000000000000490c        0x4 src/message_keys.auto.c.41.o
                0x000000000000490c                MESSAGE_KEY_celsius
 .data.MESSAGE_KEY_trotteuse
                0x0000000000004910        0x4 src/message_keys.auto.c.41.o
                0x0000000000004910                MESSAGE_KEY_trotteuse

.igot.plt       0x0000000000004914        0x0
 .igot.plt      0x0000000000000000        0x0 /Users/realo/Library/Application Support/Pebble SDK/SDKs/4.5/toolchain/arm-none-eabi/bin/../lib/gcc/arm-none-eabi/4.7.2/thumb2/crtbegin.o

.got            0x0000000000004914       0x84
 .got           0x0000000000004914       0x84 /Users/realo/Library/Application Support/Pebble SDK/SDKs/4.5/toolchain/arm-none-eabi/bin/../lib/gcc/arm-none-eabi/4.7.2/thumb2/crtbegin.o

.got.plt        0x0000000000004998        0xc
 .got.plt       0x0000000000004998        0xc /Users/realo/Library/Application Support/Pebble SDK/SDKs/4.5/toolchain/arm-none-eabi/bin/../lib/gcc/arm-none-eabi/4.7.2/thumb2/crtbegin.o
                0x0000000000004998                _GLOBAL_OFFSET_TABLE_

.bss            0x00000000000049a4      0x448
 *(.bss)
 *(.bss.*)
 .bss.bcL_layer
                0x00000000000049a4        0x4 src/c/main.c.41.o
 .bss.btcL_value
                0x00000000000049a8        0x4 src/c/main.c.41.o
                0x00000000000049a8                btcL_value
 .bss.time_layer
                0x00000000000049ac        0x4 src/c/main.c.41.o
 .bss.bcH_layer
                0x00000000000049b0        0x4 src/c/main.c.41.o
 .bss.btcH_value
                0x00000000000049b4        0x4 src/c/main.c.41.o
                0x00000000000049b4                btcH_value
 .bss.bot_layer
                0x00000000000049b8        0x4 src/c/main.c.41.o
 .bss.date_layer
                0x00000000000049bc        0x4 src/c/main.c.41.o
 .bss.DOT4      0x00000000000049c0        0x4 src/c/main.c.41.o
                0x00000000000049c0                DOT4
 .bss.btcV_value
                0x00000000000049c4        0x4 src/c/main.c.41.o
                0x00000000000049c4                btcV_value
 .bss.splash_timer
                0x00000000000049c8        0x4 src/c/main.c.41.o
 .bss.trotteuse_layer
                0x00000000000049cc        0x4 src/c/main.c.41.o
 .bss.obIconCode_value
                0x00000000000049d0        0x4 src/c/main.c.41.o
                0x00000000000049d0                obIconCode_value
 .bss.trotteuse_scale_layer
                0x00000000000049d4        0x4 src/c/main.c.41.o
 .bss.message_count
                0x00000000000049d8        0x4 src/c/main.c.41.o
                0x00000000000049d8                message_count
 .bss.top_layer
                0x00000000000049dc        0x4 src/c/main.c.41.o
 .bss.graph_layer
                0x00000000000049e0        0x4 src/c/main.c.41.o
 .bss.errorInWeather
                0x00000000000049e4        0x4 src/c/main.c.41.o
                0x00000000000049e4                errorInWeather
 .bss.trotteuse
                0x00000000000049e8        0x4 src/c/main.c.41.o
                0x00000000000049e8                trotteuse
 .bss.weather_layer
                0x00000000000049ec       0x9c src/c/main.c.41.o
 .bss.DOT_layer
                0x0000000000004a88        0x4 src/c/main.c.41.o
 .bss.mid_layer
                0x0000000000004a8c        0x4 src/c/main.c.41.o
 .bss.bc_layer  0x0000000000004a90        0x4 src/c/main.c.41.o
 COMMON         0x0000000000004a94      0x358 src/c/main.c.41.o
                0x0000000000004a94                cnfExchange
                0x0000000000004aa8                forecastPeriod
                0x0000000000004ab8                bgraph_data
                0x0000000000004c98                forecastLow
                0x0000000000004ca8                btcL
                0x0000000000004cb8                forecastTemp
                0x0000000000004cc8                cnfLocation
                0x0000000000004ce8                btcV
                0x0000000000004cf8                obWindSpeed
                0x0000000000004d08                btcH
                0x0000000000004d18                cnfService
                0x0000000000004d38                forecastIconCode
                0x0000000000004d48                forecastHigh
                0x0000000000004d58                obWindDir_bkp
                0x0000000000004d68                geoArea1
                0x0000000000004d6d                battery_text
                0x0000000000004d78                bgraph
                0x0000000000004d7c                obTemperature
                0x0000000000004d8c                obWindGust
                0x0000000000004d9c                obIconCode
                0x0000000000004dac                obWindChill
                0x0000000000004dbc                battery_state
                0x0000000000004dc0                window
                0x0000000000004dc4                bluetooth_text
                0x0000000000004dcc                obHumidex
                0x0000000000004ddc                obWindDir

DISCARD
 libc.a(*)
 libm.a(*)
 libgcc.a(*)
 *(.eh_frame)
OUTPUT(/Users/realo/Work/PEBBLE/coincan/build/aplite/pebble-app.elf elf32-littlearm)

.ARM.attributes
                0x0000000000000000       0x27
 .ARM.attributes
                0x0000000000000000       0x19 /Users/realo/Library/Application Support/Pebble SDK/SDKs/4.5/toolchain/arm-none-eabi/bin/../lib/gcc/arm-none-eabi/4.7.2/thumb2/crti.o
 .ARM.attributes
                0x0000000000000019       0x29 /Users/realo/Library/Application Support/Pebble SDK/SDKs/4.5/toolchain/arm-none-eabi/bin/../lib/gcc/arm-none-eabi/4.7.2/thumb2/crtbegin.o
 .ARM.attributes
                0x0000000000000042       0x33 src/c/main.c.41.o
 .ARM.attributes
                0x0000000000000075       0x33 aplite/appinfo.auto.c.41.o
 .ARM.attributes
                0x00000000000000a8       0x33 aplite/src/resource_ids.auto.c.41.o
 .ARM.attributes
                0x00000000000000db       0x33 src/message_keys.auto.c.41.o
 .ARM.attributes
                0x000000000000010e       0x21 /Users/realo/Library/Application Support/Pebble SDK/SDKs/current/sdk-core/pebble/aplite/lib/libpebble.a(tmp7jpKUopebble.o)
 .ARM.attributes
                0x000000000000012f       0x19 /Users/realo/Library/Application Support/Pebble SDK/SDKs/4.5/toolchain/arm-none-eabi/bin/../lib/gcc/arm-none-eabi/4.7.2/thumb2/libgcc.a(_arm_addsubdf3.o)
 .ARM.attributes
                0x0000000000000148       0x19 /Users/realo/Library/Application Support/Pebble SDK/SDKs/4.5/toolchain/arm-none-eabi/bin/../lib/gcc/arm-none-eabi/4.7.2/thumb2/libgcc.a(_arm_muldivdf3.o)
 .ARM.attributes
                0x0000000000000161       0x19 /Users/realo/Library/Application Support/Pebble SDK/SDKs/4.5/toolchain/arm-none-eabi/bin/../lib/gcc/arm-none-eabi/4.7.2/thumb2/libgcc.a(_arm_fixdfsi.o)
 .ARM.attributes
                0x000000000000017a       0x19 /Users/realo/Library/Application Support/Pebble SDK/SDKs/4.5/toolchain/arm-none-eabi/bin/../lib/gcc/arm-none-eabi/4.7.2/thumb2/libgcc.a(_arm_addsubsf3.o)
 .ARM.attributes
                0x0000000000000193       0x19 /Users/realo/Library/Application Support/Pebble SDK/SDKs/4.5/toolchain/arm-none-eabi/bin/../lib/gcc/arm-none-eabi/4.7.2/thumb2/libgcc.a(_arm_muldivsf3.o)
 .ARM.attributes
                0x00000000000001ac       0x19 /Users/realo/Library/Application Support/Pebble SDK/SDKs/4.5/toolchain/arm-none-eabi/bin/../lib/gcc/arm-none-eabi/4.7.2/thumb2/libgcc.a(_arm_cmpsf2.o)
 .ARM.attributes
                0x00000000000001c5       0x19 /Users/realo/Library/Application Support/Pebble SDK/SDKs/4.5/toolchain/arm-none-eabi/bin/../lib/gcc/arm-none-eabi/4.7.2/thumb2/libgcc.a(_arm_fixsfsi.o)
 .ARM.attributes
                0x00000000000001de       0x29 /Users/realo/Library/Application Support/Pebble SDK/SDKs/4.5/toolchain/arm-none-eabi/bin/../lib/gcc/arm-none-eabi/4.7.2/thumb2/crtend.o
 .ARM.attributes
                0x0000000000000207       0x19 /Users/realo/Library/Application Support/Pebble SDK/SDKs/4.5/toolchain/arm-none-eabi/bin/../lib/gcc/arm-none-eabi/4.7.2/thumb2/crtn.o

.comment        0x0000000000000000       0x4e
 .comment       0x0000000000000000       0x4e /Users/realo/Library/Application Support/Pebble SDK/SDKs/4.5/toolchain/arm-none-eabi/bin/../lib/gcc/arm-none-eabi/4.7.2/thumb2/crtbegin.o
                                         0x4f (size before relaxing)
 .comment       0x0000000000000000       0x4f src/c/main.c.41.o
 .comment       0x0000000000000000       0x4f aplite/appinfo.auto.c.41.o
 .comment       0x0000000000000000       0x4f aplite/src/resource_ids.auto.c.41.o
 .comment       0x0000000000000000       0x4f src/message_keys.auto.c.41.o
 .comment       0x0000000000000000       0x4f /Users/realo/Library/Application Support/Pebble SDK/SDKs/4.5/toolchain/arm-none-eabi/bin/../lib/gcc/arm-none-eabi/4.7.2/thumb2/crtend.o

.debug_info     0x0000000000000000     0x59be
 .debug_info    0x0000000000000000     0x4cd9 src/c/main.c.41.o
 .debug_info    0x0000000000004cd9      0x31a aplite/appinfo.auto.c.41.o
 .debug_info    0x0000000000004ff3      0x3cf aplite/src/resource_ids.auto.c.41.o
 .debug_info    0x00000000000053c2       0xed src/message_keys.auto.c.41.o
 .debug_info    0x00000000000054af       0xb9 /Users/realo/Library/Application Support/Pebble SDK/SDKs/4.5/toolchain/arm-none-eabi/bin/../lib/gcc/arm-none-eabi/4.7.2/thumb2/libgcc.a(_arm_addsubdf3.o)
 .debug_info    0x0000000000005568       0xb9 /Users/realo/Library/Application Support/Pebble SDK/SDKs/4.5/toolchain/arm-none-eabi/bin/../lib/gcc/arm-none-eabi/4.7.2/thumb2/libgcc.a(_arm_muldivdf3.o)
 .debug_info    0x0000000000005621       0xb9 /Users/realo/Library/Application Support/Pebble SDK/SDKs/4.5/toolchain/arm-none-eabi/bin/../lib/gcc/arm-none-eabi/4.7.2/thumb2/libgcc.a(_arm_fixdfsi.o)
 .debug_info    0x00000000000056da       0xb9 /Users/realo/Library/Application Support/Pebble SDK/SDKs/4.5/toolchain/arm-none-eabi/bin/../lib/gcc/arm-none-eabi/4.7.2/thumb2/libgcc.a(_arm_addsubsf3.o)
 .debug_info    0x0000000000005793       0xb9 /Users/realo/Library/Application Support/Pebble SDK/SDKs/4.5/toolchain/arm-none-eabi/bin/../lib/gcc/arm-none-eabi/4.7.2/thumb2/libgcc.a(_arm_muldivsf3.o)
 .debug_info    0x000000000000584c       0xb9 /Users/realo/Library/Application Support/Pebble SDK/SDKs/4.5/toolchain/arm-none-eabi/bin/../lib/gcc/arm-none-eabi/4.7.2/thumb2/libgcc.a(_arm_cmpsf2.o)
 .debug_info    0x0000000000005905       0xb9 /Users/realo/Library/Application Support/Pebble SDK/SDKs/4.5/toolchain/arm-none-eabi/bin/../lib/gcc/arm-none-eabi/4.7.2/thumb2/libgcc.a(_arm_fixsfsi.o)

.debug_abbrev   0x0000000000000000      0x631
 .debug_abbrev  0x0000000000000000      0x47f src/c/main.c.41.o
 .debug_abbrev  0x000000000000047f       0x9e aplite/appinfo.auto.c.41.o
 .debug_abbrev  0x000000000000051d       0x44 aplite/src/resource_ids.auto.c.41.o
 .debug_abbrev  0x0000000000000561       0x44 src/message_keys.auto.c.41.o
 .debug_abbrev  0x00000000000005a5       0x14 /Users/realo/Library/Application Support/Pebble SDK/SDKs/4.5/toolchain/arm-none-eabi/bin/../lib/gcc/arm-none-eabi/4.7.2/thumb2/libgcc.a(_arm_addsubdf3.o)
 .debug_abbrev  0x00000000000005b9       0x14 /Users/realo/Library/Application Support/Pebble SDK/SDKs/4.5/toolchain/arm-none-eabi/bin/../lib/gcc/arm-none-eabi/4.7.2/thumb2/libgcc.a(_arm_muldivdf3.o)
 .debug_abbrev  0x00000000000005cd       0x14 /Users/realo/Library/Application Support/Pebble SDK/SDKs/4.5/toolchain/arm-none-eabi/bin/../lib/gcc/arm-none-eabi/4.7.2/thumb2/libgcc.a(_arm_fixdfsi.o)
 .debug_abbrev  0x00000000000005e1       0x14 /Users/realo/Library/Application Support/Pebble SDK/SDKs/4.5/toolchain/arm-none-eabi/bin/../lib/gcc/arm-none-eabi/4.7.2/thumb2/libgcc.a(_arm_addsubsf3.o)
 .debug_abbrev  0x00000000000005f5       0x14 /Users/realo/Library/Application Support/Pebble SDK/SDKs/4.5/toolchain/arm-none-eabi/bin/../lib/gcc/arm-none-eabi/4.7.2/thumb2/libgcc.a(_arm_muldivsf3.o)
 .debug_abbrev  0x0000000000000609       0x14 /Users/realo/Library/Application Support/Pebble SDK/SDKs/4.5/toolchain/arm-none-eabi/bin/../lib/gcc/arm-none-eabi/4.7.2/thumb2/libgcc.a(_arm_cmpsf2.o)
 .debug_abbrev  0x000000000000061d       0x14 /Users/realo/Library/Application Support/Pebble SDK/SDKs/4.5/toolchain/arm-none-eabi/bin/../lib/gcc/arm-none-eabi/4.7.2/thumb2/libgcc.a(_arm_fixsfsi.o)

.debug_loc      0x0000000000000000     0x15a3
 .debug_loc     0x0000000000000000     0x15a3 src/c/main.c.41.o

.debug_aranges  0x0000000000000000      0x270
 .debug_aranges
                0x0000000000000000      0x148 src/c/main.c.41.o
 .debug_aranges
                0x0000000000000148       0x18 aplite/appinfo.auto.c.41.o
 .debug_aranges
                0x0000000000000160       0x18 aplite/src/resource_ids.auto.c.41.o
 .debug_aranges
                0x0000000000000178       0x18 src/message_keys.auto.c.41.o
 .debug_aranges
                0x0000000000000190       0x20 /Users/realo/Library/Application Support/Pebble SDK/SDKs/4.5/toolchain/arm-none-eabi/bin/../lib/gcc/arm-none-eabi/4.7.2/thumb2/libgcc.a(_arm_addsubdf3.o)
 .debug_aranges
                0x00000000000001b0       0x20 /Users/realo/Library/Application Support/Pebble SDK/SDKs/4.5/toolchain/arm-none-eabi/bin/../lib/gcc/arm-none-eabi/4.7.2/thumb2/libgcc.a(_arm_muldivdf3.o)
 .debug_aranges
                0x00000000000001d0       0x20 /Users/realo/Library/Application Support/Pebble SDK/SDKs/4.5/toolchain/arm-none-eabi/bin/../lib/gcc/arm-none-eabi/4.7.2/thumb2/libgcc.a(_arm_fixdfsi.o)
 .debug_aranges
                0x00000000000001f0       0x20 /Users/realo/Library/Application Support/Pebble SDK/SDKs/4.5/toolchain/arm-none-eabi/bin/../lib/gcc/arm-none-eabi/4.7.2/thumb2/libgcc.a(_arm_addsubsf3.o)
 .debug_aranges
                0x0000000000000210       0x20 /Users/realo/Library/Application Support/Pebble SDK/SDKs/4.5/toolchain/arm-none-eabi/bin/../lib/gcc/arm-none-eabi/4.7.2/thumb2/libgcc.a(_arm_muldivsf3.o)
 .debug_aranges
                0x0000000000000230       0x20 /Users/realo/Library/Application Support/Pebble SDK/SDKs/4.5/toolchain/arm-none-eabi/bin/../lib/gcc/arm-none-eabi/4.7.2/thumb2/libgcc.a(_arm_cmpsf2.o)
 .debug_aranges
                0x0000000000000250       0x20 /Users/realo/Library/Application Support/Pebble SDK/SDKs/4.5/toolchain/arm-none-eabi/bin/../lib/gcc/arm-none-eabi/4.7.2/thumb2/libgcc.a(_arm_fixsfsi.o)

.debug_ranges   0x0000000000000000      0x1e8
 .debug_ranges  0x0000000000000000      0x1e8 src/c/main.c.41.o

.debug_line     0x0000000000000000     0x1710
 .debug_line    0x0000000000000000      0xb4b src/c/main.c.41.o
 .debug_line    0x0000000000000b4b      0x155 aplite/appinfo.auto.c.41.o
 .debug_line    0x0000000000000ca0       0xe5 aplite/src/resource_ids.auto.c.41.o
 .debug_line    0x0000000000000d85       0xde src/message_keys.auto.c.41.o
 .debug_line    0x0000000000000e63      0x20a /Users/realo/Library/Application Support/Pebble SDK/SDKs/4.5/toolchain/arm-none-eabi/bin/../lib/gcc/arm-none-eabi/4.7.2/thumb2/libgcc.a(_arm_addsubdf3.o)
 .debug_line    0x000000000000106d      0x226 /Users/realo/Library/Application Support/Pebble SDK/SDKs/4.5/toolchain/arm-none-eabi/bin/../lib/gcc/arm-none-eabi/4.7.2/thumb2/libgcc.a(_arm_muldivdf3.o)
 .debug_line    0x0000000000001293       0x86 /Users/realo/Library/Application Support/Pebble SDK/SDKs/4.5/toolchain/arm-none-eabi/bin/../lib/gcc/arm-none-eabi/4.7.2/thumb2/libgcc.a(_arm_fixdfsi.o)
 .debug_line    0x0000000000001319      0x128 /Users/realo/Library/Application Support/Pebble SDK/SDKs/4.5/toolchain/arm-none-eabi/bin/../lib/gcc/arm-none-eabi/4.7.2/thumb2/libgcc.a(_arm_addsubsf3.o)
 .debug_line    0x0000000000001441      0x149 /Users/realo/Library/Application Support/Pebble SDK/SDKs/4.5/toolchain/arm-none-eabi/bin/../lib/gcc/arm-none-eabi/4.7.2/thumb2/libgcc.a(_arm_muldivsf3.o)
 .debug_line    0x000000000000158a      0x100 /Users/realo/Library/Application Support/Pebble SDK/SDKs/4.5/toolchain/arm-none-eabi/bin/../lib/gcc/arm-none-eabi/4.7.2/thumb2/libgcc.a(_arm_cmpsf2.o)
 .debug_line    0x000000000000168a       0x86 /Users/realo/Library/Application Support/Pebble SDK/SDKs/4.5/toolchain/arm-none-eabi/bin/../lib/gcc/arm-none-eabi/4.7.2/thumb2/libgcc.a(_arm_fixsfsi.o)

.debug_str      0x0000000000000000     0x1d70
 .debug_str     0x0000000000000000     0x17ed src/c/main.c.41.o
                                       0x18da (size before relaxing)
 .debug_str     0x00000000000017ed      0x22f aplite/appinfo.auto.c.41.o
                                        0x315 (size before relaxing)
 .debug_str     0x0000000000001a1c      0x33c aplite/src/resource_ids.auto.c.41.o
                                        0x3fc (size before relaxing)
 .debug_str     0x0000000000001d58       0x18 src/message_keys.auto.c.41.o
                                        0x167 (size before relaxing)

.debug_frame    0x0000000000000000      0x49c
 .debug_frame   0x0000000000000000      0x49c src/c/main.c.41.o
