Archive member included because of file (symbol)

/Users/realo/Library/Application Support/Pebble SDK/SDKs/current/sdk-core/pebble/aplite/lib/libpebble.a(tmp7jpKUopebble.o)
                              src/c/main.c.41.o (app_event_loop)
/Users/realo/Library/Application Support/Pebble SDK/SDKs/4.5/toolchain/arm-none-eabi/bin/../lib/gcc/arm-none-eabi/4.7.2/thumb2/libgcc.a(_arm_addsubdf3.o)
                              src/c/main.c.41.o (__aeabi_f2d)
/Users/realo/Library/Application Support/Pebble SDK/SDKs/4.5/toolchain/arm-none-eabi/bin/../lib/gcc/arm-none-eabi/4.7.2/thumb2/libgcc.a(_arm_muldivdf3.o)
                              src/c/main.c.41.o (__aeabi_ddiv)
/Users/realo/Library/Application Support/Pebble SDK/SDKs/4.5/toolchain/arm-none-eabi/bin/../lib/gcc/arm-none-eabi/4.7.2/thumb2/libgcc.a(_arm_fixdfsi.o)
                              src/c/main.c.41.o (__aeabi_d2iz)
/Users/realo/Library/Application Support/Pebble SDK/SDKs/4.5/toolchain/arm-none-eabi/bin/../lib/gcc/arm-none-eabi/4.7.2/thumb2/libgcc.a(_arm_addsubsf3.o)
                              src/c/main.c.41.o (__aeabi_fsub)
/Users/realo/Library/Application Support/Pebble SDK/SDKs/4.5/toolchain/arm-none-eabi/bin/../lib/gcc/arm-none-eabi/4.7.2/thumb2/libgcc.a(_arm_muldivsf3.o)
                              src/c/main.c.41.o (__aeabi_fmul)
/Users/realo/Library/Application Support/Pebble SDK/SDKs/4.5/toolchain/arm-none-eabi/bin/../lib/gcc/arm-none-eabi/4.7.2/thumb2/libgcc.a(_arm_cmpsf2.o)
                              src/c/main.c.41.o (__aeabi_fcmpeq)
/Users/realo/Library/Application Support/Pebble SDK/SDKs/4.5/toolchain/arm-none-eabi/bin/../lib/gcc/arm-none-eabi/4.7.2/thumb2/libgcc.a(_arm_fixsfsi.o)
                              src/c/main.c.41.o (__aeabi_f2iz)

Allocating common symbols
Common symbol       size              file

cnfExchange         0x14              src/c/main.c.41.o
forecastPeriod      0x10              src/c/main.c.41.o
bgraph_data         0x1e0             src/c/main.c.41.o
forecastLow         0x10              src/c/main.c.41.o
btcL                0x10              src/c/main.c.41.o
forecastTemp        0x10              src/c/main.c.41.o
cnfLocation         0x20              src/c/main.c.41.o
btcV                0x10              src/c/main.c.41.o
obWindSpeed         0x10              src/c/main.c.41.o
btcH                0x10              src/c/main.c.41.o
cnfService          0x20              src/c/main.c.41.o
forecastIconCode    0x10              src/c/main.c.41.o
forecastHigh        0x10              src/c/main.c.41.o
obWindDir_bkp       0x10              src/c/main.c.41.o
geoArea1            0x5               src/c/main.c.41.o
battery_text        0x8               src/c/main.c.41.o
bgraph              0x4               src/c/main.c.41.o
obTemperature       0x10              src/c/main.c.41.o
obWindGust          0x10              src/c/main.c.41.o
obIconCode          0x10              src/c/main.c.41.o
obWindChill         0x10              src/c/main.c.41.o
battery_state       0x3               src/c/main.c.41.o
window              0x4               src/c/main.c.41.o
bluetooth_text      0x8               src/c/main.c.41.o
obHumidex           0x10              src/c/main.c.41.o
obWindDir           0x10              src/c/main.c.41.o

Discarded input sections

 .text          0x0000000000000000        0x0 /Users/realo/Library/Application Support/Pebble SDK/SDKs/4.5/toolchain/arm-none-eabi/bin/../lib/gcc/arm-none-eabi/4.7.2/thumb2/crti.o
 .bss           0x0000000000000000        0x0 /Users/realo/Library/Application Support/Pebble SDK/SDKs/4.5/toolchain/arm-none-eabi/bin/../lib/gcc/arm-none-eabi/4.7.2/thumb2/crti.o
 .init          0x0000000000000000        0x4 /Users/realo/Library/Application Support/Pebble SDK/SDKs/4.5/toolchain/arm-none-eabi/bin/../lib/gcc/arm-none-eabi/4.7.2/thumb2/crti.o
 .fini          0x0000000000000000        0x4 /Users/realo/Library/Application Support/Pebble SDK/SDKs/4.5/toolchain/arm-none-eabi/bin/../lib/gcc/arm-none-eabi/4.7.2/thumb2/crti.o
 .text          0x0000000000000000       0xc8 /Users/realo/Library/Application Support/Pebble SDK/SDKs/4.5/toolchain/arm-none-eabi/bin/../lib/gcc/arm-none-eabi/4.7.2/thumb2/crtbegin.o
 .bss           0x0000000000000000       0x1c /Users/realo/Library/Application Support/Pebble SDK/SDKs/4.5/toolchain/arm-none-eabi/bin/../lib/gcc/arm-none-eabi/4.7.2/thumb2/crtbegin.o
 .init_array    0x0000000000000000        0x4 /Users/realo/Library/Application Support/Pebble SDK/SDKs/4.5/toolchain/arm-none-eabi/bin/../lib/gcc/arm-none-eabi/4.7.2/thumb2/crtbegin.o
 .fini_array    0x0000000000000000        0x4 /Users/realo/Library/Application Support/Pebble SDK/SDKs/4.5/toolchain/arm-none-eabi/bin/../lib/gcc/arm-none-eabi/4.7.2/thumb2/crtbegin.o
 .eh_frame      0x0000000000000000        0x0 /Users/realo/Library/Application Support/Pebble SDK/SDKs/4.5/toolchain/arm-none-eabi/bin/../lib/gcc/arm-none-eabi/4.7.2/thumb2/crtbegin.o
[...]
Memory Configuration

Name             Origin             Length             Attributes
APP              0x0000000000000000 0x0000000000006000 xrw
*default*        0x0000000000000000 0xffffffffffffffff

Linker script and memory map

LOAD /Users/realo/Library/Application Support/Pebble SDK/SDKs/4.5/toolchain/arm-none-eabi/bin/../lib/gcc/arm-none-eabi/4.7.2/thumb2/crti.o
LOAD /Users/realo/Library/Application Support/Pebble SDK/SDKs/4.5/toolchain/arm-none-eabi/bin/../lib/gcc/arm-none-eabi/4.7.2/thumb2/crtbegin.o
LOAD src/c/main.c.41.o
LOAD aplite/appinfo.auto.c.41.o
LOAD aplite/src/resource_ids.auto.c.41.o
LOAD src/message_keys.auto.c.41.o
LOAD /Users/realo/Library/Application Support/Pebble SDK/SDKs/current/sdk-core/pebble/aplite/lib/libpebble.a
LOAD /Users/realo/Work/PEBBLE/coincan/node_modules/pebble-clay/dist/binaries/aplite/libpebble-clay.a
START GROUP
LOAD /Users/realo/Library/Application Support/Pebble SDK/SDKs/4.5/toolchain/arm-none-eabi/bin/../lib/gcc/arm-none-eabi/4.7.2/thumb2/libgcc.a
LOAD /Users/realo/Library/Application Support/Pebble SDK/SDKs/4.5/toolchain/arm-none-eabi/bin/../lib/gcc/arm-none-eabi/4.7.2/../../../../arm-none-eabi/lib/thumb2/libc.a
END GROUP
LOAD /Users/realo/Library/Application Support/Pebble SDK/SDKs/4.5/toolchain/arm-none-eabi/bin/../lib/gcc/arm-none-eabi/4.7.2/thumb2/crtend.o
LOAD /Users/realo/Library/Application Support/Pebble SDK/SDKs/4.5/toolchain/arm-none-eabi/bin/../lib/gcc/arm-none-eabi/4.7.2/thumb2/crtn.o

.header         0x0000000000000000       0x82
 *(.pbl_header)
 .pbl_header    0x0000000000000000       0x82 aplite/appinfo.auto.c.41.o
                0x0000000000000000                __pbl_app_info

.note.gnu.build-id
                0x0000000000000082       0x26
                0x0000000000000082                PROVIDE (BUILD_ID, .)
 *(.note.gnu.build-id)
 *fill*         0x0000000000000082        0x2 
 .note.gnu.build-id
                0x0000000000000084       0x24 linker stubs

.text           0x00000000000000a8     0x491d
 *(.text)
 .text          0x00000000000000a8       0x14 /Users/realo/Library/Application Support/Pebble SDK/SDKs/current/sdk-core/pebble/aplite/lib/libpebble.a(tmp7jpKUopebble.o)
 .text          0x00000000000000bc      0x370 /Users/realo/Library/Application Support/Pebble SDK/SDKs/4.5/toolchain/arm-none-eabi/bin/../lib/gcc/arm-none-eabi/4.7.2/thumb2/libgcc.a(_arm_addsubdf3.o)
                0x00000000000000bc                __aeabi_drsub
                0x00000000000000c4                __subdf3
                0x00000000000000c4                __aeabi_dsub
                0x00000000000000c8                __aeabi_dadd
                0x00000000000000c8                __adddf3
                0x0000000000000340                __aeabi_ui2d
                0x0000000000000340                __floatunsidf
                0x0000000000000360                __floatsidf
                0x0000000000000360                __aeabi_i2d
                0x0000000000000384                __extendsfdf2
                0x0000000000000384                __aeabi_f2d
                0x00000000000003c0                __aeabi_ul2d
                0x00000000000003c0                __floatundidf
                0x00000000000003d0                __aeabi_l2d
                0x00000000000003d0                __floatdidf
 .text          0x000000000000042c      0x424 /Users/realo/Library/Application Support/Pebble SDK/SDKs/4.5/toolchain/arm-none-eabi/bin/../lib/gcc/arm-none-eabi/4.7.2/thumb2/libgcc.a(_arm_muldivdf3.o)
                0x000000000000042c                __aeabi_dmul
                0x000000000000042c                __muldf3
                0x0000000000000680                __aeabi_ddiv
                0x0000000000000680                __divdf3
 .text          0x0000000000000850       0x50 /Users/realo/Library/Application Support/Pebble SDK/SDKs/4.5/toolchain/arm-none-eabi/bin/../lib/gcc/arm-none-eabi/4.7.2/thumb2/libgcc.a(_arm_fixdfsi.o)
                0x0000000000000850                __fixdfsi
                0x0000000000000850                __aeabi_d2iz
 .text          0x00000000000008a0      0x21c /Users/realo/Library/Application Support/Pebble SDK/SDKs/4.5/toolchain/arm-none-eabi/bin/../lib/gcc/arm-none-eabi/4.7.2/thumb2/libgcc.a(_arm_addsubsf3.o)
                0x00000000000008a0                __aeabi_frsub
                0x00000000000008a8                __aeabi_fsub
                0x00000000000008a8                __subsf3
                0x00000000000008ac                __aeabi_fadd
                0x00000000000008ac                __addsf3
                0x0000000000000a0c                __aeabi_ui2f
                0x0000000000000a0c                __floatunsisf
                0x0000000000000a14                __floatsisf
                0x0000000000000a14                __aeabi_i2f
                0x0000000000000a30                __aeabi_ul2f
                0x0000000000000a30                __floatundisf
                0x0000000000000a40                __aeabi_l2f
                0x0000000000000a40                __floatdisf
 .text          0x0000000000000abc      0x2a0 /Users/realo/Library/Application Support/Pebble SDK/SDKs/4.5/toolchain/arm-none-eabi/bin/../lib/gcc/arm-none-eabi/4.7.2/thumb2/libgcc.a(_arm_muldivsf3.o)
                0x0000000000000abc                __mulsf3
                0x0000000000000abc                __aeabi_fmul
                0x0000000000000c24                __divsf3
                0x0000000000000c24                __aeabi_fdiv
 .text          0x0000000000000d5c       0xec /Users/realo/Library/Application Support/Pebble SDK/SDKs/4.5/toolchain/arm-none-eabi/bin/../lib/gcc/arm-none-eabi/4.7.2/thumb2/libgcc.a(_arm_cmpsf2.o)
                0x0000000000000d5c                __gesf2
                0x0000000000000d5c                __gtsf2
                0x0000000000000d64                __ltsf2
                0x0000000000000d64                __lesf2
                0x0000000000000d6c                __nesf2
                0x0000000000000d6c                __eqsf2
                0x0000000000000d6c                __cmpsf2
                0x0000000000000dcc                __aeabi_cfrcmple
                0x0000000000000dd4                __aeabi_cfcmpeq
                0x0000000000000dd4                __aeabi_cfcmple
                0x0000000000000de4                __aeabi_fcmpeq
                0x0000000000000df8                __aeabi_fcmplt
                0x0000000000000e0c                __aeabi_fcmple
                0x0000000000000e20                __aeabi_fcmpge
                0x0000000000000e34                __aeabi_fcmpgt
 .text          0x0000000000000e48       0x4c /Users/realo/Library/Application Support/Pebble SDK/SDKs/4.5/toolchain/arm-none-eabi/bin/../lib/gcc/arm-none-eabi/4.7.2/thumb2/libgcc.a(_arm_fixsfsi.o)
                0x0000000000000e48                __fixsfsi
                0x0000000000000e48                __aeabi_f2iz
 *(.text.*)
 .text.out_failed_handler
                0x0000000000000e94       0x1c src/c/main.c.41.o
                0x0000000000000e94                out_failed_handler
 .text.in_dropped_handler
                0x0000000000000eb0       0x1c src/c/main.c.41.o
                0x0000000000000eb0                in_dropped_handler
 .text.trotteuse_update_proc
                0x0000000000000ecc       0xbc src/c/main.c.41.o
                0x0000000000000ecc                trotteuse_update_proc
 .text.bluetooth_handler
                0x0000000000000f88      0x23c src/c/main.c.41.o
                0x0000000000000f88                bluetooth_handler
 .text.trotteuse_scale_update_proc
                0x00000000000011c4      0x114 src/c/main.c.41.o
                0x00000000000011c4                trotteuse_scale_update_proc
 .text.graph_update_proc
                0x00000000000012d8       0xa8 src/c/main.c.41.o
                0x00000000000012d8                graph_update_proc
 .text.DOT_update_proc
                0x0000000000001380      0x12c src/c/main.c.41.o
                0x0000000000001380                DOT_update_proc
 .text._string2float
                0x00000000000014ac       0x8c src/c/main.c.41.o
                0x00000000000014ac                _string2float
 .text._itoa    0x0000000000001538       0x4a src/c/main.c.41.o
                0x0000000000001538                _itoa
 *fill*         0x0000000000001582        0x2 
 .text.battery_handler
                0x0000000000001584      0x144 src/c/main.c.41.o
                0x0000000000001584                battery_handler
 .text.strchr   0x00000000000016c8       0x1a src/c/main.c.41.o
                0x00000000000016c8                strchr
 *fill*         0x00000000000016e2        0x2 
 .text._atoi    0x00000000000016e4       0x74 src/c/main.c.41.o
                0x00000000000016e4                _atoi
 .text.push_point
                0x0000000000001758       0x90 src/c/main.c.41.o
                0x0000000000001758                push_point
 .text.fetch_msg
                0x00000000000017e8      0x174 src/c/main.c.41.o
                0x00000000000017e8                fetch_msg
 .text.splash_timer_callback
                0x000000000000195c       0x48 src/c/main.c.41.o
                0x000000000000195c                splash_timer_callback
 .text.handle_second_tick
                0x00000000000019a4       0x1c src/c/main.c.41.o
                0x00000000000019a4                handle_second_tick
 .text.handle_minute_update
                0x00000000000019c0       0xf4 src/c/main.c.41.o
                0x00000000000019c0                handle_minute_update
 .text.handle_minute_tick
                0x0000000000001ab4       0x1e src/c/main.c.41.o
                0x0000000000001ab4                handle_minute_tick
 *fill*         0x0000000000001ad2        0x2 
 .text.handle_config_trotteuse
                0x0000000000001ad4      0x1cc src/c/main.c.41.o
                0x0000000000001ad4                handle_config_trotteuse
 .text.update_trotteuse_layout
                0x0000000000001ca0       0x3c src/c/main.c.41.o
                0x0000000000001ca0                update_trotteuse_layout
 .text.handle_config_health
                0x0000000000001cdc       0xe4 src/c/main.c.41.o
                0x0000000000001cdc                handle_config_health
 .text.handle_config_celsius
                0x0000000000001dc0       0xd4 src/c/main.c.41.o
                0x0000000000001dc0                handle_config_celsius
 .text.handle_config_exchange
                0x0000000000001e94       0x58 src/c/main.c.41.o
                0x0000000000001e94                handle_config_exchange
 .text.handle_config_location
                0x0000000000001eec       0x58 src/c/main.c.41.o
                0x0000000000001eec                handle_config_location
 .text.handle_config_service
                0x0000000000001f44       0x58 src/c/main.c.41.o
                0x0000000000001f44                handle_config_service
 .text.handle_config_cadence
                0x0000000000001f9c       0xdc src/c/main.c.41.o
                0x0000000000001f9c                handle_config_cadence
 .text.format_btc_price
                0x0000000000002078       0x68 src/c/main.c.41.o
                0x0000000000002078                format_btc_price
 .text.handle_bitcoin_data
                0x00000000000020e0      0x34c src/c/main.c.41.o
                0x00000000000020e0                handle_bitcoin_data
 .text.handle_weather_observation
                0x000000000000242c      0x1d0 src/c/main.c.41.o
                0x000000000000242c                handle_weather_observation
 .text.update_weather_display
                0x00000000000025fc      0x18c src/c/main.c.41.o
                0x00000000000025fc                update_weather_display
 .text.handle_js_event
                0x0000000000002788      0x28c src/c/main.c.41.o
                0x0000000000002788                handle_js_event
 .text.in_received_handler
                0x0000000000002a14      0x3fc src/c/main.c.41.o
                0x0000000000002a14                in_received_handler
 .text.app_message_init
                0x0000000000002e10       0x34 src/c/main.c.41.o
                0x0000000000002e10                app_message_init
 .text.weather_layer_init
                0x0000000000002e44      0x430 src/c/main.c.41.o
                0x0000000000002e44                weather_layer_init
 .text.weather_layer_deinit
                0x0000000000003274       0x58 src/c/main.c.41.o
                0x0000000000003274                weather_layer_deinit
 .text.init     0x00000000000032cc      0x808 src/c/main.c.41.o
                0x00000000000032cc                init
 .text.deinit   0x0000000000003ad4       0xf4 src/c/main.c.41.o
                0x0000000000003ad4                deinit
 .text.startup.main
                0x0000000000003bc8       0x12 src/c/main.c.41.o
                0x0000000000003bc8                main
 *fill*         0x0000000000003bda        0x2 
 .text.app_event_loop
                0x0000000000003bdc        0xc /Users/realo/Library/Application Support/Pebble SDK/SDKs/current/sdk-core/pebble/aplite/lib/libpebble.a(tmp7jpKUopebble.o)
                0x0000000000003bdc                app_event_loop
 .text.app_log  0x0000000000003be8        0xc /Users/realo/Library/Application Support/Pebble SDK/SDKs/current/sdk-core/pebble/aplite/lib/libpebble.a(tmp7jpKUopebble.o)
                0x0000000000003be8                app_log
 .text.app_message_open
                0x0000000000003bf4        0xc /Users/realo/Library/Application Support/Pebble SDK/SDKs/current/sdk-core/pebble/aplite/lib/libpebble.a(tmp7jpKUopebble.o)
                0x0000000000003bf4                app_message_open
 .text.app_timer_cancel
                0x0000000000003c00        0xc /Users/realo/Library/Application Support/Pebble SDK/SDKs/current/sdk-core/pebble/aplite/lib/libpebble.a(tmp7jpKUopebble.o)
                0x0000000000003c00                app_timer_cancel
 .text.app_timer_register
                0x0000000000003c0c        0xc /Users/realo/Library/Application Support/Pebble SDK/SDKs/current/sdk-core/pebble/aplite/lib/libpebble.a(tmp7jpKUopebble.o)
                0x0000000000003c0c                app_timer_register
 .text.atoi     0x0000000000003c18        0xc /Users/realo/Library/Application Support/Pebble SDK/SDKs/current/sdk-core/pebble/aplite/lib/libpebble.a(tmp7jpKUopebble.o)
                0x0000000000003c18                atoi
 .text.battery_state_service_peek
                0x0000000000003c24        0xc /Users/realo/Library/Application Support/Pebble SDK/SDKs/current/sdk-core/pebble/aplite/lib/libpebble.a(tmp7jpKUopebble.o)
                0x0000000000003c24                battery_state_service_peek
 .text.battery_state_service_subscribe
                0x0000000000003c30        0xc /Users/realo/Library/Application Support/Pebble SDK/SDKs/current/sdk-core/pebble/aplite/lib/libpebble.a(tmp7jpKUopebble.o)
                0x0000000000003c30                battery_state_service_subscribe
 .text.battery_state_service_unsubscribe
                0x0000000000003c3c        0xc /Users/realo/Library/Application Support/Pebble SDK/SDKs/current/sdk-core/pebble/aplite/lib/libpebble.a(tmp7jpKUopebble.o)
                0x0000000000003c3c                battery_state_service_unsubscribe
 .text.bitmap_layer_create
                0x0000000000003c48        0xc /Users/realo/Library/Application Support/Pebble SDK/SDKs/current/sdk-core/pebble/aplite/lib/libpebble.a(tmp7jpKUopebble.o)
                0x0000000000003c48                bitmap_layer_create
 .text.bitmap_layer_destroy
                0x0000000000003c54        0xc /Users/realo/Library/Application Support/Pebble SDK/SDKs/current/sdk-core/pebble/aplite/lib/libpebble.a(tmp7jpKUopebble.o)
                0x0000000000003c54                bitmap_layer_destroy
 .text.bitmap_layer_get_layer
                0x0000000000003c60        0xc /Users/realo/Library/Application Support/Pebble SDK/SDKs/current/sdk-core/pebble/aplite/lib/libpebble.a(tmp7jpKUopebble.o)
                0x0000000000003c60                bitmap_layer_get_layer
 .text.bitmap_layer_set_bitmap
                0x0000000000003c6c        0xc /Users/realo/Library/Application Support/Pebble SDK/SDKs/current/sdk-core/pebble/aplite/lib/libpebble.a(tmp7jpKUopebble.o)
                0x0000000000003c6c                bitmap_layer_set_bitmap
 .text.bitmap_layer_set_compositing_mode
                0x0000000000003c78        0xc /Users/realo/Library/Application Support/Pebble SDK/SDKs/current/sdk-core/pebble/aplite/lib/libpebble.a(tmp7jpKUopebble.o)
                0x0000000000003c78                bitmap_layer_set_compositing_mode
 .text.bluetooth_connection_service_peek
                0x0000000000003c84        0xc /Users/realo/Library/Application Support/Pebble SDK/SDKs/current/sdk-core/pebble/aplite/lib/libpebble.a(tmp7jpKUopebble.o)
                0x0000000000003c84                bluetooth_connection_service_peek
 .text.bluetooth_connection_service_subscribe
                0x0000000000003c90        0xc /Users/realo/Library/Application Support/Pebble SDK/SDKs/current/sdk-core/pebble/aplite/lib/libpebble.a(tmp7jpKUopebble.o)
                0x0000000000003c90                bluetooth_connection_service_subscribe
 .text.bluetooth_connection_service_unsubscribe
                0x0000000000003c9c        0xc /Users/realo/Library/Application Support/Pebble SDK/SDKs/current/sdk-core/pebble/aplite/lib/libpebble.a(tmp7jpKUopebble.o)
                0x0000000000003c9c                bluetooth_connection_service_unsubscribe
 .text.clock_is_24h_style
                0x0000000000003ca8        0xc /Users/realo/Library/Application Support/Pebble SDK/SDKs/current/sdk-core/pebble/aplite/lib/libpebble.a(tmp7jpKUopebble.o)
                0x0000000000003ca8                clock_is_24h_style
 .text.dict_find
                0x0000000000003cb4        0xc /Users/realo/Library/Application Support/Pebble SDK/SDKs/current/sdk-core/pebble/aplite/lib/libpebble.a(tmp7jpKUopebble.o)
                0x0000000000003cb4                dict_find
 .text.dict_write_cstring
                0x0000000000003cc0        0xc /Users/realo/Library/Application Support/Pebble SDK/SDKs/current/sdk-core/pebble/aplite/lib/libpebble.a(tmp7jpKUopebble.o)
                0x0000000000003cc0                dict_write_cstring
 .text.dict_write_end
                0x0000000000003ccc        0xc /Users/realo/Library/Application Support/Pebble SDK/SDKs/current/sdk-core/pebble/aplite/lib/libpebble.a(tmp7jpKUopebble.o)
                0x0000000000003ccc                dict_write_end
 .text.fonts_get_system_font
                0x0000000000003cd8        0xc /Users/realo/Library/Application Support/Pebble SDK/SDKs/current/sdk-core/pebble/aplite/lib/libpebble.a(tmp7jpKUopebble.o)
                0x0000000000003cd8                fonts_get_system_font
 .text.fonts_load_custom_font
                0x0000000000003ce4        0xc /Users/realo/Library/Application Support/Pebble SDK/SDKs/current/sdk-core/pebble/aplite/lib/libpebble.a(tmp7jpKUopebble.o)
                0x0000000000003ce4                fonts_load_custom_font
 .text.gbitmap_create_with_resource
                0x0000000000003cf0        0xc /Users/realo/Library/Application Support/Pebble SDK/SDKs/current/sdk-core/pebble/aplite/lib/libpebble.a(tmp7jpKUopebble.o)
                0x0000000000003cf0                gbitmap_create_with_resource
 .text.gbitmap_destroy
                0x0000000000003cfc        0xc /Users/realo/Library/Application Support/Pebble SDK/SDKs/current/sdk-core/pebble/aplite/lib/libpebble.a(tmp7jpKUopebble.o)
                0x0000000000003cfc                gbitmap_destroy
 .text.gpath_create
                0x0000000000003d08        0xc /Users/realo/Library/Application Support/Pebble SDK/SDKs/current/sdk-core/pebble/aplite/lib/libpebble.a(tmp7jpKUopebble.o)
                0x0000000000003d08                gpath_create
 .text.gpath_destroy
                0x0000000000003d14        0xc /Users/realo/Library/Application Support/Pebble SDK/SDKs/current/sdk-core/pebble/aplite/lib/libpebble.a(tmp7jpKUopebble.o)
                0x0000000000003d14                gpath_destroy
 .text.gpath_draw_outline
                0x0000000000003d20        0xc /Users/realo/Library/Application Support/Pebble SDK/SDKs/current/sdk-core/pebble/aplite/lib/libpebble.a(tmp7jpKUopebble.o)
                0x0000000000003d20                gpath_draw_outline
 .text.graphics_draw_line
                0x0000000000003d2c        0xc /Users/realo/Library/Application Support/Pebble SDK/SDKs/current/sdk-core/pebble/aplite/lib/libpebble.a(tmp7jpKUopebble.o)
                0x0000000000003d2c                graphics_draw_line
 .text.graphics_fill_rect
                0x0000000000003d38        0xc /Users/realo/Library/Application Support/Pebble SDK/SDKs/current/sdk-core/pebble/aplite/lib/libpebble.a(tmp7jpKUopebble.o)
                0x0000000000003d38                graphics_fill_rect
 .text.layer_add_child
                0x0000000000003d44        0xc /Users/realo/Library/Application Support/Pebble SDK/SDKs/current/sdk-core/pebble/aplite/lib/libpebble.a(tmp7jpKUopebble.o)
                0x0000000000003d44                layer_add_child
 .text.layer_create
                0x0000000000003d50        0xc /Users/realo/Library/Application Support/Pebble SDK/SDKs/current/sdk-core/pebble/aplite/lib/libpebble.a(tmp7jpKUopebble.o)
                0x0000000000003d50                layer_create
 .text.layer_destroy
                0x0000000000003d5c        0xc /Users/realo/Library/Application Support/Pebble SDK/SDKs/current/sdk-core/pebble/aplite/lib/libpebble.a(tmp7jpKUopebble.o)
                0x0000000000003d5c                layer_destroy
 .text.layer_get_frame
                0x0000000000003d68        0xc /Users/realo/Library/Application Support/Pebble SDK/SDKs/current/sdk-core/pebble/aplite/lib/libpebble.a(tmp7jpKUopebble.o)
                0x0000000000003d68                layer_get_frame
 .text.layer_mark_dirty
                0x0000000000003d74        0xc /Users/realo/Library/Application Support/Pebble SDK/SDKs/current/sdk-core/pebble/aplite/lib/libpebble.a(tmp7jpKUopebble.o)
                0x0000000000003d74                layer_mark_dirty
 .text.layer_set_frame
                0x0000000000003d80        0xc /Users/realo/Library/Application Support/Pebble SDK/SDKs/current/sdk-core/pebble/aplite/lib/libpebble.a(tmp7jpKUopebble.o)
                0x0000000000003d80                layer_set_frame
 .text.layer_set_update_proc
                0x0000000000003d8c        0xc /Users/realo/Library/Application Support/Pebble SDK/SDKs/current/sdk-core/pebble/aplite/lib/libpebble.a(tmp7jpKUopebble.o)
                0x0000000000003d8c                layer_set_update_proc
 .text.persist_delete
                0x0000000000003d98        0xc /Users/realo/Library/Application Support/Pebble SDK/SDKs/current/sdk-core/pebble/aplite/lib/libpebble.a(tmp7jpKUopebble.o)
                0x0000000000003d98                persist_delete
 .text.persist_exists
                0x0000000000003da4        0xc /Users/realo/Library/Application Support/Pebble SDK/SDKs/current/sdk-core/pebble/aplite/lib/libpebble.a(tmp7jpKUopebble.o)
                0x0000000000003da4                persist_exists
 .text.persist_get_size
                0x0000000000003db0        0xc /Users/realo/Library/Application Support/Pebble SDK/SDKs/current/sdk-core/pebble/aplite/lib/libpebble.a(tmp7jpKUopebble.o)
                0x0000000000003db0                persist_get_size
 .text.persist_read_bool
                0x0000000000003dbc        0xc /Users/realo/Library/Application Support/Pebble SDK/SDKs/current/sdk-core/pebble/aplite/lib/libpebble.a(tmp7jpKUopebble.o)
                0x0000000000003dbc                persist_read_bool
 .text.persist_read_int
                0x0000000000003dc8        0xc /Users/realo/Library/Application Support/Pebble SDK/SDKs/current/sdk-core/pebble/aplite/lib/libpebble.a(tmp7jpKUopebble.o)
                0x0000000000003dc8                persist_read_int
 .text.persist_write_bool
                0x0000000000003dd4        0xc /Users/realo/Library/Application Support/Pebble SDK/SDKs/current/sdk-core/pebble/aplite/lib/libpebble.a(tmp7jpKUopebble.o)
                0x0000000000003dd4                persist_write_bool
 .text.persist_write_int
                0x0000000000003de0        0xc /Users/realo/Library/Application Support/Pebble SDK/SDKs/current/sdk-core/pebble/aplite/lib/libpebble.a(tmp7jpKUopebble.o)
                0x0000000000003de0                persist_write_int
 .text.persist_write_string
                0x0000000000003dec        0xc /Users/realo/Library/Application Support/Pebble SDK/SDKs/current/sdk-core/pebble/aplite/lib/libpebble.a(tmp7jpKUopebble.o)
                0x0000000000003dec                persist_write_string
 .text.resource_get_handle
                0x0000000000003df8        0xc /Users/realo/Library/Application Support/Pebble SDK/SDKs/current/sdk-core/pebble/aplite/lib/libpebble.a(tmp7jpKUopebble.o)
                0x0000000000003df8                resource_get_handle
 .text.snprintf
                0x0000000000003e04        0xc /Users/realo/Library/Application Support/Pebble SDK/SDKs/current/sdk-core/pebble/aplite/lib/libpebble.a(tmp7jpKUopebble.o)
                0x0000000000003e04                snprintf
 .text.strcat   0x0000000000003e10        0xc /Users/realo/Library/Application Support/Pebble SDK/SDKs/current/sdk-core/pebble/aplite/lib/libpebble.a(tmp7jpKUopebble.o)
                0x0000000000003e10                strcat
 .text.strcmp   0x0000000000003e1c        0xc /Users/realo/Library/Application Support/Pebble SDK/SDKs/current/sdk-core/pebble/aplite/lib/libpebble.a(tmp7jpKUopebble.o)
                0x0000000000003e1c                strcmp
 .text.strcpy   0x0000000000003e28        0xc /Users/realo/Library/Application Support/Pebble SDK/SDKs/current/sdk-core/pebble/aplite/lib/libpebble.a(tmp7jpKUopebble.o)
                0x0000000000003e28                strcpy
 .text.strftime
                0x0000000000003e34        0xc /Users/realo/Library/Application Support/Pebble SDK/SDKs/current/sdk-core/pebble/aplite/lib/libpebble.a(tmp7jpKUopebble.o)
                0x0000000000003e34                strftime
 .text.strlen   0x0000000000003e40        0xc /Users/realo/Library/Application Support/Pebble SDK/SDKs/current/sdk-core/pebble/aplite/lib/libpebble.a(tmp7jpKUopebble.o)
                0x0000000000003e40                strlen
 .text.strncat  0x0000000000003e4c        0xc /Users/realo/Library/Application Support/Pebble SDK/SDKs/current/sdk-core/pebble/aplite/lib/libpebble.a(tmp7jpKUopebble.o)
                0x0000000000003e4c                strncat
 .text.strncpy  0x0000000000003e58        0xc /Users/realo/Library/Application Support/Pebble SDK/SDKs/current/sdk-core/pebble/aplite/lib/libpebble.a(tmp7jpKUopebble.o)
                0x0000000000003e58                strncpy
 .text.tick_timer_service_subscribe
                0x0000000000003e64        0xc /Users/realo/Library/Application Support/Pebble SDK/SDKs/current/sdk-core/pebble/aplite/lib/libpebble.a(tmp7jpKUopebble.o)
                0x0000000000003e64                tick_timer_service_subscribe
 .text.tick_timer_service_unsubscribe
                0x0000000000003e70        0xc /Users/realo/Library/Application Support/Pebble SDK/SDKs/current/sdk-core/pebble/aplite/lib/libpebble.a(tmp7jpKUopebble.o)
                0x0000000000003e70                tick_timer_service_unsubscribe
 .text.vibes_enqueue_custom_pattern
                0x0000000000003e7c        0xc /Users/realo/Library/Application Support/Pebble SDK/SDKs/current/sdk-core/pebble/aplite/lib/libpebble.a(tmp7jpKUopebble.o)
                0x0000000000003e7c                vibes_enqueue_custom_pattern
 .text.window_create
                0x0000000000003e88        0xc /Users/realo/Library/Application Support/Pebble SDK/SDKs/current/sdk-core/pebble/aplite/lib/libpebble.a(tmp7jpKUopebble.o)
                0x0000000000003e88                window_create
 .text.window_destroy
                0x0000000000003e94        0xc /Users/realo/Library/Application Support/Pebble SDK/SDKs/current/sdk-core/pebble/aplite/lib/libpebble.a(tmp7jpKUopebble.o)
                0x0000000000003e94                window_destroy
 .text.window_get_root_layer
                0x0000000000003ea0        0xc /Users/realo/Library/Application Support/Pebble SDK/SDKs/current/sdk-core/pebble/aplite/lib/libpebble.a(tmp7jpKUopebble.o)
                0x0000000000003ea0                window_get_root_layer
 .text.window_stack_push
                0x0000000000003eac        0xc /Users/realo/Library/Application Support/Pebble SDK/SDKs/current/sdk-core/pebble/aplite/lib/libpebble.a(tmp7jpKUopebble.o)
                0x0000000000003eac                window_stack_push
 .text.app_message_outbox_begin
                0x0000000000003eb8        0xc /Users/realo/Library/Application Support/Pebble SDK/SDKs/current/sdk-core/pebble/aplite/lib/libpebble.a(tmp7jpKUopebble.o)
                0x0000000000003eb8                app_message_outbox_begin
 .text.app_message_outbox_send
                0x0000000000003ec4        0xc /Users/realo/Library/Application Support/Pebble SDK/SDKs/current/sdk-core/pebble/aplite/lib/libpebble.a(tmp7jpKUopebble.o)
                0x0000000000003ec4                app_message_outbox_send
 .text.app_message_register_inbox_dropped
                0x0000000000003ed0        0xc /Users/realo/Library/Application Support/Pebble SDK/SDKs/current/sdk-core/pebble/aplite/lib/libpebble.a(tmp7jpKUopebble.o)
                0x0000000000003ed0                app_message_register_inbox_dropped
 .text.app_message_register_inbox_received
                0x0000000000003edc        0xc /Users/realo/Library/Application Support/Pebble SDK/SDKs/current/sdk-core/pebble/aplite/lib/libpebble.a(tmp7jpKUopebble.o)
                0x0000000000003edc                app_message_register_inbox_received
 .text.app_message_register_outbox_failed
                0x0000000000003ee8        0xc /Users/realo/Library/Application Support/Pebble SDK/SDKs/current/sdk-core/pebble/aplite/lib/libpebble.a(tmp7jpKUopebble.o)
                0x0000000000003ee8                app_message_register_outbox_failed
 .text.persist_read_data
                0x0000000000003ef4        0xc /Users/realo/Library/Application Support/Pebble SDK/SDKs/current/sdk-core/pebble/aplite/lib/libpebble.a(tmp7jpKUopebble.o)
                0x0000000000003ef4                persist_read_data
 .text.persist_read_string
                0x0000000000003f00        0xc /Users/realo/Library/Application Support/Pebble SDK/SDKs/current/sdk-core/pebble/aplite/lib/libpebble.a(tmp7jpKUopebble.o)
                0x0000000000003f00                persist_read_string
 .text.persist_write_data
                0x0000000000003f0c        0xc /Users/realo/Library/Application Support/Pebble SDK/SDKs/current/sdk-core/pebble/aplite/lib/libpebble.a(tmp7jpKUopebble.o)
                0x0000000000003f0c                persist_write_data
 .text.bitmap_layer_set_background_color
                0x0000000000003f18        0xc /Users/realo/Library/Application Support/Pebble SDK/SDKs/current/sdk-core/pebble/aplite/lib/libpebble.a(tmp7jpKUopebble.o)
                0x0000000000003f18                bitmap_layer_set_background_color
 .text.graphics_context_set_fill_color
                0x0000000000003f24        0xc /Users/realo/Library/Application Support/Pebble SDK/SDKs/current/sdk-core/pebble/aplite/lib/libpebble.a(tmp7jpKUopebble.o)
                0x0000000000003f24                graphics_context_set_fill_color
 .text.graphics_context_set_stroke_color
                0x0000000000003f30        0xc /Users/realo/Library/Application Support/Pebble SDK/SDKs/current/sdk-core/pebble/aplite/lib/libpebble.a(tmp7jpKUopebble.o)
                0x0000000000003f30                graphics_context_set_stroke_color
 .text.window_set_background_color
                0x0000000000003f3c        0xc /Users/realo/Library/Application Support/Pebble SDK/SDKs/current/sdk-core/pebble/aplite/lib/libpebble.a(tmp7jpKUopebble.o)
                0x0000000000003f3c                window_set_background_color
 .text.localtime
                0x0000000000003f48        0xc /Users/realo/Library/Application Support/Pebble SDK/SDKs/current/sdk-core/pebble/aplite/lib/libpebble.a(tmp7jpKUopebble.o)
                0x0000000000003f48                localtime
 .text.text_layer_create
                0x0000000000003f54        0xc /Users/realo/Library/Application Support/Pebble SDK/SDKs/current/sdk-core/pebble/aplite/lib/libpebble.a(tmp7jpKUopebble.o)
                0x0000000000003f54                text_layer_create
 .text.text_layer_destroy
                0x0000000000003f60        0xc /Users/realo/Library/Application Support/Pebble SDK/SDKs/current/sdk-core/pebble/aplite/lib/libpebble.a(tmp7jpKUopebble.o)
                0x0000000000003f60                text_layer_destroy
 .text.text_layer_get_layer
                0x0000000000003f6c        0xc /Users/realo/Library/Application Support/Pebble SDK/SDKs/current/sdk-core/pebble/aplite/lib/libpebble.a(tmp7jpKUopebble.o)
                0x0000000000003f6c                text_layer_get_layer
 .text.text_layer_set_background_color
                0x0000000000003f78        0xc /Users/realo/Library/Application Support/Pebble SDK/SDKs/current/sdk-core/pebble/aplite/lib/libpebble.a(tmp7jpKUopebble.o)
                0x0000000000003f78                text_layer_set_background_color
 .text.text_layer_set_font
                0x0000000000003f84        0xc /Users/realo/Library/Application Support/Pebble SDK/SDKs/current/sdk-core/pebble/aplite/lib/libpebble.a(tmp7jpKUopebble.o)
                0x0000000000003f84                text_layer_set_font
 .text.text_layer_set_text
                0x0000000000003f90        0xc /Users/realo/Library/Application Support/Pebble SDK/SDKs/current/sdk-core/pebble/aplite/lib/libpebble.a(tmp7jpKUopebble.o)
                0x0000000000003f90                text_layer_set_text
 .text.text_layer_set_text_alignment
                0x0000000000003f9c        0xc /Users/realo/Library/Application Support/Pebble SDK/SDKs/current/sdk-core/pebble/aplite/lib/libpebble.a(tmp7jpKUopebble.o)
                0x0000000000003f9c                text_layer_set_text_alignment
 .text.text_layer_set_text_color
                0x0000000000003fa8        0xc /Users/realo/Library/Application Support/Pebble SDK/SDKs/current/sdk-core/pebble/aplite/lib/libpebble.a(tmp7jpKUopebble.o)
                0x0000000000003fa8                text_layer_set_text_color
 .text.time     0x0000000000003fb4        0xc /Users/realo/Library/Application Support/Pebble SDK/SDKs/current/sdk-core/pebble/aplite/lib/libpebble.a(tmp7jpKUopebble.o)
                0x0000000000003fb4                time
 .text.graphics_fill_radial
                0x0000000000003fc0        0xc /Users/realo/Library/Application Support/Pebble SDK/SDKs/current/sdk-core/pebble/aplite/lib/libpebble.a(tmp7jpKUopebble.o)
                0x0000000000003fc0                graphics_fill_radial
 *(.rodata)
 .rodata        0x0000000000003fcc       0xdc src/c/main.c.41.o
 *(.rodata*)
 .rodata.segments_long
                0x00000000000040a8        0xc src/c/main.c.41.o
                0x00000000000040a8                segments_long
 .rodata.segments_short
                0x00000000000040b4       0x28 src/c/main.c.41.o
                0x00000000000040b4                segments_short
 .rodata.str1.1
                0x00000000000040dc      0x8e9 src/c/main.c.41.o
                                        0x8f4 (size before relaxing)

.glue_7         0x00000000000049c8        0x0
 .glue_7        0x0000000000000000        0x0 linker stubs

.glue_7t        0x00000000000049c8        0x0
 .glue_7t       0x0000000000000000        0x0 linker stubs

.vfp11_veneer   0x00000000000049c8        0x0
 .vfp11_veneer  0x0000000000000000        0x0 linker stubs

.v4_bx          0x00000000000049c8        0x0
 .v4_bx         0x0000000000000000        0x0 linker stubs

.iplt           0x00000000000049c8        0x0
 .iplt          0x0000000000000000        0x0 /Users/realo/Library/Application Support/Pebble SDK/SDKs/4.5/toolchain/arm-none-eabi/bin/../lib/gcc/arm-none-eabi/4.7.2/thumb2/crtbegin.o

.rel.dyn        0x00000000000049c8        0x0
 .rel.iplt      0x0000000000000000        0x0 /Users/realo/Library/Application Support/Pebble SDK/SDKs/4.5/toolchain/arm-none-eabi/bin/../lib/gcc/arm-none-eabi/4.7.2/thumb2/crtbegin.o
 .rel.got       0x0000000000000000        0x0 /Users/realo/Library/Application Support/Pebble SDK/SDKs/4.5/toolchain/arm-none-eabi/bin/../lib/gcc/arm-none-eabi/4.7.2/thumb2/crtbegin.o

.data           0x00000000000049c8       0x90
 *(.data)
 .data          0x00000000000049c8        0x0 /Users/realo/Library/Application Support/Pebble SDK/SDKs/4.5/toolchain/arm-none-eabi/bin/../lib/gcc/arm-none-eabi/4.7.2/thumb2/crti.o
 .data          0x00000000000049c8        0x4 /Users/realo/Library/Application Support/Pebble SDK/SDKs/4.5/toolchain/arm-none-eabi/bin/../lib/gcc/arm-none-eabi/4.7.2/thumb2/crtbegin.o
                0x00000000000049c8                __dso_handle
 .data          0x00000000000049cc        0x0 src/c/main.c.41.o
 .data          0x00000000000049cc        0x0 aplite/appinfo.auto.c.41.o
 .data          0x00000000000049cc        0x0 aplite/src/resource_ids.auto.c.41.o
 .data          0x00000000000049cc        0x0 src/message_keys.auto.c.41.o
 .data          0x00000000000049cc        0x0 /Users/realo/Library/Application Support/Pebble SDK/SDKs/current/sdk-core/pebble/aplite/lib/libpebble.a(tmp7jpKUopebble.o)
 .data          0x00000000000049cc        0x0 /Users/realo/Library/Application Support/Pebble SDK/SDKs/4.5/toolchain/arm-none-eabi/bin/../lib/gcc/arm-none-eabi/4.7.2/thumb2/libgcc.a(_arm_addsubdf3.o)
 .data          0x00000000000049cc        0x0 /Users/realo/Library/Application Support/Pebble SDK/SDKs/4.5/toolchain/arm-none-eabi/bin/../lib/gcc/arm-none-eabi/4.7.2/thumb2/libgcc.a(_arm_muldivdf3.o)
 .data          0x00000000000049cc        0x0 /Users/realo/Library/Application Support/Pebble SDK/SDKs/4.5/toolchain/arm-none-eabi/bin/../lib/gcc/arm-none-eabi/4.7.2/thumb2/libgcc.a(_arm_fixdfsi.o)
 .data          0x00000000000049cc        0x0 /Users/realo/Library/Application Support/Pebble SDK/SDKs/4.5/toolchain/arm-none-eabi/bin/../lib/gcc/arm-none-eabi/4.7.2/thumb2/libgcc.a(_arm_addsubsf3.o)
 .data          0x00000000000049cc        0x0 /Users/realo/Library/Application Support/Pebble SDK/SDKs/4.5/toolchain/arm-none-eabi/bin/../lib/gcc/arm-none-eabi/4.7.2/thumb2/libgcc.a(_arm_muldivsf3.o)
 .data          0x00000000000049cc        0x0 /Users/realo/Library/Application Support/Pebble SDK/SDKs/4.5/toolchain/arm-none-eabi/bin/../lib/gcc/arm-none-eabi/4.7.2/thumb2/libgcc.a(_arm_cmpsf2.o)
 .data          0x00000000000049cc        0x0 /Users/realo/Library/Application Support/Pebble SDK/SDKs/4.5/toolchain/arm-none-eabi/bin/../lib/gcc/arm-none-eabi/4.7.2/thumb2/libgcc.a(_arm_fixsfsi.o)
 .data          0x00000000000049cc        0x0 /Users/realo/Library/Application Support/Pebble SDK/SDKs/4.5/toolchain/arm-none-eabi/bin/../lib/gcc/arm-none-eabi/4.7.2/thumb2/crtend.o
 .data          0x00000000000049cc        0x0 /Users/realo/Library/Application Support/Pebble SDK/SDKs/4.5/toolchain/arm-none-eabi/bin/../lib/gcc/arm-none-eabi/4.7.2/thumb2/crtn.o
 *(.data.*)
 .data.cnfCadence
                0x00000000000049cc        0x4 src/c/main.c.41.o
                0x00000000000049cc                cnfCadence
 .data.BuzzEnable
                0x00000000000049d0        0x1 src/c/main.c.41.o
                0x00000000000049d0                BuzzEnable
 *fill*         0x00000000000049d1        0x3 
 .data.trotteuse_draw_scale
                0x00000000000049d4        0x4 src/c/main.c.41.o
                0x00000000000049d4                trotteuse_draw_scale
 .data.rel.myShortVibes
                0x00000000000049d8        0x8 src/c/main.c.41.o
                0x00000000000049d8                myShortVibes
 .data.date_text
                0x00000000000049e0        0x9 src/c/main.c.41.o
                0x00000000000049e0                date_text
 .data.cnfHealth
                0x00000000000049e9        0x1 src/c/main.c.41.o
                0x00000000000049e9                cnfHealth
 .data.cnfTrotteuse
                0x00000000000049ea        0x1 src/c/main.c.41.o
                0x00000000000049ea                cnfTrotteuse
 *fill*         0x00000000000049eb        0x1 
 .data.rel.ro.bgraph_info
                0x00000000000049ec        0x8 src/c/main.c.41.o
                0x00000000000049ec                bgraph_info
 .data.cnfCelsius
                0x00000000000049f4        0x1 src/c/main.c.41.o
                0x00000000000049f4                cnfCelsius
 *fill*         0x00000000000049f5        0x3 
 .data.rel.myLongVibes
                0x00000000000049f8        0x8 src/c/main.c.41.o
                0x00000000000049f8                myLongVibes
 .data.time_text
                0x0000000000004a00        0x6 src/c/main.c.41.o
                0x0000000000004a00                time_text
 *fill*         0x0000000000004a06        0x2 
 .data.last_fetch_minute
                0x0000000000004a08        0x4 src/c/main.c.41.o
                0x0000000000004a08                last_fetch_minute
 .data.WEATHER_ICONS
                0x0000000000004a0c       0x2f src/c/main.c.41.o
                0x0000000000004a0c                WEATHER_ICONS
 *fill*         0x0000000000004a3b        0x1 
 .data.MESSAGE_KEY_service
                0x0000000000004a3c        0x4 src/message_keys.auto.c.41.o
                0x0000000000004a3c                MESSAGE_KEY_service
 .data.MESSAGE_KEY_location
                0x0000000000004a40        0x4 src/message_keys.auto.c.41.o
                0x0000000000004a40                MESSAGE_KEY_location
 .data.MESSAGE_KEY_cadence
                0x0000000000004a44        0x4 src/message_keys.auto.c.41.o
                0x0000000000004a44                MESSAGE_KEY_cadence
 .data.MESSAGE_KEY_health
                0x0000000000004a48        0x4 src/message_keys.auto.c.41.o
                0x0000000000004a48                MESSAGE_KEY_health
 .data.MESSAGE_KEY_exchange
                0x0000000000004a4c        0x4 src/message_keys.auto.c.41.o
                0x0000000000004a4c                MESSAGE_KEY_exchange
 .data.MESSAGE_KEY_celsius
                0x0000000000004a50        0x4 src/message_keys.auto.c.41.o
                0x0000000000004a50                MESSAGE_KEY_celsius
 .data.MESSAGE_KEY_trotteuse
                0x0000000000004a54        0x4 src/message_keys.auto.c.41.o
                0x0000000000004a54                MESSAGE_KEY_trotteuse

.igot.plt       0x0000000000004a58        0x0
 .igot.plt      0x0000000000000000        0x0 /Users/realo/Library/Application Support/Pebble SDK/SDKs/4.5/toolchain/arm-none-eabi/bin/../lib/gcc/arm-none-eabi/4.7.2/thumb2/crtbegin.o

.got            0x0000000000004a58       0x84
 .got           0x0000000000004a58       0x84 /Users/realo/Library/Application Support/Pebble SDK/SDKs/4.5/toolchain/arm-none-eabi/bin/../lib/gcc/arm-none-eabi/4.7.2/thumb2/crtbegin.o

.got.plt        0x0000000000004adc        0xc
 .got.plt       0x0000000000004adc        0xc /Users/realo/Library/Application Support/Pebble SDK/SDKs/4.5/toolchain/arm-none-eabi/bin/../lib/gcc/arm-none-eabi/4.7.2/thumb2/crtbegin.o
                0x0000000000004adc                _GLOBAL_OFFSET_TABLE_

.bss            0x0000000000004ae8      0x448
 *(.bss)
 *(.bss.*)
 .bss.bcL_layer
                0x0000000000004ae8        0x4 src/c/main.c.41.o
 .bss.btcL_value
                0x0000000000004aec        0x4 src/c/main.c.41.o
                0x0000000000004aec                btcL_value
 .bss.time_layer
                0x0000000000004af0        0x4 src/c/main.c.41.o
 .bss.bcH_layer
                0x0000000000004af4        0x4 src/c/main.c.41.o
 .bss.btcH_value
                0x0000000000004af8        0x4 src/c/main.c.41.o
                0x0000000000004af8                btcH_value
 .bss.trotteuse_layer
                0x0000000000004afc        0x4 src/c/main.c.41.o
 .bss.top_layer
                0x0000000000004b00        0x4 src/c/main.c.41.o
 .bss.weather_layer
                0x0000000000004b04       0x9c src/c/main.c.41.o
 .bss.btcV_value
                0x0000000000004ba0        0x4 src/c/main.c.41.o
                0x0000000000004ba0                btcV_value
 .bss.obIconCode_value
                0x0000000000004ba4        0x4 src/c/main.c.41.o
                0x0000000000004ba4                obIconCode_value
 .bss.trotteuse_scale_layer
                0x0000000000004ba8        0x4 src/c/main.c.41.o
 .bss.message_count
                0x0000000000004bac        0x4 src/c/main.c.41.o
                0x0000000000004bac                message_count
 .bss.splash_timer
                0x0000000000004bb0        0x4 src/c/main.c.41.o
 .bss.graph_layer
                0x0000000000004bb4        0x4 src/c/main.c.41.o
 .bss.errorInWeather
                0x0000000000004bb8        0x4 src/c/main.c.41.o
                0x0000000000004bb8                errorInWeather
 .bss.trotteuse
                0x0000000000004bbc        0x4 src/c/main.c.41.o
                0x0000000000004bbc                trotteuse
 .bss.DOT4      0x0000000000004bc0        0x4 src/c/main.c.41.o
                0x0000000000004bc0                DOT4
 .bss.DOT_layer
                0x0000000000004bc4        0x4 src/c/main.c.41.o
 .bss.mid_layer
                0x0000000000004bc8        0x4 src/c/main.c.41.o
 .bss.date_layer
                0x0000000000004bcc        0x4 src/c/main.c.41.o
 .bss.bot_layer
                0x0000000000004bd0        0x4 src/c/main.c.41.o
 .bss.bc_layer  0x0000000000004bd4        0x4 src/c/main.c.41.o
 COMMON         0x0000000000004bd8      0x358 src/c/main.c.41.o
                0x0000000000004bd8                cnfExchange
                0x0000000000004bec                forecastPeriod
                0x0000000000004bfc                bgraph_data
                0x0000000000004ddc                forecastLow
                0x0000000000004dec                btcL
                0x0000000000004dfc                forecastTemp
                0x0000000000004e0c                cnfLocation
                0x0000000000004e2c                btcV
                0x0000000000004e3c                obWindSpeed
                0x0000000000004e4c                btcH
                0x0000000000004e5c                cnfService
                0x0000000000004e7c                forecastIconCode
                0x0000000000004e8c                forecastHigh
                0x0000000000004e9c                obWindDir_bkp
                0x0000000000004eac                geoArea1
                0x0000000000004eb1                battery_text
                0x0000000000004ebc                bgraph
                0x0000000000004ec0                obTemperature
                0x0000000000004ed0                obWindGust
                0x0000000000004ee0                obIconCode
                0x0000000000004ef0                obWindChill
                0x0000000000004f00                battery_state
                0x0000000000004f04                window
                0x0000000000004f08                bluetooth_text
                0x0000000000004f10                obHumidex
                0x0000000000004f20                obWindDir

DISCARD
 libc.a(*)
 libm.a(*)
 libgcc.a(*)
 *(.eh_frame)
OUTPUT(/Users/realo/Work/PEBBLE/coincan/build/aplite/pebble-app.elf elf32-littlearm)

.ARM.attributes
                0x0000000000000000       0x27
 .ARM.attributes
                0x0000000000000000       0x19 /Users/realo/Library/Application Support/Pebble SDK/SDKs/4.5/toolchain/arm-none-eabi/bin/../lib/gcc/arm-none-eabi/4.7.2/thumb2/crti.o
 .ARM.attributes
                0x0000000000000019       0x29 /Users/realo/Library/Application Support/Pebble SDK/SDKs/4.5/toolchain/arm-none-eabi/bin/../lib/gcc/arm-none-eabi/4.7.2/thumb2/crtbegin.o
 .ARM.attributes
                0x0000000000000042       0x33 src/c/main.c.41.o
 .ARM.attributes
                0x0000000000000075       0x33 aplite/appinfo.auto.c.41.o
 .ARM.attributes
                0x00000000000000a8       0x33 aplite/src/resource_ids.auto.c.41.o
 .ARM.attributes
                0x00000000000000db       0x33 src/message_keys.auto.c.41.o
 .ARM.attributes
                0x000000000000010e       0x21 /Users/realo/Library/Application Support/Pebble SDK/SDKs/current/sdk-core/pebble/aplite/lib/libpebble.a(tmp7jpKUopebble.o)
 .ARM.attributes
                0x000000000000012f       0x19 /Users/realo/Library/Application Support/Pebble SDK/SDKs/4.5/toolchain/arm-none-eabi/bin/../lib/gcc/arm-none-eabi/4.7.2/thumb2/libgcc.a(_arm_addsubdf3.o)
 .ARM.attributes
                0x0000000000000148       0x19 /Users/realo/Library/Application Support/Pebble SDK/SDKs/4.5/toolchain/arm-none-eabi/bin/../lib/gcc/arm-none-eabi/4.7.2/thumb2/libgcc.a(_arm_muldivdf3.o)
 .ARM.attributes
                0x0000000000000161       0x19 /Users/realo/Library/Application Support/Pebble SDK/SDKs/4.5/toolchain/arm-none-eabi/bin/../lib/gcc/arm-none-eabi/4.7.2/thumb2/libgcc.a(_arm_fixdfsi.o)
 .ARM.attributes
                0x000000000000017a       0x19 /Users/realo/Library/Application Support/Pebble SDK/SDKs/4.5/toolchain/arm-none-eabi/bin/../lib/gcc/arm-none-eabi/4.7.2/thumb2/libgcc.a(_arm_addsubsf3.o)
 .ARM.attributes
                0x0000000000000193       0x19 /Users/realo/Library/Application Support/Pebble SDK/SDKs/4.5/toolchain/arm-none-eabi/bin/../lib/gcc/arm-none-eabi/4.7.2/thumb2/libgcc.a(_arm_muldivsf3.o)
 .ARM.attributes
                0x00000000000001ac       0x19 /Users/realo/Library/Application Support/Pebble SDK/SDKs/4.5/toolchain/arm-none-eabi/bin/../lib/gcc/arm-none-eabi/4.7.2/thumb2/libgcc.a(_arm_cmpsf2.o)
 .ARM.attributes
                0x00000000000001c5       0x19 /Users/realo/Library/Application Support/Pebble SDK/SDKs/4.5/toolchain/arm-none-eabi/bin/../lib/gcc/arm-none-eabi/4.7.2/thumb2/libgcc.a(_arm_fixsfsi.o)
 .ARM.attributes
                0x00000000000001de       0x29 /Users/realo/Library/Application Support/Pebble SDK/SDKs/4.5/toolchain/arm-none-eabi/bin/../lib/gcc/arm-none-eabi/4.7.2/thumb2/crtend.o
 .ARM.attributes
                0x0000000000000207       0x19 /Users/realo/Library/Application Support/Pebble SDK/SDKs/4.5/toolchain/arm-none-eabi/bin/../lib/gcc/arm-none-eabi/4.7.2/thumb2/crtn.o

.comment        0x0000000000000000       0x4e
 .comment       0x0000000000000000       0x4e /Users/realo/Library/Application Support/Pebble SDK/SDKs/4.5/toolchain/arm-none-eabi/bin/../lib/gcc/arm-none-eabi/4.7.2/thumb2/crtbegin.o
                                         0x4f (size before relaxing)
 .comment       0x0000000000000000       0x4f src/c/main.c.41.o
 .comment       0x0000000000000000       0x4f aplite/appinfo.auto.c.41.o
 .comment       0x0000000000000000       0x4f aplite/src/resource_ids.auto.c.41.o
 .comment       0x0000000000000000       0x4f src/message_keys.auto.c.41.o
 .comment       0x0000000000000000       0x4f /Users/realo/Library/Application Support/Pebble SDK/SDKs/4.5/toolchain/arm-none-eabi/bin/../lib/gcc/arm-none-eabi/4.7.2/thumb2/crtend.o

.debug_info     0x0000000000000000     0x5ba5
 .debug_info    0x0000000000000000     0x4ec0 src/c/main.c.41.o
 .debug_info    0x0000000000004ec0      0x31a aplite/appinfo.auto.c.41.o
 .debug_info    0x00000000000051da      0x3cf aplite/src/resource_ids.auto.c.41.o
 .debug_info    0x00000000000055a9       0xed src/message_keys.auto.c.41.o
 .debug_info    0x0000000000005696       0xb9 /Users/realo/Library/Application Support/Pebble SDK/SDKs/4.5/toolchain/arm-none-eabi/bin/../lib/gcc/arm-none-eabi/4.7.2/thumb2/libgcc.a(_arm_addsubdf3.o)
 .debug_info    0x000000000000574f       0xb9 /Users/realo/Library/Application Support/Pebble SDK/SDKs/4.5/toolchain/arm-none-eabi/bin/../lib/gcc/arm-none-eabi/4.7.2/thumb2/libgcc.a(_arm_muldivdf3.o)
 .debug_info    0x0000000000005808       0xb9 /Users/realo/Library/Application Support/Pebble SDK/SDKs/4.5/toolchain/arm-none-eabi/bin/../lib/gcc/arm-none-eabi/4.7.2/thumb2/libgcc.a(_arm_fixdfsi.o)
 .debug_info    0x00000000000058c1       0xb9 /Users/realo/Library/Application Support/Pebble SDK/SDKs/4.5/toolchain/arm-none-eabi/bin/../lib/gcc/arm-none-eabi/4.7.2/thumb2/libgcc.a(_arm_addsubsf3.o)
 .debug_info    0x000000000000597a       0xb9 /Users/realo/Library/Application Support/Pebble SDK/SDKs/4.5/toolchain/arm-none-eabi/bin/../lib/gcc/arm-none-eabi/4.7.2/thumb2/libgcc.a(_arm_muldivsf3.o)
 .debug_info    0x0000000000005a33       0xb9 /Users/realo/Library/Application Support/Pebble SDK/SDKs/4.5/toolchain/arm-none-eabi/bin/../lib/gcc/arm-none-eabi/4.7.2/thumb2/libgcc.a(_arm_cmpsf2.o)
 .debug_info    0x0000000000005aec       0xb9 /Users/realo/Library/Application Support/Pebble SDK/SDKs/4.5/toolchain/arm-none-eabi/bin/../lib/gcc/arm-none-eabi/4.7.2/thumb2/libgcc.a(_arm_fixsfsi.o)

.debug_abbrev   0x0000000000000000      0x631
 .debug_abbrev  0x0000000000000000      0x47f src/c/main.c.41.o
 .debug_abbrev  0x000000000000047f       0x9e aplite/appinfo.auto.c.41.o
 .debug_abbrev  0x000000000000051d       0x44 aplite/src/resource_ids.auto.c.41.o
 .debug_abbrev  0x0000000000000561       0x44 src/message_keys.auto.c.41.o
 .debug_abbrev  0x00000000000005a5       0x14 /Users/realo/Library/Application Support/Pebble SDK/SDKs/4.5/toolchain/arm-none-eabi/bin/../lib/gcc/arm-none-eabi/4.7.2/thumb2/libgcc.a(_arm_addsubdf3.o)
 .debug_abbrev  0x00000000000005b9       0x14 /Users/realo/Library/Application Support/Pebble SDK/SDKs/4.5/toolchain/arm-none-eabi/bin/../lib/gcc/arm-none-eabi/4.7.2/thumb2/libgcc.a(_arm_muldivdf3.o)
 .debug_abbrev  0x00000000000005cd       0x14 /Users/realo/Library/Application Support/Pebble SDK/SDKs/4.5/toolchain/arm-none-eabi/bin/../lib/gcc/arm-none-eabi/4.7.2/thumb2/libgcc.a(_arm_fixdfsi.o)
 .debug_abbrev  0x00000000000005e1       0x14 /Users/realo/Library/Application Support/Pebble SDK/SDKs/4.5/toolchain/arm-none-eabi/bin/../lib/gcc/arm-none-eabi/4.7.2/thumb2/libgcc.a(_arm_addsubsf3.o)
 .debug_abbrev  0x00000000000005f5       0x14 /Users/realo/Library/Application Support/Pebble SDK/SDKs/4.5/toolchain/arm-none-eabi/bin/../lib/gcc/arm-none-eabi/4.7.2/thumb2/libgcc.a(_arm_muldivsf3.o)
 .debug_abbrev  0x0000000000000609       0x14 /Users/realo/Library/Application Support/Pebble SDK/SDKs/4.5/toolchain/arm-none-eabi/bin/../lib/gcc/arm-none-eabi/4.7.2/thumb2/libgcc.a(_arm_cmpsf2.o)
 .debug_abbrev  0x000000000000061d       0x14 /Users/realo/Library/Application Support/Pebble SDK/SDKs/4.5/toolchain/arm-none-eabi/bin/../lib/gcc/arm-none-eabi/4.7.2/thumb2/libgcc.a(_arm_fixsfsi.o)

.debug_loc      0x0000000000000000     0x15b6
 .debug_loc     0x0000000000000000     0x15b6 src/c/main.c.41.o

.debug_aranges  0x0000000000000000      0x270
 .debug_aranges
                0x0000000000000000      0x148 src/c/main.c.41.o
 .debug_aranges
                0x0000000000000148       0x18 aplite/appinfo.auto.c.41.o
 .debug_aranges
                0x0000000000000160       0x18 aplite/src/resource_ids.auto.c.41.o
 .debug_aranges
                0x0000000000000178       0x18 src/message_keys.auto.c.41.o
 .debug_aranges
                0x0000000000000190       0x20 /Users/realo/Library/Application Support/Pebble SDK/SDKs/4.5/toolchain/arm-none-eabi/bin/../lib/gcc/arm-none-eabi/4.7.2/thumb2/libgcc.a(_arm_addsubdf3.o)
 .debug_aranges
                0x00000000000001b0       0x20 /Users/realo/Library/Application Support/Pebble SDK/SDKs/4.5/toolchain/arm-none-eabi/bin/../lib/gcc/arm-none-eabi/4.7.2/thumb2/libgcc.a(_arm_muldivdf3.o)
 .debug_aranges
                0x00000000000001d0       0x20 /Users/realo/Library/Application Support/Pebble SDK/SDKs/4.5/toolchain/arm-none-eabi/bin/../lib/gcc/arm-none-eabi/4.7.2/thumb2/libgcc.a(_arm_fixdfsi.o)
 .debug_aranges
                0x00000000000001f0       0x20 /Users/realo/Library/Application Support/Pebble SDK/SDKs/4.5/toolchain/arm-none-eabi/bin/../lib/gcc/arm-none-eabi/4.7.2/thumb2/libgcc.a(_arm_addsubsf3.o)
 .debug_aranges
                0x0000000000000210       0x20 /Users/realo/Library/Application Support/Pebble SDK/SDKs/4.5/toolchain/arm-none-eabi/bin/../lib/gcc/arm-none-eabi/4.7.2/thumb2/libgcc.a(_arm_muldivsf3.o)
 .debug_aranges
                0x0000000000000230       0x20 /Users/realo/Library/Application Support/Pebble SDK/SDKs/4.5/toolchain/arm-none-eabi/bin/../lib/gcc/arm-none-eabi/4.7.2/thumb2/libgcc.a(_arm_cmpsf2.o)
 .debug_aranges
                0x0000000000000250       0x20 /Users/realo/Library/Application Support/Pebble SDK/SDKs/4.5/toolchain/arm-none-eabi/bin/../lib/gcc/arm-none-eabi/4.7.2/thumb2/libgcc.a(_arm_fixsfsi.o)

.debug_ranges   0x0000000000000000      0x1e8
 .debug_ranges  0x0000000000000000      0x1e8 src/c/main.c.41.o

.debug_line     0x0000000000000000     0x1738
 .debug_line    0x0000000000000000      0xb73 src/c/main.c.41.o
 .debug_line    0x0000000000000b73      0x155 aplite/appinfo.auto.c.41.o
 .debug_line    0x0000000000000cc8       0xe5 aplite/src/resource_ids.auto.c.41.o
 .debug_line    0x0000000000000dad       0xde src/message_keys.auto.c.41.o
 .debug_line    0x0000000000000e8b      0x20a /Users/realo/Library/Application Support/Pebble SDK/SDKs/4.5/toolchain/arm-none-eabi/bin/../lib/gcc/arm-none-eabi/4.7.2/thumb2/libgcc.a(_arm_addsubdf3.o)
 .debug_line    0x0000000000001095      0x226 /Users/realo/Library/Application Support/Pebble SDK/SDKs/4.5/toolchain/arm-none-eabi/bin/../lib/gcc/arm-none-eabi/4.7.2/thumb2/libgcc.a(_arm_muldivdf3.o)
 .debug_line    0x00000000000012bb       0x86 /Users/realo/Library/Application Support/Pebble SDK/SDKs/4.5/toolchain/arm-none-eabi/bin/../lib/gcc/arm-none-eabi/4.7.2/thumb2/libgcc.a(_arm_fixdfsi.o)
 .debug_line    0x0000000000001341      0x128 /Users/realo/Library/Application Support/Pebble SDK/SDKs/4.5/toolchain/arm-none-eabi/bin/../lib/gcc/arm-none-eabi/4.7.2/thumb2/libgcc.a(_arm_addsubsf3.o)
 .debug_line    0x0000000000001469      0x149 /Users/realo/Library/Application Support/Pebble SDK/SDKs/4.5/toolchain/arm-none-eabi/bin/../lib/gcc/arm-none-eabi/4.7.2/thumb2/libgcc.a(_arm_muldivsf3.o)
 .debug_line    0x00000000000015b2      0x100 /Users/realo/Library/Application Support/Pebble SDK/SDKs/4.5/toolchain/arm-none-eabi/bin/../lib/gcc/arm-none-eabi/4.7.2/thumb2/libgcc.a(_arm_cmpsf2.o)
 .debug_line    0x00000000000016b2       0x86 /Users/realo/Library/Application Support/Pebble SDK/SDKs/4.5/toolchain/arm-none-eabi/bin/../lib/gcc/arm-none-eabi/4.7.2/thumb2/libgcc.a(_arm_fixsfsi.o)

.debug_str      0x0000000000000000     0x1d73
 .debug_str     0x0000000000000000     0x17f0 src/c/main.c.41.o
                                       0x18e7 (size before relaxing)
 .debug_str     0x00000000000017f0      0x22f aplite/appinfo.auto.c.41.o
                                        0x315 (size before relaxing)
 .debug_str     0x0000000000001a1f      0x33c aplite/src/resource_ids.auto.c.41.o
                                        0x3fc (size before relaxing)
 .debug_str     0x0000000000001d5b       0x18 src/message_keys.auto.c.41.o
                                        0x167 (size before relaxing)

.debug_frame    0x0000000000000000      0x49c
 .debug_frame   0x0000000000000000      0x49c src/c/main.c.41.o
