Archive member included because of file (symbol)

/Users/realo/Library/Application Support/Pebble SDK/SDKs/current/sdk-core/pebble/aplite/lib/libpebble.a(tmpBijMfRpebble.o)
                              src/main.c.12.o (app_event_loop)
/usr/local/Cellar/pebble-toolchain/2.0/arm-cs-tools/bin/../lib/gcc/arm-none-eabi/4.7.2/thumb2/libgcc.a(_arm_addsubsf3.o)
                              src/main.c.12.o (__aeabi_fsub)
/usr/local/Cellar/pebble-toolchain/2.0/arm-cs-tools/bin/../lib/gcc/arm-none-eabi/4.7.2/thumb2/libgcc.a(_arm_muldivsf3.o)
                              src/main.c.12.o (__aeabi_fmul)
/usr/local/Cellar/pebble-toolchain/2.0/arm-cs-tools/bin/../lib/gcc/arm-none-eabi/4.7.2/thumb2/libgcc.a(_arm_cmpsf2.o)
                              src/main.c.12.o (__aeabi_fcmpeq)
/usr/local/Cellar/pebble-toolchain/2.0/arm-cs-tools/bin/../lib/gcc/arm-none-eabi/4.7.2/thumb2/libgcc.a(_arm_fixsfsi.o)
                              src/main.c.12.o (__aeabi_f2iz)

Allocating common symbols
Common symbol       size              file

cnfExchange         0x14              src/main.c.12.o
trotteuse_scale_layer
                    0x4               src/main.c.12.o
forecastPeriod      0x10              src/main.c.12.o
bgraph_data         0x1e0             src/main.c.12.o
forecastLow         0x10              src/main.c.12.o
btcL                0x10              src/main.c.12.o
date_layer          0x4               src/main.c.12.o
forecastTemp        0x10              src/main.c.12.o
cnfLocation         0x20              src/main.c.12.o
cnfOWMloc           0x40              src/main.c.12.o
trotteuse_layer     0x4               src/main.c.12.o
btcV                0x10              src/main.c.12.o
bcH_layer           0x4               src/main.c.12.o
bcL_layer           0x4               src/main.c.12.o
obWindSpeed         0x10              src/main.c.12.o
graph_layer         0x4               src/main.c.12.o
bc_layer            0x4               src/main.c.12.o
btcH                0x10              src/main.c.12.o
cnfOWMkey           0x40              src/main.c.12.o
cnfService          0x20              src/main.c.12.o
DOT_layer           0x4               src/main.c.12.o
forecastIconCode    0x10              src/main.c.12.o
forecastHigh        0x10              src/main.c.12.o
time_layer          0x4               src/main.c.12.o
obWindDir_bkp       0x10              src/main.c.12.o
geoArea1            0x5               src/main.c.12.o
battery_text        0x8               src/main.c.12.o
bgraph              0x4               src/main.c.12.o
obTemperature       0x10              src/main.c.12.o
obWindGust          0x10              src/main.c.12.o
obIconCode          0x10              src/main.c.12.o
obWindChill         0x10              src/main.c.12.o
battery_state       0x3               src/main.c.12.o
window              0x4               src/main.c.12.o
bluetooth_text      0x8               src/main.c.12.o
cnfOWMid            0x20              src/main.c.12.o
obHumidex           0x10              src/main.c.12.o
weather_layer       0x9c              src/main.c.12.o
obWindDir           0x10              src/main.c.12.o

Discarded input sections

 .text          0x0000000000000000        0x0 /usr/local/Cellar/pebble-toolchain/2.0/arm-cs-tools/bin/../lib/gcc/arm-none-eabi/4.7.2/thumb2/crti.o
 .bss           0x0000000000000000        0x0 /usr/local/Cellar/pebble-toolchain/2.0/arm-cs-tools/bin/../lib/gcc/arm-none-eabi/4.7.2/thumb2/crti.o
 .init          0x0000000000000000        0x4 /usr/local/Cellar/pebble-toolchain/2.0/arm-cs-tools/bin/../lib/gcc/arm-none-eabi/4.7.2/thumb2/crti.o
 .fini          0x0000000000000000        0x4 /usr/local/Cellar/pebble-toolchain/2.0/arm-cs-tools/bin/../lib/gcc/arm-none-eabi/4.7.2/thumb2/crti.o
 .text          0x0000000000000000       0xc8 /usr/local/Cellar/pebble-toolchain/2.0/arm-cs-tools/bin/../lib/gcc/arm-none-eabi/4.7.2/thumb2/crtbegin.o
 .bss           0x0000000000000000       0x1c /usr/local/Cellar/pebble-toolchain/2.0/arm-cs-tools/bin/../lib/gcc/arm-none-eabi/4.7.2/thumb2/crtbegin.o
 .init_array    0x0000000000000000        0x4 /usr/local/Cellar/pebble-toolchain/2.0/arm-cs-tools/bin/../lib/gcc/arm-none-eabi/4.7.2/thumb2/crtbegin.o
 .fini_array    0x0000000000000000        0x4 /usr/local/Cellar/pebble-toolchain/2.0/arm-cs-tools/bin/../lib/gcc/arm-none-eabi/4.7.2/thumb2/crtbegin.o
 .eh_frame      0x0000000000000000        0x0 /usr/local/Cellar/pebble-toolchain/2.0/arm-cs-tools/bin/../lib/gcc/arm-none-eabi/4.7.2/thumb2/crtbegin.o
 .jcr           0x0000000000000000        0x0 /usr/local/Cellar/pebble-toolchain/2.0/arm-cs-tools/bin/../lib/gcc/arm-none-eabi/4.7.2/thumb2/crtbegin.o
 .tm_clone_table
                0x0000000000000000        0x0 /usr/local/Cellar/pebble-toolchain/2.0/arm-cs-tools/bin/../lib/gcc/arm-none-eabi/4.7.2/thumb2/crtbegin.o
 .text          0x0000000000000000        0x0 src/main.c.12.o
 .bss           0x0000000000000000        0x0 src/main.c.12.o
[...]
Memory Configuration

Name             Origin             Length             Attributes
APP              0x0000000000000000 0x0000000000006000 xrw
*default*        0x0000000000000000 0xffffffffffffffff

Linker script and memory map

LOAD /usr/local/Cellar/pebble-toolchain/2.0/arm-cs-tools/bin/../lib/gcc/arm-none-eabi/4.7.2/thumb2/crti.o
LOAD /usr/local/Cellar/pebble-toolchain/2.0/arm-cs-tools/bin/../lib/gcc/arm-none-eabi/4.7.2/thumb2/crtbegin.o
LOAD src/main.c.12.o
LOAD aplite/appinfo.auto.c.12.o
LOAD /Users/realo/Library/Application Support/Pebble SDK/SDKs/current/sdk-core/pebble/aplite/lib/libpebble.a
START GROUP
LOAD /usr/local/Cellar/pebble-toolchain/2.0/arm-cs-tools/bin/../lib/gcc/arm-none-eabi/4.7.2/thumb2/libgcc.a
LOAD /usr/local/Cellar/pebble-toolchain/2.0/arm-cs-tools/bin/../lib/gcc/arm-none-eabi/4.7.2/../../../../arm-none-eabi/lib/thumb2/libc.a
END GROUP
LOAD /usr/local/Cellar/pebble-toolchain/2.0/arm-cs-tools/bin/../lib/gcc/arm-none-eabi/4.7.2/thumb2/crtend.o
LOAD /usr/local/Cellar/pebble-toolchain/2.0/arm-cs-tools/bin/../lib/gcc/arm-none-eabi/4.7.2/thumb2/crtn.o

.header         0x0000000000000000       0x82
 *(.pbl_header)
 .pbl_header    0x0000000000000000       0x82 aplite/appinfo.auto.c.12.o
                0x0000000000000000                __pbl_app_info

.note.gnu.build-id
                0x0000000000000082       0x26
                0x0000000000000082                PROVIDE (BUILD_ID, .)
 *(.note.gnu.build-id)
 *fill*         0x0000000000000082        0x2 
 .note.gnu.build-id
                0x0000000000000084       0x24 linker stubs

.text           0x00000000000000a8     0x329b
 *(.text)
 .text          0x00000000000000a8       0x14 /Users/realo/Library/Application Support/Pebble SDK/SDKs/current/sdk-core/pebble/aplite/lib/libpebble.a(tmpBijMfRpebble.o)
 .text          0x00000000000000bc      0x21c /usr/local/Cellar/pebble-toolchain/2.0/arm-cs-tools/bin/../lib/gcc/arm-none-eabi/4.7.2/thumb2/libgcc.a(_arm_addsubsf3.o)
                0x00000000000000bc                __aeabi_frsub
                0x00000000000000c4                __aeabi_fsub
                0x00000000000000c4                __subsf3
                0x00000000000000c8                __aeabi_fadd
                0x00000000000000c8                __addsf3
                0x0000000000000228                __aeabi_ui2f
                0x0000000000000228                __floatunsisf
                0x0000000000000230                __floatsisf
                0x0000000000000230                __aeabi_i2f
                0x000000000000024c                __aeabi_ul2f
                0x000000000000024c                __floatundisf
                0x000000000000025c                __aeabi_l2f
                0x000000000000025c                __floatdisf
 .text          0x00000000000002d8      0x2a0 /usr/local/Cellar/pebble-toolchain/2.0/arm-cs-tools/bin/../lib/gcc/arm-none-eabi/4.7.2/thumb2/libgcc.a(_arm_muldivsf3.o)
                0x00000000000002d8                __mulsf3
                0x00000000000002d8                __aeabi_fmul
                0x0000000000000440                __divsf3
                0x0000000000000440                __aeabi_fdiv
 .text          0x0000000000000578       0xec /usr/local/Cellar/pebble-toolchain/2.0/arm-cs-tools/bin/../lib/gcc/arm-none-eabi/4.7.2/thumb2/libgcc.a(_arm_cmpsf2.o)
                0x0000000000000578                __gesf2
                0x0000000000000578                __gtsf2
                0x0000000000000580                __ltsf2
                0x0000000000000580                __lesf2
                0x0000000000000588                __nesf2
                0x0000000000000588                __eqsf2
                0x0000000000000588                __cmpsf2
                0x00000000000005e8                __aeabi_cfrcmple
                0x00000000000005f0                __aeabi_cfcmpeq
                0x00000000000005f0                __aeabi_cfcmple
                0x0000000000000600                __aeabi_fcmpeq
                0x0000000000000614                __aeabi_fcmplt
                0x0000000000000628                __aeabi_fcmple
                0x000000000000063c                __aeabi_fcmpge
                0x0000000000000650                __aeabi_fcmpgt
 .text          0x0000000000000664       0x4c /usr/local/Cellar/pebble-toolchain/2.0/arm-cs-tools/bin/../lib/gcc/arm-none-eabi/4.7.2/thumb2/libgcc.a(_arm_fixsfsi.o)
                0x0000000000000664                __fixsfsi
                0x0000000000000664                __aeabi_f2iz
 *(.text.*)
 .text.out_failed_handler
                0x00000000000006b0       0x1c src/main.c.12.o
                0x00000000000006b0                out_failed_handler
 .text.in_dropped_handler
                0x00000000000006cc       0x1c src/main.c.12.o
                0x00000000000006cc                in_dropped_handler
 .text.trotteuse_update_proc
                0x00000000000006e8       0x50 src/main.c.12.o
                0x00000000000006e8                trotteuse_update_proc
 .text.graph_update_proc
                0x0000000000000738       0x44 src/main.c.12.o
                0x0000000000000738                graph_update_proc
 .text.DOT_update_proc
                0x000000000000077c       0xa4 src/main.c.12.o
                0x000000000000077c                DOT_update_proc
 .text.bluetooth_handler
                0x0000000000000820       0xcc src/main.c.12.o
                0x0000000000000820                bluetooth_handler
 .text.trotteuse_scale_update_proc
                0x00000000000008ec       0x90 src/main.c.12.o
                0x00000000000008ec                trotteuse_scale_update_proc
 .text._string2float
                0x000000000000097c       0x8c src/main.c.12.o
                0x000000000000097c                _string2float
 .text._itoa    0x0000000000000a08       0x4a src/main.c.12.o
                0x0000000000000a08                _itoa
 *fill*         0x0000000000000a52        0x2 
 .text.battery_handler
                0x0000000000000a54      0x11c src/main.c.12.o
                0x0000000000000a54                battery_handler
 .text.strchr   0x0000000000000b70       0x1a src/main.c.12.o
                0x0000000000000b70                strchr
 *fill*         0x0000000000000b8a        0x2 
 .text._atoi    0x0000000000000b8c       0x74 src/main.c.12.o
                0x0000000000000b8c                _atoi
 .text.push_point
                0x0000000000000c00       0x8c src/main.c.12.o
                0x0000000000000c00                push_point
 .text.fetch_msg
                0x0000000000000c8c      0x17c src/main.c.12.o
                0x0000000000000c8c                fetch_msg
 .text.in_received_handler
                0x0000000000000e08      0xd38 src/main.c.12.o
                0x0000000000000e08                in_received_handler
 .text.handle_minute_tick
                0x0000000000001b40      0x104 src/main.c.12.o
                0x0000000000001b40                handle_minute_tick
 .text.app_message_init
                0x0000000000001c44       0x34 src/main.c.12.o
                0x0000000000001c44                app_message_init
 .text.weather_layer_init
                0x0000000000001c78      0x434 src/main.c.12.o
                0x0000000000001c78                weather_layer_init
 .text.weather_layer_deinit
                0x00000000000020ac       0x58 src/main.c.12.o
                0x00000000000020ac                weather_layer_deinit
 .text.init     0x0000000000002104      0x7f4 src/main.c.12.o
                0x0000000000002104                init
 .text.deinit   0x00000000000028f8      0x100 src/main.c.12.o
                0x00000000000028f8                deinit
 .text.startup.main
                0x00000000000029f8       0x12 src/main.c.12.o
                0x00000000000029f8                main
 *fill*         0x0000000000002a0a        0x2 
 .text.app_event_loop
                0x0000000000002a0c        0xc /Users/realo/Library/Application Support/Pebble SDK/SDKs/current/sdk-core/pebble/aplite/lib/libpebble.a(tmpBijMfRpebble.o)
                0x0000000000002a0c                app_event_loop
 .text.app_log  0x0000000000002a18        0xc /Users/realo/Library/Application Support/Pebble SDK/SDKs/current/sdk-core/pebble/aplite/lib/libpebble.a(tmpBijMfRpebble.o)
                0x0000000000002a18                app_log
 .text.app_message_open
                0x0000000000002a24        0xc /Users/realo/Library/Application Support/Pebble SDK/SDKs/current/sdk-core/pebble/aplite/lib/libpebble.a(tmpBijMfRpebble.o)
                0x0000000000002a24                app_message_open
 .text.battery_state_service_peek
                0x0000000000002a30        0xc /Users/realo/Library/Application Support/Pebble SDK/SDKs/current/sdk-core/pebble/aplite/lib/libpebble.a(tmpBijMfRpebble.o)
                0x0000000000002a30                battery_state_service_peek
 .text.battery_state_service_subscribe
                0x0000000000002a3c        0xc /Users/realo/Library/Application Support/Pebble SDK/SDKs/current/sdk-core/pebble/aplite/lib/libpebble.a(tmpBijMfRpebble.o)
                0x0000000000002a3c                battery_state_service_subscribe
 .text.battery_state_service_unsubscribe
                0x0000000000002a48        0xc /Users/realo/Library/Application Support/Pebble SDK/SDKs/current/sdk-core/pebble/aplite/lib/libpebble.a(tmpBijMfRpebble.o)
                0x0000000000002a48                battery_state_service_unsubscribe
 .text.bitmap_layer_create
                0x0000000000002a54        0xc /Users/realo/Library/Application Support/Pebble SDK/SDKs/current/sdk-core/pebble/aplite/lib/libpebble.a(tmpBijMfRpebble.o)
                0x0000000000002a54                bitmap_layer_create
 .text.bitmap_layer_destroy
                0x0000000000002a60        0xc /Users/realo/Library/Application Support/Pebble SDK/SDKs/current/sdk-core/pebble/aplite/lib/libpebble.a(tmpBijMfRpebble.o)
                0x0000000000002a60                bitmap_layer_destroy
 .text.bitmap_layer_get_layer
                0x0000000000002a6c        0xc /Users/realo/Library/Application Support/Pebble SDK/SDKs/current/sdk-core/pebble/aplite/lib/libpebble.a(tmpBijMfRpebble.o)
                0x0000000000002a6c                bitmap_layer_get_layer
 .text.bitmap_layer_set_bitmap
                0x0000000000002a78        0xc /Users/realo/Library/Application Support/Pebble SDK/SDKs/current/sdk-core/pebble/aplite/lib/libpebble.a(tmpBijMfRpebble.o)
                0x0000000000002a78                bitmap_layer_set_bitmap
 .text.bitmap_layer_set_compositing_mode
                0x0000000000002a84        0xc /Users/realo/Library/Application Support/Pebble SDK/SDKs/current/sdk-core/pebble/aplite/lib/libpebble.a(tmpBijMfRpebble.o)
                0x0000000000002a84                bitmap_layer_set_compositing_mode
 .text.bluetooth_connection_service_peek
                0x0000000000002a90        0xc /Users/realo/Library/Application Support/Pebble SDK/SDKs/current/sdk-core/pebble/aplite/lib/libpebble.a(tmpBijMfRpebble.o)
                0x0000000000002a90                bluetooth_connection_service_peek
 .text.bluetooth_connection_service_subscribe
                0x0000000000002a9c        0xc /Users/realo/Library/Application Support/Pebble SDK/SDKs/current/sdk-core/pebble/aplite/lib/libpebble.a(tmpBijMfRpebble.o)
                0x0000000000002a9c                bluetooth_connection_service_subscribe
 .text.bluetooth_connection_service_unsubscribe
                0x0000000000002aa8        0xc /Users/realo/Library/Application Support/Pebble SDK/SDKs/current/sdk-core/pebble/aplite/lib/libpebble.a(tmpBijMfRpebble.o)
                0x0000000000002aa8                bluetooth_connection_service_unsubscribe
 .text.dict_find
                0x0000000000002ab4        0xc /Users/realo/Library/Application Support/Pebble SDK/SDKs/current/sdk-core/pebble/aplite/lib/libpebble.a(tmpBijMfRpebble.o)
                0x0000000000002ab4                dict_find
 .text.dict_write_cstring
                0x0000000000002ac0        0xc /Users/realo/Library/Application Support/Pebble SDK/SDKs/current/sdk-core/pebble/aplite/lib/libpebble.a(tmpBijMfRpebble.o)
                0x0000000000002ac0                dict_write_cstring
 .text.dict_write_end
                0x0000000000002acc        0xc /Users/realo/Library/Application Support/Pebble SDK/SDKs/current/sdk-core/pebble/aplite/lib/libpebble.a(tmpBijMfRpebble.o)
                0x0000000000002acc                dict_write_end
 .text.fonts_get_system_font
                0x0000000000002ad8        0xc /Users/realo/Library/Application Support/Pebble SDK/SDKs/current/sdk-core/pebble/aplite/lib/libpebble.a(tmpBijMfRpebble.o)
                0x0000000000002ad8                fonts_get_system_font
 .text.fonts_load_custom_font
                0x0000000000002ae4        0xc /Users/realo/Library/Application Support/Pebble SDK/SDKs/current/sdk-core/pebble/aplite/lib/libpebble.a(tmpBijMfRpebble.o)
                0x0000000000002ae4                fonts_load_custom_font
 .text.gbitmap_create_with_resource
                0x0000000000002af0        0xc /Users/realo/Library/Application Support/Pebble SDK/SDKs/current/sdk-core/pebble/aplite/lib/libpebble.a(tmpBijMfRpebble.o)
                0x0000000000002af0                gbitmap_create_with_resource
 .text.gbitmap_destroy
                0x0000000000002afc        0xc /Users/realo/Library/Application Support/Pebble SDK/SDKs/current/sdk-core/pebble/aplite/lib/libpebble.a(tmpBijMfRpebble.o)
                0x0000000000002afc                gbitmap_destroy
 .text.gpath_create
                0x0000000000002b08        0xc /Users/realo/Library/Application Support/Pebble SDK/SDKs/current/sdk-core/pebble/aplite/lib/libpebble.a(tmpBijMfRpebble.o)
                0x0000000000002b08                gpath_create
 .text.gpath_destroy
                0x0000000000002b14        0xc /Users/realo/Library/Application Support/Pebble SDK/SDKs/current/sdk-core/pebble/aplite/lib/libpebble.a(tmpBijMfRpebble.o)
                0x0000000000002b14                gpath_destroy
 .text.gpath_draw_outline
                0x0000000000002b20        0xc /Users/realo/Library/Application Support/Pebble SDK/SDKs/current/sdk-core/pebble/aplite/lib/libpebble.a(tmpBijMfRpebble.o)
                0x0000000000002b20                gpath_draw_outline
 .text.graphics_draw_line
                0x0000000000002b2c        0xc /Users/realo/Library/Application Support/Pebble SDK/SDKs/current/sdk-core/pebble/aplite/lib/libpebble.a(tmpBijMfRpebble.o)
                0x0000000000002b2c                graphics_draw_line
 .text.layer_add_child
                0x0000000000002b38        0xc /Users/realo/Library/Application Support/Pebble SDK/SDKs/current/sdk-core/pebble/aplite/lib/libpebble.a(tmpBijMfRpebble.o)
                0x0000000000002b38                layer_add_child
 .text.layer_create
                0x0000000000002b44        0xc /Users/realo/Library/Application Support/Pebble SDK/SDKs/current/sdk-core/pebble/aplite/lib/libpebble.a(tmpBijMfRpebble.o)
                0x0000000000002b44                layer_create
 .text.layer_destroy
                0x0000000000002b50        0xc /Users/realo/Library/Application Support/Pebble SDK/SDKs/current/sdk-core/pebble/aplite/lib/libpebble.a(tmpBijMfRpebble.o)
                0x0000000000002b50                layer_destroy
 .text.layer_insert_below_sibling
                0x0000000000002b5c        0xc /Users/realo/Library/Application Support/Pebble SDK/SDKs/current/sdk-core/pebble/aplite/lib/libpebble.a(tmpBijMfRpebble.o)
                0x0000000000002b5c                layer_insert_below_sibling
 .text.layer_mark_dirty
                0x0000000000002b68        0xc /Users/realo/Library/Application Support/Pebble SDK/SDKs/current/sdk-core/pebble/aplite/lib/libpebble.a(tmpBijMfRpebble.o)
                0x0000000000002b68                layer_mark_dirty
 .text.layer_set_frame
                0x0000000000002b74        0xc /Users/realo/Library/Application Support/Pebble SDK/SDKs/current/sdk-core/pebble/aplite/lib/libpebble.a(tmpBijMfRpebble.o)
                0x0000000000002b74                layer_set_frame
 .text.layer_set_update_proc
                0x0000000000002b80        0xc /Users/realo/Library/Application Support/Pebble SDK/SDKs/current/sdk-core/pebble/aplite/lib/libpebble.a(tmpBijMfRpebble.o)
                0x0000000000002b80                layer_set_update_proc
 .text.persist_delete
                0x0000000000002b8c        0xc /Users/realo/Library/Application Support/Pebble SDK/SDKs/current/sdk-core/pebble/aplite/lib/libpebble.a(tmpBijMfRpebble.o)
                0x0000000000002b8c                persist_delete
 .text.persist_exists
                0x0000000000002b98        0xc /Users/realo/Library/Application Support/Pebble SDK/SDKs/current/sdk-core/pebble/aplite/lib/libpebble.a(tmpBijMfRpebble.o)
                0x0000000000002b98                persist_exists
 .text.persist_read_bool
                0x0000000000002ba4        0xc /Users/realo/Library/Application Support/Pebble SDK/SDKs/current/sdk-core/pebble/aplite/lib/libpebble.a(tmpBijMfRpebble.o)
                0x0000000000002ba4                persist_read_bool
 .text.persist_write_bool
                0x0000000000002bb0        0xc /Users/realo/Library/Application Support/Pebble SDK/SDKs/current/sdk-core/pebble/aplite/lib/libpebble.a(tmpBijMfRpebble.o)
                0x0000000000002bb0                persist_write_bool
 .text.persist_write_string
                0x0000000000002bbc        0xc /Users/realo/Library/Application Support/Pebble SDK/SDKs/current/sdk-core/pebble/aplite/lib/libpebble.a(tmpBijMfRpebble.o)
                0x0000000000002bbc                persist_write_string
 .text.resource_get_handle
                0x0000000000002bc8        0xc /Users/realo/Library/Application Support/Pebble SDK/SDKs/current/sdk-core/pebble/aplite/lib/libpebble.a(tmpBijMfRpebble.o)
                0x0000000000002bc8                resource_get_handle
 .text.strcat   0x0000000000002bd4        0xc /Users/realo/Library/Application Support/Pebble SDK/SDKs/current/sdk-core/pebble/aplite/lib/libpebble.a(tmpBijMfRpebble.o)
                0x0000000000002bd4                strcat
 .text.strcmp   0x0000000000002be0        0xc /Users/realo/Library/Application Support/Pebble SDK/SDKs/current/sdk-core/pebble/aplite/lib/libpebble.a(tmpBijMfRpebble.o)
                0x0000000000002be0                strcmp
 .text.strcpy   0x0000000000002bec        0xc /Users/realo/Library/Application Support/Pebble SDK/SDKs/current/sdk-core/pebble/aplite/lib/libpebble.a(tmpBijMfRpebble.o)
                0x0000000000002bec                strcpy
 .text.strftime
                0x0000000000002bf8        0xc /Users/realo/Library/Application Support/Pebble SDK/SDKs/current/sdk-core/pebble/aplite/lib/libpebble.a(tmpBijMfRpebble.o)
                0x0000000000002bf8                strftime
 .text.strlen   0x0000000000002c04        0xc /Users/realo/Library/Application Support/Pebble SDK/SDKs/current/sdk-core/pebble/aplite/lib/libpebble.a(tmpBijMfRpebble.o)
                0x0000000000002c04                strlen
 .text.strncat  0x0000000000002c10        0xc /Users/realo/Library/Application Support/Pebble SDK/SDKs/current/sdk-core/pebble/aplite/lib/libpebble.a(tmpBijMfRpebble.o)
                0x0000000000002c10                strncat
 .text.strncpy  0x0000000000002c1c        0xc /Users/realo/Library/Application Support/Pebble SDK/SDKs/current/sdk-core/pebble/aplite/lib/libpebble.a(tmpBijMfRpebble.o)
                0x0000000000002c1c                strncpy
 .text.tick_timer_service_subscribe
                0x0000000000002c28        0xc /Users/realo/Library/Application Support/Pebble SDK/SDKs/current/sdk-core/pebble/aplite/lib/libpebble.a(tmpBijMfRpebble.o)
                0x0000000000002c28                tick_timer_service_subscribe
 .text.tick_timer_service_unsubscribe
                0x0000000000002c34        0xc /Users/realo/Library/Application Support/Pebble SDK/SDKs/current/sdk-core/pebble/aplite/lib/libpebble.a(tmpBijMfRpebble.o)
                0x0000000000002c34                tick_timer_service_unsubscribe
 .text.vibes_enqueue_custom_pattern
                0x0000000000002c40        0xc /Users/realo/Library/Application Support/Pebble SDK/SDKs/current/sdk-core/pebble/aplite/lib/libpebble.a(tmpBijMfRpebble.o)
                0x0000000000002c40                vibes_enqueue_custom_pattern
 .text.window_create
                0x0000000000002c4c        0xc /Users/realo/Library/Application Support/Pebble SDK/SDKs/current/sdk-core/pebble/aplite/lib/libpebble.a(tmpBijMfRpebble.o)
                0x0000000000002c4c                window_create
 .text.window_destroy
                0x0000000000002c58        0xc /Users/realo/Library/Application Support/Pebble SDK/SDKs/current/sdk-core/pebble/aplite/lib/libpebble.a(tmpBijMfRpebble.o)
                0x0000000000002c58                window_destroy
 .text.window_get_root_layer
                0x0000000000002c64        0xc /Users/realo/Library/Application Support/Pebble SDK/SDKs/current/sdk-core/pebble/aplite/lib/libpebble.a(tmpBijMfRpebble.o)
                0x0000000000002c64                window_get_root_layer
 .text.window_stack_push
                0x0000000000002c70        0xc /Users/realo/Library/Application Support/Pebble SDK/SDKs/current/sdk-core/pebble/aplite/lib/libpebble.a(tmpBijMfRpebble.o)
                0x0000000000002c70                window_stack_push
 .text.app_message_outbox_begin
                0x0000000000002c7c        0xc /Users/realo/Library/Application Support/Pebble SDK/SDKs/current/sdk-core/pebble/aplite/lib/libpebble.a(tmpBijMfRpebble.o)
                0x0000000000002c7c                app_message_outbox_begin
 .text.app_message_outbox_send
                0x0000000000002c88        0xc /Users/realo/Library/Application Support/Pebble SDK/SDKs/current/sdk-core/pebble/aplite/lib/libpebble.a(tmpBijMfRpebble.o)
                0x0000000000002c88                app_message_outbox_send
 .text.app_message_register_inbox_dropped
                0x0000000000002c94        0xc /Users/realo/Library/Application Support/Pebble SDK/SDKs/current/sdk-core/pebble/aplite/lib/libpebble.a(tmpBijMfRpebble.o)
                0x0000000000002c94                app_message_register_inbox_dropped
 .text.app_message_register_inbox_received
                0x0000000000002ca0        0xc /Users/realo/Library/Application Support/Pebble SDK/SDKs/current/sdk-core/pebble/aplite/lib/libpebble.a(tmpBijMfRpebble.o)
                0x0000000000002ca0                app_message_register_inbox_received
 .text.app_message_register_outbox_failed
                0x0000000000002cac        0xc /Users/realo/Library/Application Support/Pebble SDK/SDKs/current/sdk-core/pebble/aplite/lib/libpebble.a(tmpBijMfRpebble.o)
                0x0000000000002cac                app_message_register_outbox_failed
 .text.persist_read_data
                0x0000000000002cb8        0xc /Users/realo/Library/Application Support/Pebble SDK/SDKs/current/sdk-core/pebble/aplite/lib/libpebble.a(tmpBijMfRpebble.o)
                0x0000000000002cb8                persist_read_data
 .text.persist_read_string
                0x0000000000002cc4        0xc /Users/realo/Library/Application Support/Pebble SDK/SDKs/current/sdk-core/pebble/aplite/lib/libpebble.a(tmpBijMfRpebble.o)
                0x0000000000002cc4                persist_read_string
 .text.persist_write_data
                0x0000000000002cd0        0xc /Users/realo/Library/Application Support/Pebble SDK/SDKs/current/sdk-core/pebble/aplite/lib/libpebble.a(tmpBijMfRpebble.o)
                0x0000000000002cd0                persist_write_data
 .text.bitmap_layer_set_background_color
                0x0000000000002cdc        0xc /Users/realo/Library/Application Support/Pebble SDK/SDKs/current/sdk-core/pebble/aplite/lib/libpebble.a(tmpBijMfRpebble.o)
                0x0000000000002cdc                bitmap_layer_set_background_color
 .text.graphics_context_set_fill_color
                0x0000000000002ce8        0xc /Users/realo/Library/Application Support/Pebble SDK/SDKs/current/sdk-core/pebble/aplite/lib/libpebble.a(tmpBijMfRpebble.o)
                0x0000000000002ce8                graphics_context_set_fill_color
 .text.graphics_context_set_stroke_color
                0x0000000000002cf4        0xc /Users/realo/Library/Application Support/Pebble SDK/SDKs/current/sdk-core/pebble/aplite/lib/libpebble.a(tmpBijMfRpebble.o)
                0x0000000000002cf4                graphics_context_set_stroke_color
 .text.window_set_background_color
                0x0000000000002d00        0xc /Users/realo/Library/Application Support/Pebble SDK/SDKs/current/sdk-core/pebble/aplite/lib/libpebble.a(tmpBijMfRpebble.o)
                0x0000000000002d00                window_set_background_color
 .text.localtime
                0x0000000000002d0c        0xc /Users/realo/Library/Application Support/Pebble SDK/SDKs/current/sdk-core/pebble/aplite/lib/libpebble.a(tmpBijMfRpebble.o)
                0x0000000000002d0c                localtime
 .text.text_layer_create
                0x0000000000002d18        0xc /Users/realo/Library/Application Support/Pebble SDK/SDKs/current/sdk-core/pebble/aplite/lib/libpebble.a(tmpBijMfRpebble.o)
                0x0000000000002d18                text_layer_create
 .text.text_layer_destroy
                0x0000000000002d24        0xc /Users/realo/Library/Application Support/Pebble SDK/SDKs/current/sdk-core/pebble/aplite/lib/libpebble.a(tmpBijMfRpebble.o)
                0x0000000000002d24                text_layer_destroy
 .text.text_layer_get_layer
                0x0000000000002d30        0xc /Users/realo/Library/Application Support/Pebble SDK/SDKs/current/sdk-core/pebble/aplite/lib/libpebble.a(tmpBijMfRpebble.o)
                0x0000000000002d30                text_layer_get_layer
 .text.text_layer_set_background_color
                0x0000000000002d3c        0xc /Users/realo/Library/Application Support/Pebble SDK/SDKs/current/sdk-core/pebble/aplite/lib/libpebble.a(tmpBijMfRpebble.o)
                0x0000000000002d3c                text_layer_set_background_color
 .text.text_layer_set_font
                0x0000000000002d48        0xc /Users/realo/Library/Application Support/Pebble SDK/SDKs/current/sdk-core/pebble/aplite/lib/libpebble.a(tmpBijMfRpebble.o)
                0x0000000000002d48                text_layer_set_font
 .text.text_layer_set_text
                0x0000000000002d54        0xc /Users/realo/Library/Application Support/Pebble SDK/SDKs/current/sdk-core/pebble/aplite/lib/libpebble.a(tmpBijMfRpebble.o)
                0x0000000000002d54                text_layer_set_text
 .text.text_layer_set_text_alignment
                0x0000000000002d60        0xc /Users/realo/Library/Application Support/Pebble SDK/SDKs/current/sdk-core/pebble/aplite/lib/libpebble.a(tmpBijMfRpebble.o)
                0x0000000000002d60                text_layer_set_text_alignment
 .text.text_layer_set_text_color
                0x0000000000002d6c        0xc /Users/realo/Library/Application Support/Pebble SDK/SDKs/current/sdk-core/pebble/aplite/lib/libpebble.a(tmpBijMfRpebble.o)
                0x0000000000002d6c                text_layer_set_text_color
 .text.time     0x0000000000002d78        0xc /Users/realo/Library/Application Support/Pebble SDK/SDKs/current/sdk-core/pebble/aplite/lib/libpebble.a(tmpBijMfRpebble.o)
                0x0000000000002d78                time
 .text.graphics_fill_radial
                0x0000000000002d84        0xc /Users/realo/Library/Application Support/Pebble SDK/SDKs/current/sdk-core/pebble/aplite/lib/libpebble.a(tmpBijMfRpebble.o)
                0x0000000000002d84                graphics_fill_radial
 *(.rodata)
 .rodata        0x0000000000002d90       0xbc src/main.c.12.o
 *(.rodata*)
 .rodata.segments_long
                0x0000000000002e4c        0xc src/main.c.12.o
                0x0000000000002e4c                segments_long
 .rodata.segments_short
                0x0000000000002e58       0x28 src/main.c.12.o
                0x0000000000002e58                segments_short
 .rodata.str1.1
                0x0000000000002e80      0x4c3 src/main.c.12.o
                                        0x4cc (size before relaxing)

.glue_7         0x0000000000003344        0x0
 .glue_7        0x0000000000000000        0x0 linker stubs

.glue_7t        0x0000000000003344        0x0
 .glue_7t       0x0000000000000000        0x0 linker stubs

.vfp11_veneer   0x0000000000003344        0x0
 .vfp11_veneer  0x0000000000000000        0x0 linker stubs

.v4_bx          0x0000000000003344        0x0
 .v4_bx         0x0000000000000000        0x0 linker stubs

.iplt           0x0000000000003344        0x0
 .iplt          0x0000000000000000        0x0 /usr/local/Cellar/pebble-toolchain/2.0/arm-cs-tools/bin/../lib/gcc/arm-none-eabi/4.7.2/thumb2/crtbegin.o

.rel.dyn        0x0000000000003344        0x0
 .rel.iplt      0x0000000000000000        0x0 /usr/local/Cellar/pebble-toolchain/2.0/arm-cs-tools/bin/../lib/gcc/arm-none-eabi/4.7.2/thumb2/crtbegin.o
 .rel.got       0x0000000000000000        0x0 /usr/local/Cellar/pebble-toolchain/2.0/arm-cs-tools/bin/../lib/gcc/arm-none-eabi/4.7.2/thumb2/crtbegin.o

.data           0x0000000000003344       0x6b
 *(.data)
 .data          0x0000000000003344        0x0 /usr/local/Cellar/pebble-toolchain/2.0/arm-cs-tools/bin/../lib/gcc/arm-none-eabi/4.7.2/thumb2/crti.o
 .data          0x0000000000003344        0x4 /usr/local/Cellar/pebble-toolchain/2.0/arm-cs-tools/bin/../lib/gcc/arm-none-eabi/4.7.2/thumb2/crtbegin.o
                0x0000000000003344                __dso_handle
 .data          0x0000000000003348        0x0 src/main.c.12.o
 .data          0x0000000000003348        0x0 aplite/appinfo.auto.c.12.o
 .data          0x0000000000003348        0x0 /Users/realo/Library/Application Support/Pebble SDK/SDKs/current/sdk-core/pebble/aplite/lib/libpebble.a(tmpBijMfRpebble.o)
 .data          0x0000000000003348        0x0 /usr/local/Cellar/pebble-toolchain/2.0/arm-cs-tools/bin/../lib/gcc/arm-none-eabi/4.7.2/thumb2/libgcc.a(_arm_addsubsf3.o)
 .data          0x0000000000003348        0x0 /usr/local/Cellar/pebble-toolchain/2.0/arm-cs-tools/bin/../lib/gcc/arm-none-eabi/4.7.2/thumb2/libgcc.a(_arm_muldivsf3.o)
 .data          0x0000000000003348        0x0 /usr/local/Cellar/pebble-toolchain/2.0/arm-cs-tools/bin/../lib/gcc/arm-none-eabi/4.7.2/thumb2/libgcc.a(_arm_cmpsf2.o)
 .data          0x0000000000003348        0x0 /usr/local/Cellar/pebble-toolchain/2.0/arm-cs-tools/bin/../lib/gcc/arm-none-eabi/4.7.2/thumb2/libgcc.a(_arm_fixsfsi.o)
 .data          0x0000000000003348        0x0 /usr/local/Cellar/pebble-toolchain/2.0/arm-cs-tools/bin/../lib/gcc/arm-none-eabi/4.7.2/thumb2/crtend.o
 .data          0x0000000000003348        0x0 /usr/local/Cellar/pebble-toolchain/2.0/arm-cs-tools/bin/../lib/gcc/arm-none-eabi/4.7.2/thumb2/crtn.o
 *(.data.*)
 .data.WEATHER_ICONS
                0x0000000000003348       0x2f src/main.c.12.o
                0x0000000000003348                WEATHER_ICONS
 .data.BuzzEnable
                0x0000000000003377        0x1 src/main.c.12.o
                0x0000000000003377                BuzzEnable
 .data.trotteuse_draw_scale
                0x0000000000003378        0x4 src/main.c.12.o
                0x0000000000003378                trotteuse_draw_scale
 .data.rel.myShortVibes
                0x000000000000337c        0x8 src/main.c.12.o
                0x000000000000337c                myShortVibes
 .data.rel.ro.bgraph_info
                0x0000000000003384        0x8 src/main.c.12.o
                0x0000000000003384                bgraph_info
 .data.date_text
                0x000000000000338c        0x9 src/main.c.12.o
                0x000000000000338c                date_text
 *fill*         0x0000000000003395        0x3 
 .data.trigger_minute
                0x0000000000003398        0x4 src/main.c.12.o
                0x0000000000003398                trigger_minute
 .data.cnfTrotteuse
                0x000000000000339c        0x1 src/main.c.12.o
                0x000000000000339c                cnfTrotteuse
 .data.cnfCelsius
                0x000000000000339d        0x1 src/main.c.12.o
                0x000000000000339d                cnfCelsius
 *fill*         0x000000000000339e        0x2 
 .data.rel.myLongVibes
                0x00000000000033a0        0x8 src/main.c.12.o
                0x00000000000033a0                myLongVibes
 .data.time_text
                0x00000000000033a8        0x6 src/main.c.12.o
                0x00000000000033a8                time_text
 .data.cnfHours
                0x00000000000033ae        0x1 src/main.c.12.o
                0x00000000000033ae                cnfHours

.igot.plt       0x00000000000033b0        0x0
 .igot.plt      0x0000000000000000        0x0 /usr/local/Cellar/pebble-toolchain/2.0/arm-cs-tools/bin/../lib/gcc/arm-none-eabi/4.7.2/thumb2/crtbegin.o

.got            0x00000000000033b0       0x9c
 .got           0x00000000000033b0       0x9c /usr/local/Cellar/pebble-toolchain/2.0/arm-cs-tools/bin/../lib/gcc/arm-none-eabi/4.7.2/thumb2/crtbegin.o

.got.plt        0x000000000000344c        0xc
 .got.plt       0x000000000000344c        0xc /usr/local/Cellar/pebble-toolchain/2.0/arm-cs-tools/bin/../lib/gcc/arm-none-eabi/4.7.2/thumb2/crtbegin.o
                0x000000000000344c                _GLOBAL_OFFSET_TABLE_

.bss            0x0000000000003458      0x4d8
 *(.bss)
 *(.bss.*)
 .bss.btcL_value
                0x0000000000003458        0x4 src/main.c.12.o
                0x0000000000003458                btcL_value
 .bss.btcH_value
                0x000000000000345c        0x4 src/main.c.12.o
                0x000000000000345c                btcH_value
 .bss.btcV_value
                0x0000000000003460        0x4 src/main.c.12.o
                0x0000000000003460                btcV_value
 .bss.obIconCode_value
                0x0000000000003464        0x4 src/main.c.12.o
                0x0000000000003464                obIconCode_value
 .bss.message_count
                0x0000000000003468        0x4 src/main.c.12.o
                0x0000000000003468                message_count
 .bss.errorInWeather
                0x000000000000346c        0x4 src/main.c.12.o
                0x000000000000346c                errorInWeather
 .bss.DOT4      0x0000000000003470        0x4 src/main.c.12.o
                0x0000000000003470                DOT4
 .bss.trotteuse
                0x0000000000003474        0x4 src/main.c.12.o
                0x0000000000003474                trotteuse
 COMMON         0x0000000000003478      0x4b8 src/main.c.12.o
                0x0000000000003478                cnfExchange
                0x000000000000348c                trotteuse_scale_layer
                0x0000000000003490                forecastPeriod
                0x00000000000034a0                bgraph_data
                0x0000000000003680                forecastLow
                0x0000000000003690                btcL
                0x00000000000036a0                date_layer
                0x00000000000036a4                forecastTemp
                0x00000000000036b4                cnfLocation
                0x00000000000036d4                cnfOWMloc
                0x0000000000003714                trotteuse_layer
                0x0000000000003718                btcV
                0x0000000000003728                bcH_layer
                0x000000000000372c                bcL_layer
                0x0000000000003730                obWindSpeed
                0x0000000000003740                graph_layer
                0x0000000000003744                bc_layer
                0x0000000000003748                btcH
                0x0000000000003758                cnfOWMkey
                0x0000000000003798                cnfService
                0x00000000000037b8                DOT_layer
                0x00000000000037bc                forecastIconCode
                0x00000000000037cc                forecastHigh
                0x00000000000037dc                time_layer
                0x00000000000037e0                obWindDir_bkp
                0x00000000000037f0                geoArea1
                0x00000000000037f5                battery_text
                0x0000000000003800                bgraph
                0x0000000000003804                obTemperature
                0x0000000000003814                obWindGust
                0x0000000000003824                obIconCode
                0x0000000000003834                obWindChill
                0x0000000000003844                battery_state
                0x0000000000003848                window
                0x000000000000384c                bluetooth_text
                0x0000000000003854                cnfOWMid
                0x0000000000003874                obHumidex
                0x0000000000003884                weather_layer
                0x0000000000003920                obWindDir

DISCARD
 libc.a(*)
 libm.a(*)
 libgcc.a(*)
 *(.eh_frame)
OUTPUT(/Users/realo/Pebble/CoinCan-Quebec/build/aplite/pebble-app.elf elf32-littlearm)

.ARM.attributes
                0x0000000000000000       0x27
 .ARM.attributes
                0x0000000000000000       0x19 /usr/local/Cellar/pebble-toolchain/2.0/arm-cs-tools/bin/../lib/gcc/arm-none-eabi/4.7.2/thumb2/crti.o
 .ARM.attributes
                0x0000000000000019       0x29 /usr/local/Cellar/pebble-toolchain/2.0/arm-cs-tools/bin/../lib/gcc/arm-none-eabi/4.7.2/thumb2/crtbegin.o
 .ARM.attributes
                0x0000000000000042       0x33 src/main.c.12.o
 .ARM.attributes
                0x0000000000000075       0x33 aplite/appinfo.auto.c.12.o
 .ARM.attributes
                0x00000000000000a8       0x21 /Users/realo/Library/Application Support/Pebble SDK/SDKs/current/sdk-core/pebble/aplite/lib/libpebble.a(tmpBijMfRpebble.o)
 .ARM.attributes
                0x00000000000000c9       0x19 /usr/local/Cellar/pebble-toolchain/2.0/arm-cs-tools/bin/../lib/gcc/arm-none-eabi/4.7.2/thumb2/libgcc.a(_arm_addsubsf3.o)
 .ARM.attributes
                0x00000000000000e2       0x19 /usr/local/Cellar/pebble-toolchain/2.0/arm-cs-tools/bin/../lib/gcc/arm-none-eabi/4.7.2/thumb2/libgcc.a(_arm_muldivsf3.o)
 .ARM.attributes
                0x00000000000000fb       0x19 /usr/local/Cellar/pebble-toolchain/2.0/arm-cs-tools/bin/../lib/gcc/arm-none-eabi/4.7.2/thumb2/libgcc.a(_arm_cmpsf2.o)
 .ARM.attributes
                0x0000000000000114       0x19 /usr/local/Cellar/pebble-toolchain/2.0/arm-cs-tools/bin/../lib/gcc/arm-none-eabi/4.7.2/thumb2/libgcc.a(_arm_fixsfsi.o)
 .ARM.attributes
                0x000000000000012d       0x29 /usr/local/Cellar/pebble-toolchain/2.0/arm-cs-tools/bin/../lib/gcc/arm-none-eabi/4.7.2/thumb2/crtend.o
 .ARM.attributes
                0x0000000000000156       0x19 /usr/local/Cellar/pebble-toolchain/2.0/arm-cs-tools/bin/../lib/gcc/arm-none-eabi/4.7.2/thumb2/crtn.o

.comment        0x0000000000000000       0x4e
 .comment       0x0000000000000000       0x4e /usr/local/Cellar/pebble-toolchain/2.0/arm-cs-tools/bin/../lib/gcc/arm-none-eabi/4.7.2/thumb2/crtbegin.o
                                         0x4f (size before relaxing)
 .comment       0x0000000000000000       0x4f src/main.c.12.o
 .comment       0x0000000000000000       0x4f aplite/appinfo.auto.c.12.o
 .comment       0x0000000000000000       0x4f /usr/local/Cellar/pebble-toolchain/2.0/arm-cs-tools/bin/../lib/gcc/arm-none-eabi/4.7.2/thumb2/crtend.o

.debug_info     0x0000000000000000     0x4ad4
 .debug_info    0x0000000000000000     0x43a2 src/main.c.12.o
 .debug_info    0x00000000000043a2      0x44e aplite/appinfo.auto.c.12.o
 .debug_info    0x00000000000047f0       0xb9 /usr/local/Cellar/pebble-toolchain/2.0/arm-cs-tools/bin/../lib/gcc/arm-none-eabi/4.7.2/thumb2/libgcc.a(_arm_addsubsf3.o)
 .debug_info    0x00000000000048a9       0xb9 /usr/local/Cellar/pebble-toolchain/2.0/arm-cs-tools/bin/../lib/gcc/arm-none-eabi/4.7.2/thumb2/libgcc.a(_arm_muldivsf3.o)
 .debug_info    0x0000000000004962       0xb9 /usr/local/Cellar/pebble-toolchain/2.0/arm-cs-tools/bin/../lib/gcc/arm-none-eabi/4.7.2/thumb2/libgcc.a(_arm_cmpsf2.o)
 .debug_info    0x0000000000004a1b       0xb9 /usr/local/Cellar/pebble-toolchain/2.0/arm-cs-tools/bin/../lib/gcc/arm-none-eabi/4.7.2/thumb2/libgcc.a(_arm_fixsfsi.o)

.debug_abbrev   0x0000000000000000      0x52a
 .debug_abbrev  0x0000000000000000      0x43c src/main.c.12.o
 .debug_abbrev  0x000000000000043c       0x9e aplite/appinfo.auto.c.12.o
 .debug_abbrev  0x00000000000004da       0x14 /usr/local/Cellar/pebble-toolchain/2.0/arm-cs-tools/bin/../lib/gcc/arm-none-eabi/4.7.2/thumb2/libgcc.a(_arm_addsubsf3.o)
 .debug_abbrev  0x00000000000004ee       0x14 /usr/local/Cellar/pebble-toolchain/2.0/arm-cs-tools/bin/../lib/gcc/arm-none-eabi/4.7.2/thumb2/libgcc.a(_arm_muldivsf3.o)
 .debug_abbrev  0x0000000000000502       0x14 /usr/local/Cellar/pebble-toolchain/2.0/arm-cs-tools/bin/../lib/gcc/arm-none-eabi/4.7.2/thumb2/libgcc.a(_arm_cmpsf2.o)
 .debug_abbrev  0x0000000000000516       0x14 /usr/local/Cellar/pebble-toolchain/2.0/arm-cs-tools/bin/../lib/gcc/arm-none-eabi/4.7.2/thumb2/libgcc.a(_arm_fixsfsi.o)

.debug_loc      0x0000000000000000      0xdba
 .debug_loc     0x0000000000000000      0xdba src/main.c.12.o

.debug_aranges  0x0000000000000000      0x160
 .debug_aranges
                0x0000000000000000       0xc8 src/main.c.12.o
 .debug_aranges
                0x00000000000000c8       0x18 aplite/appinfo.auto.c.12.o
 .debug_aranges
                0x00000000000000e0       0x20 /usr/local/Cellar/pebble-toolchain/2.0/arm-cs-tools/bin/../lib/gcc/arm-none-eabi/4.7.2/thumb2/libgcc.a(_arm_addsubsf3.o)
 .debug_aranges
                0x0000000000000100       0x20 /usr/local/Cellar/pebble-toolchain/2.0/arm-cs-tools/bin/../lib/gcc/arm-none-eabi/4.7.2/thumb2/libgcc.a(_arm_muldivsf3.o)
 .debug_aranges
                0x0000000000000120       0x20 /usr/local/Cellar/pebble-toolchain/2.0/arm-cs-tools/bin/../lib/gcc/arm-none-eabi/4.7.2/thumb2/libgcc.a(_arm_cmpsf2.o)
 .debug_aranges
                0x0000000000000140       0x20 /usr/local/Cellar/pebble-toolchain/2.0/arm-cs-tools/bin/../lib/gcc/arm-none-eabi/4.7.2/thumb2/libgcc.a(_arm_fixsfsi.o)

.debug_ranges   0x0000000000000000      0x148
 .debug_ranges  0x0000000000000000      0x148 src/main.c.12.o

.debug_line     0x0000000000000000      0xe04
 .debug_line    0x0000000000000000      0x8b7 src/main.c.12.o
 .debug_line    0x00000000000008b7      0x156 aplite/appinfo.auto.c.12.o
 .debug_line    0x0000000000000a0d      0x128 /usr/local/Cellar/pebble-toolchain/2.0/arm-cs-tools/bin/../lib/gcc/arm-none-eabi/4.7.2/thumb2/libgcc.a(_arm_addsubsf3.o)
 .debug_line    0x0000000000000b35      0x149 /usr/local/Cellar/pebble-toolchain/2.0/arm-cs-tools/bin/../lib/gcc/arm-none-eabi/4.7.2/thumb2/libgcc.a(_arm_muldivsf3.o)
 .debug_line    0x0000000000000c7e      0x100 /usr/local/Cellar/pebble-toolchain/2.0/arm-cs-tools/bin/../lib/gcc/arm-none-eabi/4.7.2/thumb2/libgcc.a(_arm_cmpsf2.o)
 .debug_line    0x0000000000000d7e       0x86 /usr/local/Cellar/pebble-toolchain/2.0/arm-cs-tools/bin/../lib/gcc/arm-none-eabi/4.7.2/thumb2/libgcc.a(_arm_fixsfsi.o)

.debug_str      0x0000000000000000     0x1974
 .debug_str     0x0000000000000000     0x1762 src/main.c.12.o
                                       0x1833 (size before relaxing)
 .debug_str     0x0000000000001762      0x212 aplite/appinfo.auto.c.12.o
                                        0x64e (size before relaxing)

.debug_frame    0x0000000000000000      0x2a0
 .debug_frame   0x0000000000000000      0x2a0 src/main.c.12.o
